
Loading checkpoint shards:   0%|          | 0/6 [00:00<?, ?it/s]
Loading checkpoint shards:  17%|█▋        | 1/6 [00:02<00:13,  2.65s/it]
Loading checkpoint shards:  33%|███▎      | 2/6 [00:05<00:10,  2.63s/it]
Loading checkpoint shards:  50%|█████     | 3/6 [00:09<00:09,  3.16s/it]
Loading checkpoint shards:  67%|██████▋   | 4/6 [00:12<00:06,  3.25s/it]
Loading checkpoint shards:  83%|████████▎ | 5/6 [00:14<00:02,  2.78s/it]
Loading checkpoint shards: 100%|██████████| 6/6 [00:16<00:00,  2.40s/it]
Loading checkpoint shards: 100%|██████████| 6/6 [00:16<00:00,  2.68s/it]
The model weights are not tied. Please use the `tie_weights` method before using the `infer_auto_device` function.

Loading checkpoint shards:   0%|          | 0/6 [00:00<?, ?it/s]
Loading checkpoint shards:  17%|█▋        | 1/6 [00:01<00:07,  1.46s/it]
Loading checkpoint shards:  33%|███▎      | 2/6 [00:03<00:06,  1.74s/it]
Loading checkpoint shards:  50%|█████     | 3/6 [00:07<00:08,  2.70s/it]
Loading checkpoint shards:  67%|██████▋   | 4/6 [00:10<00:06,  3.00s/it]
Loading checkpoint shards:  83%|████████▎ | 5/6 [00:12<00:02,  2.63s/it]
Loading checkpoint shards: 100%|██████████| 6/6 [00:14<00:00,  2.19s/it]
Loading checkpoint shards: 100%|██████████| 6/6 [00:14<00:00,  2.34s/it]

Device : cuda
FP     : GSAI-ML/LLaDA-8B-Base [fp16]
Q      : GSAI-ML/LLaDA-8B-Base [int4]
Samples: 200 × 3 = 600 states
Loading FP model...
Loading Q model...
Loading tokenizer...
Prompt set: 'diverse'  (30 unique prompts)

Running forward passes...
    5/200  (4.8s)
   10/200  (9.9s)
   15/200  (15.6s)
   20/200  (21.1s)
   25/200  (26.0s)
   30/200  (31.1s)
   35/200  (36.7s)
   40/200  (43.2s)
   45/200  (49.2s)
   50/200  (55.4s)
   55/200  (60.9s)
   60/200  (66.6s)
   65/200  (72.5s)
   70/200  (78.5s)
   75/200  (84.3s)
   80/200  (90.3s)
   85/200  (96.1s)
   90/200  (101.6s)
   95/200  (108.4s)
  100/200  (114.2s)
  105/200  (119.8s)
  110/200  (125.5s)
  115/200  (131.3s)
  120/200  (137.1s)
  125/200  (142.9s)
  130/200  (147.9s)
  135/200  (153.3s)
  140/200  (159.0s)
  145/200  (164.4s)
  150/200  (169.9s)
  155/200  (176.6s)
  160/200  (182.1s)
  165/200  (187.6s)
  170/200  (192.8s)
  175/200  (198.5s)
  180/200  (203.9s)
  185/200  (209.5s)
  190/200  (214.5s)
  195/200  (219.8s)
  200/200  (224.2s)

Done in 224.2s

=================================================================
EXPERIMENT 1 — FIXED-STATE FIDELITY
FP: GSAI-ML/LLaDA-8B-Base [fp16]  vs  Q: GSAI-ML/LLaDA-8B-Base [int4]
Hypothesis: token_top1_agree >> confidence_topk1_overlap
=================================================================

  ── early ──
    token top-1 agree           [WHAT]             +0.9932 ± 0.0182
    token top-3 agree           [WHAT]             +0.8788 ± 0.0316
    token top-5 agree           [WHAT]             +0.8738 ± 0.0285
    token top-10 agree          [WHAT]             +0.8813 ± 0.0257
    KL(FP||Q) per position      [WHAT]             +0.0072 ± 0.0240
    conf spearman               [WHERE/conf]       +0.9610 ± 0.0259
    conf topk-1 overlap         [WHERE/conf]       +0.5750 ± 0.4943
    conf topk-10step overlap    [WHERE/conf]       +0.7941 ± 0.1077
    conf topk-llada overlap     [WHERE/conf]       +0.5750 ± 0.4943
    margin spearman             [WHERE/margin]     +0.9591 ± 0.0264
    margin topk-1 overlap       [WHERE/margin]     +0.5350 ± 0.4988
    margin topk-10step overlap  [WHERE/margin]     +0.7918 ± 0.1130
    neg-entropy spearman        [WHERE/entropy]    +0.9621 ± 0.0251
    neg-entropy topk-1 overlap  [WHERE/entropy]    +0.5950 ± 0.4909
    neg-entropy topk-10step     [WHERE/entropy]    +0.7955 ± 0.1112
    what − where gap            [SIGNAL]           +0.4182 ± 0.4947

  ── mid ──
    token top-1 agree           [WHAT]             +0.9995 ± 0.0033
    token top-3 agree           [WHAT]             +0.9112 ± 0.0263
    token top-5 agree           [WHAT]             +0.9037 ± 0.0185
    token top-10 agree          [WHAT]             +0.9059 ± 0.0159
    KL(FP||Q) per position      [WHAT]             +0.0004 ± 0.0031
    conf spearman               [WHERE/conf]       +0.9533 ± 0.0266
    conf topk-1 overlap         [WHERE/conf]       +0.5800 ± 0.4936
    conf topk-10step overlap    [WHERE/conf]       +0.7743 ± 0.1561
    conf topk-llada overlap     [WHERE/conf]       +0.5800 ± 0.4936
    margin spearman             [WHERE/margin]     +0.9515 ± 0.0278
    margin topk-1 overlap       [WHERE/margin]     +0.5300 ± 0.4991
    margin topk-10step overlap  [WHERE/margin]     +0.7714 ± 0.1525
    neg-entropy spearman        [WHERE/entropy]    +0.9535 ± 0.0260
    neg-entropy topk-1 overlap  [WHERE/entropy]    +0.5650 ± 0.4958
    neg-entropy topk-10step     [WHERE/entropy]    +0.7743 ± 0.1494
    what − where gap            [SIGNAL]           +0.4195 ± 0.4936

  ── late ──
    token top-1 agree           [WHAT]             +1.0000 ± 0.0000
    token top-3 agree           [WHAT]             +0.9204 ± 0.0357
    token top-5 agree           [WHAT]             +0.9174 ± 0.0258
    token top-10 agree          [WHAT]             +0.9153 ± 0.0195
    KL(FP||Q) per position      [WHAT]             +0.0001 ± 0.0006
    conf spearman               [WHERE/conf]       +0.9471 ± 0.0376
    conf topk-1 overlap         [WHERE/conf]       +0.7050 ± 0.4560
    conf topk-10step overlap    [WHERE/conf]       +0.7425 ± 0.2871
    conf topk-llada overlap     [WHERE/conf]       +0.7050 ± 0.4560
    margin spearman             [WHERE/margin]     +0.9470 ± 0.0352
    margin topk-1 overlap       [WHERE/margin]     +0.6700 ± 0.4702
    margin topk-10step overlap  [WHERE/margin]     +0.7500 ± 0.2872
    neg-entropy spearman        [WHERE/entropy]    +0.9458 ± 0.0403
    neg-entropy topk-1 overlap  [WHERE/entropy]    +0.7250 ± 0.4465
    neg-entropy topk-10step     [WHERE/entropy]    +0.7350 ± 0.2868
    what − where gap            [SIGNAL]           +0.2950 ± 0.4560

  ── ALL ──
    token top-1 agree           [WHAT]             +0.9976 ± 0.0111
    token top-3 agree           [WHAT]             +0.9035 ± 0.0361
    token top-5 agree           [WHAT]             +0.8983 ± 0.0307
    token top-10 agree          [WHAT]             +0.9008 ± 0.0252
    KL(FP||Q) per position      [WHAT]             +0.0026 ± 0.0144
    conf spearman               [WHERE/conf]       +0.9538 ± 0.0311
    conf topk-1 overlap         [WHERE/conf]       +0.6200 ± 0.4854
    conf topk-10step overlap    [WHERE/conf]       +0.7703 ± 0.1998
    conf topk-llada overlap     [WHERE/conf]       +0.6200 ± 0.4854
    margin spearman             [WHERE/margin]     +0.9526 ± 0.0305
    margin topk-1 overlap       [WHERE/margin]     +0.5783 ± 0.4938
    margin topk-10step overlap  [WHERE/margin]     +0.7711 ± 0.1995
    neg-entropy spearman        [WHERE/entropy]    +0.9538 ± 0.0320
    neg-entropy topk-1 overlap  [WHERE/entropy]    +0.6283 ± 0.4832
    neg-entropy topk-10step     [WHERE/entropy]    +0.7682 ± 0.1990
    what − where gap            [SIGNAL]           +0.3776 ± 0.4853

Results saved → results_diverse_int4.json

