/home/alimaskina/miniconda3/lib/python3.13/site-packages/requests/__init__.py:113: RequestsDependencyWarning: urllib3 (2.5.0) or chardet (6.0.0.post1)/charset_normalizer (3.3.2) doesn't match a supported version!
  warnings.warn(
llada_dist (model_path=GSAI-ML/LLaDA-8B-Base,quant=fp16,gen_length=24,steps=24,block_length=24,remasking=low_confidence,checkpoint_dir=checkpoints/results_sudoku_fp16_large_4x4_4shot_2gpu,gen_batch_size=1), gen_kwargs: (None), limit: None, num_fewshot: None, batch_size: 1
|       Tasks       |Version|Filter|n-shot|   Metric   |   |Value |   |Stderr|
|-------------------|------:|------|-----:|------------|---|-----:|---|-----:|
|sudoku4_4shot_large|      1|none  |     4|exact_match |↑  |0.2133|±  |0.0137|
|                   |       |none  |     4|valid_sudoku|↑  |0.2133|±  |0.0137|


/home/alimaskina/miniconda3/lib/python3.13/site-packages/requests/__init__.py:113: RequestsDependencyWarning: urllib3 (2.5.0) or chardet (6.0.0.post1)/charset_normalizer (3.3.2) doesn't match a supported version!
  warnings.warn(
/home/alimaskina/miniconda3/lib/python3.13/site-packages/requests/__init__.py:113: RequestsDependencyWarning: urllib3 (2.5.0) or chardet (6.0.0.post1)/charset_normalizer (3.3.2) doesn't match a supported version!
  warnings.warn(
/home/alimaskina/miniconda3/lib/python3.13/site-packages/requests/__init__.py:113: RequestsDependencyWarning: urllib3 (2.5.0) or chardet (6.0.0.post1)/charset_normalizer (3.3.2) doesn't match a supported version!
  warnings.warn(
The following values were not passed to `accelerate launch` and had defaults used instead:
	`--num_machines` was set to a value of `1`
	`--mixed_precision` was set to a value of `'no'`
	`--dynamo_backend` was set to a value of `'no'`
To avoid this warning pass in values for each of the problematic parameters or run `accelerate config`.
2026-07-12:19:10:54,439 INFO     [lm_eval.__main__:307] Including path: /home/alimaskina/dllm/quant_where_to_unmask/tasks
2026-07-12:19:10:54,987 INFO     [lm_eval.__main__:307] Including path: /home/alimaskina/dllm/quant_where_to_unmask/tasks
2026-07-12:19:11:07,228 INFO     [lm_eval.__main__:379] Selected Tasks: ['sudoku4_4shot_large']
2026-07-12:19:11:07,229 INFO     [lm_eval.evaluator:169] Setting random seed to 0 | Setting numpy seed to 1234 | Setting torch manual seed to 1234 | Setting fewshot manual seed to 1234
2026-07-12:19:11:07,229 INFO     [lm_eval.evaluator:206] Initializing llada_dist model, with arguments: {'model_path': 'GSAI-ML/LLaDA-8B-Base', 'quant': 'fp16', 'gen_length': 24, 'steps': 24, 'block_length': 24, 'remasking': 'low_confidence', 'checkpoint_dir': 'checkpoints/results_sudoku_fp16_large_4x4_4shot_2gpu', 'gen_batch_size': 1}
2026-07-12:19:11:07,656 INFO     [lm_eval.__main__:379] Selected Tasks: ['sudoku4_4shot_large']
2026-07-12:19:11:07,657 INFO     [lm_eval.evaluator:169] Setting random seed to 0 | Setting numpy seed to 1234 | Setting torch manual seed to 1234 | Setting fewshot manual seed to 1234
2026-07-12:19:11:07,657 INFO     [lm_eval.evaluator:206] Initializing llada_dist model, with arguments: {'model_path': 'GSAI-ML/LLaDA-8B-Base', 'quant': 'fp16', 'gen_length': 24, 'steps': 24, 'block_length': 24, 'remasking': 'low_confidence', 'checkpoint_dir': 'checkpoints/results_sudoku_fp16_large_4x4_4shot_2gpu', 'gen_batch_size': 1}
2026-07-12:19:11:08,389 WARNING  [accelerate.utils.other:349] Detected kernel version 5.4.210, which is below the recommended minimum of 5.5.0; this can cause the process to hang. It is recommended to upgrade the kernel to the minimum version or higher.

Loading checkpoint shards:   0%|          | 0/6 [00:00<?, ?it/s]
Loading checkpoint shards:   0%|          | 0/6 [00:00<?, ?it/s]
Loading checkpoint shards:  17%|█▋        | 1/6 [00:02<00:11,  2.35s/it]
Loading checkpoint shards:  17%|█▋        | 1/6 [00:02<00:12,  2.45s/it]
Loading checkpoint shards:  33%|███▎      | 2/6 [00:05<00:10,  2.72s/it]
Loading checkpoint shards:  33%|███▎      | 2/6 [00:05<00:10,  2.71s/it]
Loading checkpoint shards:  50%|█████     | 3/6 [00:08<00:08,  2.93s/it]
Loading checkpoint shards:  50%|█████     | 3/6 [00:08<00:08,  2.90s/it]
Loading checkpoint shards:  67%|██████▋   | 4/6 [00:11<00:06,  3.04s/it]
Loading checkpoint shards:  67%|██████▋   | 4/6 [00:11<00:06,  3.00s/it]
Loading checkpoint shards:  83%|████████▎ | 5/6 [00:14<00:03,  3.07s/it]
Loading checkpoint shards:  83%|████████▎ | 5/6 [00:14<00:03,  3.02s/it]
Loading checkpoint shards: 100%|██████████| 6/6 [00:17<00:00,  2.80s/it]
Loading checkpoint shards: 100%|██████████| 6/6 [00:17<00:00,  2.85s/it]

Loading checkpoint shards: 100%|██████████| 6/6 [00:16<00:00,  2.76s/it]
Loading checkpoint shards: 100%|██████████| 6/6 [00:16<00:00,  2.82s/it]
2026-07-12:19:11:29,072 INFO     [lm_eval.api.task:420] Building contexts for sudoku4_4shot_large on rank 1...

  0%|          | 0/450 [00:00<?, ?it/s]
  7%|▋         | 32/450 [00:00<00:01, 318.81it/s]
 14%|█▍        | 65/450 [00:00<00:01, 321.70it/s]2026-07-12:19:11:29,411 INFO     [lm_eval.api.task:420] Building contexts for sudoku4_4shot_large on rank 0...

 22%|██▏       | 98/450 [00:00<00:01, 323.09it/s]
  0%|          | 0/450 [00:00<?, ?it/s]
 29%|██▉       | 131/450 [00:00<00:00, 323.61it/s]
  7%|▋         | 30/450 [00:00<00:01, 297.74it/s]
 36%|███▋      | 164/450 [00:00<00:00, 325.62it/s]
 14%|█▍        | 62/450 [00:00<00:01, 309.05it/s]
 44%|████▍     | 198/450 [00:00<00:00, 328.03it/s]
 21%|██        | 95/450 [00:00<00:01, 314.59it/s]
 51%|█████▏    | 231/450 [00:00<00:00, 328.59it/s]
 28%|██▊       | 128/450 [00:00<00:01, 317.54it/s]
 59%|█████▉    | 265/450 [00:00<00:00, 329.57it/s]
 36%|███▌      | 161/450 [00:00<00:00, 318.70it/s]
 66%|██████▋   | 299/450 [00:00<00:00, 330.28it/s]
 43%|████▎     | 193/450 [00:00<00:00, 318.31it/s]
 74%|███████▍  | 333/450 [00:01<00:00, 330.56it/s]
 50%|█████     | 226/450 [00:00<00:00, 319.70it/s]
 82%|████████▏ | 367/450 [00:01<00:00, 330.32it/s]
 58%|█████▊    | 259/450 [00:00<00:00, 321.54it/s]
 89%|████████▉ | 401/450 [00:01<00:00, 330.31it/s]
 65%|██████▍   | 292/450 [00:00<00:00, 321.79it/s]
 97%|█████████▋| 435/450 [00:01<00:00, 330.72it/s]
 72%|███████▏  | 325/450 [00:01<00:00, 321.65it/s]
100%|██████████| 450/450 [00:01<00:00, 328.53it/s]

 80%|███████▉  | 358/450 [00:01<00:00, 322.24it/s]
 87%|████████▋ | 391/450 [00:01<00:00, 322.97it/s]
 94%|█████████▍| 424/450 [00:01<00:00, 323.05it/s]
100%|██████████| 450/450 [00:01<00:00, 320.17it/s]
2026-07-12:19:11:30,862 INFO     [lm_eval.evaluator:517] Running generate_until requests
2026-07-12:19:11:30,862 INFO     [lm_eval.evaluator:517] Running generate_until requests
Parameter 'function'=<function LLaDAEvalHarness.generate_until.<locals>._tokenize at 0x7f59a28d67a0> of the transform datasets.arrow_dataset.Dataset._map_single couldn't be hashed properly, a random hash was used instead. Make sure your transforms and parameters are serializable with pickle or dill for the dataset fingerprinting and caching to work. If you reuse this transform, the caching mechanism will consider it to be different from the previous calls and recompute everything. This warning is only shown once. Subsequent hashing failures won't be shown.
2026-07-12:19:11:30,894 WARNING  [datasets.fingerprint:284] Parameter 'function'=<function LLaDAEvalHarness.generate_until.<locals>._tokenize at 0x7f59a28d67a0> of the transform datasets.arrow_dataset.Dataset._map_single couldn't be hashed properly, a random hash was used instead. Make sure your transforms and parameters are serializable with pickle or dill for the dataset fingerprinting and caching to work. If you reuse this transform, the caching mechanism will consider it to be different from the previous calls and recompute everything. This warning is only shown once. Subsequent hashing failures won't be shown.

Map:   0%|          | 0/450 [00:00<?, ? examples/s]Parameter 'function'=<function LLaDAEvalHarness.generate_until.<locals>._tokenize at 0x7fe01583a7a0> of the transform datasets.arrow_dataset.Dataset._map_single couldn't be hashed properly, a random hash was used instead. Make sure your transforms and parameters are serializable with pickle or dill for the dataset fingerprinting and caching to work. If you reuse this transform, the caching mechanism will consider it to be different from the previous calls and recompute everything. This warning is only shown once. Subsequent hashing failures won't be shown.
2026-07-12:19:11:30,895 WARNING  [datasets.fingerprint:284] Parameter 'function'=<function LLaDAEvalHarness.generate_until.<locals>._tokenize at 0x7fe01583a7a0> of the transform datasets.arrow_dataset.Dataset._map_single couldn't be hashed properly, a random hash was used instead. Make sure your transforms and parameters are serializable with pickle or dill for the dataset fingerprinting and caching to work. If you reuse this transform, the caching mechanism will consider it to be different from the previous calls and recompute everything. This warning is only shown once. Subsequent hashing failures won't be shown.

Map:   0%|          | 0/450 [00:00<?, ? examples/s]
Map:  45%|████▌     | 203/450 [00:00<00:00, 2013.28 examples/s]
Map:  45%|████▌     | 203/450 [00:00<00:00, 2010.93 examples/s]
Map:  91%|█████████ | 409/450 [00:00<00:00, 2035.60 examples/s]
Map:  90%|█████████ | 406/450 [00:00<00:00, 2015.64 examples/s]
Map: 100%|██████████| 450/450 [00:00<00:00, 1890.46 examples/s]

Generating (fp16) rank=1:   0%|          | 0/450 [00:00<?, ?it/s]
Map: 100%|██████████| 450/450 [00:00<00:00, 1865.20 examples/s]

Generating (fp16) rank=0:   0%|          | 0/450 [00:00<?, ?it/s]
Generating (fp16) rank=1:   0%|          | 1/450 [00:01<09:44,  1.30s/it]
Generating (fp16) rank=0:   0%|          | 1/450 [00:01<11:16,  1.51s/it]
Generating (fp16) rank=1:   0%|          | 2/450 [00:02<08:20,  1.12s/it]
Generating (fp16) rank=0:   0%|          | 2/450 [00:02<09:07,  1.22s/it]
Generating (fp16) rank=1:   1%|          | 3/450 [00:03<07:53,  1.06s/it]
Generating (fp16) rank=0:   1%|          | 3/450 [00:03<08:28,  1.14s/it]
Generating (fp16) rank=1:   1%|          | 4/450 [00:04<07:41,  1.03s/it]
Generating (fp16) rank=0:   1%|          | 4/450 [00:04<08:09,  1.10s/it]
Generating (fp16) rank=1:   1%|          | 5/450 [00:05<07:33,  1.02s/it]
Generating (fp16) rank=0:   1%|          | 5/450 [00:05<07:58,  1.08s/it]
Generating (fp16) rank=1:   1%|▏         | 6/450 [00:06<07:29,  1.01s/it]
Generating (fp16) rank=0:   1%|▏         | 6/450 [00:06<07:52,  1.06s/it]
Generating (fp16) rank=1:   2%|▏         | 7/450 [00:07<07:26,  1.01s/it]
Generating (fp16) rank=0:   2%|▏         | 7/450 [00:07<07:47,  1.06s/it]
Generating (fp16) rank=1:   2%|▏         | 8/450 [00:08<07:24,  1.00s/it]
Generating (fp16) rank=0:   2%|▏         | 8/450 [00:08<07:44,  1.05s/it]
Generating (fp16) rank=1:   2%|▏         | 9/450 [00:09<07:22,  1.00s/it]
Generating (fp16) rank=0:   2%|▏         | 9/450 [00:09<07:41,  1.05s/it]
Generating (fp16) rank=1:   2%|▏         | 10/450 [00:10<07:18,  1.00it/s]
Generating (fp16) rank=0:   2%|▏         | 10/450 [00:10<07:39,  1.05s/it]
Generating (fp16) rank=1:   2%|▏         | 11/450 [00:11<07:17,  1.00it/s]
Generating (fp16) rank=0:   2%|▏         | 11/450 [00:11<07:36,  1.04s/it]
Generating (fp16) rank=1:   3%|▎         | 12/450 [00:12<07:14,  1.01it/s]
Generating (fp16) rank=0:   3%|▎         | 12/450 [00:12<07:35,  1.04s/it]
Generating (fp16) rank=1:   3%|▎         | 13/450 [00:13<07:12,  1.01it/s]
Generating (fp16) rank=0:   3%|▎         | 13/450 [00:13<07:34,  1.04s/it]
Generating (fp16) rank=1:   3%|▎         | 14/450 [00:14<07:11,  1.01it/s]
Generating (fp16) rank=0:   3%|▎         | 14/450 [00:14<07:32,  1.04s/it]
Generating (fp16) rank=1:   3%|▎         | 15/450 [00:15<07:09,  1.01it/s]
Generating (fp16) rank=0:   3%|▎         | 15/450 [00:16<07:29,  1.03s/it]
Generating (fp16) rank=1:   4%|▎         | 16/450 [00:16<07:07,  1.02it/s]
Generating (fp16) rank=0:   4%|▎         | 16/450 [00:17<07:28,  1.03s/it]
Generating (fp16) rank=1:   4%|▍         | 17/450 [00:17<07:06,  1.02it/s]
Generating (fp16) rank=0:   4%|▍         | 17/450 [00:18<07:27,  1.03s/it]
Generating (fp16) rank=1:   4%|▍         | 18/450 [00:18<07:05,  1.02it/s]
Generating (fp16) rank=1:   4%|▍         | 19/450 [00:19<07:04,  1.02it/s]
Generating (fp16) rank=0:   4%|▍         | 18/450 [00:19<07:27,  1.04s/it]
Generating (fp16) rank=1:   4%|▍         | 20/450 [00:20<07:03,  1.02it/s]
Generating (fp16) rank=0:   4%|▍         | 19/450 [00:20<07:26,  1.04s/it]
Generating (fp16) rank=1:   5%|▍         | 21/450 [00:21<07:02,  1.02it/s]
Generating (fp16) rank=0:   4%|▍         | 20/450 [00:21<07:26,  1.04s/it]
Generating (fp16) rank=1:   5%|▍         | 22/450 [00:22<07:01,  1.02it/s]
Generating (fp16) rank=0:   5%|▍         | 21/450 [00:22<07:23,  1.03s/it]
Generating (fp16) rank=1:   5%|▌         | 23/450 [00:23<06:59,  1.02it/s]
Generating (fp16) rank=0:   5%|▍         | 22/450 [00:23<07:23,  1.04s/it]
Generating (fp16) rank=1:   5%|▌         | 24/450 [00:24<06:58,  1.02it/s]
Generating (fp16) rank=0:   5%|▌         | 23/450 [00:24<07:21,  1.03s/it]
Generating (fp16) rank=1:   6%|▌         | 25/450 [00:25<06:58,  1.02it/s]
Generating (fp16) rank=0:   5%|▌         | 24/450 [00:25<07:19,  1.03s/it]
Generating (fp16) rank=1:   6%|▌         | 26/450 [00:25<06:56,  1.02it/s]
Generating (fp16) rank=0:   6%|▌         | 25/450 [00:26<07:17,  1.03s/it]
Generating (fp16) rank=1:   6%|▌         | 27/450 [00:26<06:55,  1.02it/s]
Generating (fp16) rank=0:   6%|▌         | 26/450 [00:27<07:15,  1.03s/it]
Generating (fp16) rank=1:   6%|▌         | 28/450 [00:27<06:54,  1.02it/s]
Generating (fp16) rank=0:   6%|▌         | 27/450 [00:28<07:16,  1.03s/it]
Generating (fp16) rank=1:   6%|▋         | 29/450 [00:28<06:53,  1.02it/s]
Generating (fp16) rank=0:   6%|▌         | 28/450 [00:29<07:15,  1.03s/it]
Generating (fp16) rank=1:   7%|▋         | 30/450 [00:29<06:52,  1.02it/s]
Generating (fp16) rank=0:   6%|▋         | 29/450 [00:30<07:14,  1.03s/it]
Generating (fp16) rank=1:   7%|▋         | 31/450 [00:30<06:52,  1.02it/s]
Generating (fp16) rank=0:   7%|▋         | 30/450 [00:31<07:14,  1.03s/it]
Generating (fp16) rank=1:   7%|▋         | 32/450 [00:31<06:51,  1.02it/s]
Generating (fp16) rank=0:   7%|▋         | 31/450 [00:32<07:11,  1.03s/it]
Generating (fp16) rank=1:   7%|▋         | 33/450 [00:32<06:50,  1.02it/s]
Generating (fp16) rank=0:   7%|▋         | 32/450 [00:33<07:11,  1.03s/it]
Generating (fp16) rank=1:   8%|▊         | 34/450 [00:33<06:49,  1.02it/s]
Generating (fp16) rank=0:   7%|▋         | 33/450 [00:34<07:10,  1.03s/it]
Generating (fp16) rank=1:   8%|▊         | 35/450 [00:34<06:48,  1.01it/s]
Generating (fp16) rank=0:   8%|▊         | 34/450 [00:35<07:10,  1.03s/it]
Generating (fp16) rank=1:   8%|▊         | 36/450 [00:35<06:48,  1.01it/s]
Generating (fp16) rank=0:   8%|▊         | 35/450 [00:36<07:09,  1.04s/it]
Generating (fp16) rank=1:   8%|▊         | 37/450 [00:36<06:47,  1.01it/s]
Generating (fp16) rank=0:   8%|▊         | 36/450 [00:37<07:08,  1.04s/it]
Generating (fp16) rank=1:   8%|▊         | 38/450 [00:37<06:46,  1.01it/s]
Generating (fp16) rank=0:   8%|▊         | 37/450 [00:38<07:06,  1.03s/it]
Generating (fp16) rank=1:   9%|▊         | 39/450 [00:38<06:44,  1.02it/s]
Generating (fp16) rank=0:   8%|▊         | 38/450 [00:39<07:05,  1.03s/it]
Generating (fp16) rank=1:   9%|▉         | 40/450 [00:39<06:44,  1.01it/s]
Generating (fp16) rank=1:   9%|▉         | 41/450 [00:40<06:43,  1.01it/s]
Generating (fp16) rank=0:   9%|▊         | 39/450 [00:40<07:02,  1.03s/it]
Generating (fp16) rank=1:   9%|▉         | 42/450 [00:41<06:41,  1.02it/s]
Generating (fp16) rank=0:   9%|▉         | 40/450 [00:41<07:01,  1.03s/it]
Generating (fp16) rank=1:  10%|▉         | 43/450 [00:42<06:40,  1.02it/s]
Generating (fp16) rank=0:   9%|▉         | 41/450 [00:42<07:01,  1.03s/it]
Generating (fp16) rank=1:  10%|▉         | 44/450 [00:43<06:40,  1.01it/s]
Generating (fp16) rank=0:   9%|▉         | 42/450 [00:43<07:00,  1.03s/it]
Generating (fp16) rank=1:  10%|█         | 45/450 [00:44<06:39,  1.01it/s]
Generating (fp16) rank=0:  10%|▉         | 43/450 [00:44<07:00,  1.03s/it]
Generating (fp16) rank=1:  10%|█         | 46/450 [00:45<06:38,  1.01it/s]
Generating (fp16) rank=0:  10%|▉         | 44/450 [00:45<06:59,  1.03s/it]
Generating (fp16) rank=1:  10%|█         | 47/450 [00:46<06:37,  1.01it/s]
Generating (fp16) rank=0:  10%|█         | 45/450 [00:46<06:57,  1.03s/it]
Generating (fp16) rank=1:  11%|█         | 48/450 [00:47<06:36,  1.01it/s]
Generating (fp16) rank=0:  10%|█         | 46/450 [00:48<06:57,  1.03s/it]
Generating (fp16) rank=1:  11%|█         | 49/450 [00:48<06:36,  1.01it/s]
Generating (fp16) rank=0:  10%|█         | 47/450 [00:49<06:56,  1.03s/it]
Generating (fp16) rank=1:  11%|█         | 50/450 [00:49<06:34,  1.01it/s]
Generating (fp16) rank=0:  11%|█         | 48/450 [00:50<06:55,  1.03s/it]
Generating (fp16) rank=1:  11%|█▏        | 51/450 [00:50<06:33,  1.01it/s]
Generating (fp16) rank=0:  11%|█         | 49/450 [00:51<06:54,  1.03s/it]
Generating (fp16) rank=1:  12%|█▏        | 52/450 [00:51<06:33,  1.01it/s]
Generating (fp16) rank=0:  11%|█         | 50/450 [00:52<06:52,  1.03s/it]
Generating (fp16) rank=1:  12%|█▏        | 53/450 [00:52<06:32,  1.01it/s]
Generating (fp16) rank=0:  11%|█▏        | 51/450 [00:53<06:52,  1.03s/it]
Generating (fp16) rank=1:  12%|█▏        | 54/450 [00:53<06:31,  1.01it/s]
Generating (fp16) rank=0:  12%|█▏        | 52/450 [00:54<06:51,  1.03s/it]
Generating (fp16) rank=1:  12%|█▏        | 55/450 [00:54<06:31,  1.01it/s]
Generating (fp16) rank=0:  12%|█▏        | 53/450 [00:55<06:50,  1.03s/it]
Generating (fp16) rank=1:  12%|█▏        | 56/450 [00:55<06:30,  1.01it/s]
Generating (fp16) rank=0:  12%|█▏        | 54/450 [00:56<06:49,  1.03s/it]
Generating (fp16) rank=1:  13%|█▎        | 57/450 [00:56<06:29,  1.01it/s]
Generating (fp16) rank=0:  12%|█▏        | 55/450 [00:57<06:48,  1.03s/it]
Generating (fp16) rank=1:  13%|█▎        | 58/450 [00:57<06:29,  1.01it/s]
Generating (fp16) rank=0:  12%|█▏        | 56/450 [00:58<06:48,  1.04s/it]
Generating (fp16) rank=1:  13%|█▎        | 59/450 [00:58<06:29,  1.00it/s]
Generating (fp16) rank=0:  13%|█▎        | 57/450 [00:59<06:47,  1.04s/it]
Generating (fp16) rank=1:  13%|█▎        | 60/450 [00:59<06:29,  1.00it/s]
Generating (fp16) rank=0:  13%|█▎        | 58/450 [01:00<06:45,  1.03s/it]
Generating (fp16) rank=1:  14%|█▎        | 61/450 [01:00<06:27,  1.00it/s]
Generating (fp16) rank=0:  13%|█▎        | 59/450 [01:01<06:44,  1.03s/it]
Generating (fp16) rank=1:  14%|█▍        | 62/450 [01:01<06:26,  1.00it/s]
Generating (fp16) rank=0:  13%|█▎        | 60/450 [01:02<06:44,  1.04s/it]
Generating (fp16) rank=1:  14%|█▍        | 63/450 [01:02<06:25,  1.00it/s]
Generating (fp16) rank=0:  14%|█▎        | 61/450 [01:03<06:43,  1.04s/it]
Generating (fp16) rank=1:  14%|█▍        | 64/450 [01:03<06:24,  1.00it/s]
Generating (fp16) rank=1:  14%|█▍        | 65/450 [01:04<06:23,  1.00it/s]
Generating (fp16) rank=0:  14%|█▍        | 62/450 [01:04<06:42,  1.04s/it]
Generating (fp16) rank=1:  15%|█▍        | 66/450 [01:05<06:22,  1.00it/s]
Generating (fp16) rank=0:  14%|█▍        | 63/450 [01:05<06:41,  1.04s/it]
Generating (fp16) rank=1:  15%|█▍        | 67/450 [01:06<06:21,  1.00it/s]
Generating (fp16) rank=0:  14%|█▍        | 64/450 [01:06<06:39,  1.04s/it]
Generating (fp16) rank=1:  15%|█▌        | 68/450 [01:07<06:20,  1.00it/s]
Generating (fp16) rank=0:  14%|█▍        | 65/450 [01:07<06:38,  1.04s/it]
Generating (fp16) rank=1:  15%|█▌        | 69/450 [01:08<06:19,  1.00it/s]
Generating (fp16) rank=0:  15%|█▍        | 66/450 [01:08<06:38,  1.04s/it]
Generating (fp16) rank=1:  16%|█▌        | 70/450 [01:09<06:18,  1.00it/s]
Generating (fp16) rank=0:  15%|█▍        | 67/450 [01:09<06:37,  1.04s/it]
Generating (fp16) rank=1:  16%|█▌        | 71/450 [01:10<06:17,  1.00it/s]
Generating (fp16) rank=0:  15%|█▌        | 68/450 [01:10<06:35,  1.04s/it]
Generating (fp16) rank=1:  16%|█▌        | 72/450 [01:11<06:15,  1.01it/s]
Generating (fp16) rank=0:  15%|█▌        | 69/450 [01:11<06:33,  1.03s/it]
Generating (fp16) rank=1:  16%|█▌        | 73/450 [01:12<06:15,  1.00it/s]
Generating (fp16) rank=0:  16%|█▌        | 70/450 [01:12<06:33,  1.04s/it]
Generating (fp16) rank=1:  16%|█▋        | 74/450 [01:13<06:14,  1.00it/s]
Generating (fp16) rank=0:  16%|█▌        | 71/450 [01:13<06:32,  1.04s/it]
Generating (fp16) rank=1:  17%|█▋        | 75/450 [01:14<06:13,  1.00it/s]
Generating (fp16) rank=0:  16%|█▌        | 72/450 [01:14<06:31,  1.04s/it]
Generating (fp16) rank=1:  17%|█▋        | 76/450 [01:15<06:12,  1.00it/s]
Generating (fp16) rank=0:  16%|█▌        | 73/450 [01:15<06:30,  1.04s/it]
Generating (fp16) rank=1:  17%|█▋        | 77/450 [01:16<06:11,  1.00it/s]
Generating (fp16) rank=0:  16%|█▋        | 74/450 [01:17<06:29,  1.04s/it]
Generating (fp16) rank=1:  17%|█▋        | 78/450 [01:17<06:10,  1.00it/s]
Generating (fp16) rank=0:  17%|█▋        | 75/450 [01:18<06:28,  1.04s/it]
Generating (fp16) rank=1:  18%|█▊        | 79/450 [01:18<06:10,  1.00it/s]
Generating (fp16) rank=0:  17%|█▋        | 76/450 [01:19<06:29,  1.04s/it]
Generating (fp16) rank=1:  18%|█▊        | 80/450 [01:19<06:08,  1.00it/s]
Generating (fp16) rank=0:  17%|█▋        | 77/450 [01:20<06:28,  1.04s/it]
Generating (fp16) rank=1:  18%|█▊        | 81/450 [01:20<06:07,  1.00it/s]
Generating (fp16) rank=0:  17%|█▋        | 78/450 [01:21<06:26,  1.04s/it]
Generating (fp16) rank=1:  18%|█▊        | 82/450 [01:21<06:06,  1.00it/s]
Generating (fp16) rank=0:  18%|█▊        | 79/450 [01:22<06:23,  1.03s/it]
Generating (fp16) rank=1:  18%|█▊        | 83/450 [01:22<06:05,  1.00it/s]
Generating (fp16) rank=0:  18%|█▊        | 80/450 [01:23<06:22,  1.03s/it]
Generating (fp16) rank=1:  19%|█▊        | 84/450 [01:23<06:04,  1.00it/s]
Generating (fp16) rank=0:  18%|█▊        | 81/450 [01:24<06:21,  1.03s/it]
Generating (fp16) rank=1:  19%|█▉        | 85/450 [01:24<06:03,  1.00it/s]
Generating (fp16) rank=0:  18%|█▊        | 82/450 [01:25<06:20,  1.03s/it]
Generating (fp16) rank=1:  19%|█▉        | 86/450 [01:25<06:02,  1.00it/s]
Generating (fp16) rank=0:  18%|█▊        | 83/450 [01:26<06:19,  1.03s/it]
Generating (fp16) rank=1:  19%|█▉        | 87/450 [01:26<06:00,  1.01it/s]
Generating (fp16) rank=0:  19%|█▊        | 84/450 [01:27<06:18,  1.03s/it]
Generating (fp16) rank=1:  20%|█▉        | 88/450 [01:27<06:00,  1.01it/s]
Generating (fp16) rank=0:  19%|█▉        | 85/450 [01:28<06:17,  1.03s/it]
Generating (fp16) rank=1:  20%|█▉        | 89/450 [01:28<05:59,  1.00it/s]
Generating (fp16) rank=0:  19%|█▉        | 86/450 [01:29<06:16,  1.03s/it]
Generating (fp16) rank=1:  20%|██        | 90/450 [01:29<05:58,  1.00it/s]
Generating (fp16) rank=1:  20%|██        | 91/450 [01:30<05:57,  1.00it/s]
Generating (fp16) rank=0:  19%|█▉        | 87/450 [01:30<06:16,  1.04s/it]
Generating (fp16) rank=1:  20%|██        | 92/450 [01:31<05:57,  1.00it/s]
Generating (fp16) rank=0:  20%|█▉        | 88/450 [01:31<06:15,  1.04s/it]
Generating (fp16) rank=1:  21%|██        | 93/450 [01:32<05:55,  1.00it/s]
Generating (fp16) rank=0:  20%|█▉        | 89/450 [01:32<06:13,  1.04s/it]
Generating (fp16) rank=1:  21%|██        | 94/450 [01:33<05:54,  1.00it/s]
Generating (fp16) rank=0:  20%|██        | 90/450 [01:33<06:12,  1.03s/it]
Generating (fp16) rank=1:  21%|██        | 95/450 [01:34<05:53,  1.00it/s]
Generating (fp16) rank=0:  20%|██        | 91/450 [01:34<06:11,  1.03s/it]
Generating (fp16) rank=1:  21%|██▏       | 96/450 [01:35<05:52,  1.00it/s]
Generating (fp16) rank=0:  20%|██        | 92/450 [01:35<06:10,  1.04s/it]
Generating (fp16) rank=1:  22%|██▏       | 97/450 [01:36<05:51,  1.00it/s]
Generating (fp16) rank=0:  21%|██        | 93/450 [01:36<06:09,  1.04s/it]
Generating (fp16) rank=1:  22%|██▏       | 98/450 [01:37<05:51,  1.00it/s]
Generating (fp16) rank=0:  21%|██        | 94/450 [01:37<06:08,  1.04s/it]
Generating (fp16) rank=1:  22%|██▏       | 99/450 [01:38<05:50,  1.00it/s]
Generating (fp16) rank=0:  21%|██        | 95/450 [01:38<06:08,  1.04s/it]
Generating (fp16) rank=1:  22%|██▏       | 100/450 [01:39<05:49,  1.00it/s]
Generating (fp16) rank=0:  21%|██▏       | 96/450 [01:39<06:07,  1.04s/it]
Generating (fp16) rank=1:  22%|██▏       | 101/450 [01:40<05:48,  1.00it/s]
Generating (fp16) rank=0:  22%|██▏       | 97/450 [01:40<06:06,  1.04s/it]
Generating (fp16) rank=1:  23%|██▎       | 102/450 [01:41<05:47,  1.00it/s]
Generating (fp16) rank=0:  22%|██▏       | 98/450 [01:41<06:04,  1.03s/it]
Generating (fp16) rank=1:  23%|██▎       | 103/450 [01:42<05:46,  1.00it/s]
Generating (fp16) rank=0:  22%|██▏       | 99/450 [01:42<06:03,  1.04s/it]
Generating (fp16) rank=1:  23%|██▎       | 104/450 [01:43<05:45,  1.00it/s]
Generating (fp16) rank=0:  22%|██▏       | 100/450 [01:43<06:01,  1.03s/it]
Generating (fp16) rank=1:  23%|██▎       | 105/450 [01:44<05:43,  1.00it/s]
Generating (fp16) rank=0:  22%|██▏       | 101/450 [01:44<06:01,  1.04s/it]
Generating (fp16) rank=1:  24%|██▎       | 106/450 [01:45<05:42,  1.00it/s]
Generating (fp16) rank=0:  23%|██▎       | 102/450 [01:46<06:00,  1.03s/it]
Generating (fp16) rank=1:  24%|██▍       | 107/450 [01:46<05:41,  1.00it/s]
Generating (fp16) rank=0:  23%|██▎       | 103/450 [01:47<05:59,  1.04s/it]
Generating (fp16) rank=1:  24%|██▍       | 108/450 [01:47<05:41,  1.00it/s]
Generating (fp16) rank=0:  23%|██▎       | 104/450 [01:48<05:58,  1.04s/it]
Generating (fp16) rank=1:  24%|██▍       | 109/450 [01:48<05:40,  1.00it/s]
Generating (fp16) rank=0:  23%|██▎       | 105/450 [01:49<05:58,  1.04s/it]
Generating (fp16) rank=1:  24%|██▍       | 110/450 [01:49<05:39,  1.00it/s]
Generating (fp16) rank=0:  24%|██▎       | 106/450 [01:50<05:57,  1.04s/it]
Generating (fp16) rank=1:  25%|██▍       | 111/450 [01:50<05:38,  1.00it/s]
Generating (fp16) rank=0:  24%|██▍       | 107/450 [01:51<05:56,  1.04s/it]
Generating (fp16) rank=1:  25%|██▍       | 112/450 [01:51<05:37,  1.00it/s]
Generating (fp16) rank=0:  24%|██▍       | 108/450 [01:52<05:55,  1.04s/it]
Generating (fp16) rank=1:  25%|██▌       | 113/450 [01:52<05:36,  1.00it/s]
Generating (fp16) rank=0:  24%|██▍       | 109/450 [01:53<05:54,  1.04s/it]
Generating (fp16) rank=1:  25%|██▌       | 114/450 [01:53<05:35,  1.00it/s]
Generating (fp16) rank=0:  24%|██▍       | 110/450 [01:54<05:54,  1.04s/it]
Generating (fp16) rank=1:  26%|██▌       | 115/450 [01:54<05:34,  1.00it/s]
Generating (fp16) rank=0:  25%|██▍       | 111/450 [01:55<05:51,  1.04s/it]
Generating (fp16) rank=1:  26%|██▌       | 116/450 [01:55<05:32,  1.00it/s]
Generating (fp16) rank=1:  26%|██▌       | 117/450 [01:56<05:31,  1.00it/s]
Generating (fp16) rank=0:  25%|██▍       | 112/450 [01:56<05:50,  1.04s/it]
Generating (fp16) rank=1:  26%|██▌       | 118/450 [01:57<05:31,  1.00it/s]
Generating (fp16) rank=0:  25%|██▌       | 113/450 [01:57<05:49,  1.04s/it]
Generating (fp16) rank=1:  26%|██▋       | 119/450 [01:58<05:30,  1.00it/s]
Generating (fp16) rank=0:  25%|██▌       | 114/450 [01:58<05:49,  1.04s/it]
Generating (fp16) rank=1:  27%|██▋       | 120/450 [01:59<05:29,  1.00it/s]
Generating (fp16) rank=0:  26%|██▌       | 115/450 [01:59<05:48,  1.04s/it]
Generating (fp16) rank=1:  27%|██▋       | 121/450 [02:00<05:29,  1.00s/it]
Generating (fp16) rank=0:  26%|██▌       | 116/450 [02:00<05:46,  1.04s/it]
Generating (fp16) rank=1:  27%|██▋       | 122/450 [02:01<05:28,  1.00s/it]
Generating (fp16) rank=0:  26%|██▌       | 117/450 [02:01<05:45,  1.04s/it]
Generating (fp16) rank=1:  27%|██▋       | 123/450 [02:02<05:26,  1.00it/s]
Generating (fp16) rank=0:  26%|██▌       | 118/450 [02:02<05:44,  1.04s/it]
Generating (fp16) rank=1:  28%|██▊       | 124/450 [02:03<05:25,  1.00it/s]
Generating (fp16) rank=0:  26%|██▋       | 119/450 [02:03<05:44,  1.04s/it]
Generating (fp16) rank=1:  28%|██▊       | 125/450 [02:04<05:24,  1.00it/s]
Generating (fp16) rank=0:  27%|██▋       | 120/450 [02:04<05:43,  1.04s/it]
Generating (fp16) rank=1:  28%|██▊       | 126/450 [02:05<05:24,  1.00s/it]
Generating (fp16) rank=0:  27%|██▋       | 121/450 [02:05<05:41,  1.04s/it]
Generating (fp16) rank=1:  28%|██▊       | 127/450 [02:06<05:22,  1.00it/s]
Generating (fp16) rank=0:  27%|██▋       | 122/450 [02:06<05:39,  1.04s/it]
Generating (fp16) rank=1:  28%|██▊       | 128/450 [02:07<05:21,  1.00it/s]
Generating (fp16) rank=0:  27%|██▋       | 123/450 [02:07<05:39,  1.04s/it]
Generating (fp16) rank=1:  29%|██▊       | 129/450 [02:08<05:20,  1.00it/s]
Generating (fp16) rank=0:  28%|██▊       | 124/450 [02:08<05:38,  1.04s/it]
Generating (fp16) rank=1:  29%|██▉       | 130/450 [02:09<05:20,  1.00s/it]
Generating (fp16) rank=0:  28%|██▊       | 125/450 [02:09<05:37,  1.04s/it]
Generating (fp16) rank=1:  29%|██▉       | 131/450 [02:10<05:19,  1.00s/it]
Generating (fp16) rank=0:  28%|██▊       | 126/450 [02:10<05:36,  1.04s/it]
Generating (fp16) rank=1:  29%|██▉       | 132/450 [02:11<05:18,  1.00s/it]
Generating (fp16) rank=0:  28%|██▊       | 127/450 [02:11<05:35,  1.04s/it]
Generating (fp16) rank=1:  30%|██▉       | 133/450 [02:12<05:17,  1.00s/it]
Generating (fp16) rank=0:  28%|██▊       | 128/450 [02:13<05:34,  1.04s/it]
Generating (fp16) rank=1:  30%|██▉       | 134/450 [02:13<05:15,  1.00it/s]
Generating (fp16) rank=0:  29%|██▊       | 129/450 [02:14<05:33,  1.04s/it]
Generating (fp16) rank=1:  30%|███       | 135/450 [02:14<05:14,  1.00it/s]
Generating (fp16) rank=0:  29%|██▉       | 130/450 [02:15<05:32,  1.04s/it]
Generating (fp16) rank=1:  30%|███       | 136/450 [02:15<05:13,  1.00it/s]
Generating (fp16) rank=0:  29%|██▉       | 131/450 [02:16<05:31,  1.04s/it]
Generating (fp16) rank=1:  30%|███       | 137/450 [02:16<05:12,  1.00it/s]
Generating (fp16) rank=0:  29%|██▉       | 132/450 [02:17<05:29,  1.04s/it]
Generating (fp16) rank=1:  31%|███       | 138/450 [02:17<05:11,  1.00it/s]
Generating (fp16) rank=0:  30%|██▉       | 133/450 [02:18<05:29,  1.04s/it]
Generating (fp16) rank=1:  31%|███       | 139/450 [02:18<05:10,  1.00it/s]
Generating (fp16) rank=0:  30%|██▉       | 134/450 [02:19<05:28,  1.04s/it]
Generating (fp16) rank=1:  31%|███       | 140/450 [02:19<05:10,  1.00s/it]
Generating (fp16) rank=0:  30%|███       | 135/450 [02:20<05:27,  1.04s/it]
Generating (fp16) rank=1:  31%|███▏      | 141/450 [02:20<05:08,  1.00it/s]
Generating (fp16) rank=0:  30%|███       | 136/450 [02:21<05:27,  1.04s/it]
Generating (fp16) rank=1:  32%|███▏      | 142/450 [02:21<05:07,  1.00it/s]
Generating (fp16) rank=1:  32%|███▏      | 143/450 [02:22<05:06,  1.00it/s]
Generating (fp16) rank=0:  30%|███       | 137/450 [02:22<05:26,  1.04s/it]
Generating (fp16) rank=1:  32%|███▏      | 144/450 [02:23<05:05,  1.00it/s]
Generating (fp16) rank=0:  31%|███       | 138/450 [02:23<05:24,  1.04s/it]
Generating (fp16) rank=1:  32%|███▏      | 145/450 [02:24<05:04,  1.00it/s]
Generating (fp16) rank=0:  31%|███       | 139/450 [02:24<05:23,  1.04s/it]
Generating (fp16) rank=1:  32%|███▏      | 146/450 [02:25<05:04,  1.00s/it]
Generating (fp16) rank=0:  31%|███       | 140/450 [02:25<05:22,  1.04s/it]
Generating (fp16) rank=1:  33%|███▎      | 147/450 [02:26<05:02,  1.00it/s]
Generating (fp16) rank=0:  31%|███▏      | 141/450 [02:26<05:21,  1.04s/it]
Generating (fp16) rank=1:  33%|███▎      | 148/450 [02:27<05:01,  1.00it/s]
Generating (fp16) rank=0:  32%|███▏      | 142/450 [02:27<05:19,  1.04s/it]
Generating (fp16) rank=1:  33%|███▎      | 149/450 [02:28<05:00,  1.00it/s]
Generating (fp16) rank=0:  32%|███▏      | 143/450 [02:28<05:17,  1.04s/it]
Generating (fp16) rank=1:  33%|███▎      | 150/450 [02:29<04:59,  1.00it/s]
Generating (fp16) rank=0:  32%|███▏      | 144/450 [02:29<05:17,  1.04s/it]
Generating (fp16) rank=1:  34%|███▎      | 151/450 [02:30<04:58,  1.00it/s]
Generating (fp16) rank=0:  32%|███▏      | 145/450 [02:30<05:16,  1.04s/it]
Generating (fp16) rank=1:  34%|███▍      | 152/450 [02:31<04:57,  1.00it/s]
Generating (fp16) rank=0:  32%|███▏      | 146/450 [02:31<05:15,  1.04s/it]
Generating (fp16) rank=1:  34%|███▍      | 153/450 [02:32<04:56,  1.00it/s]
Generating (fp16) rank=0:  33%|███▎      | 147/450 [02:32<05:14,  1.04s/it]
Generating (fp16) rank=1:  34%|███▍      | 154/450 [02:33<04:55,  1.00it/s]
Generating (fp16) rank=0:  33%|███▎      | 148/450 [02:33<05:13,  1.04s/it]
Generating (fp16) rank=1:  34%|███▍      | 155/450 [02:34<04:55,  1.00s/it]
Generating (fp16) rank=0:  33%|███▎      | 149/450 [02:34<05:12,  1.04s/it]
Generating (fp16) rank=1:  35%|███▍      | 156/450 [02:35<04:54,  1.00s/it]
Generating (fp16) rank=0:  33%|███▎      | 150/450 [02:35<05:11,  1.04s/it]
Generating (fp16) rank=1:  35%|███▍      | 157/450 [02:36<04:53,  1.00s/it]
Generating (fp16) rank=0:  34%|███▎      | 151/450 [02:36<05:10,  1.04s/it]
Generating (fp16) rank=1:  35%|███▌      | 158/450 [02:37<04:52,  1.00s/it]
Generating (fp16) rank=0:  34%|███▍      | 152/450 [02:37<05:09,  1.04s/it]
Generating (fp16) rank=1:  35%|███▌      | 159/450 [02:38<04:51,  1.00s/it]
Generating (fp16) rank=0:  34%|███▍      | 153/450 [02:39<05:08,  1.04s/it]
Generating (fp16) rank=1:  36%|███▌      | 160/450 [02:39<04:49,  1.00it/s]
Generating (fp16) rank=0:  34%|███▍      | 154/450 [02:40<05:06,  1.04s/it]
Generating (fp16) rank=1:  36%|███▌      | 161/450 [02:40<04:48,  1.00it/s]
Generating (fp16) rank=0:  34%|███▍      | 155/450 [02:41<05:06,  1.04s/it]
Generating (fp16) rank=1:  36%|███▌      | 162/450 [02:41<04:47,  1.00it/s]
Generating (fp16) rank=0:  35%|███▍      | 156/450 [02:42<05:05,  1.04s/it]
Generating (fp16) rank=1:  36%|███▌      | 163/450 [02:42<04:46,  1.00it/s]
Generating (fp16) rank=0:  35%|███▍      | 157/450 [02:43<05:04,  1.04s/it]
Generating (fp16) rank=1:  36%|███▋      | 164/450 [02:43<04:45,  1.00it/s]
Generating (fp16) rank=0:  35%|███▌      | 158/450 [02:44<05:03,  1.04s/it]
Generating (fp16) rank=1:  37%|███▋      | 165/450 [02:44<04:44,  1.00it/s]
Generating (fp16) rank=0:  35%|███▌      | 159/450 [02:45<05:02,  1.04s/it]
Generating (fp16) rank=1:  37%|███▋      | 166/450 [02:45<04:44,  1.00s/it]
Generating (fp16) rank=0:  36%|███▌      | 160/450 [02:46<05:01,  1.04s/it]
Generating (fp16) rank=1:  37%|███▋      | 167/450 [02:46<04:42,  1.00it/s]
Generating (fp16) rank=0:  36%|███▌      | 161/450 [02:47<05:00,  1.04s/it]
Generating (fp16) rank=1:  37%|███▋      | 168/450 [02:47<04:41,  1.00it/s]
Generating (fp16) rank=0:  36%|███▌      | 162/450 [02:48<04:59,  1.04s/it]
Generating (fp16) rank=1:  38%|███▊      | 169/450 [02:48<04:41,  1.00s/it]
Generating (fp16) rank=1:  38%|███▊      | 170/450 [02:49<04:40,  1.00s/it]
Generating (fp16) rank=0:  36%|███▌      | 163/450 [02:49<04:58,  1.04s/it]
Generating (fp16) rank=1:  38%|███▊      | 171/450 [02:50<04:38,  1.00it/s]
Generating (fp16) rank=0:  36%|███▋      | 164/450 [02:50<04:56,  1.04s/it]
Generating (fp16) rank=1:  38%|███▊      | 172/450 [02:51<04:37,  1.00it/s]
Generating (fp16) rank=0:  37%|███▋      | 165/450 [02:51<04:55,  1.04s/it]
Generating (fp16) rank=1:  38%|███▊      | 173/450 [02:52<04:36,  1.00it/s]
Generating (fp16) rank=0:  37%|███▋      | 166/450 [02:52<04:54,  1.04s/it]
Generating (fp16) rank=1:  39%|███▊      | 174/450 [02:53<04:35,  1.00it/s]
Generating (fp16) rank=0:  37%|███▋      | 167/450 [02:53<04:53,  1.04s/it]
Generating (fp16) rank=1:  39%|███▉      | 175/450 [02:54<04:34,  1.00it/s]
Generating (fp16) rank=0:  37%|███▋      | 168/450 [02:54<04:53,  1.04s/it]
Generating (fp16) rank=1:  39%|███▉      | 176/450 [02:55<04:33,  1.00it/s]
Generating (fp16) rank=0:  38%|███▊      | 169/450 [02:55<04:51,  1.04s/it]
Generating (fp16) rank=1:  39%|███▉      | 177/450 [02:56<04:32,  1.00it/s]
Generating (fp16) rank=0:  38%|███▊      | 170/450 [02:56<04:50,  1.04s/it]
Generating (fp16) rank=1:  40%|███▉      | 178/450 [02:57<04:31,  1.00it/s]
Generating (fp16) rank=0:  38%|███▊      | 171/450 [02:57<04:49,  1.04s/it]
Generating (fp16) rank=1:  40%|███▉      | 179/450 [02:58<04:30,  1.00it/s]
Generating (fp16) rank=0:  38%|███▊      | 172/450 [02:58<04:49,  1.04s/it]
Generating (fp16) rank=1:  40%|████      | 180/450 [02:59<04:29,  1.00it/s]
Generating (fp16) rank=0:  38%|███▊      | 173/450 [02:59<04:48,  1.04s/it]
Generating (fp16) rank=1:  40%|████      | 181/450 [03:00<04:28,  1.00it/s]
Generating (fp16) rank=0:  39%|███▊      | 174/450 [03:00<04:46,  1.04s/it]
Generating (fp16) rank=1:  40%|████      | 182/450 [03:01<04:27,  1.00it/s]
Generating (fp16) rank=0:  39%|███▉      | 175/450 [03:01<04:44,  1.04s/it]
Generating (fp16) rank=1:  41%|████      | 183/450 [03:02<04:26,  1.00it/s]
Generating (fp16) rank=0:  39%|███▉      | 176/450 [03:02<04:44,  1.04s/it]
Generating (fp16) rank=1:  41%|████      | 184/450 [03:03<04:25,  1.00it/s]
Generating (fp16) rank=0:  39%|███▉      | 177/450 [03:03<04:43,  1.04s/it]
Generating (fp16) rank=1:  41%|████      | 185/450 [03:04<04:24,  1.00it/s]
Generating (fp16) rank=0:  40%|███▉      | 178/450 [03:04<04:41,  1.04s/it]
Generating (fp16) rank=1:  41%|████▏     | 186/450 [03:05<04:23,  1.00it/s]
Generating (fp16) rank=0:  40%|███▉      | 179/450 [03:05<04:40,  1.04s/it]
Generating (fp16) rank=1:  42%|████▏     | 187/450 [03:06<04:22,  1.00it/s]
Generating (fp16) rank=0:  40%|████      | 180/450 [03:07<04:39,  1.04s/it]
Generating (fp16) rank=1:  42%|████▏     | 188/450 [03:07<04:21,  1.00it/s]
Generating (fp16) rank=0:  40%|████      | 181/450 [03:08<04:39,  1.04s/it]
Generating (fp16) rank=1:  42%|████▏     | 189/450 [03:08<04:20,  1.00it/s]
Generating (fp16) rank=0:  40%|████      | 182/450 [03:09<04:37,  1.04s/it]
Generating (fp16) rank=1:  42%|████▏     | 190/450 [03:09<04:19,  1.00it/s]
Generating (fp16) rank=0:  41%|████      | 183/450 [03:10<04:37,  1.04s/it]
Generating (fp16) rank=1:  42%|████▏     | 191/450 [03:10<04:18,  1.00it/s]
Generating (fp16) rank=0:  41%|████      | 184/450 [03:11<04:36,  1.04s/it]
Generating (fp16) rank=1:  43%|████▎     | 192/450 [03:11<04:17,  1.00it/s]
Generating (fp16) rank=0:  41%|████      | 185/450 [03:12<04:34,  1.04s/it]
Generating (fp16) rank=1:  43%|████▎     | 193/450 [03:12<04:16,  1.00it/s]
Generating (fp16) rank=0:  41%|████▏     | 186/450 [03:13<04:33,  1.04s/it]
Generating (fp16) rank=1:  43%|████▎     | 194/450 [03:13<04:14,  1.01it/s]
Generating (fp16) rank=0:  42%|████▏     | 187/450 [03:14<04:32,  1.04s/it]
Generating (fp16) rank=1:  43%|████▎     | 195/450 [03:14<04:13,  1.01it/s]
Generating (fp16) rank=1:  44%|████▎     | 196/450 [03:15<04:12,  1.01it/s]
Generating (fp16) rank=0:  42%|████▏     | 188/450 [03:15<04:32,  1.04s/it]
Generating (fp16) rank=1:  44%|████▍     | 197/450 [03:16<04:11,  1.01it/s]
Generating (fp16) rank=0:  42%|████▏     | 189/450 [03:16<04:31,  1.04s/it]
Generating (fp16) rank=1:  44%|████▍     | 198/450 [03:17<04:10,  1.01it/s]
Generating (fp16) rank=0:  42%|████▏     | 190/450 [03:17<04:30,  1.04s/it]
Generating (fp16) rank=1:  44%|████▍     | 199/450 [03:18<04:09,  1.01it/s]
Generating (fp16) rank=0:  42%|████▏     | 191/450 [03:18<04:29,  1.04s/it]
Generating (fp16) rank=1:  44%|████▍     | 200/450 [03:19<04:08,  1.01it/s]
Generating (fp16) rank=0:  43%|████▎     | 192/450 [03:19<04:28,  1.04s/it]
Generating (fp16) rank=1:  45%|████▍     | 201/450 [03:20<04:07,  1.01it/s]
Generating (fp16) rank=0:  43%|████▎     | 193/450 [03:20<04:27,  1.04s/it]
Generating (fp16) rank=1:  45%|████▍     | 202/450 [03:21<04:06,  1.01it/s]
Generating (fp16) rank=0:  43%|████▎     | 194/450 [03:21<04:25,  1.04s/it]
Generating (fp16) rank=1:  45%|████▌     | 203/450 [03:22<04:05,  1.01it/s]
Generating (fp16) rank=0:  43%|████▎     | 195/450 [03:22<04:24,  1.04s/it]
Generating (fp16) rank=1:  45%|████▌     | 204/450 [03:23<04:04,  1.01it/s]
Generating (fp16) rank=0:  44%|████▎     | 196/450 [03:23<04:22,  1.04s/it]
Generating (fp16) rank=1:  46%|████▌     | 205/450 [03:24<04:03,  1.01it/s]
Generating (fp16) rank=0:  44%|████▍     | 197/450 [03:24<04:22,  1.04s/it]
Generating (fp16) rank=1:  46%|████▌     | 206/450 [03:25<04:02,  1.01it/s]
Generating (fp16) rank=0:  44%|████▍     | 198/450 [03:25<04:21,  1.04s/it]
Generating (fp16) rank=1:  46%|████▌     | 207/450 [03:26<04:01,  1.01it/s]
Generating (fp16) rank=0:  44%|████▍     | 199/450 [03:26<04:20,  1.04s/it]
Generating (fp16) rank=1:  46%|████▌     | 208/450 [03:27<03:59,  1.01it/s]
Generating (fp16) rank=0:  44%|████▍     | 200/450 [03:27<04:19,  1.04s/it]
Generating (fp16) rank=1:  46%|████▋     | 209/450 [03:28<03:59,  1.01it/s]
Generating (fp16) rank=0:  45%|████▍     | 201/450 [03:28<04:18,  1.04s/it]
Generating (fp16) rank=1:  47%|████▋     | 210/450 [03:29<03:58,  1.01it/s]
Generating (fp16) rank=0:  45%|████▍     | 202/450 [03:29<04:17,  1.04s/it]
Generating (fp16) rank=1:  47%|████▋     | 211/450 [03:30<03:57,  1.01it/s]
Generating (fp16) rank=0:  45%|████▌     | 203/450 [03:30<04:16,  1.04s/it]
Generating (fp16) rank=1:  47%|████▋     | 212/450 [03:31<03:56,  1.01it/s]
Generating (fp16) rank=0:  45%|████▌     | 204/450 [03:31<04:15,  1.04s/it]
Generating (fp16) rank=1:  47%|████▋     | 213/450 [03:32<03:54,  1.01it/s]
Generating (fp16) rank=0:  46%|████▌     | 205/450 [03:32<04:13,  1.03s/it]
Generating (fp16) rank=1:  48%|████▊     | 214/450 [03:33<03:53,  1.01it/s]
Generating (fp16) rank=0:  46%|████▌     | 206/450 [03:34<04:12,  1.03s/it]
Generating (fp16) rank=1:  48%|████▊     | 215/450 [03:34<03:52,  1.01it/s]
Generating (fp16) rank=0:  46%|████▌     | 207/450 [03:35<04:10,  1.03s/it]
Generating (fp16) rank=1:  48%|████▊     | 216/450 [03:35<03:51,  1.01it/s]
Generating (fp16) rank=0:  46%|████▌     | 208/450 [03:36<04:09,  1.03s/it]
Generating (fp16) rank=1:  48%|████▊     | 217/450 [03:36<03:50,  1.01it/s]
Generating (fp16) rank=0:  46%|████▋     | 209/450 [03:37<04:08,  1.03s/it]
Generating (fp16) rank=1:  48%|████▊     | 218/450 [03:37<03:49,  1.01it/s]
Generating (fp16) rank=1:  49%|████▊     | 219/450 [03:38<03:48,  1.01it/s]
Generating (fp16) rank=0:  47%|████▋     | 210/450 [03:38<04:08,  1.03s/it]
Generating (fp16) rank=1:  49%|████▉     | 220/450 [03:39<03:47,  1.01it/s]
Generating (fp16) rank=0:  47%|████▋     | 211/450 [03:39<04:07,  1.03s/it]
Generating (fp16) rank=1:  49%|████▉     | 221/450 [03:40<03:47,  1.01it/s]
Generating (fp16) rank=0:  47%|████▋     | 212/450 [03:40<04:05,  1.03s/it]
Generating (fp16) rank=1:  49%|████▉     | 222/450 [03:41<03:45,  1.01it/s]
Generating (fp16) rank=0:  47%|████▋     | 213/450 [03:41<04:05,  1.03s/it]
Generating (fp16) rank=1:  50%|████▉     | 223/450 [03:42<03:44,  1.01it/s]
Generating (fp16) rank=0:  48%|████▊     | 214/450 [03:42<04:05,  1.04s/it]
Generating (fp16) rank=1:  50%|████▉     | 224/450 [03:43<03:43,  1.01it/s]
Generating (fp16) rank=0:  48%|████▊     | 215/450 [03:43<04:04,  1.04s/it]
Generating (fp16) rank=1:  50%|█████     | 225/450 [03:44<03:42,  1.01it/s]
Generating (fp16) rank=0:  48%|████▊     | 216/450 [03:44<04:03,  1.04s/it]
Generating (fp16) rank=1:  50%|█████     | 226/450 [03:45<03:42,  1.01it/s]
Generating (fp16) rank=0:  48%|████▊     | 217/450 [03:45<04:01,  1.04s/it]
Generating (fp16) rank=1:  50%|█████     | 227/450 [03:46<03:40,  1.01it/s]
Generating (fp16) rank=0:  48%|████▊     | 218/450 [03:46<04:00,  1.04s/it]
Generating (fp16) rank=1:  51%|█████     | 228/450 [03:47<03:39,  1.01it/s]
Generating (fp16) rank=0:  49%|████▊     | 219/450 [03:47<04:00,  1.04s/it]
Generating (fp16) rank=1:  51%|█████     | 229/450 [03:48<03:38,  1.01it/s]
Generating (fp16) rank=0:  49%|████▉     | 220/450 [03:48<03:59,  1.04s/it]
Generating (fp16) rank=1:  51%|█████     | 230/450 [03:49<03:37,  1.01it/s]
Generating (fp16) rank=0:  49%|████▉     | 221/450 [03:49<03:58,  1.04s/it]
Generating (fp16) rank=1:  51%|█████▏    | 231/450 [03:50<03:36,  1.01it/s]
Generating (fp16) rank=0:  49%|████▉     | 222/450 [03:50<03:56,  1.04s/it]
Generating (fp16) rank=1:  52%|█████▏    | 232/450 [03:50<03:35,  1.01it/s]
Generating (fp16) rank=0:  50%|████▉     | 223/450 [03:51<03:55,  1.04s/it]
Generating (fp16) rank=1:  52%|█████▏    | 233/450 [03:51<03:34,  1.01it/s]
Generating (fp16) rank=0:  50%|████▉     | 224/450 [03:52<03:54,  1.04s/it]
Generating (fp16) rank=1:  52%|█████▏    | 234/450 [03:52<03:33,  1.01it/s]
Generating (fp16) rank=0:  50%|█████     | 225/450 [03:53<03:53,  1.04s/it]
Generating (fp16) rank=1:  52%|█████▏    | 235/450 [03:53<03:33,  1.01it/s]
Generating (fp16) rank=0:  50%|█████     | 226/450 [03:54<03:52,  1.04s/it]
Generating (fp16) rank=1:  52%|█████▏    | 236/450 [03:54<03:32,  1.01it/s]
Generating (fp16) rank=0:  50%|█████     | 227/450 [03:55<03:52,  1.04s/it]
Generating (fp16) rank=1:  53%|█████▎    | 237/450 [03:55<03:31,  1.01it/s]
Generating (fp16) rank=0:  51%|█████     | 228/450 [03:56<03:50,  1.04s/it]
Generating (fp16) rank=1:  53%|█████▎    | 238/450 [03:56<03:30,  1.01it/s]
Generating (fp16) rank=0:  51%|█████     | 229/450 [03:57<03:49,  1.04s/it]
Generating (fp16) rank=1:  53%|█████▎    | 239/450 [03:57<03:29,  1.01it/s]
Generating (fp16) rank=0:  51%|█████     | 230/450 [03:58<03:48,  1.04s/it]
Generating (fp16) rank=1:  53%|█████▎    | 240/450 [03:58<03:28,  1.01it/s]
Generating (fp16) rank=1:  54%|█████▎    | 241/450 [03:59<03:27,  1.01it/s]
Generating (fp16) rank=0:  51%|█████▏    | 231/450 [03:59<03:47,  1.04s/it]
Generating (fp16) rank=1:  54%|█████▍    | 242/450 [04:00<03:26,  1.01it/s]
Generating (fp16) rank=0:  52%|█████▏    | 232/450 [04:00<03:46,  1.04s/it]
Generating (fp16) rank=1:  54%|█████▍    | 243/450 [04:01<03:25,  1.01it/s]
Generating (fp16) rank=0:  52%|█████▏    | 233/450 [04:02<03:44,  1.04s/it]
Generating (fp16) rank=1:  54%|█████▍    | 244/450 [04:02<03:24,  1.01it/s]
Generating (fp16) rank=0:  52%|█████▏    | 234/450 [04:03<03:43,  1.04s/it]
Generating (fp16) rank=1:  54%|█████▍    | 245/450 [04:03<03:23,  1.01it/s]
Generating (fp16) rank=0:  52%|█████▏    | 235/450 [04:04<03:43,  1.04s/it]
Generating (fp16) rank=1:  55%|█████▍    | 246/450 [04:04<03:22,  1.01it/s]
Generating (fp16) rank=0:  52%|█████▏    | 236/450 [04:05<03:42,  1.04s/it]
Generating (fp16) rank=1:  55%|█████▍    | 247/450 [04:05<03:21,  1.01it/s]
Generating (fp16) rank=0:  53%|█████▎    | 237/450 [04:06<03:41,  1.04s/it]
Generating (fp16) rank=1:  55%|█████▌    | 248/450 [04:06<03:20,  1.01it/s]
Generating (fp16) rank=0:  53%|█████▎    | 238/450 [04:07<03:40,  1.04s/it]
Generating (fp16) rank=1:  55%|█████▌    | 249/450 [04:07<03:19,  1.01it/s]
Generating (fp16) rank=0:  53%|█████▎    | 239/450 [04:08<03:39,  1.04s/it]
Generating (fp16) rank=1:  56%|█████▌    | 250/450 [04:08<03:18,  1.01it/s]
Generating (fp16) rank=0:  53%|█████▎    | 240/450 [04:09<03:38,  1.04s/it]
Generating (fp16) rank=1:  56%|█████▌    | 251/450 [04:09<03:17,  1.01it/s]
Generating (fp16) rank=0:  54%|█████▎    | 241/450 [04:10<03:37,  1.04s/it]
Generating (fp16) rank=1:  56%|█████▌    | 252/450 [04:10<03:16,  1.01it/s]
Generating (fp16) rank=0:  54%|█████▍    | 242/450 [04:11<03:36,  1.04s/it]
Generating (fp16) rank=1:  56%|█████▌    | 253/450 [04:11<03:15,  1.01it/s]
Generating (fp16) rank=0:  54%|█████▍    | 243/450 [04:12<03:35,  1.04s/it]
Generating (fp16) rank=1:  56%|█████▋    | 254/450 [04:12<03:14,  1.01it/s]
Generating (fp16) rank=0:  54%|█████▍    | 244/450 [04:13<03:34,  1.04s/it]
Generating (fp16) rank=1:  57%|█████▋    | 255/450 [04:13<03:13,  1.01it/s]
Generating (fp16) rank=0:  54%|█████▍    | 245/450 [04:14<03:33,  1.04s/it]
Generating (fp16) rank=1:  57%|█████▋    | 256/450 [04:14<03:12,  1.01it/s]
Generating (fp16) rank=0:  55%|█████▍    | 246/450 [04:15<03:32,  1.04s/it]
Generating (fp16) rank=1:  57%|█████▋    | 257/450 [04:15<03:11,  1.01it/s]
Generating (fp16) rank=0:  55%|█████▍    | 247/450 [04:16<03:31,  1.04s/it]
Generating (fp16) rank=1:  57%|█████▋    | 258/450 [04:16<03:10,  1.01it/s]
Generating (fp16) rank=0:  55%|█████▌    | 248/450 [04:17<03:30,  1.04s/it]
Generating (fp16) rank=1:  58%|█████▊    | 259/450 [04:17<03:09,  1.01it/s]
Generating (fp16) rank=0:  55%|█████▌    | 249/450 [04:18<03:28,  1.04s/it]
Generating (fp16) rank=1:  58%|█████▊    | 260/450 [04:18<03:08,  1.01it/s]
Generating (fp16) rank=0:  56%|█████▌    | 250/450 [04:19<03:28,  1.04s/it]
Generating (fp16) rank=1:  58%|█████▊    | 261/450 [04:19<03:07,  1.01it/s]
Generating (fp16) rank=0:  56%|█████▌    | 251/450 [04:20<03:26,  1.04s/it]
Generating (fp16) rank=1:  58%|█████▊    | 262/450 [04:20<03:06,  1.01it/s]
Generating (fp16) rank=1:  58%|█████▊    | 263/450 [04:21<03:05,  1.01it/s]
Generating (fp16) rank=0:  56%|█████▌    | 252/450 [04:21<03:26,  1.04s/it]
Generating (fp16) rank=1:  59%|█████▊    | 264/450 [04:22<03:04,  1.01it/s]
Generating (fp16) rank=0:  56%|█████▌    | 253/450 [04:22<03:26,  1.05s/it]
Generating (fp16) rank=1:  59%|█████▉    | 265/450 [04:23<03:03,  1.01it/s]
Generating (fp16) rank=0:  56%|█████▋    | 254/450 [04:23<03:25,  1.05s/it]
Generating (fp16) rank=1:  59%|█████▉    | 266/450 [04:24<03:02,  1.01it/s]
Generating (fp16) rank=0:  57%|█████▋    | 255/450 [04:24<03:24,  1.05s/it]
Generating (fp16) rank=1:  59%|█████▉    | 267/450 [04:25<03:01,  1.01it/s]
Generating (fp16) rank=0:  57%|█████▋    | 256/450 [04:25<03:23,  1.05s/it]
Generating (fp16) rank=1:  60%|█████▉    | 268/450 [04:26<03:00,  1.01it/s]
Generating (fp16) rank=0:  57%|█████▋    | 257/450 [04:27<03:22,  1.05s/it]
Generating (fp16) rank=1:  60%|█████▉    | 269/450 [04:27<02:59,  1.01it/s]
Generating (fp16) rank=0:  57%|█████▋    | 258/450 [04:28<03:21,  1.05s/it]
Generating (fp16) rank=1:  60%|██████    | 270/450 [04:28<02:58,  1.01it/s]
Generating (fp16) rank=0:  58%|█████▊    | 259/450 [04:29<03:20,  1.05s/it]
Generating (fp16) rank=1:  60%|██████    | 271/450 [04:29<02:57,  1.01it/s]
Generating (fp16) rank=0:  58%|█████▊    | 260/450 [04:30<03:18,  1.05s/it]
Generating (fp16) rank=1:  60%|██████    | 272/450 [04:30<02:56,  1.01it/s]
Generating (fp16) rank=0:  58%|█████▊    | 261/450 [04:31<03:17,  1.05s/it]
Generating (fp16) rank=1:  61%|██████    | 273/450 [04:31<02:55,  1.01it/s]
Generating (fp16) rank=0:  58%|█████▊    | 262/450 [04:32<03:16,  1.05s/it]
Generating (fp16) rank=1:  61%|██████    | 274/450 [04:32<02:54,  1.01it/s]
Generating (fp16) rank=0:  58%|█████▊    | 263/450 [04:33<03:15,  1.05s/it]
Generating (fp16) rank=1:  61%|██████    | 275/450 [04:33<02:53,  1.01it/s]
Generating (fp16) rank=0:  59%|█████▊    | 264/450 [04:34<03:14,  1.05s/it]
Generating (fp16) rank=1:  61%|██████▏   | 276/450 [04:34<02:52,  1.01it/s]
Generating (fp16) rank=0:  59%|█████▉    | 265/450 [04:35<03:13,  1.05s/it]
Generating (fp16) rank=1:  62%|██████▏   | 277/450 [04:35<02:51,  1.01it/s]
Generating (fp16) rank=0:  59%|█████▉    | 266/450 [04:36<03:12,  1.05s/it]
Generating (fp16) rank=1:  62%|██████▏   | 278/450 [04:36<02:50,  1.01it/s]
Generating (fp16) rank=0:  59%|█████▉    | 267/450 [04:37<03:11,  1.05s/it]
Generating (fp16) rank=1:  62%|██████▏   | 279/450 [04:37<02:49,  1.01it/s]
Generating (fp16) rank=0:  60%|█████▉    | 268/450 [04:38<03:11,  1.05s/it]
Generating (fp16) rank=1:  62%|██████▏   | 280/450 [04:38<02:48,  1.01it/s]
Generating (fp16) rank=1:  62%|██████▏   | 281/450 [04:39<02:47,  1.01it/s]
Generating (fp16) rank=0:  60%|█████▉    | 269/450 [04:39<03:10,  1.05s/it]
Generating (fp16) rank=1:  63%|██████▎   | 282/450 [04:40<02:46,  1.01it/s]
Generating (fp16) rank=0:  60%|██████    | 270/450 [04:40<03:08,  1.05s/it]
Generating (fp16) rank=1:  63%|██████▎   | 283/450 [04:41<02:45,  1.01it/s]
Generating (fp16) rank=0:  60%|██████    | 271/450 [04:41<03:07,  1.05s/it]
Generating (fp16) rank=1:  63%|██████▎   | 284/450 [04:42<02:44,  1.01it/s]
Generating (fp16) rank=0:  60%|██████    | 272/450 [04:42<03:06,  1.05s/it]
Generating (fp16) rank=1:  63%|██████▎   | 285/450 [04:43<02:43,  1.01it/s]
Generating (fp16) rank=0:  61%|██████    | 273/450 [04:43<03:05,  1.05s/it]
Generating (fp16) rank=1:  64%|██████▎   | 286/450 [04:44<02:42,  1.01it/s]
Generating (fp16) rank=0:  61%|██████    | 274/450 [04:44<03:04,  1.05s/it]
Generating (fp16) rank=1:  64%|██████▍   | 287/450 [04:45<02:41,  1.01it/s]
Generating (fp16) rank=0:  61%|██████    | 275/450 [04:45<03:03,  1.05s/it]
Generating (fp16) rank=1:  64%|██████▍   | 288/450 [04:46<02:40,  1.01it/s]
Generating (fp16) rank=0:  61%|██████▏   | 276/450 [04:46<03:02,  1.05s/it]
Generating (fp16) rank=1:  64%|██████▍   | 289/450 [04:47<02:39,  1.01it/s]
Generating (fp16) rank=0:  62%|██████▏   | 277/450 [04:47<03:01,  1.05s/it]
Generating (fp16) rank=1:  64%|██████▍   | 290/450 [04:48<02:38,  1.01it/s]
Generating (fp16) rank=0:  62%|██████▏   | 278/450 [04:49<03:00,  1.05s/it]
Generating (fp16) rank=1:  65%|██████▍   | 291/450 [04:49<02:38,  1.01it/s]
Generating (fp16) rank=0:  62%|██████▏   | 279/450 [04:50<02:59,  1.05s/it]
Generating (fp16) rank=1:  65%|██████▍   | 292/450 [04:50<02:37,  1.00it/s]
Generating (fp16) rank=0:  62%|██████▏   | 280/450 [04:51<02:57,  1.05s/it]
Generating (fp16) rank=1:  65%|██████▌   | 293/450 [04:51<02:36,  1.01it/s]
Generating (fp16) rank=0:  62%|██████▏   | 281/450 [04:52<02:56,  1.05s/it]
Generating (fp16) rank=1:  65%|██████▌   | 294/450 [04:52<02:35,  1.01it/s]
Generating (fp16) rank=0:  63%|██████▎   | 282/450 [04:53<02:55,  1.04s/it]
Generating (fp16) rank=1:  66%|██████▌   | 295/450 [04:53<02:34,  1.01it/s]
Generating (fp16) rank=0:  63%|██████▎   | 283/450 [04:54<02:54,  1.05s/it]
Generating (fp16) rank=1:  66%|██████▌   | 296/450 [04:54<02:33,  1.00it/s]
Generating (fp16) rank=0:  63%|██████▎   | 284/450 [04:55<02:54,  1.05s/it]
Generating (fp16) rank=1:  66%|██████▌   | 297/450 [04:55<02:32,  1.00it/s]
Generating (fp16) rank=0:  63%|██████▎   | 285/450 [04:56<02:52,  1.05s/it]
Generating (fp16) rank=1:  66%|██████▌   | 298/450 [04:56<02:31,  1.00it/s]
Generating (fp16) rank=0:  64%|██████▎   | 286/450 [04:57<02:51,  1.04s/it]
Generating (fp16) rank=1:  66%|██████▋   | 299/450 [04:57<02:30,  1.00it/s]
Generating (fp16) rank=1:  67%|██████▋   | 300/450 [04:58<02:29,  1.00it/s]
Generating (fp16) rank=0:  64%|██████▍   | 287/450 [04:58<02:50,  1.04s/it]
Generating (fp16) rank=1:  67%|██████▋   | 301/450 [04:59<02:28,  1.00it/s]
Generating (fp16) rank=0:  64%|██████▍   | 288/450 [04:59<02:49,  1.05s/it]
Generating (fp16) rank=1:  67%|██████▋   | 302/450 [05:00<02:27,  1.00it/s]
Generating (fp16) rank=0:  64%|██████▍   | 289/450 [05:00<02:48,  1.05s/it]
Generating (fp16) rank=1:  67%|██████▋   | 303/450 [05:01<02:26,  1.00it/s]
Generating (fp16) rank=0:  64%|██████▍   | 290/450 [05:01<02:47,  1.05s/it]
Generating (fp16) rank=1:  68%|██████▊   | 304/450 [05:02<02:25,  1.00it/s]
Generating (fp16) rank=0:  65%|██████▍   | 291/450 [05:02<02:46,  1.05s/it]
Generating (fp16) rank=1:  68%|██████▊   | 305/450 [05:03<02:24,  1.01it/s]
Generating (fp16) rank=0:  65%|██████▍   | 292/450 [05:03<02:44,  1.04s/it]
Generating (fp16) rank=1:  68%|██████▊   | 306/450 [05:04<02:23,  1.01it/s]
Generating (fp16) rank=0:  65%|██████▌   | 293/450 [05:04<02:44,  1.04s/it]
Generating (fp16) rank=1:  68%|██████▊   | 307/450 [05:05<02:22,  1.00it/s]
Generating (fp16) rank=0:  65%|██████▌   | 294/450 [05:05<02:43,  1.05s/it]
Generating (fp16) rank=1:  68%|██████▊   | 308/450 [05:06<02:21,  1.00it/s]
Generating (fp16) rank=0:  66%|██████▌   | 295/450 [05:06<02:42,  1.05s/it]
Generating (fp16) rank=1:  69%|██████▊   | 309/450 [05:07<02:20,  1.00it/s]
Generating (fp16) rank=0:  66%|██████▌   | 296/450 [05:07<02:41,  1.05s/it]
Generating (fp16) rank=1:  69%|██████▉   | 310/450 [05:08<02:19,  1.00it/s]
Generating (fp16) rank=0:  66%|██████▌   | 297/450 [05:08<02:40,  1.05s/it]
Generating (fp16) rank=1:  69%|██████▉   | 311/450 [05:09<02:18,  1.00it/s]
Generating (fp16) rank=0:  66%|██████▌   | 298/450 [05:09<02:40,  1.05s/it]
Generating (fp16) rank=1:  69%|██████▉   | 312/450 [05:10<02:17,  1.00it/s]
Generating (fp16) rank=0:  66%|██████▋   | 299/450 [05:11<02:39,  1.05s/it]
Generating (fp16) rank=1:  70%|██████▉   | 313/450 [05:11<02:16,  1.00it/s]
Generating (fp16) rank=0:  67%|██████▋   | 300/450 [05:12<02:37,  1.05s/it]
Generating (fp16) rank=1:  70%|██████▉   | 314/450 [05:12<02:15,  1.00it/s]
Generating (fp16) rank=0:  67%|██████▋   | 301/450 [05:13<02:36,  1.05s/it]
Generating (fp16) rank=1:  70%|███████   | 315/450 [05:13<02:14,  1.00it/s]
Generating (fp16) rank=0:  67%|██████▋   | 302/450 [05:14<02:35,  1.05s/it]
Generating (fp16) rank=1:  70%|███████   | 316/450 [05:14<02:13,  1.01it/s]
Generating (fp16) rank=0:  67%|██████▋   | 303/450 [05:15<02:34,  1.05s/it]
Generating (fp16) rank=1:  70%|███████   | 317/450 [05:15<02:12,  1.00it/s]
Generating (fp16) rank=0:  68%|██████▊   | 304/450 [05:16<02:33,  1.05s/it]
Generating (fp16) rank=1:  71%|███████   | 318/450 [05:16<02:11,  1.00it/s]
Generating (fp16) rank=0:  68%|██████▊   | 305/450 [05:17<02:32,  1.05s/it]
Generating (fp16) rank=1:  71%|███████   | 319/450 [05:17<02:10,  1.00it/s]
Generating (fp16) rank=1:  71%|███████   | 320/450 [05:18<02:09,  1.00it/s]
Generating (fp16) rank=0:  68%|██████▊   | 306/450 [05:18<02:31,  1.05s/it]
Generating (fp16) rank=1:  71%|███████▏  | 321/450 [05:19<02:08,  1.00it/s]
Generating (fp16) rank=0:  68%|██████▊   | 307/450 [05:19<02:30,  1.05s/it]
Generating (fp16) rank=1:  72%|███████▏  | 322/450 [05:20<02:07,  1.00it/s]
Generating (fp16) rank=0:  68%|██████▊   | 308/450 [05:20<02:29,  1.05s/it]
Generating (fp16) rank=1:  72%|███████▏  | 323/450 [05:21<02:06,  1.01it/s]
Generating (fp16) rank=0:  69%|██████▊   | 309/450 [05:21<02:28,  1.05s/it]
Generating (fp16) rank=1:  72%|███████▏  | 324/450 [05:22<02:05,  1.01it/s]
Generating (fp16) rank=0:  69%|██████▉   | 310/450 [05:22<02:27,  1.05s/it]
Generating (fp16) rank=1:  72%|███████▏  | 325/450 [05:23<02:04,  1.01it/s]
Generating (fp16) rank=0:  69%|██████▉   | 311/450 [05:23<02:26,  1.05s/it]
Generating (fp16) rank=1:  72%|███████▏  | 326/450 [05:24<02:03,  1.01it/s]
Generating (fp16) rank=0:  69%|██████▉   | 312/450 [05:24<02:25,  1.05s/it]
Generating (fp16) rank=1:  73%|███████▎  | 327/450 [05:25<02:02,  1.01it/s]
Generating (fp16) rank=0:  70%|██████▉   | 313/450 [05:25<02:23,  1.05s/it]
Generating (fp16) rank=1:  73%|███████▎  | 328/450 [05:26<02:00,  1.01it/s]
Generating (fp16) rank=0:  70%|██████▉   | 314/450 [05:26<02:22,  1.05s/it]
Generating (fp16) rank=1:  73%|███████▎  | 329/450 [05:27<02:00,  1.01it/s]
Generating (fp16) rank=0:  70%|███████   | 315/450 [05:27<02:21,  1.05s/it]
Generating (fp16) rank=1:  73%|███████▎  | 330/450 [05:28<01:59,  1.01it/s]
Generating (fp16) rank=0:  70%|███████   | 316/450 [05:28<02:21,  1.05s/it]
Generating (fp16) rank=1:  74%|███████▎  | 331/450 [05:29<01:58,  1.01it/s]
Generating (fp16) rank=0:  70%|███████   | 317/450 [05:29<02:20,  1.05s/it]
Generating (fp16) rank=1:  74%|███████▍  | 332/450 [05:30<01:56,  1.01it/s]
Generating (fp16) rank=0:  71%|███████   | 318/450 [05:31<02:18,  1.05s/it]
Generating (fp16) rank=1:  74%|███████▍  | 333/450 [05:31<01:55,  1.01it/s]
Generating (fp16) rank=0:  71%|███████   | 319/450 [05:32<02:17,  1.05s/it]
Generating (fp16) rank=1:  74%|███████▍  | 334/450 [05:32<01:54,  1.01it/s]
Generating (fp16) rank=0:  71%|███████   | 320/450 [05:33<02:16,  1.05s/it]
Generating (fp16) rank=1:  74%|███████▍  | 335/450 [05:33<01:53,  1.01it/s]
Generating (fp16) rank=0:  71%|███████▏  | 321/450 [05:34<02:15,  1.05s/it]
Generating (fp16) rank=1:  75%|███████▍  | 336/450 [05:34<01:52,  1.01it/s]
Generating (fp16) rank=0:  72%|███████▏  | 322/450 [05:35<02:14,  1.05s/it]
Generating (fp16) rank=1:  75%|███████▍  | 337/450 [05:35<01:52,  1.01it/s]
Generating (fp16) rank=1:  75%|███████▌  | 338/450 [05:36<01:51,  1.01it/s]
Generating (fp16) rank=0:  72%|███████▏  | 323/450 [05:36<02:13,  1.05s/it]
Generating (fp16) rank=1:  75%|███████▌  | 339/450 [05:37<01:50,  1.01it/s]
Generating (fp16) rank=0:  72%|███████▏  | 324/450 [05:37<02:12,  1.05s/it]
Generating (fp16) rank=1:  76%|███████▌  | 340/450 [05:38<01:49,  1.01it/s]
Generating (fp16) rank=0:  72%|███████▏  | 325/450 [05:38<02:11,  1.05s/it]
Generating (fp16) rank=1:  76%|███████▌  | 341/450 [05:39<01:48,  1.01it/s]
Generating (fp16) rank=0:  72%|███████▏  | 326/450 [05:39<02:10,  1.05s/it]
Generating (fp16) rank=1:  76%|███████▌  | 342/450 [05:40<01:47,  1.01it/s]
Generating (fp16) rank=0:  73%|███████▎  | 327/450 [05:40<02:09,  1.05s/it]
Generating (fp16) rank=1:  76%|███████▌  | 343/450 [05:41<01:46,  1.01it/s]
Generating (fp16) rank=0:  73%|███████▎  | 328/450 [05:41<02:08,  1.06s/it]
Generating (fp16) rank=1:  76%|███████▋  | 344/450 [05:42<01:45,  1.01it/s]
Generating (fp16) rank=0:  73%|███████▎  | 329/450 [05:42<02:06,  1.05s/it]
Generating (fp16) rank=1:  77%|███████▋  | 345/450 [05:43<01:44,  1.01it/s]
Generating (fp16) rank=0:  73%|███████▎  | 330/450 [05:43<02:05,  1.05s/it]
Generating (fp16) rank=1:  77%|███████▋  | 346/450 [05:44<01:43,  1.01it/s]
Generating (fp16) rank=0:  74%|███████▎  | 331/450 [05:44<02:04,  1.04s/it]
Generating (fp16) rank=1:  77%|███████▋  | 347/450 [05:45<01:42,  1.01it/s]
Generating (fp16) rank=0:  74%|███████▍  | 332/450 [05:45<02:03,  1.04s/it]
Generating (fp16) rank=1:  77%|███████▋  | 348/450 [05:46<01:41,  1.01it/s]
Generating (fp16) rank=0:  74%|███████▍  | 333/450 [05:46<02:01,  1.04s/it]
Generating (fp16) rank=1:  78%|███████▊  | 349/450 [05:47<01:40,  1.01it/s]
Generating (fp16) rank=0:  74%|███████▍  | 334/450 [05:47<02:00,  1.04s/it]
Generating (fp16) rank=1:  78%|███████▊  | 350/450 [05:48<01:39,  1.01it/s]
Generating (fp16) rank=0:  74%|███████▍  | 335/450 [05:48<01:59,  1.04s/it]
Generating (fp16) rank=1:  78%|███████▊  | 351/450 [05:49<01:38,  1.01it/s]
Generating (fp16) rank=0:  75%|███████▍  | 336/450 [05:49<01:58,  1.04s/it]
Generating (fp16) rank=1:  78%|███████▊  | 352/450 [05:50<01:37,  1.01it/s]
Generating (fp16) rank=0:  75%|███████▍  | 337/450 [05:50<01:57,  1.04s/it]
Generating (fp16) rank=1:  78%|███████▊  | 353/450 [05:51<01:36,  1.01it/s]
Generating (fp16) rank=0:  75%|███████▌  | 338/450 [05:51<01:56,  1.04s/it]
Generating (fp16) rank=1:  79%|███████▊  | 354/450 [05:52<01:35,  1.01it/s]
Generating (fp16) rank=0:  75%|███████▌  | 339/450 [05:52<01:55,  1.04s/it]
Generating (fp16) rank=1:  79%|███████▉  | 355/450 [05:53<01:34,  1.01it/s]
Generating (fp16) rank=0:  76%|███████▌  | 340/450 [05:53<01:54,  1.04s/it]
Generating (fp16) rank=1:  79%|███████▉  | 356/450 [05:54<01:33,  1.01it/s]
Generating (fp16) rank=0:  76%|███████▌  | 341/450 [05:55<01:53,  1.04s/it]
Generating (fp16) rank=1:  79%|███████▉  | 357/450 [05:55<01:32,  1.01it/s]
Generating (fp16) rank=0:  76%|███████▌  | 342/450 [05:56<01:52,  1.04s/it]
Generating (fp16) rank=1:  80%|███████▉  | 358/450 [05:56<01:31,  1.01it/s]
Generating (fp16) rank=1:  80%|███████▉  | 359/450 [05:57<01:30,  1.01it/s]
Generating (fp16) rank=0:  76%|███████▌  | 343/450 [05:57<01:51,  1.04s/it]
Generating (fp16) rank=1:  80%|████████  | 360/450 [05:58<01:29,  1.01it/s]
Generating (fp16) rank=0:  76%|███████▋  | 344/450 [05:58<01:49,  1.03s/it]
Generating (fp16) rank=1:  80%|████████  | 361/450 [05:59<01:28,  1.01it/s]
Generating (fp16) rank=0:  77%|███████▋  | 345/450 [05:59<01:48,  1.03s/it]
Generating (fp16) rank=1:  80%|████████  | 362/450 [06:00<01:27,  1.01it/s]
Generating (fp16) rank=0:  77%|███████▋  | 346/450 [06:00<01:47,  1.04s/it]
Generating (fp16) rank=1:  81%|████████  | 363/450 [06:01<01:26,  1.01it/s]
Generating (fp16) rank=0:  77%|███████▋  | 347/450 [06:01<01:46,  1.04s/it]
Generating (fp16) rank=1:  81%|████████  | 364/450 [06:02<01:25,  1.01it/s]
Generating (fp16) rank=0:  77%|███████▋  | 348/450 [06:02<01:45,  1.03s/it]
Generating (fp16) rank=1:  81%|████████  | 365/450 [06:03<01:24,  1.01it/s]
Generating (fp16) rank=0:  78%|███████▊  | 349/450 [06:03<01:44,  1.04s/it]
Generating (fp16) rank=1:  81%|████████▏ | 366/450 [06:04<01:23,  1.01it/s]
Generating (fp16) rank=0:  78%|███████▊  | 350/450 [06:04<01:43,  1.04s/it]
Generating (fp16) rank=1:  82%|████████▏ | 367/450 [06:04<01:22,  1.01it/s]
Generating (fp16) rank=0:  78%|███████▊  | 351/450 [06:05<01:42,  1.04s/it]
Generating (fp16) rank=1:  82%|████████▏ | 368/450 [06:05<01:21,  1.01it/s]
Generating (fp16) rank=0:  78%|███████▊  | 352/450 [06:06<01:41,  1.04s/it]
Generating (fp16) rank=1:  82%|████████▏ | 369/450 [06:06<01:20,  1.01it/s]
Generating (fp16) rank=0:  78%|███████▊  | 353/450 [06:07<01:40,  1.04s/it]
Generating (fp16) rank=1:  82%|████████▏ | 370/450 [06:07<01:19,  1.01it/s]
Generating (fp16) rank=0:  79%|███████▊  | 354/450 [06:08<01:39,  1.04s/it]
Generating (fp16) rank=1:  82%|████████▏ | 371/450 [06:08<01:18,  1.01it/s]
Generating (fp16) rank=0:  79%|███████▉  | 355/450 [06:09<01:38,  1.03s/it]
Generating (fp16) rank=1:  83%|████████▎ | 372/450 [06:09<01:17,  1.01it/s]
Generating (fp16) rank=0:  79%|███████▉  | 356/450 [06:10<01:37,  1.03s/it]
Generating (fp16) rank=1:  83%|████████▎ | 373/450 [06:10<01:16,  1.01it/s]
Generating (fp16) rank=0:  79%|███████▉  | 357/450 [06:11<01:36,  1.04s/it]
Generating (fp16) rank=1:  83%|████████▎ | 374/450 [06:11<01:15,  1.01it/s]
Generating (fp16) rank=0:  80%|███████▉  | 358/450 [06:12<01:35,  1.04s/it]
Generating (fp16) rank=1:  83%|████████▎ | 375/450 [06:12<01:14,  1.01it/s]
Generating (fp16) rank=0:  80%|███████▉  | 359/450 [06:13<01:34,  1.04s/it]
Generating (fp16) rank=1:  84%|████████▎ | 376/450 [06:13<01:13,  1.01it/s]
Generating (fp16) rank=0:  80%|████████  | 360/450 [06:14<01:33,  1.04s/it]
Generating (fp16) rank=1:  84%|████████▍ | 377/450 [06:14<01:12,  1.01it/s]
Generating (fp16) rank=0:  80%|████████  | 361/450 [06:15<01:32,  1.04s/it]
Generating (fp16) rank=1:  84%|████████▍ | 378/450 [06:15<01:11,  1.01it/s]
Generating (fp16) rank=0:  80%|████████  | 362/450 [06:16<01:31,  1.04s/it]
Generating (fp16) rank=1:  84%|████████▍ | 379/450 [06:16<01:10,  1.01it/s]
Generating (fp16) rank=0:  81%|████████  | 363/450 [06:17<01:30,  1.04s/it]
Generating (fp16) rank=1:  84%|████████▍ | 380/450 [06:17<01:09,  1.01it/s]
Generating (fp16) rank=0:  81%|████████  | 364/450 [06:18<01:29,  1.04s/it]
Generating (fp16) rank=1:  85%|████████▍ | 381/450 [06:18<01:08,  1.01it/s]
Generating (fp16) rank=1:  85%|████████▍ | 382/450 [06:19<01:07,  1.01it/s]
Generating (fp16) rank=0:  81%|████████  | 365/450 [06:19<01:28,  1.04s/it]
Generating (fp16) rank=1:  85%|████████▌ | 383/450 [06:20<01:06,  1.01it/s]
Generating (fp16) rank=0:  81%|████████▏ | 366/450 [06:20<01:27,  1.04s/it]
Generating (fp16) rank=1:  85%|████████▌ | 384/450 [06:21<01:05,  1.01it/s]
Generating (fp16) rank=0:  82%|████████▏ | 367/450 [06:21<01:26,  1.04s/it]
Generating (fp16) rank=1:  86%|████████▌ | 385/450 [06:22<01:04,  1.01it/s]
Generating (fp16) rank=0:  82%|████████▏ | 368/450 [06:23<01:25,  1.04s/it]
Generating (fp16) rank=1:  86%|████████▌ | 386/450 [06:23<01:03,  1.01it/s]
Generating (fp16) rank=0:  82%|████████▏ | 369/450 [06:24<01:24,  1.04s/it]
Generating (fp16) rank=1:  86%|████████▌ | 387/450 [06:24<01:02,  1.01it/s]
Generating (fp16) rank=0:  82%|████████▏ | 370/450 [06:25<01:23,  1.04s/it]
Generating (fp16) rank=1:  86%|████████▌ | 388/450 [06:25<01:01,  1.01it/s]
Generating (fp16) rank=0:  82%|████████▏ | 371/450 [06:26<01:22,  1.04s/it]
Generating (fp16) rank=1:  86%|████████▋ | 389/450 [06:26<01:00,  1.01it/s]
Generating (fp16) rank=0:  83%|████████▎ | 372/450 [06:27<01:20,  1.04s/it]
Generating (fp16) rank=1:  87%|████████▋ | 390/450 [06:27<00:59,  1.01it/s]
Generating (fp16) rank=0:  83%|████████▎ | 373/450 [06:28<01:19,  1.04s/it]
Generating (fp16) rank=1:  87%|████████▋ | 391/450 [06:28<00:58,  1.01it/s]
Generating (fp16) rank=0:  83%|████████▎ | 374/450 [06:29<01:18,  1.04s/it]
Generating (fp16) rank=1:  87%|████████▋ | 392/450 [06:29<00:57,  1.01it/s]
Generating (fp16) rank=0:  83%|████████▎ | 375/450 [06:30<01:17,  1.04s/it]
Generating (fp16) rank=1:  87%|████████▋ | 393/450 [06:30<00:56,  1.01it/s]
Generating (fp16) rank=0:  84%|████████▎ | 376/450 [06:31<01:17,  1.04s/it]
Generating (fp16) rank=1:  88%|████████▊ | 394/450 [06:31<00:55,  1.01it/s]
Generating (fp16) rank=0:  84%|████████▍ | 377/450 [06:32<01:16,  1.05s/it]
Generating (fp16) rank=1:  88%|████████▊ | 395/450 [06:32<00:54,  1.01it/s]
Generating (fp16) rank=0:  84%|████████▍ | 378/450 [06:33<01:15,  1.05s/it]
Generating (fp16) rank=1:  88%|████████▊ | 396/450 [06:33<00:53,  1.01it/s]
Generating (fp16) rank=0:  84%|████████▍ | 379/450 [06:34<01:14,  1.05s/it]
Generating (fp16) rank=1:  88%|████████▊ | 397/450 [06:34<00:52,  1.01it/s]
Generating (fp16) rank=0:  84%|████████▍ | 380/450 [06:35<01:13,  1.05s/it]
Generating (fp16) rank=1:  88%|████████▊ | 398/450 [06:35<00:51,  1.01it/s]
Generating (fp16) rank=0:  85%|████████▍ | 381/450 [06:36<01:12,  1.05s/it]
Generating (fp16) rank=1:  89%|████████▊ | 399/450 [06:36<00:50,  1.01it/s]
Generating (fp16) rank=0:  85%|████████▍ | 382/450 [06:37<01:11,  1.05s/it]
Generating (fp16) rank=1:  89%|████████▉ | 400/450 [06:37<00:49,  1.01it/s]
Generating (fp16) rank=1:  89%|████████▉ | 401/450 [06:38<00:48,  1.01it/s]
Generating (fp16) rank=0:  85%|████████▌ | 383/450 [06:38<01:10,  1.05s/it]
Generating (fp16) rank=1:  89%|████████▉ | 402/450 [06:39<00:47,  1.01it/s]
Generating (fp16) rank=0:  85%|████████▌ | 384/450 [06:39<01:09,  1.05s/it]
Generating (fp16) rank=1:  90%|████████▉ | 403/450 [06:40<00:46,  1.01it/s]
Generating (fp16) rank=0:  86%|████████▌ | 385/450 [06:40<01:08,  1.05s/it]
Generating (fp16) rank=1:  90%|████████▉ | 404/450 [06:41<00:45,  1.01it/s]
Generating (fp16) rank=0:  86%|████████▌ | 386/450 [06:41<01:06,  1.05s/it]
Generating (fp16) rank=1:  90%|█████████ | 405/450 [06:42<00:44,  1.01it/s]
Generating (fp16) rank=0:  86%|████████▌ | 387/450 [06:42<01:05,  1.05s/it]
Generating (fp16) rank=1:  90%|█████████ | 406/450 [06:43<00:43,  1.01it/s]
Generating (fp16) rank=0:  86%|████████▌ | 388/450 [06:43<01:04,  1.05s/it]
Generating (fp16) rank=1:  90%|█████████ | 407/450 [06:44<00:42,  1.01it/s]
Generating (fp16) rank=0:  86%|████████▋ | 389/450 [06:45<01:03,  1.05s/it]
Generating (fp16) rank=1:  91%|█████████ | 408/450 [06:45<00:41,  1.01it/s]
Generating (fp16) rank=0:  87%|████████▋ | 390/450 [06:46<01:02,  1.05s/it]
Generating (fp16) rank=1:  91%|█████████ | 409/450 [06:46<00:40,  1.01it/s]
Generating (fp16) rank=0:  87%|████████▋ | 391/450 [06:47<01:01,  1.05s/it]
Generating (fp16) rank=1:  91%|█████████ | 410/450 [06:47<00:39,  1.01it/s]
Generating (fp16) rank=0:  87%|████████▋ | 392/450 [06:48<01:00,  1.05s/it]
Generating (fp16) rank=1:  91%|█████████▏| 411/450 [06:48<00:38,  1.01it/s]
Generating (fp16) rank=0:  87%|████████▋ | 393/450 [06:49<00:59,  1.05s/it]
Generating (fp16) rank=1:  92%|█████████▏| 412/450 [06:49<00:37,  1.01it/s]
Generating (fp16) rank=0:  88%|████████▊ | 394/450 [06:50<00:58,  1.05s/it]
Generating (fp16) rank=1:  92%|█████████▏| 413/450 [06:50<00:36,  1.01it/s]
Generating (fp16) rank=0:  88%|████████▊ | 395/450 [06:51<00:57,  1.05s/it]
Generating (fp16) rank=1:  92%|█████████▏| 414/450 [06:51<00:35,  1.01it/s]
Generating (fp16) rank=0:  88%|████████▊ | 396/450 [06:52<00:56,  1.05s/it]
Generating (fp16) rank=1:  92%|█████████▏| 415/450 [06:52<00:34,  1.01it/s]
Generating (fp16) rank=0:  88%|████████▊ | 397/450 [06:53<00:55,  1.05s/it]
Generating (fp16) rank=1:  92%|█████████▏| 416/450 [06:53<00:33,  1.01it/s]
Generating (fp16) rank=0:  88%|████████▊ | 398/450 [06:54<00:54,  1.05s/it]
Generating (fp16) rank=1:  93%|█████████▎| 417/450 [06:54<00:32,  1.00it/s]
Generating (fp16) rank=0:  89%|████████▊ | 399/450 [06:55<00:53,  1.05s/it]
Generating (fp16) rank=1:  93%|█████████▎| 418/450 [06:55<00:31,  1.00it/s]
Generating (fp16) rank=0:  89%|████████▉ | 400/450 [06:56<00:52,  1.05s/it]
Generating (fp16) rank=1:  93%|█████████▎| 419/450 [06:56<00:30,  1.00it/s]
Generating (fp16) rank=0:  89%|████████▉ | 401/450 [06:57<00:51,  1.05s/it]
Generating (fp16) rank=1:  93%|█████████▎| 420/450 [06:57<00:29,  1.00it/s]
Generating (fp16) rank=1:  94%|█████████▎| 421/450 [06:58<00:28,  1.00it/s]
Generating (fp16) rank=0:  89%|████████▉ | 402/450 [06:58<00:50,  1.05s/it]
Generating (fp16) rank=1:  94%|█████████▍| 422/450 [06:59<00:27,  1.00it/s]
Generating (fp16) rank=0:  90%|████████▉ | 403/450 [06:59<00:49,  1.05s/it]
Generating (fp16) rank=1:  94%|█████████▍| 423/450 [07:00<00:26,  1.00it/s]
Generating (fp16) rank=0:  90%|████████▉ | 404/450 [07:00<00:48,  1.05s/it]
Generating (fp16) rank=1:  94%|█████████▍| 424/450 [07:01<00:25,  1.00it/s]
Generating (fp16) rank=0:  90%|█████████ | 405/450 [07:01<00:47,  1.05s/it]
Generating (fp16) rank=1:  94%|█████████▍| 425/450 [07:02<00:24,  1.00it/s]
Generating (fp16) rank=0:  90%|█████████ | 406/450 [07:02<00:46,  1.05s/it]
Generating (fp16) rank=1:  95%|█████████▍| 426/450 [07:03<00:23,  1.00it/s]
Generating (fp16) rank=0:  90%|█████████ | 407/450 [07:03<00:45,  1.05s/it]
Generating (fp16) rank=1:  95%|█████████▍| 427/450 [07:04<00:22,  1.01it/s]
Generating (fp16) rank=0:  91%|█████████ | 408/450 [07:04<00:43,  1.05s/it]
Generating (fp16) rank=1:  95%|█████████▌| 428/450 [07:05<00:21,  1.01it/s]
Generating (fp16) rank=0:  91%|█████████ | 409/450 [07:05<00:42,  1.05s/it]
Generating (fp16) rank=1:  95%|█████████▌| 429/450 [07:06<00:20,  1.01it/s]
Generating (fp16) rank=0:  91%|█████████ | 410/450 [07:07<00:41,  1.05s/it]
Generating (fp16) rank=1:  96%|█████████▌| 430/450 [07:07<00:19,  1.01it/s]
Generating (fp16) rank=0:  91%|█████████▏| 411/450 [07:08<00:40,  1.05s/it]
Generating (fp16) rank=1:  96%|█████████▌| 431/450 [07:08<00:18,  1.01it/s]
Generating (fp16) rank=0:  92%|█████████▏| 412/450 [07:09<00:39,  1.05s/it]
Generating (fp16) rank=1:  96%|█████████▌| 432/450 [07:09<00:17,  1.01it/s]
Generating (fp16) rank=0:  92%|█████████▏| 413/450 [07:10<00:38,  1.05s/it]
Generating (fp16) rank=1:  96%|█████████▌| 433/450 [07:10<00:16,  1.01it/s]
Generating (fp16) rank=0:  92%|█████████▏| 414/450 [07:11<00:37,  1.05s/it]
Generating (fp16) rank=1:  96%|█████████▋| 434/450 [07:11<00:15,  1.01it/s]
Generating (fp16) rank=0:  92%|█████████▏| 415/450 [07:12<00:36,  1.05s/it]
Generating (fp16) rank=1:  97%|█████████▋| 435/450 [07:12<00:14,  1.01it/s]
Generating (fp16) rank=0:  92%|█████████▏| 416/450 [07:13<00:35,  1.05s/it]
Generating (fp16) rank=1:  97%|█████████▋| 436/450 [07:13<00:13,  1.01it/s]
Generating (fp16) rank=0:  93%|█████████▎| 417/450 [07:14<00:34,  1.05s/it]
Generating (fp16) rank=1:  97%|█████████▋| 437/450 [07:14<00:12,  1.01it/s]
Generating (fp16) rank=0:  93%|█████████▎| 418/450 [07:15<00:33,  1.04s/it]
Generating (fp16) rank=1:  97%|█████████▋| 438/450 [07:15<00:11,  1.01it/s]
Generating (fp16) rank=0:  93%|█████████▎| 419/450 [07:16<00:32,  1.04s/it]
Generating (fp16) rank=1:  98%|█████████▊| 439/450 [07:16<00:10,  1.01it/s]
Generating (fp16) rank=1:  98%|█████████▊| 440/450 [07:17<00:09,  1.01it/s]
Generating (fp16) rank=0:  93%|█████████▎| 420/450 [07:17<00:31,  1.05s/it]
Generating (fp16) rank=1:  98%|█████████▊| 441/450 [07:18<00:08,  1.01it/s]
Generating (fp16) rank=0:  94%|█████████▎| 421/450 [07:18<00:30,  1.05s/it]
Generating (fp16) rank=1:  98%|█████████▊| 442/450 [07:19<00:07,  1.01it/s]
Generating (fp16) rank=0:  94%|█████████▍| 422/450 [07:19<00:29,  1.04s/it]
Generating (fp16) rank=1:  98%|█████████▊| 443/450 [07:20<00:06,  1.01it/s]
Generating (fp16) rank=0:  94%|█████████▍| 423/450 [07:20<00:28,  1.04s/it]
Generating (fp16) rank=1:  99%|█████████▊| 444/450 [07:21<00:05,  1.01it/s]
Generating (fp16) rank=0:  94%|█████████▍| 424/450 [07:21<00:27,  1.05s/it]
Generating (fp16) rank=1:  99%|█████████▉| 445/450 [07:22<00:04,  1.01it/s]
Generating (fp16) rank=0:  94%|█████████▍| 425/450 [07:22<00:26,  1.05s/it]
Generating (fp16) rank=1:  99%|█████████▉| 446/450 [07:23<00:03,  1.01it/s]
Generating (fp16) rank=0:  95%|█████████▍| 426/450 [07:23<00:25,  1.05s/it]
Generating (fp16) rank=1:  99%|█████████▉| 447/450 [07:24<00:02,  1.01it/s]
Generating (fp16) rank=0:  95%|█████████▍| 427/450 [07:24<00:24,  1.05s/it]
Generating (fp16) rank=1: 100%|█████████▉| 448/450 [07:25<00:01,  1.01it/s]
Generating (fp16) rank=0:  95%|█████████▌| 428/450 [07:25<00:22,  1.05s/it]
Generating (fp16) rank=1: 100%|█████████▉| 449/450 [07:26<00:00,  1.01it/s]
Generating (fp16) rank=0:  95%|█████████▌| 429/450 [07:26<00:21,  1.05s/it]
Generating (fp16) rank=1: 100%|██████████| 450/450 [07:27<00:00,  1.01it/s]
Generating (fp16) rank=1: 100%|██████████| 450/450 [07:27<00:00,  1.01it/s]

Generating (fp16) rank=0:  96%|█████████▌| 430/450 [07:27<00:20,  1.05s/it]
Generating (fp16) rank=0:  96%|█████████▌| 431/450 [07:29<00:19,  1.05s/it]
Generating (fp16) rank=0:  96%|█████████▌| 432/450 [07:30<00:18,  1.05s/it]
Generating (fp16) rank=0:  96%|█████████▌| 433/450 [07:31<00:17,  1.05s/it]
Generating (fp16) rank=0:  96%|█████████▋| 434/450 [07:32<00:16,  1.04s/it]
Generating (fp16) rank=0:  97%|█████████▋| 435/450 [07:33<00:15,  1.04s/it]
Generating (fp16) rank=0:  97%|█████████▋| 436/450 [07:34<00:14,  1.04s/it]
Generating (fp16) rank=0:  97%|█████████▋| 437/450 [07:35<00:13,  1.04s/it]
Generating (fp16) rank=0:  97%|█████████▋| 438/450 [07:36<00:12,  1.04s/it]
Generating (fp16) rank=0:  98%|█████████▊| 439/450 [07:37<00:11,  1.04s/it]
Generating (fp16) rank=0:  98%|█████████▊| 440/450 [07:38<00:10,  1.04s/it]
Generating (fp16) rank=0:  98%|█████████▊| 441/450 [07:39<00:09,  1.04s/it]
Generating (fp16) rank=0:  98%|█████████▊| 442/450 [07:40<00:08,  1.04s/it]
Generating (fp16) rank=0:  98%|█████████▊| 443/450 [07:41<00:07,  1.04s/it]
Generating (fp16) rank=0:  99%|█████████▊| 444/450 [07:42<00:06,  1.04s/it]
Generating (fp16) rank=0:  99%|█████████▉| 445/450 [07:43<00:05,  1.04s/it]
Generating (fp16) rank=0:  99%|█████████▉| 446/450 [07:44<00:04,  1.04s/it]
Generating (fp16) rank=0:  99%|█████████▉| 447/450 [07:45<00:03,  1.04s/it]
Generating (fp16) rank=0: 100%|█████████▉| 448/450 [07:46<00:02,  1.04s/it]
Generating (fp16) rank=0: 100%|█████████▉| 449/450 [07:47<00:01,  1.04s/it]
Generating (fp16) rank=0: 100%|██████████| 450/450 [07:48<00:00,  1.04s/it]
Generating (fp16) rank=0: 100%|██████████| 450/450 [07:48<00:00,  1.04s/it]
fatal: not a git repository (or any of the parent directories): .git
2026-07-12:19:19:26,523 INFO     [lm_eval.loggers.evaluation_tracker:209] Saving results aggregated
2026-07-12:19:19:26,525 INFO     [lm_eval.loggers.evaluation_tracker:290] Saving per-sample results for: sudoku4_4shot_large

