/home/alimaskina/miniconda3/lib/python3.13/site-packages/requests/__init__.py:113: RequestsDependencyWarning: urllib3 (2.5.0) or chardet (6.0.0.post1)/charset_normalizer (3.3.2) doesn't match a supported version!
  warnings.warn(
llada_dist (model_path=GSAI-ML/LLaDA-8B-Base,quant=int4,gen_length=24,steps=24,block_length=24,remasking=low_confidence,checkpoint_dir=checkpoints/results_sudoku_int4_4x4_1shot_n256_2gpu,gen_batch_size=1), gen_kwargs: (None), limit: 256.0, num_fewshot: None, batch_size: 1
|    Tasks    |Version|Filter|n-shot|   Metric   |   |Value|   |Stderr|
|-------------|------:|------|-----:|------------|---|----:|---|-----:|
|sudoku4_1shot|      1|none  |     1|exact_match |↑  | 0.35|±  |0.0479|
|             |       |none  |     1|valid_sudoku|↑  | 0.35|±  |0.0479|


/home/alimaskina/miniconda3/lib/python3.13/site-packages/requests/__init__.py:113: RequestsDependencyWarning: urllib3 (2.5.0) or chardet (6.0.0.post1)/charset_normalizer (3.3.2) doesn't match a supported version!
  warnings.warn(
/home/alimaskina/miniconda3/lib/python3.13/site-packages/requests/__init__.py:113: RequestsDependencyWarning: urllib3 (2.5.0) or chardet (6.0.0.post1)/charset_normalizer (3.3.2) doesn't match a supported version!
  warnings.warn(
/home/alimaskina/miniconda3/lib/python3.13/site-packages/requests/__init__.py:113: RequestsDependencyWarning: urllib3 (2.5.0) or chardet (6.0.0.post1)/charset_normalizer (3.3.2) doesn't match a supported version!
  warnings.warn(
The following values were not passed to `accelerate launch` and had defaults used instead:
	`--num_machines` was set to a value of `1`
	`--mixed_precision` was set to a value of `'no'`
	`--dynamo_backend` was set to a value of `'no'`
To avoid this warning pass in values for each of the problematic parameters or run `accelerate config`.
2026-07-12:18:15:34,032 INFO     [lm_eval.__main__:307] Including path: /home/alimaskina/dllm/quant_where_to_unmask/tasks
2026-07-12:18:15:34,350 INFO     [lm_eval.__main__:307] Including path: /home/alimaskina/dllm/quant_where_to_unmask/tasks
2026-07-12:18:15:46,774 WARNING  [lm_eval.__main__:316]  --limit SHOULD ONLY BE USED FOR TESTING.REAL METRICS SHOULD NOT BE COMPUTED USING LIMIT.
2026-07-12:18:15:46,775 INFO     [lm_eval.__main__:379] Selected Tasks: ['sudoku4_1shot']
2026-07-12:18:15:46,776 INFO     [lm_eval.evaluator:169] Setting random seed to 0 | Setting numpy seed to 1234 | Setting torch manual seed to 1234 | Setting fewshot manual seed to 1234
2026-07-12:18:15:46,776 INFO     [lm_eval.evaluator:206] Initializing llada_dist model, with arguments: {'model_path': 'GSAI-ML/LLaDA-8B-Base', 'quant': 'int4', 'gen_length': 24, 'steps': 24, 'block_length': 24, 'remasking': 'low_confidence', 'checkpoint_dir': 'checkpoints/results_sudoku_int4_4x4_1shot_n256_2gpu', 'gen_batch_size': 1}
2026-07-12:18:15:47,324 WARNING  [lm_eval.__main__:316]  --limit SHOULD ONLY BE USED FOR TESTING.REAL METRICS SHOULD NOT BE COMPUTED USING LIMIT.
2026-07-12:18:15:47,325 INFO     [lm_eval.__main__:379] Selected Tasks: ['sudoku4_1shot']
2026-07-12:18:15:47,326 INFO     [lm_eval.evaluator:169] Setting random seed to 0 | Setting numpy seed to 1234 | Setting torch manual seed to 1234 | Setting fewshot manual seed to 1234
2026-07-12:18:15:47,326 INFO     [lm_eval.evaluator:206] Initializing llada_dist model, with arguments: {'model_path': 'GSAI-ML/LLaDA-8B-Base', 'quant': 'int4', 'gen_length': 24, 'steps': 24, 'block_length': 24, 'remasking': 'low_confidence', 'checkpoint_dir': 'checkpoints/results_sudoku_int4_4x4_1shot_n256_2gpu', 'gen_batch_size': 1}
2026-07-12:18:15:47,451 WARNING  [accelerate.utils.other:349] Detected kernel version 5.4.210, which is below the recommended minimum of 5.5.0; this can cause the process to hang. It is recommended to upgrade the kernel to the minimum version or higher.

Loading checkpoint shards:   0%|          | 0/6 [00:00<?, ?it/s]
Loading checkpoint shards:   0%|          | 0/6 [00:00<?, ?it/s]
Loading checkpoint shards:  17%|█▋        | 1/6 [00:02<00:12,  2.44s/it]
Loading checkpoint shards:  17%|█▋        | 1/6 [00:02<00:11,  2.24s/it]
Loading checkpoint shards:  33%|███▎      | 2/6 [00:05<00:10,  2.63s/it]
Loading checkpoint shards:  33%|███▎      | 2/6 [00:05<00:10,  2.59s/it]
Loading checkpoint shards:  50%|█████     | 3/6 [00:08<00:08,  2.73s/it]
Loading checkpoint shards:  50%|█████     | 3/6 [00:07<00:08,  2.71s/it]
Loading checkpoint shards:  67%|██████▋   | 4/6 [00:10<00:05,  2.76s/it]
Loading checkpoint shards:  67%|██████▋   | 4/6 [00:10<00:05,  2.70s/it]
Loading checkpoint shards:  83%|████████▎ | 5/6 [00:13<00:02,  2.79s/it]
Loading checkpoint shards:  83%|████████▎ | 5/6 [00:13<00:02,  2.70s/it]
Loading checkpoint shards: 100%|██████████| 6/6 [00:15<00:00,  2.55s/it]
Loading checkpoint shards: 100%|██████████| 6/6 [00:15<00:00,  2.63s/it]

Loading checkpoint shards: 100%|██████████| 6/6 [00:15<00:00,  2.47s/it]
Loading checkpoint shards: 100%|██████████| 6/6 [00:15<00:00,  2.56s/it]
2026-07-12:18:16:06,230 INFO     [lm_eval.api.task:420] Building contexts for sudoku4_1shot on rank 1...

  0%|          | 0/50 [00:00<?, ?it/s]2026-07-12:18:16:06,283 INFO     [lm_eval.api.task:420] Building contexts for sudoku4_1shot on rank 0...

  0%|          | 0/50 [00:00<?, ?it/s]
100%|██████████| 50/50 [00:00<00:00, 775.63it/s]

100%|██████████| 50/50 [00:00<00:00, 765.93it/s]
2026-07-12:18:16:07,003 INFO     [lm_eval.evaluator:517] Running generate_until requests
2026-07-12:18:16:07,003 INFO     [lm_eval.evaluator:517] Running generate_until requests
Parameter 'function'=<function LLaDAEvalHarness.generate_until.<locals>._tokenize at 0x7f57239e6b90> of the transform datasets.arrow_dataset.Dataset._map_single couldn't be hashed properly, a random hash was used instead. Make sure your transforms and parameters are serializable with pickle or dill for the dataset fingerprinting and caching to work. If you reuse this transform, the caching mechanism will consider it to be different from the previous calls and recompute everything. This warning is only shown once. Subsequent hashing failures won't be shown.
2026-07-12:18:16:07,033 WARNING  [datasets.fingerprint:284] Parameter 'function'=<function LLaDAEvalHarness.generate_until.<locals>._tokenize at 0x7f57239e6b90> of the transform datasets.arrow_dataset.Dataset._map_single couldn't be hashed properly, a random hash was used instead. Make sure your transforms and parameters are serializable with pickle or dill for the dataset fingerprinting and caching to work. If you reuse this transform, the caching mechanism will consider it to be different from the previous calls and recompute everything. This warning is only shown once. Subsequent hashing failures won't be shown.

Map:   0%|          | 0/50 [00:00<?, ? examples/s]Parameter 'function'=<function LLaDAEvalHarness.generate_until.<locals>._tokenize at 0x7fe604352b90> of the transform datasets.arrow_dataset.Dataset._map_single couldn't be hashed properly, a random hash was used instead. Make sure your transforms and parameters are serializable with pickle or dill for the dataset fingerprinting and caching to work. If you reuse this transform, the caching mechanism will consider it to be different from the previous calls and recompute everything. This warning is only shown once. Subsequent hashing failures won't be shown.
2026-07-12:18:16:07,035 WARNING  [datasets.fingerprint:284] Parameter 'function'=<function LLaDAEvalHarness.generate_until.<locals>._tokenize at 0x7fe604352b90> of the transform datasets.arrow_dataset.Dataset._map_single couldn't be hashed properly, a random hash was used instead. Make sure your transforms and parameters are serializable with pickle or dill for the dataset fingerprinting and caching to work. If you reuse this transform, the caching mechanism will consider it to be different from the previous calls and recompute everything. This warning is only shown once. Subsequent hashing failures won't be shown.

Map:   0%|          | 0/50 [00:00<?, ? examples/s]
Map: 100%|██████████| 50/50 [00:00<00:00, 2386.84 examples/s]

Generating (int4) rank=0:   0%|          | 0/50 [00:00<?, ?it/s]
Map: 100%|██████████| 50/50 [00:00<00:00, 2350.28 examples/s]

Generating (int4) rank=1:   0%|          | 0/50 [00:00<?, ?it/s]
Generating (int4) rank=0:   2%|▏         | 1/50 [00:03<02:27,  3.02s/it]
Generating (int4) rank=1:   2%|▏         | 1/50 [00:03<02:33,  3.13s/it]
Generating (int4) rank=1:   4%|▍         | 2/50 [00:05<02:09,  2.70s/it]
Generating (int4) rank=0:   4%|▍         | 2/50 [00:05<02:11,  2.75s/it]
Generating (int4) rank=1:   6%|▌         | 3/50 [00:07<02:00,  2.57s/it]
Generating (int4) rank=0:   6%|▌         | 3/50 [00:08<02:04,  2.66s/it]
Generating (int4) rank=1:   8%|▊         | 4/50 [00:10<01:55,  2.50s/it]
Generating (int4) rank=0:   8%|▊         | 4/50 [00:10<02:00,  2.62s/it]
Generating (int4) rank=1:  10%|█         | 5/50 [00:12<01:51,  2.47s/it]
Generating (int4) rank=0:  10%|█         | 5/50 [00:13<01:56,  2.59s/it]
Generating (int4) rank=1:  12%|█▏        | 6/50 [00:15<01:47,  2.45s/it]
Generating (int4) rank=0:  12%|█▏        | 6/50 [00:15<01:53,  2.58s/it]
Generating (int4) rank=1:  14%|█▍        | 7/50 [00:17<01:44,  2.44s/it]
Generating (int4) rank=0:  14%|█▍        | 7/50 [00:18<01:50,  2.57s/it]
Generating (int4) rank=1:  16%|█▌        | 8/50 [00:19<01:41,  2.43s/it]
Generating (int4) rank=0:  16%|█▌        | 8/50 [00:20<01:47,  2.56s/it]
Generating (int4) rank=1:  18%|█▊        | 9/50 [00:22<01:39,  2.42s/it]
Generating (int4) rank=0:  18%|█▊        | 9/50 [00:23<01:44,  2.56s/it]
Generating (int4) rank=1:  20%|██        | 10/50 [00:24<01:36,  2.42s/it]
Generating (int4) rank=0:  20%|██        | 10/50 [00:25<01:42,  2.56s/it]
Generating (int4) rank=1:  22%|██▏       | 11/50 [00:27<01:34,  2.42s/it]
Generating (int4) rank=0:  22%|██▏       | 11/50 [00:28<01:39,  2.56s/it]
Generating (int4) rank=1:  24%|██▍       | 12/50 [00:29<01:31,  2.41s/it]
Generating (int4) rank=0:  24%|██▍       | 12/50 [00:31<01:37,  2.55s/it]
Generating (int4) rank=1:  26%|██▌       | 13/50 [00:32<01:29,  2.41s/it]
Generating (int4) rank=0:  26%|██▌       | 13/50 [00:33<01:34,  2.55s/it]
Generating (int4) rank=1:  28%|██▊       | 14/50 [00:34<01:26,  2.41s/it]
Generating (int4) rank=0:  28%|██▊       | 14/50 [00:36<01:31,  2.55s/it]
Generating (int4) rank=1:  30%|███       | 15/50 [00:36<01:24,  2.41s/it]
Generating (int4) rank=0:  30%|███       | 15/50 [00:38<01:29,  2.55s/it]
Generating (int4) rank=1:  32%|███▏      | 16/50 [00:39<01:21,  2.41s/it]
Generating (int4) rank=0:  32%|███▏      | 16/50 [00:41<01:26,  2.55s/it]
Generating (int4) rank=1:  34%|███▍      | 17/50 [00:41<01:19,  2.41s/it]
Generating (int4) rank=0:  34%|███▍      | 17/50 [00:43<01:24,  2.55s/it]
Generating (int4) rank=1:  36%|███▌      | 18/50 [00:44<01:16,  2.40s/it]
Generating (int4) rank=0:  36%|███▌      | 18/50 [00:46<01:21,  2.55s/it]
Generating (int4) rank=1:  38%|███▊      | 19/50 [00:46<01:14,  2.40s/it]
Generating (int4) rank=1:  40%|████      | 20/50 [00:48<01:12,  2.41s/it]
Generating (int4) rank=0:  38%|███▊      | 19/50 [00:48<01:19,  2.55s/it]
Generating (int4) rank=1:  42%|████▏     | 21/50 [00:51<01:09,  2.40s/it]
Generating (int4) rank=0:  40%|████      | 20/50 [00:51<01:16,  2.55s/it]
Generating (int4) rank=1:  44%|████▍     | 22/50 [00:53<01:07,  2.41s/it]
Generating (int4) rank=0:  42%|████▏     | 21/50 [00:54<01:14,  2.55s/it]
Generating (int4) rank=1:  46%|████▌     | 23/50 [00:56<01:04,  2.40s/it]
Generating (int4) rank=0:  44%|████▍     | 22/50 [00:56<01:11,  2.55s/it]
Generating (int4) rank=1:  48%|████▊     | 24/50 [00:58<01:02,  2.41s/it]
Generating (int4) rank=0:  46%|████▌     | 23/50 [00:59<01:09,  2.56s/it]
Generating (int4) rank=1:  50%|█████     | 25/50 [01:00<01:00,  2.41s/it]
Generating (int4) rank=0:  48%|████▊     | 24/50 [01:01<01:06,  2.56s/it]
Generating (int4) rank=1:  52%|█████▏    | 26/50 [01:03<00:57,  2.40s/it]
Generating (int4) rank=0:  50%|█████     | 25/50 [01:04<01:04,  2.56s/it]
Generating (int4) rank=1:  54%|█████▍    | 27/50 [01:05<00:55,  2.40s/it]
Generating (int4) rank=0:  52%|█████▏    | 26/50 [01:06<01:01,  2.56s/it]
Generating (int4) rank=1:  56%|█████▌    | 28/50 [01:08<00:52,  2.40s/it]
Generating (int4) rank=0:  54%|█████▍    | 27/50 [01:09<00:58,  2.56s/it]
Generating (int4) rank=1:  58%|█████▊    | 29/50 [01:10<00:50,  2.40s/it]
Generating (int4) rank=0:  56%|█████▌    | 28/50 [01:11<00:56,  2.56s/it]
Generating (int4) rank=1:  60%|██████    | 30/50 [01:12<00:48,  2.40s/it]
Generating (int4) rank=0:  58%|█████▊    | 29/50 [01:14<00:53,  2.56s/it]
Generating (int4) rank=1:  62%|██████▏   | 31/50 [01:15<00:45,  2.40s/it]
Generating (int4) rank=0:  60%|██████    | 30/50 [01:17<00:51,  2.56s/it]
Generating (int4) rank=1:  64%|██████▍   | 32/50 [01:17<00:43,  2.40s/it]
Generating (int4) rank=0:  62%|██████▏   | 31/50 [01:19<00:48,  2.56s/it]
Generating (int4) rank=1:  66%|██████▌   | 33/50 [01:20<00:40,  2.40s/it]
Generating (int4) rank=0:  64%|██████▍   | 32/50 [01:22<00:46,  2.56s/it]
Generating (int4) rank=1:  68%|██████▊   | 34/50 [01:22<00:38,  2.41s/it]
Generating (int4) rank=0:  66%|██████▌   | 33/50 [01:24<00:43,  2.56s/it]
Generating (int4) rank=1:  70%|███████   | 35/50 [01:24<00:36,  2.41s/it]
Generating (int4) rank=1:  72%|███████▏  | 36/50 [01:27<00:33,  2.41s/it]
Generating (int4) rank=0:  68%|██████▊   | 34/50 [01:27<00:40,  2.56s/it]
Generating (int4) rank=1:  74%|███████▍  | 37/50 [01:29<00:31,  2.41s/it]
Generating (int4) rank=0:  70%|███████   | 35/50 [01:29<00:38,  2.56s/it]
Generating (int4) rank=1:  76%|███████▌  | 38/50 [01:32<00:28,  2.41s/it]
Generating (int4) rank=0:  72%|███████▏  | 36/50 [01:32<00:35,  2.56s/it]
Generating (int4) rank=1:  78%|███████▊  | 39/50 [01:34<00:26,  2.41s/it]
Generating (int4) rank=0:  74%|███████▍  | 37/50 [01:35<00:33,  2.56s/it]
Generating (int4) rank=1:  80%|████████  | 40/50 [01:36<00:24,  2.40s/it]
Generating (int4) rank=0:  76%|███████▌  | 38/50 [01:37<00:30,  2.56s/it]
Generating (int4) rank=1:  82%|████████▏ | 41/50 [01:39<00:21,  2.40s/it]
Generating (int4) rank=0:  78%|███████▊  | 39/50 [01:40<00:28,  2.56s/it]
Generating (int4) rank=1:  84%|████████▍ | 42/50 [01:41<00:19,  2.41s/it]
Generating (int4) rank=0:  80%|████████  | 40/50 [01:42<00:25,  2.56s/it]
Generating (int4) rank=1:  86%|████████▌ | 43/50 [01:44<00:16,  2.41s/it]
Generating (int4) rank=0:  82%|████████▏ | 41/50 [01:45<00:23,  2.56s/it]
Generating (int4) rank=1:  88%|████████▊ | 44/50 [01:46<00:14,  2.41s/it]
Generating (int4) rank=0:  84%|████████▍ | 42/50 [01:47<00:20,  2.56s/it]
Generating (int4) rank=1:  90%|█████████ | 45/50 [01:48<00:12,  2.40s/it]
Generating (int4) rank=0:  86%|████████▌ | 43/50 [01:50<00:17,  2.56s/it]
Generating (int4) rank=1:  92%|█████████▏| 46/50 [01:51<00:09,  2.40s/it]
Generating (int4) rank=0:  88%|████████▊ | 44/50 [01:52<00:15,  2.56s/it]
Generating (int4) rank=1:  94%|█████████▍| 47/50 [01:53<00:07,  2.40s/it]
Generating (int4) rank=0:  90%|█████████ | 45/50 [01:55<00:12,  2.55s/it]
Generating (int4) rank=1:  96%|█████████▌| 48/50 [01:56<00:04,  2.41s/it]
Generating (int4) rank=0:  92%|█████████▏| 46/50 [01:58<00:10,  2.55s/it]
Generating (int4) rank=1:  98%|█████████▊| 49/50 [01:58<00:02,  2.40s/it]
Generating (int4) rank=0:  94%|█████████▍| 47/50 [02:00<00:07,  2.55s/it]
Generating (int4) rank=1: 100%|██████████| 50/50 [02:01<00:00,  2.40s/it]
Generating (int4) rank=1: 100%|██████████| 50/50 [02:01<00:00,  2.42s/it]

Generating (int4) rank=0:  96%|█████████▌| 48/50 [02:03<00:05,  2.55s/it]
Generating (int4) rank=0:  98%|█████████▊| 49/50 [02:05<00:02,  2.56s/it]
Generating (int4) rank=0: 100%|██████████| 50/50 [02:08<00:00,  2.56s/it]
Generating (int4) rank=0: 100%|██████████| 50/50 [02:08<00:00,  2.56s/it]
fatal: not a git repository (or any of the parent directories): .git
2026-07-12:18:18:21,913 INFO     [lm_eval.loggers.evaluation_tracker:209] Saving results aggregated
2026-07-12:18:18:21,914 INFO     [lm_eval.loggers.evaluation_tracker:290] Saving per-sample results for: sudoku4_1shot

