/home/alimaskina/miniconda3/lib/python3.13/site-packages/requests/__init__.py:113: RequestsDependencyWarning: urllib3 (2.5.0) or chardet (6.0.0.post1)/charset_normalizer (3.3.2) doesn't match a supported version!
  warnings.warn(
llada_dist (model_path=GSAI-ML/LLaDA-8B-Base,quant=int4,gen_length=24,steps=24,block_length=24,remasking=low_confidence,checkpoint_dir=checkpoints/results_sudoku_int4_large_4x4_4shot_2gpu,gen_batch_size=1), gen_kwargs: (None), limit: None, num_fewshot: None, batch_size: 1
|       Tasks       |Version|Filter|n-shot|   Metric   |   |Value |   |Stderr|
|-------------------|------:|------|-----:|------------|---|-----:|---|-----:|
|sudoku4_4shot_large|      1|none  |     4|exact_match |↑  |0.1744|±  |0.0127|
|                   |       |none  |     4|valid_sudoku|↑  |0.1744|±  |0.0127|


/home/alimaskina/miniconda3/lib/python3.13/site-packages/requests/__init__.py:113: RequestsDependencyWarning: urllib3 (2.5.0) or chardet (6.0.0.post1)/charset_normalizer (3.3.2) doesn't match a supported version!
  warnings.warn(
/home/alimaskina/miniconda3/lib/python3.13/site-packages/requests/__init__.py:113: RequestsDependencyWarning: urllib3 (2.5.0) or chardet (6.0.0.post1)/charset_normalizer (3.3.2) doesn't match a supported version!
  warnings.warn(
/home/alimaskina/miniconda3/lib/python3.13/site-packages/requests/__init__.py:113: RequestsDependencyWarning: urllib3 (2.5.0) or chardet (6.0.0.post1)/charset_normalizer (3.3.2) doesn't match a supported version!
  warnings.warn(
The following values were not passed to `accelerate launch` and had defaults used instead:
	`--num_machines` was set to a value of `1`
	`--mixed_precision` was set to a value of `'no'`
	`--dynamo_backend` was set to a value of `'no'`
To avoid this warning pass in values for each of the problematic parameters or run `accelerate config`.
2026-07-12:19:10:54,755 INFO     [lm_eval.__main__:307] Including path: /home/alimaskina/dllm/quant_where_to_unmask/tasks
2026-07-12:19:10:54,780 INFO     [lm_eval.__main__:307] Including path: /home/alimaskina/dllm/quant_where_to_unmask/tasks
2026-07-12:19:11:07,335 INFO     [lm_eval.__main__:379] Selected Tasks: ['sudoku4_4shot_large']
2026-07-12:19:11:07,336 INFO     [lm_eval.evaluator:169] Setting random seed to 0 | Setting numpy seed to 1234 | Setting torch manual seed to 1234 | Setting fewshot manual seed to 1234
2026-07-12:19:11:07,336 INFO     [lm_eval.evaluator:206] Initializing llada_dist model, with arguments: {'model_path': 'GSAI-ML/LLaDA-8B-Base', 'quant': 'int4', 'gen_length': 24, 'steps': 24, 'block_length': 24, 'remasking': 'low_confidence', 'checkpoint_dir': 'checkpoints/results_sudoku_int4_large_4x4_4shot_2gpu', 'gen_batch_size': 1}
2026-07-12:19:11:07,761 INFO     [lm_eval.__main__:379] Selected Tasks: ['sudoku4_4shot_large']
2026-07-12:19:11:07,762 INFO     [lm_eval.evaluator:169] Setting random seed to 0 | Setting numpy seed to 1234 | Setting torch manual seed to 1234 | Setting fewshot manual seed to 1234
2026-07-12:19:11:07,762 INFO     [lm_eval.evaluator:206] Initializing llada_dist model, with arguments: {'model_path': 'GSAI-ML/LLaDA-8B-Base', 'quant': 'int4', 'gen_length': 24, 'steps': 24, 'block_length': 24, 'remasking': 'low_confidence', 'checkpoint_dir': 'checkpoints/results_sudoku_int4_large_4x4_4shot_2gpu', 'gen_batch_size': 1}
2026-07-12:19:11:08,091 WARNING  [accelerate.utils.other:349] Detected kernel version 5.4.210, which is below the recommended minimum of 5.5.0; this can cause the process to hang. It is recommended to upgrade the kernel to the minimum version or higher.

Loading checkpoint shards:   0%|          | 0/6 [00:00<?, ?it/s]
Loading checkpoint shards:   0%|          | 0/6 [00:00<?, ?it/s]
Loading checkpoint shards:  17%|█▋        | 1/6 [00:02<00:12,  2.41s/it]
Loading checkpoint shards:  17%|█▋        | 1/6 [00:02<00:10,  2.16s/it]
Loading checkpoint shards:  33%|███▎      | 2/6 [00:05<00:10,  2.62s/it]
Loading checkpoint shards:  33%|███▎      | 2/6 [00:05<00:10,  2.59s/it]
Loading checkpoint shards:  50%|█████     | 3/6 [00:08<00:08,  2.84s/it]
Loading checkpoint shards:  50%|█████     | 3/6 [00:07<00:08,  2.75s/it]
Loading checkpoint shards:  67%|██████▋   | 4/6 [00:11<00:05,  2.94s/it]
Loading checkpoint shards:  67%|██████▋   | 4/6 [00:10<00:05,  2.80s/it]
Loading checkpoint shards:  83%|████████▎ | 5/6 [00:14<00:02,  2.97s/it]
Loading checkpoint shards:  83%|████████▎ | 5/6 [00:13<00:02,  2.87s/it]
Loading checkpoint shards: 100%|██████████| 6/6 [00:16<00:00,  2.71s/it]
Loading checkpoint shards: 100%|██████████| 6/6 [00:16<00:00,  2.77s/it]

Loading checkpoint shards: 100%|██████████| 6/6 [00:16<00:00,  2.64s/it]
Loading checkpoint shards: 100%|██████████| 6/6 [00:16<00:00,  2.68s/it]
2026-07-12:19:11:27,529 INFO     [lm_eval.api.task:420] Building contexts for sudoku4_4shot_large on rank 0...
2026-07-12:19:11:27,544 INFO     [lm_eval.api.task:420] Building contexts for sudoku4_4shot_large on rank 1...

  0%|          | 0/450 [00:00<?, ?it/s]
  0%|          | 0/450 [00:00<?, ?it/s]
  7%|▋         | 32/450 [00:00<00:01, 310.96it/s]
  7%|▋         | 32/450 [00:00<00:01, 318.53it/s]
 14%|█▍        | 64/450 [00:00<00:01, 313.30it/s]
 14%|█▍        | 65/450 [00:00<00:01, 320.31it/s]
 21%|██▏       | 96/450 [00:00<00:01, 313.95it/s]
 22%|██▏       | 98/450 [00:00<00:01, 321.78it/s]
 28%|██▊       | 128/450 [00:00<00:01, 315.86it/s]
 29%|██▉       | 131/450 [00:00<00:00, 324.68it/s]
 36%|███▌      | 161/450 [00:00<00:00, 317.82it/s]
 36%|███▋      | 164/450 [00:00<00:00, 325.23it/s]
 43%|████▎     | 194/450 [00:00<00:00, 319.21it/s]
 44%|████▍     | 197/450 [00:00<00:00, 323.08it/s]
 50%|█████     | 226/450 [00:00<00:00, 319.03it/s]
 51%|█████     | 230/450 [00:00<00:00, 323.93it/s]
 57%|█████▋    | 258/450 [00:00<00:00, 319.22it/s]
 58%|█████▊    | 263/450 [00:00<00:00, 324.48it/s]
 65%|██████▍   | 291/450 [00:00<00:00, 319.84it/s]
 66%|██████▌   | 296/450 [00:00<00:00, 324.94it/s]
 72%|███████▏  | 324/450 [00:01<00:00, 319.86it/s]
 73%|███████▎  | 329/450 [00:01<00:00, 325.17it/s]
 79%|███████▉  | 357/450 [00:01<00:00, 319.82it/s]
 80%|████████  | 362/450 [00:01<00:00, 324.94it/s]
 86%|████████▋ | 389/450 [00:01<00:00, 319.72it/s]
 88%|████████▊ | 395/450 [00:01<00:00, 324.93it/s]
 94%|█████████▎| 421/450 [00:01<00:00, 319.79it/s]
 95%|█████████▌| 428/450 [00:01<00:00, 325.30it/s]
100%|██████████| 450/450 [00:01<00:00, 324.40it/s]

100%|██████████| 450/450 [00:01<00:00, 318.67it/s]
2026-07-12:19:11:29,648 INFO     [lm_eval.evaluator:517] Running generate_until requests
2026-07-12:19:11:29,649 INFO     [lm_eval.evaluator:517] Running generate_until requests
Parameter 'function'=<function LLaDAEvalHarness.generate_until.<locals>._tokenize at 0x7f18749d6ef0> of the transform datasets.arrow_dataset.Dataset._map_single couldn't be hashed properly, a random hash was used instead. Make sure your transforms and parameters are serializable with pickle or dill for the dataset fingerprinting and caching to work. If you reuse this transform, the caching mechanism will consider it to be different from the previous calls and recompute everything. This warning is only shown once. Subsequent hashing failures won't be shown.
2026-07-12:19:11:29,683 WARNING  [datasets.fingerprint:284] Parameter 'function'=<function LLaDAEvalHarness.generate_until.<locals>._tokenize at 0x7f18749d6ef0> of the transform datasets.arrow_dataset.Dataset._map_single couldn't be hashed properly, a random hash was used instead. Make sure your transforms and parameters are serializable with pickle or dill for the dataset fingerprinting and caching to work. If you reuse this transform, the caching mechanism will consider it to be different from the previous calls and recompute everything. This warning is only shown once. Subsequent hashing failures won't be shown.

Map:   0%|          | 0/450 [00:00<?, ? examples/s]Parameter 'function'=<function LLaDAEvalHarness.generate_until.<locals>._tokenize at 0x7f41a07deef0> of the transform datasets.arrow_dataset.Dataset._map_single couldn't be hashed properly, a random hash was used instead. Make sure your transforms and parameters are serializable with pickle or dill for the dataset fingerprinting and caching to work. If you reuse this transform, the caching mechanism will consider it to be different from the previous calls and recompute everything. This warning is only shown once. Subsequent hashing failures won't be shown.
2026-07-12:19:11:29,684 WARNING  [datasets.fingerprint:284] Parameter 'function'=<function LLaDAEvalHarness.generate_until.<locals>._tokenize at 0x7f41a07deef0> of the transform datasets.arrow_dataset.Dataset._map_single couldn't be hashed properly, a random hash was used instead. Make sure your transforms and parameters are serializable with pickle or dill for the dataset fingerprinting and caching to work. If you reuse this transform, the caching mechanism will consider it to be different from the previous calls and recompute everything. This warning is only shown once. Subsequent hashing failures won't be shown.

Map:   0%|          | 0/450 [00:00<?, ? examples/s]
Map:  44%|████▍     | 199/450 [00:00<00:00, 1963.11 examples/s]
Map:  45%|████▍     | 201/450 [00:00<00:00, 1986.62 examples/s]
Map:  90%|█████████ | 406/450 [00:00<00:00, 2016.98 examples/s]
Map:  91%|█████████ | 408/450 [00:00<00:00, 2028.10 examples/s]
Map: 100%|██████████| 450/450 [00:00<00:00, 1869.46 examples/s]

Generating (int4) rank=1:   0%|          | 0/450 [00:00<?, ?it/s]
Map: 100%|██████████| 450/450 [00:00<00:00, 1869.61 examples/s]

Generating (int4) rank=0:   0%|          | 0/450 [00:00<?, ?it/s]
Generating (int4) rank=0:   0%|          | 1/450 [00:03<24:44,  3.31s/it]
Generating (int4) rank=1:   0%|          | 1/450 [00:03<24:49,  3.32s/it]
Generating (int4) rank=0:   0%|          | 2/450 [00:06<22:11,  2.97s/it]
Generating (int4) rank=1:   0%|          | 2/450 [00:06<22:11,  2.97s/it]
Generating (int4) rank=1:   1%|          | 3/450 [00:08<21:19,  2.86s/it]
Generating (int4) rank=0:   1%|          | 3/450 [00:08<21:21,  2.87s/it]
Generating (int4) rank=1:   1%|          | 4/450 [00:11<20:53,  2.81s/it]
Generating (int4) rank=0:   1%|          | 4/450 [00:11<20:55,  2.82s/it]
Generating (int4) rank=1:   1%|          | 5/450 [00:14<20:37,  2.78s/it]
Generating (int4) rank=0:   1%|          | 5/450 [00:14<20:40,  2.79s/it]
Generating (int4) rank=1:   1%|▏         | 6/450 [00:16<20:27,  2.76s/it]
Generating (int4) rank=0:   1%|▏         | 6/450 [00:16<20:30,  2.77s/it]
Generating (int4) rank=1:   2%|▏         | 7/450 [00:19<20:19,  2.75s/it]
Generating (int4) rank=0:   2%|▏         | 7/450 [00:19<20:22,  2.76s/it]
Generating (int4) rank=1:   2%|▏         | 8/450 [00:22<20:13,  2.75s/it]
Generating (int4) rank=0:   2%|▏         | 8/450 [00:22<20:17,  2.75s/it]
Generating (int4) rank=1:   2%|▏         | 9/450 [00:25<20:09,  2.74s/it]
Generating (int4) rank=0:   2%|▏         | 9/450 [00:25<20:12,  2.75s/it]
Generating (int4) rank=1:   2%|▏         | 10/450 [00:27<20:04,  2.74s/it]
Generating (int4) rank=0:   2%|▏         | 10/450 [00:27<20:08,  2.75s/it]
Generating (int4) rank=1:   2%|▏         | 11/450 [00:30<20:02,  2.74s/it]
Generating (int4) rank=0:   2%|▏         | 11/450 [00:30<20:05,  2.75s/it]
Generating (int4) rank=1:   3%|▎         | 12/450 [00:33<19:59,  2.74s/it]
Generating (int4) rank=0:   3%|▎         | 12/450 [00:33<20:01,  2.74s/it]
Generating (int4) rank=1:   3%|▎         | 13/450 [00:36<19:56,  2.74s/it]
Generating (int4) rank=0:   3%|▎         | 13/450 [00:36<19:58,  2.74s/it]
Generating (int4) rank=1:   3%|▎         | 14/450 [00:38<19:53,  2.74s/it]
Generating (int4) rank=0:   3%|▎         | 14/450 [00:38<19:55,  2.74s/it]
Generating (int4) rank=1:   3%|▎         | 15/450 [00:41<19:50,  2.74s/it]
Generating (int4) rank=0:   3%|▎         | 15/450 [00:41<19:52,  2.74s/it]
Generating (int4) rank=1:   4%|▎         | 16/450 [00:44<19:48,  2.74s/it]
Generating (int4) rank=0:   4%|▎         | 16/450 [00:44<19:49,  2.74s/it]
Generating (int4) rank=1:   4%|▍         | 17/450 [00:47<19:45,  2.74s/it]
Generating (int4) rank=0:   4%|▍         | 17/450 [00:47<19:46,  2.74s/it]
Generating (int4) rank=1:   4%|▍         | 18/450 [00:49<19:42,  2.74s/it]
Generating (int4) rank=0:   4%|▍         | 18/450 [00:49<19:43,  2.74s/it]
Generating (int4) rank=1:   4%|▍         | 19/450 [00:52<19:39,  2.74s/it]
Generating (int4) rank=0:   4%|▍         | 19/450 [00:52<19:41,  2.74s/it]
Generating (int4) rank=1:   4%|▍         | 20/450 [00:55<19:36,  2.74s/it]
Generating (int4) rank=0:   4%|▍         | 20/450 [00:55<19:38,  2.74s/it]
Generating (int4) rank=1:   5%|▍         | 21/450 [00:58<19:33,  2.74s/it]
Generating (int4) rank=0:   5%|▍         | 21/450 [00:58<19:35,  2.74s/it]
Generating (int4) rank=1:   5%|▍         | 22/450 [01:00<19:29,  2.73s/it]
Generating (int4) rank=0:   5%|▍         | 22/450 [01:00<19:32,  2.74s/it]
Generating (int4) rank=1:   5%|▌         | 23/450 [01:03<19:26,  2.73s/it]
Generating (int4) rank=0:   5%|▌         | 23/450 [01:03<19:30,  2.74s/it]
Generating (int4) rank=1:   5%|▌         | 24/450 [01:06<19:22,  2.73s/it]
Generating (int4) rank=0:   5%|▌         | 24/450 [01:06<19:27,  2.74s/it]
Generating (int4) rank=1:   6%|▌         | 25/450 [01:08<19:19,  2.73s/it]
Generating (int4) rank=0:   6%|▌         | 25/450 [01:09<19:23,  2.74s/it]
Generating (int4) rank=1:   6%|▌         | 26/450 [01:11<19:16,  2.73s/it]
Generating (int4) rank=0:   6%|▌         | 26/450 [01:11<19:20,  2.74s/it]
Generating (int4) rank=1:   6%|▌         | 27/450 [01:14<19:13,  2.73s/it]
Generating (int4) rank=0:   6%|▌         | 27/450 [01:14<19:18,  2.74s/it]
Generating (int4) rank=1:   6%|▌         | 28/450 [01:17<19:10,  2.73s/it]
Generating (int4) rank=0:   6%|▌         | 28/450 [01:17<19:15,  2.74s/it]
Generating (int4) rank=1:   6%|▋         | 29/450 [01:19<19:07,  2.73s/it]
Generating (int4) rank=0:   6%|▋         | 29/450 [01:20<19:13,  2.74s/it]
Generating (int4) rank=1:   7%|▋         | 30/450 [01:22<19:05,  2.73s/it]
Generating (int4) rank=0:   7%|▋         | 30/450 [01:22<19:10,  2.74s/it]
Generating (int4) rank=1:   7%|▋         | 31/450 [01:25<19:02,  2.73s/it]
Generating (int4) rank=0:   7%|▋         | 31/450 [01:25<19:07,  2.74s/it]
Generating (int4) rank=1:   7%|▋         | 32/450 [01:27<18:59,  2.73s/it]
Generating (int4) rank=0:   7%|▋         | 32/450 [01:28<19:05,  2.74s/it]
Generating (int4) rank=1:   7%|▋         | 33/450 [01:30<18:57,  2.73s/it]
Generating (int4) rank=0:   7%|▋         | 33/450 [01:30<19:02,  2.74s/it]
Generating (int4) rank=1:   8%|▊         | 34/450 [01:33<18:54,  2.73s/it]
Generating (int4) rank=0:   8%|▊         | 34/450 [01:33<18:59,  2.74s/it]
Generating (int4) rank=1:   8%|▊         | 35/450 [01:36<18:51,  2.73s/it]
Generating (int4) rank=0:   8%|▊         | 35/450 [01:36<18:56,  2.74s/it]
Generating (int4) rank=1:   8%|▊         | 36/450 [01:38<18:48,  2.73s/it]
Generating (int4) rank=0:   8%|▊         | 36/450 [01:39<18:53,  2.74s/it]
Generating (int4) rank=1:   8%|▊         | 37/450 [01:41<18:45,  2.73s/it]
Generating (int4) rank=0:   8%|▊         | 37/450 [01:41<18:51,  2.74s/it]
Generating (int4) rank=1:   8%|▊         | 38/450 [01:44<18:43,  2.73s/it]
Generating (int4) rank=0:   8%|▊         | 38/450 [01:44<18:48,  2.74s/it]
Generating (int4) rank=1:   9%|▊         | 39/450 [01:47<18:40,  2.73s/it]
Generating (int4) rank=0:   9%|▊         | 39/450 [01:47<18:45,  2.74s/it]
Generating (int4) rank=1:   9%|▉         | 40/450 [01:49<18:37,  2.73s/it]
Generating (int4) rank=0:   9%|▉         | 40/450 [01:50<18:46,  2.75s/it]
Generating (int4) rank=1:   9%|▉         | 41/450 [01:52<18:35,  2.73s/it]
Generating (int4) rank=0:   9%|▉         | 41/450 [01:52<18:42,  2.74s/it]
Generating (int4) rank=1:   9%|▉         | 42/450 [01:55<18:32,  2.73s/it]
Generating (int4) rank=0:   9%|▉         | 42/450 [01:55<18:38,  2.74s/it]
Generating (int4) rank=1:  10%|▉         | 43/450 [01:57<18:29,  2.73s/it]
Generating (int4) rank=0:  10%|▉         | 43/450 [01:58<18:35,  2.74s/it]
Generating (int4) rank=1:  10%|▉         | 44/450 [02:00<18:26,  2.73s/it]
Generating (int4) rank=0:  10%|▉         | 44/450 [02:01<18:32,  2.74s/it]
Generating (int4) rank=1:  10%|█         | 45/450 [02:03<18:24,  2.73s/it]
Generating (int4) rank=0:  10%|█         | 45/450 [02:03<18:29,  2.74s/it]
Generating (int4) rank=1:  10%|█         | 46/450 [02:06<18:21,  2.73s/it]
Generating (int4) rank=0:  10%|█         | 46/450 [02:06<18:26,  2.74s/it]
Generating (int4) rank=1:  10%|█         | 47/450 [02:08<18:18,  2.73s/it]
Generating (int4) rank=0:  10%|█         | 47/450 [02:09<18:23,  2.74s/it]
Generating (int4) rank=1:  11%|█         | 48/450 [02:11<18:16,  2.73s/it]
Generating (int4) rank=0:  11%|█         | 48/450 [02:12<18:21,  2.74s/it]
Generating (int4) rank=1:  11%|█         | 49/450 [02:14<18:13,  2.73s/it]
Generating (int4) rank=0:  11%|█         | 49/450 [02:14<18:18,  2.74s/it]
Generating (int4) rank=1:  11%|█         | 50/450 [02:17<18:10,  2.73s/it]
Generating (int4) rank=0:  11%|█         | 50/450 [02:17<18:15,  2.74s/it]
Generating (int4) rank=1:  11%|█▏        | 51/450 [02:19<18:07,  2.73s/it]
Generating (int4) rank=0:  11%|█▏        | 51/450 [02:20<18:12,  2.74s/it]
Generating (int4) rank=1:  12%|█▏        | 52/450 [02:22<18:04,  2.73s/it]
Generating (int4) rank=0:  12%|█▏        | 52/450 [02:23<18:09,  2.74s/it]
Generating (int4) rank=1:  12%|█▏        | 53/450 [02:25<18:02,  2.73s/it]
Generating (int4) rank=0:  12%|█▏        | 53/450 [02:25<18:07,  2.74s/it]
Generating (int4) rank=1:  12%|█▏        | 54/450 [02:27<17:59,  2.73s/it]
Generating (int4) rank=0:  12%|█▏        | 54/450 [02:28<18:04,  2.74s/it]
Generating (int4) rank=1:  12%|█▏        | 55/450 [02:30<17:56,  2.73s/it]
Generating (int4) rank=0:  12%|█▏        | 55/450 [02:31<18:01,  2.74s/it]
Generating (int4) rank=1:  12%|█▏        | 56/450 [02:33<17:54,  2.73s/it]
Generating (int4) rank=0:  12%|█▏        | 56/450 [02:33<17:59,  2.74s/it]
Generating (int4) rank=1:  13%|█▎        | 57/450 [02:36<17:51,  2.73s/it]
Generating (int4) rank=0:  13%|█▎        | 57/450 [02:36<17:56,  2.74s/it]
Generating (int4) rank=1:  13%|█▎        | 58/450 [02:38<17:48,  2.73s/it]
Generating (int4) rank=0:  13%|█▎        | 58/450 [02:39<17:54,  2.74s/it]
Generating (int4) rank=1:  13%|█▎        | 59/450 [02:41<17:45,  2.73s/it]
Generating (int4) rank=0:  13%|█▎        | 59/450 [02:42<17:51,  2.74s/it]
Generating (int4) rank=1:  13%|█▎        | 60/450 [02:44<17:42,  2.73s/it]
Generating (int4) rank=0:  13%|█▎        | 60/450 [02:44<17:48,  2.74s/it]
Generating (int4) rank=1:  14%|█▎        | 61/450 [02:47<17:39,  2.72s/it]
Generating (int4) rank=0:  14%|█▎        | 61/450 [02:47<17:45,  2.74s/it]
Generating (int4) rank=1:  14%|█▍        | 62/450 [02:49<17:37,  2.72s/it]
Generating (int4) rank=0:  14%|█▍        | 62/450 [02:50<17:42,  2.74s/it]
Generating (int4) rank=1:  14%|█▍        | 63/450 [02:52<17:34,  2.72s/it]
Generating (int4) rank=0:  14%|█▍        | 63/450 [02:53<17:39,  2.74s/it]
Generating (int4) rank=1:  14%|█▍        | 64/450 [02:55<17:31,  2.72s/it]
Generating (int4) rank=0:  14%|█▍        | 64/450 [02:55<17:36,  2.74s/it]
Generating (int4) rank=1:  14%|█▍        | 65/450 [02:57<17:28,  2.72s/it]
Generating (int4) rank=0:  14%|█▍        | 65/450 [02:58<17:34,  2.74s/it]
Generating (int4) rank=1:  15%|█▍        | 66/450 [03:00<17:26,  2.72s/it]
Generating (int4) rank=0:  15%|█▍        | 66/450 [03:01<17:31,  2.74s/it]
Generating (int4) rank=1:  15%|█▍        | 67/450 [03:03<17:23,  2.72s/it]
Generating (int4) rank=0:  15%|█▍        | 67/450 [03:04<17:29,  2.74s/it]
Generating (int4) rank=1:  15%|█▌        | 68/450 [03:06<17:20,  2.72s/it]
Generating (int4) rank=0:  15%|█▌        | 68/450 [03:06<17:26,  2.74s/it]
Generating (int4) rank=1:  15%|█▌        | 69/450 [03:08<17:18,  2.72s/it]
Generating (int4) rank=0:  15%|█▌        | 69/450 [03:09<17:23,  2.74s/it]
Generating (int4) rank=1:  16%|█▌        | 70/450 [03:11<17:15,  2.73s/it]
Generating (int4) rank=0:  16%|█▌        | 70/450 [03:12<17:21,  2.74s/it]
Generating (int4) rank=1:  16%|█▌        | 71/450 [03:14<17:13,  2.73s/it]
Generating (int4) rank=0:  16%|█▌        | 71/450 [03:15<17:18,  2.74s/it]
Generating (int4) rank=1:  16%|█▌        | 72/450 [03:17<17:10,  2.73s/it]
Generating (int4) rank=0:  16%|█▌        | 72/450 [03:17<17:15,  2.74s/it]
Generating (int4) rank=1:  16%|█▌        | 73/450 [03:19<17:07,  2.73s/it]
Generating (int4) rank=0:  16%|█▌        | 73/450 [03:20<17:12,  2.74s/it]
Generating (int4) rank=1:  16%|█▋        | 74/450 [03:22<17:04,  2.73s/it]
Generating (int4) rank=0:  16%|█▋        | 74/450 [03:23<17:09,  2.74s/it]
Generating (int4) rank=1:  17%|█▋        | 75/450 [03:25<17:01,  2.73s/it]
Generating (int4) rank=0:  17%|█▋        | 75/450 [03:26<17:06,  2.74s/it]
Generating (int4) rank=1:  17%|█▋        | 76/450 [03:27<16:59,  2.73s/it]
Generating (int4) rank=0:  17%|█▋        | 76/450 [03:28<17:03,  2.74s/it]
Generating (int4) rank=1:  17%|█▋        | 77/450 [03:30<16:56,  2.73s/it]
Generating (int4) rank=0:  17%|█▋        | 77/450 [03:31<17:01,  2.74s/it]
Generating (int4) rank=1:  17%|█▋        | 78/450 [03:33<16:53,  2.73s/it]
Generating (int4) rank=0:  17%|█▋        | 78/450 [03:34<16:58,  2.74s/it]
Generating (int4) rank=1:  18%|█▊        | 79/450 [03:36<16:51,  2.73s/it]
Generating (int4) rank=0:  18%|█▊        | 79/450 [03:36<16:56,  2.74s/it]
Generating (int4) rank=1:  18%|█▊        | 80/450 [03:38<16:48,  2.72s/it]
Generating (int4) rank=0:  18%|█▊        | 80/450 [03:39<16:53,  2.74s/it]
Generating (int4) rank=1:  18%|█▊        | 81/450 [03:41<16:45,  2.72s/it]
Generating (int4) rank=0:  18%|█▊        | 81/450 [03:42<16:50,  2.74s/it]
Generating (int4) rank=1:  18%|█▊        | 82/450 [03:44<16:42,  2.72s/it]
Generating (int4) rank=0:  18%|█▊        | 82/450 [03:45<16:47,  2.74s/it]
Generating (int4) rank=1:  18%|█▊        | 83/450 [03:46<16:40,  2.73s/it]
Generating (int4) rank=0:  18%|█▊        | 83/450 [03:47<16:44,  2.74s/it]
Generating (int4) rank=1:  19%|█▊        | 84/450 [03:49<16:37,  2.72s/it]
Generating (int4) rank=0:  19%|█▊        | 84/450 [03:50<16:41,  2.74s/it]
Generating (int4) rank=1:  19%|█▉        | 85/450 [03:52<16:34,  2.73s/it]
Generating (int4) rank=0:  19%|█▉        | 85/450 [03:53<16:38,  2.74s/it]
Generating (int4) rank=1:  19%|█▉        | 86/450 [03:55<16:31,  2.72s/it]
Generating (int4) rank=0:  19%|█▉        | 86/450 [03:56<16:36,  2.74s/it]
Generating (int4) rank=1:  19%|█▉        | 87/450 [03:57<16:29,  2.73s/it]
Generating (int4) rank=0:  19%|█▉        | 87/450 [03:58<16:34,  2.74s/it]
Generating (int4) rank=1:  20%|█▉        | 88/450 [04:00<16:26,  2.72s/it]
Generating (int4) rank=0:  20%|█▉        | 88/450 [04:01<16:31,  2.74s/it]
Generating (int4) rank=1:  20%|█▉        | 89/450 [04:03<16:23,  2.72s/it]
Generating (int4) rank=0:  20%|█▉        | 89/450 [04:04<16:28,  2.74s/it]
Generating (int4) rank=1:  20%|██        | 90/450 [04:06<16:20,  2.72s/it]
Generating (int4) rank=0:  20%|██        | 90/450 [04:07<16:26,  2.74s/it]
Generating (int4) rank=1:  20%|██        | 91/450 [04:08<16:17,  2.72s/it]
Generating (int4) rank=0:  20%|██        | 91/450 [04:09<16:23,  2.74s/it]
Generating (int4) rank=1:  20%|██        | 92/450 [04:11<16:15,  2.72s/it]
Generating (int4) rank=0:  20%|██        | 92/450 [04:12<16:20,  2.74s/it]
Generating (int4) rank=1:  21%|██        | 93/450 [04:14<16:12,  2.72s/it]
Generating (int4) rank=0:  21%|██        | 93/450 [04:15<16:17,  2.74s/it]
Generating (int4) rank=1:  21%|██        | 94/450 [04:16<16:09,  2.72s/it]
Generating (int4) rank=0:  21%|██        | 94/450 [04:18<16:14,  2.74s/it]
Generating (int4) rank=1:  21%|██        | 95/450 [04:19<16:07,  2.72s/it]
Generating (int4) rank=0:  21%|██        | 95/450 [04:20<16:12,  2.74s/it]
Generating (int4) rank=1:  21%|██▏       | 96/450 [04:22<16:04,  2.72s/it]
Generating (int4) rank=0:  21%|██▏       | 96/450 [04:23<16:09,  2.74s/it]
Generating (int4) rank=1:  22%|██▏       | 97/450 [04:25<16:01,  2.72s/it]
Generating (int4) rank=0:  22%|██▏       | 97/450 [04:26<16:06,  2.74s/it]
Generating (int4) rank=1:  22%|██▏       | 98/450 [04:27<15:58,  2.72s/it]
Generating (int4) rank=0:  22%|██▏       | 98/450 [04:29<16:04,  2.74s/it]
Generating (int4) rank=1:  22%|██▏       | 99/450 [04:30<15:56,  2.72s/it]
Generating (int4) rank=0:  22%|██▏       | 99/450 [04:31<16:01,  2.74s/it]
Generating (int4) rank=1:  22%|██▏       | 100/450 [04:33<15:53,  2.72s/it]
Generating (int4) rank=0:  22%|██▏       | 100/450 [04:34<15:58,  2.74s/it]
Generating (int4) rank=1:  22%|██▏       | 101/450 [04:36<15:50,  2.72s/it]
Generating (int4) rank=0:  22%|██▏       | 101/450 [04:37<15:56,  2.74s/it]
Generating (int4) rank=1:  23%|██▎       | 102/450 [04:38<15:47,  2.72s/it]
Generating (int4) rank=0:  23%|██▎       | 102/450 [04:39<15:53,  2.74s/it]
Generating (int4) rank=1:  23%|██▎       | 103/450 [04:41<15:45,  2.72s/it]
Generating (int4) rank=0:  23%|██▎       | 103/450 [04:42<15:50,  2.74s/it]
Generating (int4) rank=1:  23%|██▎       | 104/450 [04:44<15:42,  2.72s/it]
Generating (int4) rank=0:  23%|██▎       | 104/450 [04:45<15:47,  2.74s/it]
Generating (int4) rank=1:  23%|██▎       | 105/450 [04:46<15:40,  2.73s/it]
Generating (int4) rank=0:  23%|██▎       | 105/450 [04:48<15:45,  2.74s/it]
Generating (int4) rank=1:  24%|██▎       | 106/450 [04:49<15:37,  2.72s/it]
Generating (int4) rank=0:  24%|██▎       | 106/450 [04:50<15:42,  2.74s/it]
Generating (int4) rank=1:  24%|██▍       | 107/450 [04:52<15:34,  2.72s/it]
Generating (int4) rank=0:  24%|██▍       | 107/450 [04:53<15:39,  2.74s/it]
Generating (int4) rank=1:  24%|██▍       | 108/450 [04:55<15:31,  2.72s/it]
Generating (int4) rank=0:  24%|██▍       | 108/450 [04:56<15:36,  2.74s/it]
Generating (int4) rank=1:  24%|██▍       | 109/450 [04:57<15:28,  2.72s/it]
Generating (int4) rank=0:  24%|██▍       | 109/450 [04:59<15:33,  2.74s/it]
Generating (int4) rank=1:  24%|██▍       | 110/450 [05:00<15:26,  2.72s/it]
Generating (int4) rank=0:  24%|██▍       | 110/450 [05:01<15:30,  2.74s/it]
Generating (int4) rank=1:  25%|██▍       | 111/450 [05:03<15:23,  2.72s/it]
Generating (int4) rank=0:  25%|██▍       | 111/450 [05:04<15:27,  2.74s/it]
Generating (int4) rank=1:  25%|██▍       | 112/450 [05:05<15:20,  2.72s/it]
Generating (int4) rank=0:  25%|██▍       | 112/450 [05:07<15:25,  2.74s/it]
Generating (int4) rank=1:  25%|██▌       | 113/450 [05:08<15:17,  2.72s/it]
Generating (int4) rank=0:  25%|██▌       | 113/450 [05:10<15:22,  2.74s/it]
Generating (int4) rank=1:  25%|██▌       | 114/450 [05:11<15:15,  2.72s/it]
Generating (int4) rank=0:  25%|██▌       | 114/450 [05:12<15:19,  2.74s/it]
Generating (int4) rank=1:  26%|██▌       | 115/450 [05:14<15:12,  2.72s/it]
Generating (int4) rank=0:  26%|██▌       | 115/450 [05:15<15:17,  2.74s/it]
Generating (int4) rank=1:  26%|██▌       | 116/450 [05:16<15:09,  2.72s/it]
Generating (int4) rank=0:  26%|██▌       | 116/450 [05:18<15:14,  2.74s/it]
Generating (int4) rank=1:  26%|██▌       | 117/450 [05:19<15:06,  2.72s/it]
Generating (int4) rank=0:  26%|██▌       | 117/450 [05:21<15:11,  2.74s/it]
Generating (int4) rank=1:  26%|██▌       | 118/450 [05:22<15:04,  2.72s/it]
Generating (int4) rank=0:  26%|██▌       | 118/450 [05:23<15:08,  2.74s/it]
Generating (int4) rank=1:  26%|██▋       | 119/450 [05:25<15:01,  2.72s/it]
Generating (int4) rank=0:  26%|██▋       | 119/450 [05:26<15:06,  2.74s/it]
Generating (int4) rank=1:  27%|██▋       | 120/450 [05:27<14:58,  2.72s/it]
Generating (int4) rank=0:  27%|██▋       | 120/450 [05:29<15:03,  2.74s/it]
Generating (int4) rank=1:  27%|██▋       | 121/450 [05:30<14:56,  2.72s/it]
Generating (int4) rank=0:  27%|██▋       | 121/450 [05:31<15:00,  2.74s/it]
Generating (int4) rank=1:  27%|██▋       | 122/450 [05:33<14:53,  2.72s/it]
Generating (int4) rank=0:  27%|██▋       | 122/450 [05:34<14:58,  2.74s/it]
Generating (int4) rank=1:  27%|██▋       | 123/450 [05:35<14:50,  2.72s/it]
Generating (int4) rank=0:  27%|██▋       | 123/450 [05:37<14:55,  2.74s/it]
Generating (int4) rank=1:  28%|██▊       | 124/450 [05:38<14:48,  2.72s/it]
Generating (int4) rank=0:  28%|██▊       | 124/450 [05:40<14:52,  2.74s/it]
Generating (int4) rank=1:  28%|██▊       | 125/450 [05:41<14:45,  2.72s/it]
Generating (int4) rank=0:  28%|██▊       | 125/450 [05:42<14:50,  2.74s/it]
Generating (int4) rank=1:  28%|██▊       | 126/450 [05:44<14:42,  2.72s/it]
Generating (int4) rank=0:  28%|██▊       | 126/450 [05:45<14:47,  2.74s/it]
Generating (int4) rank=1:  28%|██▊       | 127/450 [05:46<14:40,  2.72s/it]
Generating (int4) rank=0:  28%|██▊       | 127/450 [05:48<14:44,  2.74s/it]
Generating (int4) rank=1:  28%|██▊       | 128/450 [05:49<14:37,  2.73s/it]
Generating (int4) rank=0:  28%|██▊       | 128/450 [05:51<14:41,  2.74s/it]
Generating (int4) rank=1:  29%|██▊       | 129/450 [05:52<14:34,  2.72s/it]
Generating (int4) rank=0:  29%|██▊       | 129/450 [05:53<14:38,  2.74s/it]
Generating (int4) rank=1:  29%|██▉       | 130/450 [05:55<14:31,  2.72s/it]
Generating (int4) rank=0:  29%|██▉       | 130/450 [05:56<14:36,  2.74s/it]
Generating (int4) rank=1:  29%|██▉       | 131/450 [05:57<14:29,  2.73s/it]
Generating (int4) rank=0:  29%|██▉       | 131/450 [05:59<14:33,  2.74s/it]
Generating (int4) rank=1:  29%|██▉       | 132/450 [06:00<14:26,  2.73s/it]
Generating (int4) rank=0:  29%|██▉       | 132/450 [06:02<14:30,  2.74s/it]
Generating (int4) rank=1:  30%|██▉       | 133/450 [06:03<14:23,  2.73s/it]
Generating (int4) rank=0:  30%|██▉       | 133/450 [06:04<14:28,  2.74s/it]
Generating (int4) rank=1:  30%|██▉       | 134/450 [06:05<14:21,  2.73s/it]
Generating (int4) rank=0:  30%|██▉       | 134/450 [06:07<14:25,  2.74s/it]
Generating (int4) rank=1:  30%|███       | 135/450 [06:08<14:18,  2.73s/it]
Generating (int4) rank=0:  30%|███       | 135/450 [06:10<14:22,  2.74s/it]
Generating (int4) rank=1:  30%|███       | 136/450 [06:11<14:15,  2.73s/it]
Generating (int4) rank=0:  30%|███       | 136/450 [06:13<14:19,  2.74s/it]
Generating (int4) rank=1:  30%|███       | 137/450 [06:14<14:12,  2.72s/it]
Generating (int4) rank=0:  30%|███       | 137/450 [06:15<14:16,  2.74s/it]
Generating (int4) rank=1:  31%|███       | 138/450 [06:16<14:09,  2.72s/it]
Generating (int4) rank=0:  31%|███       | 138/450 [06:18<14:14,  2.74s/it]
Generating (int4) rank=1:  31%|███       | 139/450 [06:19<14:07,  2.72s/it]
Generating (int4) rank=0:  31%|███       | 139/450 [06:21<14:11,  2.74s/it]
Generating (int4) rank=1:  31%|███       | 140/450 [06:22<14:04,  2.72s/it]
Generating (int4) rank=0:  31%|███       | 140/450 [06:24<14:08,  2.74s/it]
Generating (int4) rank=1:  31%|███▏      | 141/450 [06:25<14:02,  2.72s/it]
Generating (int4) rank=0:  31%|███▏      | 141/450 [06:26<14:06,  2.74s/it]
Generating (int4) rank=1:  32%|███▏      | 142/450 [06:27<13:59,  2.72s/it]
Generating (int4) rank=0:  32%|███▏      | 142/450 [06:29<14:03,  2.74s/it]
Generating (int4) rank=1:  32%|███▏      | 143/450 [06:30<13:56,  2.73s/it]
Generating (int4) rank=0:  32%|███▏      | 143/450 [06:32<14:00,  2.74s/it]
Generating (int4) rank=1:  32%|███▏      | 144/450 [06:33<13:53,  2.72s/it]
Generating (int4) rank=0:  32%|███▏      | 144/450 [06:34<13:57,  2.74s/it]
Generating (int4) rank=1:  32%|███▏      | 145/450 [06:35<13:51,  2.73s/it]
Generating (int4) rank=0:  32%|███▏      | 145/450 [06:37<13:55,  2.74s/it]
Generating (int4) rank=1:  32%|███▏      | 146/450 [06:38<13:48,  2.73s/it]
Generating (int4) rank=0:  32%|███▏      | 146/450 [06:40<13:52,  2.74s/it]
Generating (int4) rank=1:  33%|███▎      | 147/450 [06:41<13:45,  2.73s/it]
Generating (int4) rank=0:  33%|███▎      | 147/450 [06:43<13:49,  2.74s/it]
Generating (int4) rank=1:  33%|███▎      | 148/450 [06:44<13:43,  2.73s/it]
Generating (int4) rank=0:  33%|███▎      | 148/450 [06:45<13:47,  2.74s/it]
Generating (int4) rank=1:  33%|███▎      | 149/450 [06:46<13:40,  2.73s/it]
Generating (int4) rank=0:  33%|███▎      | 149/450 [06:48<13:44,  2.74s/it]
Generating (int4) rank=1:  33%|███▎      | 150/450 [06:49<13:37,  2.73s/it]
Generating (int4) rank=0:  33%|███▎      | 150/450 [06:51<13:41,  2.74s/it]
Generating (int4) rank=1:  34%|███▎      | 151/450 [06:52<13:35,  2.73s/it]
Generating (int4) rank=0:  34%|███▎      | 151/450 [06:54<13:38,  2.74s/it]
Generating (int4) rank=1:  34%|███▍      | 152/450 [06:54<13:32,  2.73s/it]
Generating (int4) rank=0:  34%|███▍      | 152/450 [06:56<13:36,  2.74s/it]
Generating (int4) rank=1:  34%|███▍      | 153/450 [06:57<13:29,  2.72s/it]
Generating (int4) rank=0:  34%|███▍      | 153/450 [06:59<13:33,  2.74s/it]
Generating (int4) rank=1:  34%|███▍      | 154/450 [07:00<13:26,  2.73s/it]
Generating (int4) rank=0:  34%|███▍      | 154/450 [07:02<13:30,  2.74s/it]
Generating (int4) rank=1:  34%|███▍      | 155/450 [07:03<13:24,  2.73s/it]
Generating (int4) rank=0:  34%|███▍      | 155/450 [07:05<13:28,  2.74s/it]
Generating (int4) rank=1:  35%|███▍      | 156/450 [07:05<13:21,  2.73s/it]
Generating (int4) rank=0:  35%|███▍      | 156/450 [07:07<13:24,  2.74s/it]
Generating (int4) rank=1:  35%|███▍      | 157/450 [07:08<13:18,  2.73s/it]
Generating (int4) rank=0:  35%|███▍      | 157/450 [07:10<13:22,  2.74s/it]
Generating (int4) rank=1:  35%|███▌      | 158/450 [07:11<13:15,  2.73s/it]
Generating (int4) rank=0:  35%|███▌      | 158/450 [07:13<13:19,  2.74s/it]
Generating (int4) rank=1:  35%|███▌      | 159/450 [07:14<13:13,  2.73s/it]
Generating (int4) rank=0:  35%|███▌      | 159/450 [07:16<13:16,  2.74s/it]
Generating (int4) rank=1:  36%|███▌      | 160/450 [07:16<13:10,  2.73s/it]
Generating (int4) rank=0:  36%|███▌      | 160/450 [07:18<13:13,  2.74s/it]
Generating (int4) rank=1:  36%|███▌      | 161/450 [07:19<13:07,  2.72s/it]
Generating (int4) rank=0:  36%|███▌      | 161/450 [07:21<13:11,  2.74s/it]
Generating (int4) rank=1:  36%|███▌      | 162/450 [07:22<13:04,  2.73s/it]
Generating (int4) rank=0:  36%|███▌      | 162/450 [07:24<13:08,  2.74s/it]
Generating (int4) rank=1:  36%|███▌      | 163/450 [07:24<13:02,  2.72s/it]
Generating (int4) rank=0:  36%|███▌      | 163/450 [07:27<13:05,  2.74s/it]
Generating (int4) rank=1:  36%|███▋      | 164/450 [07:27<12:59,  2.73s/it]
Generating (int4) rank=0:  36%|███▋      | 164/450 [07:29<13:03,  2.74s/it]
Generating (int4) rank=1:  37%|███▋      | 165/450 [07:30<12:56,  2.72s/it]
Generating (int4) rank=0:  37%|███▋      | 165/450 [07:32<13:00,  2.74s/it]
Generating (int4) rank=1:  37%|███▋      | 166/450 [07:33<12:53,  2.72s/it]
Generating (int4) rank=0:  37%|███▋      | 166/450 [07:35<12:57,  2.74s/it]
Generating (int4) rank=1:  37%|███▋      | 167/450 [07:35<12:51,  2.72s/it]
Generating (int4) rank=0:  37%|███▋      | 167/450 [07:37<12:55,  2.74s/it]
Generating (int4) rank=1:  37%|███▋      | 168/450 [07:38<12:48,  2.72s/it]
Generating (int4) rank=0:  37%|███▋      | 168/450 [07:40<12:52,  2.74s/it]
Generating (int4) rank=1:  38%|███▊      | 169/450 [07:41<12:45,  2.72s/it]
Generating (int4) rank=0:  38%|███▊      | 169/450 [07:43<12:49,  2.74s/it]
Generating (int4) rank=1:  38%|███▊      | 170/450 [07:44<12:42,  2.72s/it]
Generating (int4) rank=0:  38%|███▊      | 170/450 [07:46<12:46,  2.74s/it]
Generating (int4) rank=1:  38%|███▊      | 171/450 [07:46<12:40,  2.72s/it]
Generating (int4) rank=0:  38%|███▊      | 171/450 [07:48<12:43,  2.74s/it]
Generating (int4) rank=1:  38%|███▊      | 172/450 [07:49<12:37,  2.72s/it]
Generating (int4) rank=0:  38%|███▊      | 172/450 [07:51<12:41,  2.74s/it]
Generating (int4) rank=1:  38%|███▊      | 173/450 [07:52<12:34,  2.72s/it]
Generating (int4) rank=0:  38%|███▊      | 173/450 [07:54<12:38,  2.74s/it]
Generating (int4) rank=1:  39%|███▊      | 174/450 [07:54<12:31,  2.72s/it]
Generating (int4) rank=0:  39%|███▊      | 174/450 [07:57<12:35,  2.74s/it]
Generating (int4) rank=1:  39%|███▉      | 175/450 [07:57<12:29,  2.72s/it]
Generating (int4) rank=0:  39%|███▉      | 175/450 [07:59<12:32,  2.74s/it]
Generating (int4) rank=1:  39%|███▉      | 176/450 [08:00<12:26,  2.72s/it]
Generating (int4) rank=0:  39%|███▉      | 176/450 [08:02<12:30,  2.74s/it]
Generating (int4) rank=1:  39%|███▉      | 177/450 [08:03<12:23,  2.72s/it]
Generating (int4) rank=0:  39%|███▉      | 177/450 [08:05<12:27,  2.74s/it]
Generating (int4) rank=1:  40%|███▉      | 178/450 [08:05<12:21,  2.72s/it]
Generating (int4) rank=0:  40%|███▉      | 178/450 [08:08<12:24,  2.74s/it]
Generating (int4) rank=1:  40%|███▉      | 179/450 [08:08<12:18,  2.72s/it]
Generating (int4) rank=0:  40%|███▉      | 179/450 [08:10<12:22,  2.74s/it]
Generating (int4) rank=1:  40%|████      | 180/450 [08:11<12:15,  2.72s/it]
Generating (int4) rank=0:  40%|████      | 180/450 [08:13<12:19,  2.74s/it]
Generating (int4) rank=1:  40%|████      | 181/450 [08:14<12:13,  2.73s/it]
Generating (int4) rank=0:  40%|████      | 181/450 [08:16<12:16,  2.74s/it]
Generating (int4) rank=1:  40%|████      | 182/450 [08:16<12:10,  2.73s/it]
Generating (int4) rank=0:  40%|████      | 182/450 [08:19<12:13,  2.74s/it]
Generating (int4) rank=1:  41%|████      | 183/450 [08:19<12:07,  2.73s/it]
Generating (int4) rank=0:  41%|████      | 183/450 [08:21<12:10,  2.74s/it]
Generating (int4) rank=1:  41%|████      | 184/450 [08:22<12:04,  2.73s/it]
Generating (int4) rank=0:  41%|████      | 184/450 [08:24<12:07,  2.74s/it]
Generating (int4) rank=1:  41%|████      | 185/450 [08:24<12:02,  2.73s/it]
Generating (int4) rank=0:  41%|████      | 185/450 [08:27<12:04,  2.74s/it]
Generating (int4) rank=1:  41%|████▏     | 186/450 [08:27<11:59,  2.73s/it]
Generating (int4) rank=0:  41%|████▏     | 186/450 [08:29<12:02,  2.74s/it]
Generating (int4) rank=1:  42%|████▏     | 187/450 [08:30<11:56,  2.73s/it]
Generating (int4) rank=0:  42%|████▏     | 187/450 [08:32<11:59,  2.74s/it]
Generating (int4) rank=1:  42%|████▏     | 188/450 [08:33<11:54,  2.73s/it]
Generating (int4) rank=0:  42%|████▏     | 188/450 [08:35<11:56,  2.74s/it]
Generating (int4) rank=1:  42%|████▏     | 189/450 [08:35<11:51,  2.73s/it]
Generating (int4) rank=0:  42%|████▏     | 189/450 [08:38<11:53,  2.74s/it]
Generating (int4) rank=1:  42%|████▏     | 190/450 [08:38<11:48,  2.73s/it]
Generating (int4) rank=0:  42%|████▏     | 190/450 [08:40<11:51,  2.74s/it]
Generating (int4) rank=1:  42%|████▏     | 191/450 [08:41<11:45,  2.73s/it]
Generating (int4) rank=0:  42%|████▏     | 191/450 [08:43<11:48,  2.74s/it]
Generating (int4) rank=1:  43%|████▎     | 192/450 [08:43<11:43,  2.73s/it]
Generating (int4) rank=0:  43%|████▎     | 192/450 [08:46<11:46,  2.74s/it]
Generating (int4) rank=1:  43%|████▎     | 193/450 [08:46<11:40,  2.73s/it]
Generating (int4) rank=0:  43%|████▎     | 193/450 [08:49<11:43,  2.74s/it]
Generating (int4) rank=1:  43%|████▎     | 194/450 [08:49<11:37,  2.73s/it]
Generating (int4) rank=0:  43%|████▎     | 194/450 [08:51<11:40,  2.74s/it]
Generating (int4) rank=1:  43%|████▎     | 195/450 [08:52<11:34,  2.72s/it]
Generating (int4) rank=0:  43%|████▎     | 195/450 [08:54<11:37,  2.74s/it]
Generating (int4) rank=1:  44%|████▎     | 196/450 [08:54<11:32,  2.72s/it]
Generating (int4) rank=0:  44%|████▎     | 196/450 [08:57<11:34,  2.73s/it]
Generating (int4) rank=1:  44%|████▍     | 197/450 [08:57<11:29,  2.72s/it]
Generating (int4) rank=0:  44%|████▍     | 197/450 [09:00<11:31,  2.73s/it]
Generating (int4) rank=1:  44%|████▍     | 198/450 [09:00<11:26,  2.72s/it]
Generating (int4) rank=0:  44%|████▍     | 198/450 [09:02<11:29,  2.74s/it]
Generating (int4) rank=1:  44%|████▍     | 199/450 [09:03<11:23,  2.72s/it]
Generating (int4) rank=0:  44%|████▍     | 199/450 [09:05<11:26,  2.74s/it]
Generating (int4) rank=1:  44%|████▍     | 200/450 [09:05<11:21,  2.72s/it]
Generating (int4) rank=0:  44%|████▍     | 200/450 [09:08<11:24,  2.74s/it]
Generating (int4) rank=1:  45%|████▍     | 201/450 [09:08<11:18,  2.73s/it]
Generating (int4) rank=0:  45%|████▍     | 201/450 [09:11<11:21,  2.74s/it]
Generating (int4) rank=1:  45%|████▍     | 202/450 [09:11<11:15,  2.73s/it]
Generating (int4) rank=0:  45%|████▍     | 202/450 [09:13<11:18,  2.74s/it]
Generating (int4) rank=1:  45%|████▌     | 203/450 [09:13<11:13,  2.73s/it]
Generating (int4) rank=0:  45%|████▌     | 203/450 [09:16<11:15,  2.74s/it]
Generating (int4) rank=1:  45%|████▌     | 204/450 [09:16<11:10,  2.73s/it]
Generating (int4) rank=0:  45%|████▌     | 204/450 [09:19<11:13,  2.74s/it]
Generating (int4) rank=1:  46%|████▌     | 205/450 [09:19<11:07,  2.73s/it]
Generating (int4) rank=0:  46%|████▌     | 205/450 [09:21<11:10,  2.74s/it]
Generating (int4) rank=1:  46%|████▌     | 206/450 [09:22<11:04,  2.72s/it]
Generating (int4) rank=0:  46%|████▌     | 206/450 [09:24<11:07,  2.74s/it]
Generating (int4) rank=1:  46%|████▌     | 207/450 [09:24<11:02,  2.73s/it]
Generating (int4) rank=0:  46%|████▌     | 207/450 [09:27<11:04,  2.74s/it]
Generating (int4) rank=1:  46%|████▌     | 208/450 [09:27<10:59,  2.72s/it]
Generating (int4) rank=0:  46%|████▌     | 208/450 [09:30<11:02,  2.74s/it]
Generating (int4) rank=1:  46%|████▋     | 209/450 [09:30<10:56,  2.72s/it]
Generating (int4) rank=0:  46%|████▋     | 209/450 [09:32<10:59,  2.74s/it]
Generating (int4) rank=1:  47%|████▋     | 210/450 [09:33<10:53,  2.72s/it]
Generating (int4) rank=0:  47%|████▋     | 210/450 [09:35<10:56,  2.74s/it]
Generating (int4) rank=1:  47%|████▋     | 211/450 [09:35<10:50,  2.72s/it]
Generating (int4) rank=0:  47%|████▋     | 211/450 [09:38<10:53,  2.74s/it]
Generating (int4) rank=1:  47%|████▋     | 212/450 [09:38<10:48,  2.72s/it]
Generating (int4) rank=0:  47%|████▋     | 212/450 [09:41<10:50,  2.74s/it]
Generating (int4) rank=1:  47%|████▋     | 213/450 [09:41<10:45,  2.72s/it]
Generating (int4) rank=0:  47%|████▋     | 213/450 [09:43<10:48,  2.74s/it]
Generating (int4) rank=1:  48%|████▊     | 214/450 [09:43<10:42,  2.72s/it]
Generating (int4) rank=0:  48%|████▊     | 214/450 [09:46<10:45,  2.74s/it]
Generating (int4) rank=1:  48%|████▊     | 215/450 [09:46<10:40,  2.72s/it]
Generating (int4) rank=0:  48%|████▊     | 215/450 [09:49<10:42,  2.74s/it]
Generating (int4) rank=1:  48%|████▊     | 216/450 [09:49<10:37,  2.73s/it]
Generating (int4) rank=0:  48%|████▊     | 216/450 [09:52<10:40,  2.74s/it]
Generating (int4) rank=1:  48%|████▊     | 217/450 [09:52<10:34,  2.72s/it]
Generating (int4) rank=0:  48%|████▊     | 217/450 [09:54<10:37,  2.74s/it]
Generating (int4) rank=1:  48%|████▊     | 218/450 [09:54<10:32,  2.72s/it]
Generating (int4) rank=0:  48%|████▊     | 218/450 [09:57<10:34,  2.74s/it]
Generating (int4) rank=1:  49%|████▊     | 219/450 [09:57<10:29,  2.73s/it]
Generating (int4) rank=0:  49%|████▊     | 219/450 [10:00<10:31,  2.74s/it]
Generating (int4) rank=1:  49%|████▉     | 220/450 [10:00<10:26,  2.72s/it]
Generating (int4) rank=0:  49%|████▉     | 220/450 [10:02<10:29,  2.74s/it]
Generating (int4) rank=1:  49%|████▉     | 221/450 [10:03<10:23,  2.72s/it]
Generating (int4) rank=0:  49%|████▉     | 221/450 [10:05<10:26,  2.74s/it]
Generating (int4) rank=1:  49%|████▉     | 222/450 [10:05<10:21,  2.72s/it]
Generating (int4) rank=1:  50%|████▉     | 223/450 [10:08<10:18,  2.72s/it]
Generating (int4) rank=0:  49%|████▉     | 222/450 [10:08<10:23,  2.73s/it]
Generating (int4) rank=1:  50%|████▉     | 224/450 [10:11<10:15,  2.72s/it]
Generating (int4) rank=0:  50%|████▉     | 223/450 [10:11<10:20,  2.73s/it]
Generating (int4) rank=1:  50%|█████     | 225/450 [10:13<10:12,  2.72s/it]
Generating (int4) rank=0:  50%|████▉     | 224/450 [10:13<10:18,  2.73s/it]
Generating (int4) rank=1:  50%|█████     | 226/450 [10:16<10:10,  2.72s/it]
Generating (int4) rank=0:  50%|█████     | 225/450 [10:16<10:15,  2.74s/it]
Generating (int4) rank=1:  50%|█████     | 227/450 [10:19<10:07,  2.72s/it]
Generating (int4) rank=0:  50%|█████     | 226/450 [10:19<10:12,  2.74s/it]
Generating (int4) rank=1:  51%|█████     | 228/450 [10:22<10:04,  2.72s/it]
Generating (int4) rank=0:  50%|█████     | 227/450 [10:22<10:09,  2.74s/it]
Generating (int4) rank=1:  51%|█████     | 229/450 [10:24<10:02,  2.72s/it]
Generating (int4) rank=0:  51%|█████     | 228/450 [10:24<10:07,  2.73s/it]
Generating (int4) rank=1:  51%|█████     | 230/450 [10:27<09:59,  2.72s/it]
Generating (int4) rank=0:  51%|█████     | 229/450 [10:27<10:04,  2.73s/it]
Generating (int4) rank=1:  51%|█████▏    | 231/450 [10:30<09:56,  2.72s/it]
Generating (int4) rank=0:  51%|█████     | 230/450 [10:30<10:01,  2.73s/it]
Generating (int4) rank=1:  52%|█████▏    | 232/450 [10:32<09:53,  2.72s/it]
Generating (int4) rank=0:  51%|█████▏    | 231/450 [10:33<09:58,  2.73s/it]
Generating (int4) rank=1:  52%|█████▏    | 233/450 [10:35<09:51,  2.73s/it]
Generating (int4) rank=0:  52%|█████▏    | 232/450 [10:35<09:56,  2.73s/it]
Generating (int4) rank=1:  52%|█████▏    | 234/450 [10:38<09:49,  2.73s/it]
Generating (int4) rank=0:  52%|█████▏    | 233/450 [10:38<09:53,  2.73s/it]
Generating (int4) rank=1:  52%|█████▏    | 235/450 [10:41<09:47,  2.73s/it]
Generating (int4) rank=0:  52%|█████▏    | 234/450 [10:41<09:50,  2.73s/it]
Generating (int4) rank=1:  52%|█████▏    | 236/450 [10:43<09:44,  2.73s/it]
Generating (int4) rank=0:  52%|█████▏    | 235/450 [10:44<09:47,  2.73s/it]
Generating (int4) rank=1:  53%|█████▎    | 237/450 [10:46<09:42,  2.73s/it]
Generating (int4) rank=0:  52%|█████▏    | 236/450 [10:46<09:45,  2.74s/it]
Generating (int4) rank=1:  53%|█████▎    | 238/450 [10:49<09:39,  2.73s/it]
Generating (int4) rank=0:  53%|█████▎    | 237/450 [10:49<09:42,  2.74s/it]
Generating (int4) rank=1:  53%|█████▎    | 239/450 [10:52<09:36,  2.73s/it]
Generating (int4) rank=0:  53%|█████▎    | 238/450 [10:52<09:39,  2.74s/it]
Generating (int4) rank=1:  53%|█████▎    | 240/450 [10:54<09:34,  2.73s/it]
Generating (int4) rank=0:  53%|█████▎    | 239/450 [10:54<09:36,  2.73s/it]
Generating (int4) rank=1:  54%|█████▎    | 241/450 [10:57<09:31,  2.73s/it]
Generating (int4) rank=0:  53%|█████▎    | 240/450 [10:57<09:34,  2.73s/it]
Generating (int4) rank=1:  54%|█████▍    | 242/450 [11:00<09:28,  2.73s/it]
Generating (int4) rank=0:  54%|█████▎    | 241/450 [11:00<09:31,  2.73s/it]
Generating (int4) rank=1:  54%|█████▍    | 243/450 [11:03<09:25,  2.73s/it]
Generating (int4) rank=0:  54%|█████▍    | 242/450 [11:03<09:28,  2.74s/it]
Generating (int4) rank=1:  54%|█████▍    | 244/450 [11:05<09:23,  2.73s/it]
Generating (int4) rank=0:  54%|█████▍    | 243/450 [11:05<09:26,  2.74s/it]
Generating (int4) rank=1:  54%|█████▍    | 245/450 [11:08<09:20,  2.73s/it]
Generating (int4) rank=0:  54%|█████▍    | 244/450 [11:08<09:23,  2.74s/it]
Generating (int4) rank=1:  55%|█████▍    | 246/450 [11:11<09:17,  2.73s/it]
Generating (int4) rank=0:  54%|█████▍    | 245/450 [11:11<09:20,  2.74s/it]
Generating (int4) rank=1:  55%|█████▍    | 247/450 [11:13<09:14,  2.73s/it]
Generating (int4) rank=0:  55%|█████▍    | 246/450 [11:14<09:17,  2.73s/it]
Generating (int4) rank=1:  55%|█████▌    | 248/450 [11:16<09:12,  2.73s/it]
Generating (int4) rank=0:  55%|█████▍    | 247/450 [11:16<09:15,  2.73s/it]
Generating (int4) rank=1:  55%|█████▌    | 249/450 [11:19<09:09,  2.73s/it]
Generating (int4) rank=0:  55%|█████▌    | 248/450 [11:19<09:12,  2.73s/it]
Generating (int4) rank=1:  56%|█████▌    | 250/450 [11:22<09:06,  2.73s/it]
Generating (int4) rank=0:  55%|█████▌    | 249/450 [11:22<09:09,  2.73s/it]
Generating (int4) rank=1:  56%|█████▌    | 251/450 [11:24<09:03,  2.73s/it]
Generating (int4) rank=0:  56%|█████▌    | 250/450 [11:25<09:06,  2.73s/it]
Generating (int4) rank=1:  56%|█████▌    | 252/450 [11:27<09:00,  2.73s/it]
Generating (int4) rank=0:  56%|█████▌    | 251/450 [11:27<09:04,  2.73s/it]
Generating (int4) rank=1:  56%|█████▌    | 253/450 [11:30<08:58,  2.73s/it]
Generating (int4) rank=0:  56%|█████▌    | 252/450 [11:30<09:01,  2.73s/it]
Generating (int4) rank=1:  56%|█████▋    | 254/450 [11:33<08:55,  2.73s/it]
Generating (int4) rank=0:  56%|█████▌    | 253/450 [11:33<08:58,  2.73s/it]
Generating (int4) rank=1:  57%|█████▋    | 255/450 [11:35<08:52,  2.73s/it]
Generating (int4) rank=0:  56%|█████▋    | 254/450 [11:35<08:56,  2.74s/it]
Generating (int4) rank=1:  57%|█████▋    | 256/450 [11:38<08:50,  2.73s/it]
Generating (int4) rank=0:  57%|█████▋    | 255/450 [11:38<08:53,  2.73s/it]
Generating (int4) rank=1:  57%|█████▋    | 257/450 [11:41<08:47,  2.73s/it]
Generating (int4) rank=0:  57%|█████▋    | 256/450 [11:41<08:50,  2.73s/it]
Generating (int4) rank=1:  57%|█████▋    | 258/450 [11:44<08:44,  2.73s/it]
Generating (int4) rank=0:  57%|█████▋    | 257/450 [11:44<08:47,  2.74s/it]
Generating (int4) rank=1:  58%|█████▊    | 259/450 [11:46<08:42,  2.73s/it]
Generating (int4) rank=0:  57%|█████▋    | 258/450 [11:46<08:45,  2.73s/it]
Generating (int4) rank=1:  58%|█████▊    | 260/450 [11:49<08:39,  2.73s/it]
Generating (int4) rank=0:  58%|█████▊    | 259/450 [11:49<08:42,  2.73s/it]
Generating (int4) rank=1:  58%|█████▊    | 261/450 [11:52<08:36,  2.73s/it]
Generating (int4) rank=0:  58%|█████▊    | 260/450 [11:52<08:39,  2.73s/it]
Generating (int4) rank=1:  58%|█████▊    | 262/450 [11:54<08:33,  2.73s/it]
Generating (int4) rank=0:  58%|█████▊    | 261/450 [11:55<08:36,  2.74s/it]
Generating (int4) rank=1:  58%|█████▊    | 263/450 [11:57<08:31,  2.73s/it]
Generating (int4) rank=0:  58%|█████▊    | 262/450 [11:57<08:34,  2.74s/it]
Generating (int4) rank=1:  59%|█████▊    | 264/450 [12:00<08:28,  2.73s/it]
Generating (int4) rank=0:  58%|█████▊    | 263/450 [12:00<08:31,  2.73s/it]
Generating (int4) rank=1:  59%|█████▉    | 265/450 [12:03<08:25,  2.73s/it]
Generating (int4) rank=0:  59%|█████▊    | 264/450 [12:03<08:28,  2.73s/it]
Generating (int4) rank=1:  59%|█████▉    | 266/450 [12:05<08:23,  2.73s/it]
Generating (int4) rank=0:  59%|█████▉    | 265/450 [12:06<08:25,  2.73s/it]
Generating (int4) rank=1:  59%|█████▉    | 267/450 [12:08<08:20,  2.73s/it]
Generating (int4) rank=0:  59%|█████▉    | 266/450 [12:08<08:23,  2.73s/it]
Generating (int4) rank=1:  60%|█████▉    | 268/450 [12:11<08:17,  2.73s/it]
Generating (int4) rank=0:  59%|█████▉    | 267/450 [12:11<08:20,  2.74s/it]
Generating (int4) rank=1:  60%|█████▉    | 269/450 [12:14<08:14,  2.73s/it]
Generating (int4) rank=0:  60%|█████▉    | 268/450 [12:14<08:17,  2.74s/it]
Generating (int4) rank=1:  60%|██████    | 270/450 [12:16<08:12,  2.73s/it]
Generating (int4) rank=0:  60%|█████▉    | 269/450 [12:16<08:14,  2.73s/it]
Generating (int4) rank=1:  60%|██████    | 271/450 [12:19<08:09,  2.73s/it]
Generating (int4) rank=0:  60%|██████    | 270/450 [12:19<08:12,  2.73s/it]
Generating (int4) rank=1:  60%|██████    | 272/450 [12:22<08:06,  2.73s/it]
Generating (int4) rank=0:  60%|██████    | 271/450 [12:22<08:09,  2.74s/it]
Generating (int4) rank=1:  61%|██████    | 273/450 [12:25<08:03,  2.73s/it]
Generating (int4) rank=0:  60%|██████    | 272/450 [12:25<08:06,  2.73s/it]
Generating (int4) rank=1:  61%|██████    | 274/450 [12:27<08:01,  2.73s/it]
Generating (int4) rank=0:  61%|██████    | 273/450 [12:27<08:04,  2.74s/it]
Generating (int4) rank=1:  61%|██████    | 275/450 [12:30<07:58,  2.73s/it]
Generating (int4) rank=0:  61%|██████    | 274/450 [12:30<08:01,  2.73s/it]
Generating (int4) rank=1:  61%|██████▏   | 276/450 [12:33<07:55,  2.73s/it]
Generating (int4) rank=0:  61%|██████    | 275/450 [12:33<07:58,  2.74s/it]
Generating (int4) rank=1:  62%|██████▏   | 277/450 [12:35<07:52,  2.73s/it]
Generating (int4) rank=0:  61%|██████▏   | 276/450 [12:36<07:55,  2.74s/it]
Generating (int4) rank=1:  62%|██████▏   | 278/450 [12:38<07:50,  2.73s/it]
Generating (int4) rank=0:  62%|██████▏   | 277/450 [12:38<07:53,  2.73s/it]
Generating (int4) rank=1:  62%|██████▏   | 279/450 [12:41<07:47,  2.73s/it]
Generating (int4) rank=0:  62%|██████▏   | 278/450 [12:41<07:50,  2.73s/it]
Generating (int4) rank=1:  62%|██████▏   | 280/450 [12:44<07:44,  2.73s/it]
Generating (int4) rank=0:  62%|██████▏   | 279/450 [12:44<07:47,  2.73s/it]
Generating (int4) rank=1:  62%|██████▏   | 281/450 [12:46<07:41,  2.73s/it]
Generating (int4) rank=0:  62%|██████▏   | 280/450 [12:47<07:44,  2.73s/it]
Generating (int4) rank=1:  63%|██████▎   | 282/450 [12:49<07:39,  2.73s/it]
Generating (int4) rank=0:  62%|██████▏   | 281/450 [12:49<07:42,  2.73s/it]
Generating (int4) rank=1:  63%|██████▎   | 283/450 [12:52<07:36,  2.73s/it]
Generating (int4) rank=0:  63%|██████▎   | 282/450 [12:52<07:39,  2.73s/it]
Generating (int4) rank=1:  63%|██████▎   | 284/450 [12:55<07:33,  2.73s/it]
Generating (int4) rank=0:  63%|██████▎   | 283/450 [12:55<07:36,  2.73s/it]
Generating (int4) rank=1:  63%|██████▎   | 285/450 [12:57<07:31,  2.73s/it]
Generating (int4) rank=0:  63%|██████▎   | 284/450 [12:58<07:33,  2.73s/it]
Generating (int4) rank=1:  64%|██████▎   | 286/450 [13:00<07:28,  2.73s/it]
Generating (int4) rank=0:  63%|██████▎   | 285/450 [13:00<07:31,  2.74s/it]
Generating (int4) rank=1:  64%|██████▍   | 287/450 [13:03<07:25,  2.73s/it]
Generating (int4) rank=0:  64%|██████▎   | 286/450 [13:03<07:28,  2.74s/it]
Generating (int4) rank=1:  64%|██████▍   | 288/450 [13:06<07:22,  2.73s/it]
Generating (int4) rank=0:  64%|██████▍   | 287/450 [13:06<07:25,  2.73s/it]
Generating (int4) rank=1:  64%|██████▍   | 289/450 [13:08<07:20,  2.73s/it]
Generating (int4) rank=0:  64%|██████▍   | 288/450 [13:08<07:22,  2.73s/it]
Generating (int4) rank=1:  64%|██████▍   | 290/450 [13:11<07:17,  2.73s/it]
Generating (int4) rank=0:  64%|██████▍   | 289/450 [13:11<07:20,  2.73s/it]
Generating (int4) rank=1:  65%|██████▍   | 291/450 [13:14<07:14,  2.73s/it]
Generating (int4) rank=0:  64%|██████▍   | 290/450 [13:14<07:17,  2.73s/it]
Generating (int4) rank=1:  65%|██████▍   | 292/450 [13:16<07:12,  2.74s/it]
Generating (int4) rank=0:  65%|██████▍   | 291/450 [13:17<07:14,  2.73s/it]
Generating (int4) rank=1:  65%|██████▌   | 293/450 [13:19<07:09,  2.74s/it]
Generating (int4) rank=0:  65%|██████▍   | 292/450 [13:19<07:12,  2.73s/it]
Generating (int4) rank=1:  65%|██████▌   | 294/450 [13:22<07:06,  2.73s/it]
Generating (int4) rank=0:  65%|██████▌   | 293/450 [13:22<07:09,  2.74s/it]
Generating (int4) rank=1:  66%|██████▌   | 295/450 [13:25<07:03,  2.73s/it]
Generating (int4) rank=0:  65%|██████▌   | 294/450 [13:25<07:06,  2.74s/it]
Generating (int4) rank=1:  66%|██████▌   | 296/450 [13:27<07:00,  2.73s/it]
Generating (int4) rank=0:  66%|██████▌   | 295/450 [13:28<07:04,  2.74s/it]
Generating (int4) rank=1:  66%|██████▌   | 297/450 [13:30<06:58,  2.73s/it]
Generating (int4) rank=0:  66%|██████▌   | 296/450 [13:30<07:01,  2.74s/it]
Generating (int4) rank=1:  66%|██████▌   | 298/450 [13:33<06:55,  2.73s/it]
Generating (int4) rank=0:  66%|██████▌   | 297/450 [13:33<06:58,  2.74s/it]
Generating (int4) rank=1:  66%|██████▋   | 299/450 [13:36<06:53,  2.74s/it]
Generating (int4) rank=0:  66%|██████▌   | 298/450 [13:36<06:55,  2.73s/it]
Generating (int4) rank=1:  67%|██████▋   | 300/450 [13:38<06:50,  2.74s/it]
Generating (int4) rank=0:  66%|██████▋   | 299/450 [13:39<06:52,  2.73s/it]
Generating (int4) rank=1:  67%|██████▋   | 301/450 [13:41<06:47,  2.74s/it]
Generating (int4) rank=0:  67%|██████▋   | 300/450 [13:41<06:50,  2.73s/it]
Generating (int4) rank=1:  67%|██████▋   | 302/450 [13:44<06:44,  2.74s/it]
Generating (int4) rank=0:  67%|██████▋   | 301/450 [13:44<06:47,  2.73s/it]
Generating (int4) rank=1:  67%|██████▋   | 303/450 [13:47<06:42,  2.73s/it]
Generating (int4) rank=0:  67%|██████▋   | 302/450 [13:47<06:44,  2.74s/it]
Generating (int4) rank=1:  68%|██████▊   | 304/450 [13:49<06:39,  2.73s/it]
Generating (int4) rank=0:  67%|██████▋   | 303/450 [13:49<06:42,  2.73s/it]
Generating (int4) rank=1:  68%|██████▊   | 305/450 [13:52<06:36,  2.74s/it]
Generating (int4) rank=0:  68%|██████▊   | 304/450 [13:52<06:39,  2.73s/it]
Generating (int4) rank=1:  68%|██████▊   | 306/450 [13:55<06:34,  2.74s/it]
Generating (int4) rank=0:  68%|██████▊   | 305/450 [13:55<06:36,  2.73s/it]
Generating (int4) rank=1:  68%|██████▊   | 307/450 [13:58<06:31,  2.74s/it]
Generating (int4) rank=0:  68%|██████▊   | 306/450 [13:58<06:33,  2.73s/it]
Generating (int4) rank=1:  68%|██████▊   | 308/450 [14:00<06:28,  2.74s/it]
Generating (int4) rank=0:  68%|██████▊   | 307/450 [14:00<06:31,  2.73s/it]
Generating (int4) rank=1:  69%|██████▊   | 309/450 [14:03<06:26,  2.74s/it]
Generating (int4) rank=0:  68%|██████▊   | 308/450 [14:03<06:28,  2.73s/it]
Generating (int4) rank=1:  69%|██████▉   | 310/450 [14:06<06:23,  2.74s/it]
Generating (int4) rank=0:  69%|██████▊   | 309/450 [14:06<06:25,  2.73s/it]
Generating (int4) rank=1:  69%|██████▉   | 311/450 [14:08<06:20,  2.74s/it]
Generating (int4) rank=0:  69%|██████▉   | 310/450 [14:09<06:22,  2.73s/it]
Generating (int4) rank=1:  69%|██████▉   | 312/450 [14:11<06:17,  2.74s/it]
Generating (int4) rank=0:  69%|██████▉   | 311/450 [14:11<06:20,  2.73s/it]
Generating (int4) rank=1:  70%|██████▉   | 313/450 [14:14<06:14,  2.74s/it]
Generating (int4) rank=0:  69%|██████▉   | 312/450 [14:14<06:17,  2.73s/it]
Generating (int4) rank=1:  70%|██████▉   | 314/450 [14:17<06:11,  2.73s/it]
Generating (int4) rank=0:  70%|██████▉   | 313/450 [14:17<06:14,  2.73s/it]
Generating (int4) rank=1:  70%|███████   | 315/450 [14:19<06:09,  2.73s/it]
Generating (int4) rank=0:  70%|██████▉   | 314/450 [14:20<06:11,  2.73s/it]
Generating (int4) rank=1:  70%|███████   | 316/450 [14:22<06:06,  2.73s/it]
Generating (int4) rank=0:  70%|███████   | 315/450 [14:22<06:09,  2.73s/it]
Generating (int4) rank=1:  70%|███████   | 317/450 [14:25<06:03,  2.73s/it]
Generating (int4) rank=0:  70%|███████   | 316/450 [14:25<06:06,  2.73s/it]
Generating (int4) rank=1:  71%|███████   | 318/450 [14:28<06:00,  2.73s/it]
Generating (int4) rank=0:  70%|███████   | 317/450 [14:28<06:03,  2.73s/it]
Generating (int4) rank=1:  71%|███████   | 319/450 [14:30<05:58,  2.73s/it]
Generating (int4) rank=0:  71%|███████   | 318/450 [14:30<06:00,  2.73s/it]
Generating (int4) rank=1:  71%|███████   | 320/450 [14:33<05:55,  2.73s/it]
Generating (int4) rank=0:  71%|███████   | 319/450 [14:33<05:58,  2.73s/it]
Generating (int4) rank=1:  71%|███████▏  | 321/450 [14:36<05:52,  2.73s/it]
Generating (int4) rank=0:  71%|███████   | 320/450 [14:36<05:55,  2.73s/it]
Generating (int4) rank=1:  72%|███████▏  | 322/450 [14:39<05:49,  2.73s/it]
Generating (int4) rank=0:  71%|███████▏  | 321/450 [14:39<05:52,  2.73s/it]
Generating (int4) rank=1:  72%|███████▏  | 323/450 [14:41<05:47,  2.73s/it]
Generating (int4) rank=0:  72%|███████▏  | 322/450 [14:41<05:49,  2.73s/it]
Generating (int4) rank=1:  72%|███████▏  | 324/450 [14:44<05:44,  2.73s/it]
Generating (int4) rank=0:  72%|███████▏  | 323/450 [14:44<05:47,  2.73s/it]
Generating (int4) rank=1:  72%|███████▏  | 325/450 [14:47<05:41,  2.73s/it]
Generating (int4) rank=0:  72%|███████▏  | 324/450 [14:47<05:44,  2.73s/it]
Generating (int4) rank=1:  72%|███████▏  | 326/450 [14:50<05:39,  2.74s/it]
Generating (int4) rank=0:  72%|███████▏  | 325/450 [14:50<05:41,  2.73s/it]
Generating (int4) rank=1:  73%|███████▎  | 327/450 [14:52<05:36,  2.74s/it]
Generating (int4) rank=0:  72%|███████▏  | 326/450 [14:52<05:38,  2.73s/it]
Generating (int4) rank=1:  73%|███████▎  | 328/450 [14:55<05:33,  2.74s/it]
Generating (int4) rank=0:  73%|███████▎  | 327/450 [14:55<05:36,  2.73s/it]
Generating (int4) rank=1:  73%|███████▎  | 329/450 [14:58<05:31,  2.74s/it]
Generating (int4) rank=0:  73%|███████▎  | 328/450 [14:58<05:33,  2.73s/it]
Generating (int4) rank=1:  73%|███████▎  | 330/450 [15:00<05:28,  2.74s/it]
Generating (int4) rank=0:  73%|███████▎  | 329/450 [15:01<05:30,  2.73s/it]
Generating (int4) rank=1:  74%|███████▎  | 331/450 [15:03<05:25,  2.74s/it]
Generating (int4) rank=0:  73%|███████▎  | 330/450 [15:03<05:27,  2.73s/it]
Generating (int4) rank=1:  74%|███████▍  | 332/450 [15:06<05:23,  2.74s/it]
Generating (int4) rank=0:  74%|███████▎  | 331/450 [15:06<05:25,  2.73s/it]
Generating (int4) rank=1:  74%|███████▍  | 333/450 [15:09<05:20,  2.74s/it]
Generating (int4) rank=0:  74%|███████▍  | 332/450 [15:09<05:22,  2.73s/it]
Generating (int4) rank=1:  74%|███████▍  | 334/450 [15:11<05:17,  2.74s/it]
Generating (int4) rank=0:  74%|███████▍  | 333/450 [15:11<05:19,  2.73s/it]
Generating (int4) rank=1:  74%|███████▍  | 335/450 [15:14<05:14,  2.74s/it]
Generating (int4) rank=0:  74%|███████▍  | 334/450 [15:14<05:16,  2.73s/it]
Generating (int4) rank=1:  75%|███████▍  | 336/450 [15:17<05:11,  2.73s/it]
Generating (int4) rank=0:  74%|███████▍  | 335/450 [15:17<05:14,  2.73s/it]
Generating (int4) rank=1:  75%|███████▍  | 337/450 [15:20<05:08,  2.73s/it]
Generating (int4) rank=0:  75%|███████▍  | 336/450 [15:20<05:11,  2.73s/it]
Generating (int4) rank=1:  75%|███████▌  | 338/450 [15:22<05:06,  2.73s/it]
Generating (int4) rank=0:  75%|███████▍  | 337/450 [15:22<05:08,  2.73s/it]
Generating (int4) rank=1:  75%|███████▌  | 339/450 [15:25<05:03,  2.73s/it]
Generating (int4) rank=0:  75%|███████▌  | 338/450 [15:25<05:05,  2.73s/it]
Generating (int4) rank=1:  76%|███████▌  | 340/450 [15:28<05:00,  2.74s/it]
Generating (int4) rank=0:  75%|███████▌  | 339/450 [15:28<05:03,  2.73s/it]
Generating (int4) rank=1:  76%|███████▌  | 341/450 [15:31<04:58,  2.73s/it]
Generating (int4) rank=0:  76%|███████▌  | 340/450 [15:31<05:00,  2.73s/it]
Generating (int4) rank=1:  76%|███████▌  | 342/450 [15:33<04:55,  2.73s/it]
Generating (int4) rank=0:  76%|███████▌  | 341/450 [15:33<04:57,  2.73s/it]
Generating (int4) rank=1:  76%|███████▌  | 343/450 [15:36<04:52,  2.73s/it]
Generating (int4) rank=0:  76%|███████▌  | 342/450 [15:36<04:55,  2.73s/it]
Generating (int4) rank=1:  76%|███████▋  | 344/450 [15:39<04:49,  2.73s/it]
Generating (int4) rank=0:  76%|███████▌  | 343/450 [15:39<04:52,  2.73s/it]
Generating (int4) rank=1:  77%|███████▋  | 345/450 [15:41<04:47,  2.74s/it]
Generating (int4) rank=0:  76%|███████▋  | 344/450 [15:42<04:49,  2.73s/it]
Generating (int4) rank=1:  77%|███████▋  | 346/450 [15:44<04:44,  2.74s/it]
Generating (int4) rank=0:  77%|███████▋  | 345/450 [15:44<04:47,  2.73s/it]
Generating (int4) rank=1:  77%|███████▋  | 347/450 [15:47<04:41,  2.73s/it]
Generating (int4) rank=0:  77%|███████▋  | 346/450 [15:47<04:44,  2.74s/it]
Generating (int4) rank=1:  77%|███████▋  | 348/450 [15:50<04:38,  2.73s/it]
Generating (int4) rank=0:  77%|███████▋  | 347/450 [15:50<04:41,  2.74s/it]
Generating (int4) rank=1:  78%|███████▊  | 349/450 [15:52<04:36,  2.73s/it]
Generating (int4) rank=0:  77%|███████▋  | 348/450 [15:52<04:39,  2.74s/it]
Generating (int4) rank=1:  78%|███████▊  | 350/450 [15:55<04:33,  2.73s/it]
Generating (int4) rank=0:  78%|███████▊  | 349/450 [15:55<04:36,  2.74s/it]
Generating (int4) rank=1:  78%|███████▊  | 351/450 [15:58<04:30,  2.73s/it]
Generating (int4) rank=0:  78%|███████▊  | 350/450 [15:58<04:33,  2.74s/it]
Generating (int4) rank=1:  78%|███████▊  | 352/450 [16:01<04:27,  2.73s/it]
Generating (int4) rank=0:  78%|███████▊  | 351/450 [16:01<04:30,  2.74s/it]
Generating (int4) rank=1:  78%|███████▊  | 353/450 [16:03<04:25,  2.73s/it]
Generating (int4) rank=0:  78%|███████▊  | 352/450 [16:03<04:28,  2.74s/it]
Generating (int4) rank=1:  79%|███████▊  | 354/450 [16:06<04:22,  2.74s/it]
Generating (int4) rank=0:  78%|███████▊  | 353/450 [16:06<04:25,  2.74s/it]
Generating (int4) rank=1:  79%|███████▉  | 355/450 [16:09<04:19,  2.74s/it]
Generating (int4) rank=0:  79%|███████▊  | 354/450 [16:09<04:22,  2.74s/it]
Generating (int4) rank=1:  79%|███████▉  | 356/450 [16:12<04:17,  2.73s/it]
Generating (int4) rank=0:  79%|███████▉  | 355/450 [16:12<04:19,  2.74s/it]
Generating (int4) rank=1:  79%|███████▉  | 357/450 [16:14<04:14,  2.73s/it]
Generating (int4) rank=0:  79%|███████▉  | 356/450 [16:14<04:17,  2.73s/it]
Generating (int4) rank=1:  80%|███████▉  | 358/450 [16:17<04:11,  2.73s/it]
Generating (int4) rank=0:  79%|███████▉  | 357/450 [16:17<04:14,  2.73s/it]
Generating (int4) rank=1:  80%|███████▉  | 359/450 [16:20<04:08,  2.73s/it]
Generating (int4) rank=0:  80%|███████▉  | 358/450 [16:20<04:11,  2.73s/it]
Generating (int4) rank=1:  80%|████████  | 360/450 [16:22<04:05,  2.73s/it]
Generating (int4) rank=0:  80%|███████▉  | 359/450 [16:23<04:08,  2.73s/it]
Generating (int4) rank=1:  80%|████████  | 361/450 [16:25<04:03,  2.73s/it]
Generating (int4) rank=0:  80%|████████  | 360/450 [16:25<04:06,  2.74s/it]
Generating (int4) rank=1:  80%|████████  | 362/450 [16:28<04:00,  2.73s/it]
Generating (int4) rank=0:  80%|████████  | 361/450 [16:28<04:03,  2.74s/it]
Generating (int4) rank=1:  81%|████████  | 363/450 [16:31<03:57,  2.73s/it]
Generating (int4) rank=0:  80%|████████  | 362/450 [16:31<04:00,  2.74s/it]
Generating (int4) rank=1:  81%|████████  | 364/450 [16:33<03:55,  2.74s/it]
Generating (int4) rank=0:  81%|████████  | 363/450 [16:34<03:57,  2.73s/it]
Generating (int4) rank=1:  81%|████████  | 365/450 [16:36<03:52,  2.74s/it]
Generating (int4) rank=0:  81%|████████  | 364/450 [16:36<03:55,  2.73s/it]
Generating (int4) rank=1:  81%|████████▏ | 366/450 [16:39<03:49,  2.74s/it]
Generating (int4) rank=0:  81%|████████  | 365/450 [16:39<03:52,  2.73s/it]
Generating (int4) rank=1:  82%|████████▏ | 367/450 [16:42<03:46,  2.73s/it]
Generating (int4) rank=0:  81%|████████▏ | 366/450 [16:42<03:49,  2.73s/it]
Generating (int4) rank=1:  82%|████████▏ | 368/450 [16:44<03:44,  2.73s/it]
Generating (int4) rank=0:  82%|████████▏ | 367/450 [16:44<03:46,  2.73s/it]
Generating (int4) rank=1:  82%|████████▏ | 369/450 [16:47<03:41,  2.73s/it]
Generating (int4) rank=0:  82%|████████▏ | 368/450 [16:47<03:44,  2.73s/it]
Generating (int4) rank=1:  82%|████████▏ | 370/450 [16:50<03:38,  2.74s/it]
Generating (int4) rank=0:  82%|████████▏ | 369/450 [16:50<03:41,  2.73s/it]
Generating (int4) rank=1:  82%|████████▏ | 371/450 [16:53<03:36,  2.74s/it]
Generating (int4) rank=0:  82%|████████▏ | 370/450 [16:53<03:38,  2.73s/it]
Generating (int4) rank=1:  83%|████████▎ | 372/450 [16:55<03:33,  2.73s/it]
Generating (int4) rank=0:  82%|████████▏ | 371/450 [16:55<03:35,  2.73s/it]
Generating (int4) rank=1:  83%|████████▎ | 373/450 [16:58<03:30,  2.74s/it]
Generating (int4) rank=0:  83%|████████▎ | 372/450 [16:58<03:33,  2.73s/it]
Generating (int4) rank=1:  83%|████████▎ | 374/450 [17:01<03:27,  2.74s/it]
Generating (int4) rank=0:  83%|████████▎ | 373/450 [17:01<03:30,  2.73s/it]
Generating (int4) rank=1:  83%|████████▎ | 375/450 [17:04<03:25,  2.74s/it]
Generating (int4) rank=0:  83%|████████▎ | 374/450 [17:04<03:27,  2.73s/it]
Generating (int4) rank=1:  84%|████████▎ | 376/450 [17:06<03:22,  2.73s/it]
Generating (int4) rank=0:  83%|████████▎ | 375/450 [17:06<03:25,  2.74s/it]
Generating (int4) rank=1:  84%|████████▍ | 377/450 [17:09<03:19,  2.74s/it]
Generating (int4) rank=0:  84%|████████▎ | 376/450 [17:09<03:22,  2.74s/it]
Generating (int4) rank=1:  84%|████████▍ | 378/450 [17:12<03:16,  2.74s/it]
Generating (int4) rank=0:  84%|████████▍ | 377/450 [17:12<03:19,  2.73s/it]
Generating (int4) rank=1:  84%|████████▍ | 379/450 [17:14<03:14,  2.73s/it]
Generating (int4) rank=0:  84%|████████▍ | 378/450 [17:15<03:16,  2.74s/it]
Generating (int4) rank=1:  84%|████████▍ | 380/450 [17:17<03:11,  2.73s/it]
Generating (int4) rank=0:  84%|████████▍ | 379/450 [17:17<03:14,  2.73s/it]
Generating (int4) rank=1:  85%|████████▍ | 381/450 [17:20<03:08,  2.73s/it]
Generating (int4) rank=0:  84%|████████▍ | 380/450 [17:20<03:11,  2.73s/it]
Generating (int4) rank=1:  85%|████████▍ | 382/450 [17:23<03:05,  2.73s/it]
Generating (int4) rank=0:  85%|████████▍ | 381/450 [17:23<03:08,  2.73s/it]
Generating (int4) rank=1:  85%|████████▌ | 383/450 [17:25<03:03,  2.74s/it]
Generating (int4) rank=0:  85%|████████▍ | 382/450 [17:25<03:05,  2.73s/it]
Generating (int4) rank=1:  85%|████████▌ | 384/450 [17:28<03:00,  2.74s/it]
Generating (int4) rank=0:  85%|████████▌ | 383/450 [17:28<03:03,  2.73s/it]
Generating (int4) rank=1:  86%|████████▌ | 385/450 [17:31<02:58,  2.74s/it]
Generating (int4) rank=0:  85%|████████▌ | 384/450 [17:31<03:00,  2.73s/it]
Generating (int4) rank=1:  86%|████████▌ | 386/450 [17:34<02:55,  2.74s/it]
Generating (int4) rank=0:  86%|████████▌ | 385/450 [17:34<02:57,  2.73s/it]
Generating (int4) rank=1:  86%|████████▌ | 387/450 [17:36<02:52,  2.74s/it]
Generating (int4) rank=0:  86%|████████▌ | 386/450 [17:36<02:55,  2.73s/it]
Generating (int4) rank=1:  86%|████████▌ | 388/450 [17:39<02:49,  2.74s/it]
Generating (int4) rank=0:  86%|████████▌ | 387/450 [17:39<02:52,  2.73s/it]
Generating (int4) rank=1:  86%|████████▋ | 389/450 [17:42<02:46,  2.74s/it]
Generating (int4) rank=0:  86%|████████▌ | 388/450 [17:42<02:49,  2.73s/it]
Generating (int4) rank=1:  87%|████████▋ | 390/450 [17:45<02:44,  2.74s/it]
Generating (int4) rank=0:  86%|████████▋ | 389/450 [17:45<02:46,  2.73s/it]
Generating (int4) rank=1:  87%|████████▋ | 391/450 [17:47<02:41,  2.74s/it]
Generating (int4) rank=0:  87%|████████▋ | 390/450 [17:47<02:44,  2.73s/it]
Generating (int4) rank=1:  87%|████████▋ | 392/450 [17:50<02:38,  2.74s/it]
Generating (int4) rank=0:  87%|████████▋ | 391/450 [17:50<02:41,  2.73s/it]
Generating (int4) rank=1:  87%|████████▋ | 393/450 [17:53<02:35,  2.73s/it]
Generating (int4) rank=0:  87%|████████▋ | 392/450 [17:53<02:38,  2.73s/it]
Generating (int4) rank=1:  88%|████████▊ | 394/450 [17:55<02:33,  2.73s/it]
Generating (int4) rank=0:  87%|████████▋ | 393/450 [17:56<02:35,  2.73s/it]
Generating (int4) rank=1:  88%|████████▊ | 395/450 [17:58<02:30,  2.73s/it]
Generating (int4) rank=0:  88%|████████▊ | 394/450 [17:58<02:33,  2.73s/it]
Generating (int4) rank=1:  88%|████████▊ | 396/450 [18:01<02:27,  2.73s/it]
Generating (int4) rank=0:  88%|████████▊ | 395/450 [18:01<02:30,  2.73s/it]
Generating (int4) rank=1:  88%|████████▊ | 397/450 [18:04<02:25,  2.74s/it]
Generating (int4) rank=0:  88%|████████▊ | 396/450 [18:04<02:27,  2.73s/it]
Generating (int4) rank=1:  88%|████████▊ | 398/450 [18:06<02:22,  2.74s/it]
Generating (int4) rank=0:  88%|████████▊ | 397/450 [18:06<02:24,  2.73s/it]
Generating (int4) rank=1:  89%|████████▊ | 399/450 [18:09<02:19,  2.74s/it]
Generating (int4) rank=0:  88%|████████▊ | 398/450 [18:09<02:22,  2.73s/it]
Generating (int4) rank=1:  89%|████████▉ | 400/450 [18:12<02:16,  2.74s/it]
Generating (int4) rank=0:  89%|████████▊ | 399/450 [18:12<02:19,  2.73s/it]
Generating (int4) rank=1:  89%|████████▉ | 401/450 [18:15<02:14,  2.74s/it]
Generating (int4) rank=0:  89%|████████▉ | 400/450 [18:15<02:16,  2.73s/it]
Generating (int4) rank=1:  89%|████████▉ | 402/450 [18:17<02:11,  2.74s/it]
Generating (int4) rank=0:  89%|████████▉ | 401/450 [18:17<02:13,  2.73s/it]
Generating (int4) rank=1:  90%|████████▉ | 403/450 [18:20<02:08,  2.74s/it]
Generating (int4) rank=0:  89%|████████▉ | 402/450 [18:20<02:11,  2.73s/it]
Generating (int4) rank=1:  90%|████████▉ | 404/450 [18:23<02:05,  2.74s/it]
Generating (int4) rank=0:  90%|████████▉ | 403/450 [18:23<02:08,  2.73s/it]
Generating (int4) rank=1:  90%|█████████ | 405/450 [18:26<02:03,  2.74s/it]
Generating (int4) rank=0:  90%|████████▉ | 404/450 [18:26<02:05,  2.73s/it]
Generating (int4) rank=1:  90%|█████████ | 406/450 [18:28<02:00,  2.73s/it]
Generating (int4) rank=0:  90%|█████████ | 405/450 [18:28<02:03,  2.73s/it]
Generating (int4) rank=1:  90%|█████████ | 407/450 [18:31<01:57,  2.74s/it]
Generating (int4) rank=0:  90%|█████████ | 406/450 [18:31<02:00,  2.73s/it]
Generating (int4) rank=1:  91%|█████████ | 408/450 [18:34<01:54,  2.74s/it]
Generating (int4) rank=0:  90%|█████████ | 407/450 [18:34<01:57,  2.73s/it]
Generating (int4) rank=1:  91%|█████████ | 409/450 [18:37<01:52,  2.74s/it]
Generating (int4) rank=0:  91%|█████████ | 408/450 [18:37<01:54,  2.74s/it]
Generating (int4) rank=1:  91%|█████████ | 410/450 [18:39<01:49,  2.74s/it]
Generating (int4) rank=0:  91%|█████████ | 409/450 [18:39<01:52,  2.74s/it]
Generating (int4) rank=1:  91%|█████████▏| 411/450 [18:42<01:46,  2.74s/it]
Generating (int4) rank=0:  91%|█████████ | 410/450 [18:42<01:49,  2.74s/it]
Generating (int4) rank=0:  91%|█████████▏| 411/450 [18:45<01:46,  2.74s/it]
Generating (int4) rank=1:  92%|█████████▏| 412/450 [18:45<01:44,  2.74s/it]
Generating (int4) rank=0:  92%|█████████▏| 412/450 [18:48<01:43,  2.73s/it]
Generating (int4) rank=1:  92%|█████████▏| 413/450 [18:48<01:41,  2.74s/it]
Generating (int4) rank=0:  92%|█████████▏| 413/450 [18:50<01:41,  2.73s/it]
Generating (int4) rank=1:  92%|█████████▏| 414/450 [18:50<01:38,  2.74s/it]
Generating (int4) rank=0:  92%|█████████▏| 414/450 [18:53<01:38,  2.73s/it]
Generating (int4) rank=1:  92%|█████████▏| 415/450 [18:53<01:35,  2.74s/it]
Generating (int4) rank=0:  92%|█████████▏| 415/450 [18:56<01:35,  2.73s/it]
Generating (int4) rank=1:  92%|█████████▏| 416/450 [18:56<01:32,  2.73s/it]
Generating (int4) rank=0:  92%|█████████▏| 416/450 [18:58<01:32,  2.73s/it]
Generating (int4) rank=1:  93%|█████████▎| 417/450 [18:58<01:30,  2.73s/it]
Generating (int4) rank=1:  93%|█████████▎| 418/450 [19:01<01:27,  2.73s/it]
Generating (int4) rank=0:  93%|█████████▎| 417/450 [19:01<01:30,  2.73s/it]
Generating (int4) rank=1:  93%|█████████▎| 419/450 [19:04<01:24,  2.73s/it]
Generating (int4) rank=0:  93%|█████████▎| 418/450 [19:04<01:27,  2.73s/it]
Generating (int4) rank=1:  93%|█████████▎| 420/450 [19:07<01:21,  2.73s/it]
Generating (int4) rank=0:  93%|█████████▎| 419/450 [19:07<01:24,  2.73s/it]
Generating (int4) rank=1:  94%|█████████▎| 421/450 [19:09<01:19,  2.73s/it]
Generating (int4) rank=0:  93%|█████████▎| 420/450 [19:09<01:21,  2.73s/it]
Generating (int4) rank=1:  94%|█████████▍| 422/450 [19:12<01:16,  2.73s/it]
Generating (int4) rank=0:  94%|█████████▎| 421/450 [19:12<01:19,  2.73s/it]
Generating (int4) rank=1:  94%|█████████▍| 423/450 [19:15<01:13,  2.73s/it]
Generating (int4) rank=0:  94%|█████████▍| 422/450 [19:15<01:16,  2.73s/it]
Generating (int4) rank=1:  94%|█████████▍| 424/450 [19:18<01:10,  2.73s/it]
Generating (int4) rank=0:  94%|█████████▍| 423/450 [19:18<01:13,  2.73s/it]
Generating (int4) rank=1:  94%|█████████▍| 425/450 [19:20<01:08,  2.73s/it]
Generating (int4) rank=0:  94%|█████████▍| 424/450 [19:20<01:11,  2.73s/it]
Generating (int4) rank=1:  95%|█████████▍| 426/450 [19:23<01:05,  2.73s/it]
Generating (int4) rank=0:  94%|█████████▍| 425/450 [19:23<01:08,  2.73s/it]
Generating (int4) rank=1:  95%|█████████▍| 427/450 [19:26<01:02,  2.73s/it]
Generating (int4) rank=0:  95%|█████████▍| 426/450 [19:26<01:05,  2.73s/it]
Generating (int4) rank=1:  95%|█████████▌| 428/450 [19:28<00:59,  2.73s/it]
Generating (int4) rank=0:  95%|█████████▍| 427/450 [19:28<01:02,  2.73s/it]
Generating (int4) rank=1:  95%|█████████▌| 429/450 [19:31<00:57,  2.73s/it]
Generating (int4) rank=0:  95%|█████████▌| 428/450 [19:31<01:00,  2.73s/it]
Generating (int4) rank=1:  96%|█████████▌| 430/450 [19:34<00:54,  2.73s/it]
Generating (int4) rank=0:  95%|█████████▌| 429/450 [19:34<00:57,  2.73s/it]
Generating (int4) rank=1:  96%|█████████▌| 431/450 [19:37<00:51,  2.73s/it]
Generating (int4) rank=0:  96%|█████████▌| 430/450 [19:37<00:54,  2.74s/it]
Generating (int4) rank=1:  96%|█████████▌| 432/450 [19:39<00:49,  2.73s/it]
Generating (int4) rank=0:  96%|█████████▌| 431/450 [19:39<00:51,  2.74s/it]
Generating (int4) rank=1:  96%|█████████▌| 433/450 [19:42<00:46,  2.73s/it]
Generating (int4) rank=0:  96%|█████████▌| 432/450 [19:42<00:49,  2.73s/it]
Generating (int4) rank=1:  96%|█████████▋| 434/450 [19:45<00:43,  2.73s/it]
Generating (int4) rank=0:  96%|█████████▌| 433/450 [19:45<00:46,  2.74s/it]
Generating (int4) rank=1:  97%|█████████▋| 435/450 [19:48<00:40,  2.73s/it]
Generating (int4) rank=0:  96%|█████████▋| 434/450 [19:48<00:43,  2.73s/it]
Generating (int4) rank=1:  97%|█████████▋| 436/450 [19:50<00:38,  2.73s/it]
Generating (int4) rank=0:  97%|█████████▋| 435/450 [19:50<00:41,  2.73s/it]
Generating (int4) rank=1:  97%|█████████▋| 437/450 [19:53<00:35,  2.73s/it]
Generating (int4) rank=0:  97%|█████████▋| 436/450 [19:53<00:38,  2.73s/it]
Generating (int4) rank=1:  97%|█████████▋| 438/450 [19:56<00:32,  2.72s/it]
Generating (int4) rank=0:  97%|█████████▋| 437/450 [19:56<00:35,  2.73s/it]
Generating (int4) rank=1:  98%|█████████▊| 439/450 [19:58<00:29,  2.73s/it]
Generating (int4) rank=0:  97%|█████████▋| 438/450 [19:59<00:32,  2.73s/it]
Generating (int4) rank=1:  98%|█████████▊| 440/450 [20:01<00:27,  2.73s/it]
Generating (int4) rank=0:  98%|█████████▊| 439/450 [20:01<00:30,  2.73s/it]
Generating (int4) rank=1:  98%|█████████▊| 441/450 [20:04<00:24,  2.72s/it]
Generating (int4) rank=0:  98%|█████████▊| 440/450 [20:04<00:27,  2.73s/it]
Generating (int4) rank=1:  98%|█████████▊| 442/450 [20:07<00:21,  2.73s/it]
Generating (int4) rank=0:  98%|█████████▊| 441/450 [20:07<00:24,  2.73s/it]
Generating (int4) rank=1:  98%|█████████▊| 443/450 [20:09<00:19,  2.73s/it]
Generating (int4) rank=0:  98%|█████████▊| 442/450 [20:10<00:21,  2.73s/it]
Generating (int4) rank=1:  99%|█████████▊| 444/450 [20:12<00:16,  2.72s/it]
Generating (int4) rank=0:  98%|█████████▊| 443/450 [20:12<00:19,  2.73s/it]
Generating (int4) rank=1:  99%|█████████▉| 445/450 [20:15<00:13,  2.72s/it]
Generating (int4) rank=0:  99%|█████████▊| 444/450 [20:15<00:16,  2.73s/it]
Generating (int4) rank=1:  99%|█████████▉| 446/450 [20:17<00:10,  2.72s/it]
Generating (int4) rank=0:  99%|█████████▉| 445/450 [20:18<00:13,  2.73s/it]
Generating (int4) rank=1:  99%|█████████▉| 447/450 [20:20<00:08,  2.72s/it]
Generating (int4) rank=0:  99%|█████████▉| 446/450 [20:20<00:10,  2.73s/it]
Generating (int4) rank=1: 100%|█████████▉| 448/450 [20:23<00:05,  2.72s/it]
Generating (int4) rank=0:  99%|█████████▉| 447/450 [20:23<00:08,  2.73s/it]
Generating (int4) rank=1: 100%|█████████▉| 449/450 [20:26<00:02,  2.72s/it]
Generating (int4) rank=0: 100%|█████████▉| 448/450 [20:26<00:05,  2.73s/it]
Generating (int4) rank=1: 100%|██████████| 450/450 [20:28<00:00,  2.72s/it]
Generating (int4) rank=1: 100%|██████████| 450/450 [20:28<00:00,  2.73s/it]

Generating (int4) rank=0: 100%|█████████▉| 449/450 [20:29<00:02,  2.74s/it]
Generating (int4) rank=0: 100%|██████████| 450/450 [20:31<00:00,  2.74s/it]
Generating (int4) rank=0: 100%|██████████| 450/450 [20:31<00:00,  2.74s/it]
fatal: not a git repository (or any of the parent directories): .git
2026-07-12:19:32:08,798 INFO     [lm_eval.loggers.evaluation_tracker:209] Saving results aggregated
2026-07-12:19:32:08,800 INFO     [lm_eval.loggers.evaluation_tracker:290] Saving per-sample results for: sudoku4_4shot_large

