/home/alimaskina/miniconda3/lib/python3.13/site-packages/requests/__init__.py:113: RequestsDependencyWarning: urllib3 (2.5.0) or chardet (6.0.0.post1)/charset_normalizer (3.3.2) doesn't match a supported version!
  warnings.warn(
llada_dist (model_path=GSAI-ML/LLaDA-8B-Base,quant=int4,gen_length=20,steps=20,block_length=20,remasking=low_confidence,checkpoint_dir=checkpoints/results_sudoku_int4_large_4x4_2shot_2gpu_g20,gen_batch_size=1), gen_kwargs: (None), limit: None, num_fewshot: None, batch_size: 1
|       Tasks       |Version|Filter|n-shot|   Metric   |   |Value |   |Stderr|
|-------------------|------:|------|-----:|------------|---|-----:|---|-----:|
|sudoku4_2shot_large|      1|none  |     2|exact_match |↑  |0.3289|±  |0.0157|
|                   |       |none  |     2|valid_sudoku|↑  |0.3289|±  |0.0157|


/home/alimaskina/miniconda3/lib/python3.13/site-packages/requests/__init__.py:113: RequestsDependencyWarning: urllib3 (2.5.0) or chardet (6.0.0.post1)/charset_normalizer (3.3.2) doesn't match a supported version!
  warnings.warn(
/home/alimaskina/miniconda3/lib/python3.13/site-packages/requests/__init__.py:113: RequestsDependencyWarning: urllib3 (2.5.0) or chardet (6.0.0.post1)/charset_normalizer (3.3.2) doesn't match a supported version!
  warnings.warn(
/home/alimaskina/miniconda3/lib/python3.13/site-packages/requests/__init__.py:113: RequestsDependencyWarning: urllib3 (2.5.0) or chardet (6.0.0.post1)/charset_normalizer (3.3.2) doesn't match a supported version!
  warnings.warn(
The following values were not passed to `accelerate launch` and had defaults used instead:
	`--num_machines` was set to a value of `1`
	`--mixed_precision` was set to a value of `'no'`
	`--dynamo_backend` was set to a value of `'no'`
To avoid this warning pass in values for each of the problematic parameters or run `accelerate config`.
2026-07-12:21:01:35,461 INFO     [lm_eval.__main__:307] Including path: /home/alimaskina/dllm/quant_where_to_unmask/tasks
2026-07-12:21:01:35,486 INFO     [lm_eval.__main__:307] Including path: /home/alimaskina/dllm/quant_where_to_unmask/tasks
2026-07-12:21:01:47,959 INFO     [lm_eval.__main__:379] Selected Tasks: ['sudoku4_2shot_large']
2026-07-12:21:01:47,960 INFO     [lm_eval.evaluator:169] Setting random seed to 0 | Setting numpy seed to 1234 | Setting torch manual seed to 1234 | Setting fewshot manual seed to 1234
2026-07-12:21:01:47,960 INFO     [lm_eval.evaluator:206] Initializing llada_dist model, with arguments: {'model_path': 'GSAI-ML/LLaDA-8B-Base', 'quant': 'int4', 'gen_length': 20, 'steps': 20, 'block_length': 20, 'remasking': 'low_confidence', 'checkpoint_dir': 'checkpoints/results_sudoku_int4_large_4x4_2shot_2gpu_g20', 'gen_batch_size': 1}
2026-07-12:21:01:48,070 INFO     [lm_eval.__main__:379] Selected Tasks: ['sudoku4_2shot_large']
2026-07-12:21:01:48,071 INFO     [lm_eval.evaluator:169] Setting random seed to 0 | Setting numpy seed to 1234 | Setting torch manual seed to 1234 | Setting fewshot manual seed to 1234
2026-07-12:21:01:48,071 INFO     [lm_eval.evaluator:206] Initializing llada_dist model, with arguments: {'model_path': 'GSAI-ML/LLaDA-8B-Base', 'quant': 'int4', 'gen_length': 20, 'steps': 20, 'block_length': 20, 'remasking': 'low_confidence', 'checkpoint_dir': 'checkpoints/results_sudoku_int4_large_4x4_2shot_2gpu_g20', 'gen_batch_size': 1}
2026-07-12:21:01:48,627 WARNING  [accelerate.utils.other:349] Detected kernel version 5.4.210, which is below the recommended minimum of 5.5.0; this can cause the process to hang. It is recommended to upgrade the kernel to the minimum version or higher.

Loading checkpoint shards:   0%|          | 0/6 [00:00<?, ?it/s]
Loading checkpoint shards:   0%|          | 0/6 [00:00<?, ?it/s]
Loading checkpoint shards:  17%|█▋        | 1/6 [00:02<00:11,  2.27s/it]
Loading checkpoint shards:  17%|█▋        | 1/6 [00:02<00:12,  2.42s/it]
Loading checkpoint shards:  33%|███▎      | 2/6 [00:04<00:09,  2.42s/it]
Loading checkpoint shards:  33%|███▎      | 2/6 [00:05<00:10,  2.69s/it]
Loading checkpoint shards:  50%|█████     | 3/6 [00:07<00:07,  2.47s/it]
Loading checkpoint shards:  50%|█████     | 3/6 [00:08<00:08,  2.88s/it]
Loading checkpoint shards:  67%|██████▋   | 4/6 [00:09<00:04,  2.48s/it]
Loading checkpoint shards:  67%|██████▋   | 4/6 [00:11<00:05,  2.94s/it]
Loading checkpoint shards:  83%|████████▎ | 5/6 [00:12<00:02,  2.47s/it]
Loading checkpoint shards: 100%|██████████| 6/6 [00:14<00:00,  2.23s/it]
Loading checkpoint shards: 100%|██████████| 6/6 [00:14<00:00,  2.34s/it]

Loading checkpoint shards:  83%|████████▎ | 5/6 [00:14<00:02,  2.95s/it]2026-07-12:21:02:05,531 INFO     [lm_eval.api.task:420] Building contexts for sudoku4_2shot_large on rank 0...

  0%|          | 0/450 [00:00<?, ?it/s]
 12%|█▏        | 54/450 [00:00<00:00, 537.08it/s]
 24%|██▍       | 108/450 [00:00<00:00, 535.57it/s]
 36%|███▌      | 163/450 [00:00<00:00, 538.72it/s]
 48%|████▊     | 218/450 [00:00<00:00, 539.74it/s]
 61%|██████    | 273/450 [00:00<00:00, 540.75it/s]
 73%|███████▎  | 329/450 [00:00<00:00, 544.37it/s]
 85%|████████▌ | 384/450 [00:00<00:00, 545.00it/s]
 98%|█████████▊| 439/450 [00:00<00:00, 546.01it/s]
100%|██████████| 450/450 [00:00<00:00, 542.96it/s]

Loading checkpoint shards: 100%|██████████| 6/6 [00:16<00:00,  2.70s/it]
Loading checkpoint shards: 100%|██████████| 6/6 [00:16<00:00,  2.77s/it]
2026-07-12:21:02:08,199 INFO     [lm_eval.api.task:420] Building contexts for sudoku4_2shot_large on rank 1...

  0%|          | 0/450 [00:00<?, ?it/s]
 12%|█▏        | 53/450 [00:00<00:00, 526.07it/s]
 24%|██▎       | 106/450 [00:00<00:00, 526.51it/s]
 36%|███▌      | 160/450 [00:00<00:00, 528.70it/s]
 48%|████▊     | 214/450 [00:00<00:00, 532.11it/s]
 60%|█████▉    | 269/450 [00:00<00:00, 535.11it/s]
 72%|███████▏  | 323/450 [00:00<00:00, 536.32it/s]
 84%|████████▍ | 377/450 [00:00<00:00, 537.06it/s]
 96%|█████████▌| 431/450 [00:00<00:00, 536.69it/s]
100%|██████████| 450/450 [00:00<00:00, 534.23it/s]
2026-07-12:21:02:09,706 INFO     [lm_eval.evaluator:517] Running generate_until requests
2026-07-12:21:02:09,706 INFO     [lm_eval.evaluator:517] Running generate_until requests
Parameter 'function'=<function LLaDAEvalHarness.generate_until.<locals>._tokenize at 0x7fe550edaef0> of the transform datasets.arrow_dataset.Dataset._map_single couldn't be hashed properly, a random hash was used instead. Make sure your transforms and parameters are serializable with pickle or dill for the dataset fingerprinting and caching to work. If you reuse this transform, the caching mechanism will consider it to be different from the previous calls and recompute everything. This warning is only shown once. Subsequent hashing failures won't be shown.
2026-07-12:21:02:09,738 WARNING  [datasets.fingerprint:284] Parameter 'function'=<function LLaDAEvalHarness.generate_until.<locals>._tokenize at 0x7fe550edaef0> of the transform datasets.arrow_dataset.Dataset._map_single couldn't be hashed properly, a random hash was used instead. Make sure your transforms and parameters are serializable with pickle or dill for the dataset fingerprinting and caching to work. If you reuse this transform, the caching mechanism will consider it to be different from the previous calls and recompute everything. This warning is only shown once. Subsequent hashing failures won't be shown.
Parameter 'function'=<function LLaDAEvalHarness.generate_until.<locals>._tokenize at 0x7f4e501ceef0> of the transform datasets.arrow_dataset.Dataset._map_single couldn't be hashed properly, a random hash was used instead. Make sure your transforms and parameters are serializable with pickle or dill for the dataset fingerprinting and caching to work. If you reuse this transform, the caching mechanism will consider it to be different from the previous calls and recompute everything. This warning is only shown once. Subsequent hashing failures won't be shown.
2026-07-12:21:02:09,739 WARNING  [datasets.fingerprint:284] Parameter 'function'=<function LLaDAEvalHarness.generate_until.<locals>._tokenize at 0x7f4e501ceef0> of the transform datasets.arrow_dataset.Dataset._map_single couldn't be hashed properly, a random hash was used instead. Make sure your transforms and parameters are serializable with pickle or dill for the dataset fingerprinting and caching to work. If you reuse this transform, the caching mechanism will consider it to be different from the previous calls and recompute everything. This warning is only shown once. Subsequent hashing failures won't be shown.

Map:   0%|          | 0/450 [00:00<?, ? examples/s]
Map:   0%|          | 0/450 [00:00<?, ? examples/s]
Map:  61%|██████    | 273/450 [00:00<00:00, 2709.29 examples/s]
Map:  62%|██████▏   | 277/450 [00:00<00:00, 2743.02 examples/s]
Map: 100%|██████████| 450/450 [00:00<00:00, 2571.70 examples/s]

Generating (int4) rank=0:   0%|          | 0/450 [00:00<?, ?it/s]
Map: 100%|██████████| 450/450 [00:00<00:00, 2564.12 examples/s]

Generating (int4) rank=1:   0%|          | 0/450 [00:00<?, ?it/s]
Generating (int4) rank=0:   0%|          | 1/450 [00:02<18:50,  2.52s/it]
Generating (int4) rank=1:   0%|          | 1/450 [00:02<19:42,  2.63s/it]
Generating (int4) rank=0:   0%|          | 2/450 [00:04<16:51,  2.26s/it]
Generating (int4) rank=1:   0%|          | 2/450 [00:04<17:39,  2.36s/it]
Generating (int4) rank=0:   1%|          | 3/450 [00:06<16:08,  2.17s/it]
Generating (int4) rank=1:   1%|          | 3/450 [00:06<16:57,  2.28s/it]
Generating (int4) rank=0:   1%|          | 4/450 [00:08<15:47,  2.12s/it]
Generating (int4) rank=1:   1%|          | 4/450 [00:09<16:35,  2.23s/it]
Generating (int4) rank=0:   1%|          | 5/450 [00:10<15:34,  2.10s/it]
Generating (int4) rank=1:   1%|          | 5/450 [00:11<16:22,  2.21s/it]
Generating (int4) rank=0:   1%|▏         | 6/450 [00:12<15:26,  2.09s/it]
Generating (int4) rank=1:   1%|▏         | 6/450 [00:13<16:13,  2.19s/it]
Generating (int4) rank=0:   2%|▏         | 7/450 [00:14<15:20,  2.08s/it]
Generating (int4) rank=1:   2%|▏         | 7/450 [00:15<16:07,  2.18s/it]
Generating (int4) rank=0:   2%|▏         | 8/450 [00:16<15:16,  2.07s/it]
Generating (int4) rank=1:   2%|▏         | 8/450 [00:17<16:02,  2.18s/it]
Generating (int4) rank=0:   2%|▏         | 9/450 [00:19<15:12,  2.07s/it]
Generating (int4) rank=1:   2%|▏         | 9/450 [00:19<15:56,  2.17s/it]
Generating (int4) rank=0:   2%|▏         | 10/450 [00:21<15:08,  2.06s/it]
Generating (int4) rank=1:   2%|▏         | 10/450 [00:22<15:45,  2.15s/it]
Generating (int4) rank=0:   2%|▏         | 11/450 [00:23<15:05,  2.06s/it]
Generating (int4) rank=1:   2%|▏         | 11/450 [00:24<15:34,  2.13s/it]
Generating (int4) rank=0:   3%|▎         | 12/450 [00:25<15:02,  2.06s/it]
Generating (int4) rank=1:   3%|▎         | 12/450 [00:26<15:25,  2.11s/it]
Generating (int4) rank=0:   3%|▎         | 13/450 [00:27<14:59,  2.06s/it]
Generating (int4) rank=1:   3%|▎         | 13/450 [00:28<15:18,  2.10s/it]
Generating (int4) rank=0:   3%|▎         | 14/450 [00:29<14:56,  2.06s/it]
Generating (int4) rank=1:   3%|▎         | 14/450 [00:30<15:13,  2.10s/it]
Generating (int4) rank=0:   3%|▎         | 15/450 [00:31<14:55,  2.06s/it]
Generating (int4) rank=1:   3%|▎         | 15/450 [00:32<15:23,  2.12s/it]
Generating (int4) rank=0:   4%|▎         | 16/450 [00:33<14:52,  2.06s/it]
Generating (int4) rank=1:   4%|▎         | 16/450 [00:34<15:27,  2.14s/it]
Generating (int4) rank=0:   4%|▍         | 17/450 [00:35<14:50,  2.06s/it]
Generating (int4) rank=1:   4%|▍         | 17/450 [00:36<15:26,  2.14s/it]
Generating (int4) rank=0:   4%|▍         | 18/450 [00:37<14:48,  2.06s/it]
Generating (int4) rank=1:   4%|▍         | 18/450 [00:39<15:24,  2.14s/it]
Generating (int4) rank=0:   4%|▍         | 19/450 [00:39<14:45,  2.05s/it]
Generating (int4) rank=1:   4%|▍         | 19/450 [00:41<15:22,  2.14s/it]
Generating (int4) rank=0:   4%|▍         | 20/450 [00:41<14:42,  2.05s/it]
Generating (int4) rank=1:   4%|▍         | 20/450 [00:43<15:19,  2.14s/it]
Generating (int4) rank=0:   5%|▍         | 21/450 [00:43<14:40,  2.05s/it]
Generating (int4) rank=1:   5%|▍         | 21/450 [00:45<15:16,  2.14s/it]
Generating (int4) rank=0:   5%|▍         | 22/450 [00:45<14:37,  2.05s/it]
Generating (int4) rank=1:   5%|▍         | 22/450 [00:47<15:14,  2.14s/it]
Generating (int4) rank=0:   5%|▌         | 23/450 [00:47<14:36,  2.05s/it]
Generating (int4) rank=1:   5%|▌         | 23/450 [00:49<15:11,  2.13s/it]
Generating (int4) rank=0:   5%|▌         | 24/450 [00:49<14:35,  2.05s/it]
Generating (int4) rank=1:   5%|▌         | 24/450 [00:51<15:09,  2.13s/it]
Generating (int4) rank=0:   6%|▌         | 25/450 [00:51<14:33,  2.05s/it]
Generating (int4) rank=0:   6%|▌         | 26/450 [00:53<14:31,  2.06s/it]
Generating (int4) rank=1:   6%|▌         | 25/450 [00:53<15:04,  2.13s/it]
Generating (int4) rank=0:   6%|▌         | 27/450 [00:55<14:29,  2.05s/it]
Generating (int4) rank=1:   6%|▌         | 26/450 [00:56<15:01,  2.13s/it]
Generating (int4) rank=0:   6%|▌         | 28/450 [00:58<14:26,  2.05s/it]
Generating (int4) rank=1:   6%|▌         | 27/450 [00:58<14:56,  2.12s/it]
Generating (int4) rank=0:   6%|▋         | 29/450 [01:00<14:23,  2.05s/it]
Generating (int4) rank=1:   6%|▌         | 28/450 [01:00<14:55,  2.12s/it]
Generating (int4) rank=0:   7%|▋         | 30/450 [01:02<14:21,  2.05s/it]
Generating (int4) rank=1:   6%|▋         | 29/450 [01:02<14:52,  2.12s/it]
Generating (int4) rank=0:   7%|▋         | 31/450 [01:04<14:19,  2.05s/it]
Generating (int4) rank=1:   7%|▋         | 30/450 [01:04<14:49,  2.12s/it]
Generating (int4) rank=0:   7%|▋         | 32/450 [01:06<14:17,  2.05s/it]
Generating (int4) rank=1:   7%|▋         | 31/450 [01:06<14:46,  2.12s/it]
Generating (int4) rank=0:   7%|▋         | 33/450 [01:08<14:15,  2.05s/it]
Generating (int4) rank=1:   7%|▋         | 32/450 [01:08<14:44,  2.12s/it]
Generating (int4) rank=0:   8%|▊         | 34/450 [01:10<14:14,  2.05s/it]
Generating (int4) rank=1:   7%|▋         | 33/450 [01:10<14:42,  2.12s/it]
Generating (int4) rank=0:   8%|▊         | 35/450 [01:12<14:14,  2.06s/it]
Generating (int4) rank=1:   8%|▊         | 34/450 [01:13<14:42,  2.12s/it]
Generating (int4) rank=0:   8%|▊         | 36/450 [01:14<14:12,  2.06s/it]
Generating (int4) rank=1:   8%|▊         | 35/450 [01:15<14:40,  2.12s/it]
Generating (int4) rank=0:   8%|▊         | 37/450 [01:16<14:09,  2.06s/it]
Generating (int4) rank=1:   8%|▊         | 36/450 [01:17<14:38,  2.12s/it]
Generating (int4) rank=0:   8%|▊         | 38/450 [01:18<14:08,  2.06s/it]
Generating (int4) rank=1:   8%|▊         | 37/450 [01:19<14:37,  2.13s/it]
Generating (int4) rank=0:   9%|▊         | 39/450 [01:20<14:06,  2.06s/it]
Generating (int4) rank=1:   8%|▊         | 38/450 [01:21<14:36,  2.13s/it]
Generating (int4) rank=0:   9%|▉         | 40/450 [01:22<14:04,  2.06s/it]
Generating (int4) rank=1:   9%|▊         | 39/450 [01:23<14:33,  2.13s/it]
Generating (int4) rank=0:   9%|▉         | 41/450 [01:24<14:01,  2.06s/it]
Generating (int4) rank=1:   9%|▉         | 40/450 [01:25<14:30,  2.12s/it]
Generating (int4) rank=0:   9%|▉         | 42/450 [01:26<13:59,  2.06s/it]
Generating (int4) rank=1:   9%|▉         | 41/450 [01:27<14:28,  2.12s/it]
Generating (int4) rank=0:  10%|▉         | 43/450 [01:28<13:56,  2.06s/it]
Generating (int4) rank=1:   9%|▉         | 42/450 [01:29<14:26,  2.12s/it]
Generating (int4) rank=0:  10%|▉         | 44/450 [01:30<13:54,  2.06s/it]
Generating (int4) rank=1:  10%|▉         | 43/450 [01:32<14:26,  2.13s/it]
Generating (int4) rank=0:  10%|█         | 45/450 [01:32<13:52,  2.06s/it]
Generating (int4) rank=1:  10%|▉         | 44/450 [01:34<14:23,  2.13s/it]
Generating (int4) rank=0:  10%|█         | 46/450 [01:35<13:50,  2.06s/it]
Generating (int4) rank=1:  10%|█         | 45/450 [01:36<14:22,  2.13s/it]
Generating (int4) rank=0:  10%|█         | 47/450 [01:37<13:47,  2.05s/it]
Generating (int4) rank=1:  10%|█         | 46/450 [01:38<14:19,  2.13s/it]
Generating (int4) rank=0:  11%|█         | 48/450 [01:39<13:45,  2.05s/it]
Generating (int4) rank=1:  10%|█         | 47/450 [01:40<14:17,  2.13s/it]
Generating (int4) rank=0:  11%|█         | 49/450 [01:41<13:43,  2.05s/it]
Generating (int4) rank=1:  11%|█         | 48/450 [01:42<14:15,  2.13s/it]
Generating (int4) rank=0:  11%|█         | 50/450 [01:43<13:41,  2.05s/it]
Generating (int4) rank=1:  11%|█         | 49/450 [01:44<14:14,  2.13s/it]
Generating (int4) rank=0:  11%|█▏        | 51/450 [01:45<13:39,  2.05s/it]
Generating (int4) rank=1:  11%|█         | 50/450 [01:47<14:14,  2.14s/it]
Generating (int4) rank=0:  12%|█▏        | 52/450 [01:47<13:38,  2.06s/it]
Generating (int4) rank=1:  11%|█▏        | 51/450 [01:49<14:11,  2.13s/it]
Generating (int4) rank=0:  12%|█▏        | 53/450 [01:49<13:35,  2.05s/it]
Generating (int4) rank=1:  12%|█▏        | 52/450 [01:51<14:07,  2.13s/it]
Generating (int4) rank=0:  12%|█▏        | 54/450 [01:51<13:33,  2.05s/it]
Generating (int4) rank=1:  12%|█▏        | 53/450 [01:53<14:07,  2.13s/it]
Generating (int4) rank=0:  12%|█▏        | 55/450 [01:53<13:31,  2.05s/it]
Generating (int4) rank=0:  12%|█▏        | 56/450 [01:55<13:29,  2.06s/it]
Generating (int4) rank=1:  12%|█▏        | 54/450 [01:55<14:09,  2.15s/it]
Generating (int4) rank=0:  13%|█▎        | 57/450 [01:57<13:28,  2.06s/it]
Generating (int4) rank=1:  12%|█▏        | 55/450 [01:57<14:10,  2.15s/it]
Generating (int4) rank=0:  13%|█▎        | 58/450 [01:59<13:26,  2.06s/it]
Generating (int4) rank=1:  12%|█▏        | 56/450 [01:59<14:12,  2.16s/it]
Generating (int4) rank=0:  13%|█▎        | 59/450 [02:01<13:24,  2.06s/it]
Generating (int4) rank=1:  13%|█▎        | 57/450 [02:02<14:11,  2.17s/it]
Generating (int4) rank=0:  13%|█▎        | 60/450 [02:03<13:21,  2.06s/it]
Generating (int4) rank=1:  13%|█▎        | 58/450 [02:04<14:10,  2.17s/it]
Generating (int4) rank=0:  14%|█▎        | 61/450 [02:05<13:20,  2.06s/it]
Generating (int4) rank=1:  13%|█▎        | 59/450 [02:06<14:07,  2.17s/it]
Generating (int4) rank=0:  14%|█▍        | 62/450 [02:07<13:17,  2.06s/it]
Generating (int4) rank=1:  13%|█▎        | 60/450 [02:08<14:05,  2.17s/it]
Generating (int4) rank=0:  14%|█▍        | 63/450 [02:09<13:15,  2.06s/it]
Generating (int4) rank=1:  14%|█▎        | 61/450 [02:10<14:03,  2.17s/it]
Generating (int4) rank=0:  14%|█▍        | 64/450 [02:12<13:13,  2.06s/it]
Generating (int4) rank=1:  14%|█▍        | 62/450 [02:13<14:01,  2.17s/it]
Generating (int4) rank=0:  14%|█▍        | 65/450 [02:14<13:11,  2.05s/it]
Generating (int4) rank=1:  14%|█▍        | 63/450 [02:15<13:59,  2.17s/it]
Generating (int4) rank=0:  15%|█▍        | 66/450 [02:16<13:09,  2.06s/it]
Generating (int4) rank=1:  14%|█▍        | 64/450 [02:17<13:56,  2.17s/it]
Generating (int4) rank=0:  15%|█▍        | 67/450 [02:18<13:08,  2.06s/it]
Generating (int4) rank=1:  14%|█▍        | 65/450 [02:19<13:56,  2.17s/it]
Generating (int4) rank=0:  15%|█▌        | 68/450 [02:20<13:06,  2.06s/it]
Generating (int4) rank=1:  15%|█▍        | 66/450 [02:21<13:53,  2.17s/it]
Generating (int4) rank=0:  15%|█▌        | 69/450 [02:22<13:03,  2.06s/it]
Generating (int4) rank=1:  15%|█▍        | 67/450 [02:23<13:51,  2.17s/it]
Generating (int4) rank=0:  16%|█▌        | 70/450 [02:24<13:01,  2.06s/it]
Generating (int4) rank=1:  15%|█▌        | 68/450 [02:26<13:48,  2.17s/it]
Generating (int4) rank=0:  16%|█▌        | 71/450 [02:26<12:59,  2.06s/it]
Generating (int4) rank=1:  15%|█▌        | 69/450 [02:28<13:47,  2.17s/it]
Generating (int4) rank=0:  16%|█▌        | 72/450 [02:28<12:57,  2.06s/it]
Generating (int4) rank=1:  16%|█▌        | 70/450 [02:30<13:45,  2.17s/it]
Generating (int4) rank=0:  16%|█▌        | 73/450 [02:30<12:55,  2.06s/it]
Generating (int4) rank=1:  16%|█▌        | 71/450 [02:32<13:42,  2.17s/it]
Generating (int4) rank=0:  16%|█▋        | 74/450 [02:32<12:53,  2.06s/it]
Generating (int4) rank=0:  17%|█▋        | 75/450 [02:34<12:52,  2.06s/it]
Generating (int4) rank=1:  16%|█▌        | 72/450 [02:34<13:40,  2.17s/it]
Generating (int4) rank=0:  17%|█▋        | 76/450 [02:36<12:49,  2.06s/it]
Generating (int4) rank=1:  16%|█▌        | 73/450 [02:36<13:37,  2.17s/it]
Generating (int4) rank=0:  17%|█▋        | 77/450 [02:38<12:47,  2.06s/it]
Generating (int4) rank=1:  16%|█▋        | 74/450 [02:39<13:34,  2.17s/it]
Generating (int4) rank=0:  17%|█▋        | 78/450 [02:40<12:45,  2.06s/it]
Generating (int4) rank=1:  17%|█▋        | 75/450 [02:41<13:29,  2.16s/it]
Generating (int4) rank=0:  18%|█▊        | 79/450 [02:42<12:42,  2.06s/it]
Generating (int4) rank=1:  17%|█▋        | 76/450 [02:43<13:26,  2.16s/it]
Generating (int4) rank=0:  18%|█▊        | 80/450 [02:44<12:40,  2.06s/it]
Generating (int4) rank=1:  17%|█▋        | 77/450 [02:45<13:22,  2.15s/it]
Generating (int4) rank=0:  18%|█▊        | 81/450 [02:47<12:38,  2.05s/it]
Generating (int4) rank=1:  17%|█▋        | 78/450 [02:47<13:19,  2.15s/it]
Generating (int4) rank=0:  18%|█▊        | 82/450 [02:49<12:35,  2.05s/it]
Generating (int4) rank=1:  18%|█▊        | 79/450 [02:49<13:15,  2.14s/it]
Generating (int4) rank=0:  18%|█▊        | 83/450 [02:51<12:34,  2.05s/it]
Generating (int4) rank=1:  18%|█▊        | 80/450 [02:51<13:13,  2.14s/it]
Generating (int4) rank=0:  19%|█▊        | 84/450 [02:53<12:31,  2.05s/it]
Generating (int4) rank=1:  18%|█▊        | 81/450 [02:54<13:10,  2.14s/it]
Generating (int4) rank=0:  19%|█▉        | 85/450 [02:55<12:29,  2.05s/it]
Generating (int4) rank=1:  18%|█▊        | 82/450 [02:56<13:08,  2.14s/it]
Generating (int4) rank=0:  19%|█▉        | 86/450 [02:57<12:28,  2.06s/it]
Generating (int4) rank=1:  18%|█▊        | 83/450 [02:58<13:07,  2.15s/it]
Generating (int4) rank=0:  19%|█▉        | 87/450 [02:59<12:26,  2.06s/it]
Generating (int4) rank=1:  19%|█▊        | 84/450 [03:00<13:06,  2.15s/it]
Generating (int4) rank=0:  20%|█▉        | 88/450 [03:01<12:25,  2.06s/it]
Generating (int4) rank=1:  19%|█▉        | 85/450 [03:02<13:03,  2.15s/it]
Generating (int4) rank=0:  20%|█▉        | 89/450 [03:03<12:21,  2.06s/it]
Generating (int4) rank=1:  19%|█▉        | 86/450 [03:04<13:00,  2.14s/it]
Generating (int4) rank=0:  20%|██        | 90/450 [03:05<12:19,  2.05s/it]
Generating (int4) rank=1:  19%|█▉        | 87/450 [03:06<12:57,  2.14s/it]
Generating (int4) rank=0:  20%|██        | 91/450 [03:07<12:17,  2.05s/it]
Generating (int4) rank=1:  20%|█▉        | 88/450 [03:09<12:55,  2.14s/it]
Generating (int4) rank=0:  20%|██        | 92/450 [03:09<12:15,  2.05s/it]
Generating (int4) rank=1:  20%|█▉        | 89/450 [03:11<12:54,  2.15s/it]
Generating (int4) rank=0:  21%|██        | 93/450 [03:11<12:14,  2.06s/it]
Generating (int4) rank=1:  20%|██        | 90/450 [03:13<12:51,  2.14s/it]
Generating (int4) rank=0:  21%|██        | 94/450 [03:13<12:11,  2.06s/it]
Generating (int4) rank=1:  20%|██        | 91/450 [03:15<12:49,  2.14s/it]
Generating (int4) rank=0:  21%|██        | 95/450 [03:15<12:10,  2.06s/it]
Generating (int4) rank=1:  20%|██        | 92/450 [03:17<12:48,  2.15s/it]
Generating (int4) rank=0:  21%|██▏       | 96/450 [03:17<12:08,  2.06s/it]
Generating (int4) rank=1:  21%|██        | 93/450 [03:19<12:46,  2.15s/it]
Generating (int4) rank=0:  22%|██▏       | 97/450 [03:19<12:05,  2.05s/it]
Generating (int4) rank=1:  21%|██        | 94/450 [03:21<12:43,  2.15s/it]
Generating (int4) rank=0:  22%|██▏       | 98/450 [03:21<12:03,  2.06s/it]
Generating (int4) rank=0:  22%|██▏       | 99/450 [03:24<12:02,  2.06s/it]
Generating (int4) rank=1:  21%|██        | 95/450 [03:24<12:39,  2.14s/it]
Generating (int4) rank=0:  22%|██▏       | 100/450 [03:26<12:00,  2.06s/it]
Generating (int4) rank=1:  21%|██▏       | 96/450 [03:26<12:37,  2.14s/it]
Generating (int4) rank=0:  22%|██▏       | 101/450 [03:28<11:58,  2.06s/it]
Generating (int4) rank=1:  22%|██▏       | 97/450 [03:28<12:35,  2.14s/it]
Generating (int4) rank=0:  23%|██▎       | 102/450 [03:30<11:56,  2.06s/it]
Generating (int4) rank=1:  22%|██▏       | 98/450 [03:30<12:33,  2.14s/it]
Generating (int4) rank=0:  23%|██▎       | 103/450 [03:32<11:53,  2.06s/it]
Generating (int4) rank=1:  22%|██▏       | 99/450 [03:32<12:30,  2.14s/it]
Generating (int4) rank=0:  23%|██▎       | 104/450 [03:34<11:50,  2.05s/it]
Generating (int4) rank=1:  22%|██▏       | 100/450 [03:34<12:28,  2.14s/it]
Generating (int4) rank=0:  23%|██▎       | 105/450 [03:36<11:48,  2.05s/it]
Generating (int4) rank=1:  22%|██▏       | 101/450 [03:36<12:26,  2.14s/it]
Generating (int4) rank=0:  24%|██▎       | 106/450 [03:38<11:47,  2.06s/it]
Generating (int4) rank=1:  23%|██▎       | 102/450 [03:39<12:25,  2.14s/it]
Generating (int4) rank=0:  24%|██▍       | 107/450 [03:40<11:44,  2.05s/it]
Generating (int4) rank=1:  23%|██▎       | 103/450 [03:41<12:24,  2.14s/it]
Generating (int4) rank=0:  24%|██▍       | 108/450 [03:42<11:41,  2.05s/it]
Generating (int4) rank=1:  23%|██▎       | 104/450 [03:43<12:22,  2.15s/it]
Generating (int4) rank=0:  24%|██▍       | 109/450 [03:44<11:39,  2.05s/it]
Generating (int4) rank=1:  23%|██▎       | 105/450 [03:45<12:19,  2.14s/it]
Generating (int4) rank=0:  24%|██▍       | 110/450 [03:46<11:37,  2.05s/it]
Generating (int4) rank=1:  24%|██▎       | 106/450 [03:47<12:18,  2.15s/it]
Generating (int4) rank=0:  25%|██▍       | 111/450 [03:48<11:35,  2.05s/it]
Generating (int4) rank=1:  24%|██▍       | 107/450 [03:49<12:16,  2.15s/it]
Generating (int4) rank=0:  25%|██▍       | 112/450 [03:50<11:33,  2.05s/it]
Generating (int4) rank=1:  24%|██▍       | 108/450 [03:51<12:15,  2.15s/it]
Generating (int4) rank=0:  25%|██▌       | 113/450 [03:52<11:31,  2.05s/it]
Generating (int4) rank=1:  24%|██▍       | 109/450 [03:54<12:14,  2.15s/it]
Generating (int4) rank=0:  25%|██▌       | 114/450 [03:54<11:29,  2.05s/it]
Generating (int4) rank=1:  24%|██▍       | 110/450 [03:56<12:14,  2.16s/it]
Generating (int4) rank=0:  26%|██▌       | 115/450 [03:56<11:27,  2.05s/it]
Generating (int4) rank=1:  25%|██▍       | 111/450 [03:58<12:13,  2.16s/it]
Generating (int4) rank=0:  26%|██▌       | 116/450 [03:58<11:25,  2.05s/it]
Generating (int4) rank=1:  25%|██▍       | 112/450 [04:00<12:12,  2.17s/it]
Generating (int4) rank=0:  26%|██▌       | 117/450 [04:00<11:23,  2.05s/it]
Generating (int4) rank=1:  25%|██▌       | 113/450 [04:02<12:10,  2.17s/it]
Generating (int4) rank=0:  26%|██▌       | 118/450 [04:03<11:21,  2.05s/it]
Generating (int4) rank=1:  25%|██▌       | 114/450 [04:04<12:09,  2.17s/it]
Generating (int4) rank=0:  26%|██▋       | 119/450 [04:05<11:18,  2.05s/it]
Generating (int4) rank=0:  27%|██▋       | 120/450 [04:07<11:16,  2.05s/it]
Generating (int4) rank=1:  26%|██▌       | 115/450 [04:07<12:08,  2.17s/it]
Generating (int4) rank=0:  27%|██▋       | 121/450 [04:09<11:14,  2.05s/it]
Generating (int4) rank=1:  26%|██▌       | 116/450 [04:09<12:03,  2.16s/it]
Generating (int4) rank=0:  27%|██▋       | 122/450 [04:11<11:12,  2.05s/it]
Generating (int4) rank=1:  26%|██▌       | 117/450 [04:11<11:57,  2.16s/it]
Generating (int4) rank=0:  27%|██▋       | 123/450 [04:13<11:10,  2.05s/it]
Generating (int4) rank=1:  26%|██▌       | 118/450 [04:13<11:52,  2.15s/it]
Generating (int4) rank=0:  28%|██▊       | 124/450 [04:15<11:08,  2.05s/it]
Generating (int4) rank=1:  26%|██▋       | 119/450 [04:15<11:50,  2.15s/it]
Generating (int4) rank=0:  28%|██▊       | 125/450 [04:17<11:08,  2.06s/it]
Generating (int4) rank=1:  27%|██▋       | 120/450 [04:17<11:47,  2.14s/it]
Generating (int4) rank=0:  28%|██▊       | 126/450 [04:19<11:06,  2.06s/it]
Generating (int4) rank=1:  27%|██▋       | 121/450 [04:19<11:46,  2.15s/it]
Generating (int4) rank=0:  28%|██▊       | 127/450 [04:21<11:03,  2.06s/it]
Generating (int4) rank=1:  27%|██▋       | 122/450 [04:22<11:43,  2.14s/it]
Generating (int4) rank=0:  28%|██▊       | 128/450 [04:23<11:01,  2.06s/it]
Generating (int4) rank=1:  27%|██▋       | 123/450 [04:24<11:41,  2.14s/it]
Generating (int4) rank=0:  29%|██▊       | 129/450 [04:25<10:59,  2.05s/it]
Generating (int4) rank=1:  28%|██▊       | 124/450 [04:26<11:38,  2.14s/it]
Generating (int4) rank=0:  29%|██▉       | 130/450 [04:27<10:57,  2.05s/it]
Generating (int4) rank=1:  28%|██▊       | 125/450 [04:28<11:35,  2.14s/it]
Generating (int4) rank=0:  29%|██▉       | 131/450 [04:29<10:54,  2.05s/it]
Generating (int4) rank=1:  28%|██▊       | 126/450 [04:30<11:32,  2.14s/it]
Generating (int4) rank=0:  29%|██▉       | 132/450 [04:31<10:52,  2.05s/it]
Generating (int4) rank=1:  28%|██▊       | 127/450 [04:32<11:30,  2.14s/it]
Generating (int4) rank=0:  30%|██▉       | 133/450 [04:33<10:49,  2.05s/it]
Generating (int4) rank=1:  28%|██▊       | 128/450 [04:34<11:27,  2.13s/it]
Generating (int4) rank=0:  30%|██▉       | 134/450 [04:35<10:47,  2.05s/it]
Generating (int4) rank=1:  29%|██▊       | 129/450 [04:37<11:24,  2.13s/it]
Generating (int4) rank=0:  30%|███       | 135/450 [04:37<10:45,  2.05s/it]
Generating (int4) rank=1:  29%|██▉       | 130/450 [04:39<11:21,  2.13s/it]
Generating (int4) rank=0:  30%|███       | 136/450 [04:39<10:44,  2.05s/it]
Generating (int4) rank=1:  29%|██▉       | 131/450 [04:41<11:17,  2.13s/it]
Generating (int4) rank=0:  30%|███       | 137/450 [04:42<10:41,  2.05s/it]
Generating (int4) rank=1:  29%|██▉       | 132/450 [04:43<11:14,  2.12s/it]
Generating (int4) rank=0:  31%|███       | 138/450 [04:44<10:39,  2.05s/it]
Generating (int4) rank=1:  30%|██▉       | 133/450 [04:45<11:13,  2.12s/it]
Generating (int4) rank=0:  31%|███       | 139/450 [04:46<10:37,  2.05s/it]
Generating (int4) rank=1:  30%|██▉       | 134/450 [04:47<11:11,  2.12s/it]
Generating (int4) rank=0:  31%|███       | 140/450 [04:48<10:35,  2.05s/it]
Generating (int4) rank=1:  30%|███       | 135/450 [04:49<11:09,  2.13s/it]
Generating (int4) rank=0:  31%|███▏      | 141/450 [04:50<10:33,  2.05s/it]
Generating (int4) rank=1:  30%|███       | 136/450 [04:51<11:07,  2.13s/it]
Generating (int4) rank=0:  32%|███▏      | 142/450 [04:52<10:31,  2.05s/it]
Generating (int4) rank=1:  30%|███       | 137/450 [04:54<11:07,  2.13s/it]
Generating (int4) rank=0:  32%|███▏      | 143/450 [04:54<10:29,  2.05s/it]
Generating (int4) rank=1:  31%|███       | 138/450 [04:56<11:06,  2.14s/it]
Generating (int4) rank=0:  32%|███▏      | 144/450 [04:56<10:28,  2.05s/it]
Generating (int4) rank=1:  31%|███       | 139/450 [04:58<11:03,  2.13s/it]
Generating (int4) rank=0:  32%|███▏      | 145/450 [04:58<10:25,  2.05s/it]
Generating (int4) rank=0:  32%|███▏      | 146/450 [05:00<10:24,  2.05s/it]
Generating (int4) rank=1:  31%|███       | 140/450 [05:00<11:02,  2.14s/it]
Generating (int4) rank=0:  33%|███▎      | 147/450 [05:02<10:21,  2.05s/it]
Generating (int4) rank=1:  31%|███▏      | 141/450 [05:02<11:01,  2.14s/it]
Generating (int4) rank=0:  33%|███▎      | 148/450 [05:04<10:21,  2.06s/it]
Generating (int4) rank=1:  32%|███▏      | 142/450 [05:04<10:58,  2.14s/it]
Generating (int4) rank=0:  33%|███▎      | 149/450 [05:06<10:19,  2.06s/it]
Generating (int4) rank=1:  32%|███▏      | 143/450 [05:06<10:54,  2.13s/it]
Generating (int4) rank=0:  33%|███▎      | 150/450 [05:08<10:16,  2.06s/it]
Generating (int4) rank=1:  32%|███▏      | 144/450 [05:09<10:51,  2.13s/it]
Generating (int4) rank=0:  34%|███▎      | 151/450 [05:10<10:15,  2.06s/it]
Generating (int4) rank=1:  32%|███▏      | 145/450 [05:11<10:50,  2.13s/it]
Generating (int4) rank=0:  34%|███▍      | 152/450 [05:12<10:13,  2.06s/it]
Generating (int4) rank=1:  32%|███▏      | 146/450 [05:13<10:48,  2.13s/it]
Generating (int4) rank=0:  34%|███▍      | 153/450 [05:14<10:10,  2.06s/it]
Generating (int4) rank=1:  33%|███▎      | 147/450 [05:15<10:46,  2.13s/it]
Generating (int4) rank=0:  34%|███▍      | 154/450 [05:16<10:09,  2.06s/it]
Generating (int4) rank=1:  33%|███▎      | 148/450 [05:17<10:45,  2.14s/it]
Generating (int4) rank=0:  34%|███▍      | 155/450 [05:18<10:06,  2.06s/it]
Generating (int4) rank=1:  33%|███▎      | 149/450 [05:19<10:42,  2.14s/it]
Generating (int4) rank=0:  35%|███▍      | 156/450 [05:21<10:05,  2.06s/it]
Generating (int4) rank=1:  33%|███▎      | 150/450 [05:21<10:41,  2.14s/it]
Generating (int4) rank=0:  35%|███▍      | 157/450 [05:23<10:02,  2.06s/it]
Generating (int4) rank=1:  34%|███▎      | 151/450 [05:23<10:37,  2.13s/it]
Generating (int4) rank=0:  35%|███▌      | 158/450 [05:25<10:00,  2.06s/it]
Generating (int4) rank=1:  34%|███▍      | 152/450 [05:26<10:35,  2.13s/it]
Generating (int4) rank=0:  35%|███▌      | 159/450 [05:27<09:57,  2.05s/it]
Generating (int4) rank=1:  34%|███▍      | 153/450 [05:28<10:32,  2.13s/it]
Generating (int4) rank=0:  36%|███▌      | 160/450 [05:29<09:55,  2.05s/it]
Generating (int4) rank=1:  34%|███▍      | 154/450 [05:30<10:30,  2.13s/it]
Generating (int4) rank=0:  36%|███▌      | 161/450 [05:31<09:53,  2.05s/it]
Generating (int4) rank=1:  34%|███▍      | 155/450 [05:32<10:27,  2.13s/it]
Generating (int4) rank=0:  36%|███▌      | 162/450 [05:33<09:51,  2.05s/it]
Generating (int4) rank=1:  35%|███▍      | 156/450 [05:34<10:25,  2.13s/it]
Generating (int4) rank=0:  36%|███▌      | 163/450 [05:35<09:49,  2.05s/it]
Generating (int4) rank=1:  35%|███▍      | 157/450 [05:36<10:22,  2.12s/it]
Generating (int4) rank=0:  36%|███▋      | 164/450 [05:37<09:47,  2.05s/it]
Generating (int4) rank=1:  35%|███▌      | 158/450 [05:38<10:20,  2.12s/it]
Generating (int4) rank=0:  37%|███▋      | 165/450 [05:39<09:44,  2.05s/it]
Generating (int4) rank=1:  35%|███▌      | 159/450 [05:40<10:17,  2.12s/it]
Generating (int4) rank=0:  37%|███▋      | 166/450 [05:41<09:42,  2.05s/it]
Generating (int4) rank=1:  36%|███▌      | 160/450 [05:43<10:17,  2.13s/it]
Generating (int4) rank=0:  37%|███▋      | 167/450 [05:43<09:40,  2.05s/it]
Generating (int4) rank=1:  36%|███▌      | 161/450 [05:45<10:15,  2.13s/it]
Generating (int4) rank=0:  37%|███▋      | 168/450 [05:45<09:38,  2.05s/it]
Generating (int4) rank=1:  36%|███▌      | 162/450 [05:47<10:12,  2.13s/it]
Generating (int4) rank=0:  38%|███▊      | 169/450 [05:47<09:37,  2.05s/it]
Generating (int4) rank=1:  36%|███▌      | 163/450 [05:49<10:09,  2.12s/it]
Generating (int4) rank=0:  38%|███▊      | 170/450 [05:49<09:35,  2.05s/it]
Generating (int4) rank=1:  36%|███▋      | 164/450 [05:51<10:08,  2.13s/it]
Generating (int4) rank=0:  38%|███▊      | 171/450 [05:51<09:32,  2.05s/it]
Generating (int4) rank=1:  37%|███▋      | 165/450 [05:53<10:06,  2.13s/it]
Generating (int4) rank=0:  38%|███▊      | 172/450 [05:53<09:29,  2.05s/it]
Generating (int4) rank=1:  37%|███▋      | 166/450 [05:55<10:05,  2.13s/it]
Generating (int4) rank=0:  38%|███▊      | 173/450 [05:55<09:28,  2.05s/it]
Generating (int4) rank=1:  37%|███▋      | 167/450 [05:57<10:01,  2.12s/it]
Generating (int4) rank=0:  39%|███▊      | 174/450 [05:57<09:25,  2.05s/it]
Generating (int4) rank=0:  39%|███▉      | 175/450 [06:00<09:23,  2.05s/it]
Generating (int4) rank=1:  37%|███▋      | 168/450 [06:00<09:58,  2.12s/it]
Generating (int4) rank=0:  39%|███▉      | 176/450 [06:02<09:21,  2.05s/it]
Generating (int4) rank=1:  38%|███▊      | 169/450 [06:02<09:57,  2.13s/it]
Generating (int4) rank=0:  39%|███▉      | 177/450 [06:04<09:18,  2.05s/it]
Generating (int4) rank=1:  38%|███▊      | 170/450 [06:04<09:53,  2.12s/it]
Generating (int4) rank=0:  40%|███▉      | 178/450 [06:06<09:17,  2.05s/it]
Generating (int4) rank=1:  38%|███▊      | 171/450 [06:06<09:53,  2.13s/it]
Generating (int4) rank=0:  40%|███▉      | 179/450 [06:08<09:17,  2.06s/it]
Generating (int4) rank=1:  38%|███▊      | 172/450 [06:08<09:53,  2.14s/it]
Generating (int4) rank=0:  40%|████      | 180/450 [06:10<09:13,  2.05s/it]
Generating (int4) rank=1:  38%|███▊      | 173/450 [06:10<09:48,  2.13s/it]
Generating (int4) rank=0:  40%|████      | 181/450 [06:12<09:11,  2.05s/it]
Generating (int4) rank=1:  39%|███▊      | 174/450 [06:12<09:46,  2.12s/it]
Generating (int4) rank=0:  40%|████      | 182/450 [06:14<09:09,  2.05s/it]
Generating (int4) rank=1:  39%|███▉      | 175/450 [06:14<09:44,  2.12s/it]
Generating (int4) rank=0:  41%|████      | 183/450 [06:16<09:07,  2.05s/it]
Generating (int4) rank=1:  39%|███▉      | 176/450 [06:17<09:43,  2.13s/it]
Generating (int4) rank=0:  41%|████      | 184/450 [06:18<09:05,  2.05s/it]
Generating (int4) rank=1:  39%|███▉      | 177/450 [06:19<09:40,  2.13s/it]
Generating (int4) rank=0:  41%|████      | 185/450 [06:20<09:03,  2.05s/it]
Generating (int4) rank=1:  40%|███▉      | 178/450 [06:21<09:39,  2.13s/it]
Generating (int4) rank=0:  41%|████▏     | 186/450 [06:22<09:01,  2.05s/it]
Generating (int4) rank=1:  40%|███▉      | 179/450 [06:23<09:37,  2.13s/it]
Generating (int4) rank=0:  42%|████▏     | 187/450 [06:24<08:59,  2.05s/it]
Generating (int4) rank=1:  40%|████      | 180/450 [06:25<09:36,  2.13s/it]
Generating (int4) rank=0:  42%|████▏     | 188/450 [06:26<08:56,  2.05s/it]
Generating (int4) rank=1:  40%|████      | 181/450 [06:27<09:34,  2.13s/it]
Generating (int4) rank=0:  42%|████▏     | 189/450 [06:28<08:54,  2.05s/it]
Generating (int4) rank=1:  40%|████      | 182/450 [06:29<09:32,  2.14s/it]
Generating (int4) rank=0:  42%|████▏     | 190/450 [06:30<08:53,  2.05s/it]
Generating (int4) rank=1:  41%|████      | 183/450 [06:32<09:28,  2.13s/it]
Generating (int4) rank=0:  42%|████▏     | 191/450 [06:32<08:51,  2.05s/it]
Generating (int4) rank=1:  41%|████      | 184/450 [06:34<09:26,  2.13s/it]
Generating (int4) rank=0:  43%|████▎     | 192/450 [06:34<08:49,  2.05s/it]
Generating (int4) rank=1:  41%|████      | 185/450 [06:36<09:22,  2.12s/it]
Generating (int4) rank=0:  43%|████▎     | 193/450 [06:36<08:47,  2.05s/it]
Generating (int4) rank=1:  41%|████▏     | 186/450 [06:38<09:21,  2.13s/it]
Generating (int4) rank=0:  43%|████▎     | 194/450 [06:39<08:46,  2.06s/it]
Generating (int4) rank=1:  42%|████▏     | 187/450 [06:40<09:20,  2.13s/it]
Generating (int4) rank=0:  43%|████▎     | 195/450 [06:41<08:44,  2.06s/it]
Generating (int4) rank=1:  42%|████▏     | 188/450 [06:42<09:19,  2.14s/it]
Generating (int4) rank=0:  44%|████▎     | 196/450 [06:43<08:43,  2.06s/it]
Generating (int4) rank=1:  42%|████▏     | 189/450 [06:44<09:17,  2.14s/it]
Generating (int4) rank=0:  44%|████▍     | 197/450 [06:45<08:41,  2.06s/it]
Generating (int4) rank=1:  42%|████▏     | 190/450 [06:46<09:14,  2.13s/it]
Generating (int4) rank=0:  44%|████▍     | 198/450 [06:47<08:38,  2.06s/it]
Generating (int4) rank=1:  42%|████▏     | 191/450 [06:49<09:12,  2.13s/it]
Generating (int4) rank=0:  44%|████▍     | 199/450 [06:49<08:36,  2.06s/it]
Generating (int4) rank=1:  43%|████▎     | 192/450 [06:51<09:10,  2.13s/it]
Generating (int4) rank=0:  44%|████▍     | 200/450 [06:51<08:34,  2.06s/it]
Generating (int4) rank=1:  43%|████▎     | 193/450 [06:53<09:09,  2.14s/it]
Generating (int4) rank=0:  45%|████▍     | 201/450 [06:53<08:32,  2.06s/it]
Generating (int4) rank=0:  45%|████▍     | 202/450 [06:55<08:30,  2.06s/it]
Generating (int4) rank=1:  43%|████▎     | 194/450 [06:55<09:06,  2.14s/it]
Generating (int4) rank=0:  45%|████▌     | 203/450 [06:57<08:28,  2.06s/it]
Generating (int4) rank=1:  43%|████▎     | 195/450 [06:57<09:05,  2.14s/it]
Generating (int4) rank=0:  45%|████▌     | 204/450 [06:59<08:26,  2.06s/it]
Generating (int4) rank=1:  44%|████▎     | 196/450 [06:59<09:03,  2.14s/it]
Generating (int4) rank=0:  46%|████▌     | 205/450 [07:01<08:24,  2.06s/it]
Generating (int4) rank=1:  44%|████▍     | 197/450 [07:01<09:00,  2.14s/it]
Generating (int4) rank=0:  46%|████▌     | 206/450 [07:03<08:21,  2.06s/it]
Generating (int4) rank=1:  44%|████▍     | 198/450 [07:04<08:57,  2.13s/it]
Generating (int4) rank=0:  46%|████▌     | 207/450 [07:05<08:19,  2.05s/it]
Generating (int4) rank=1:  44%|████▍     | 199/450 [07:06<08:54,  2.13s/it]
Generating (int4) rank=0:  46%|████▌     | 208/450 [07:07<08:17,  2.06s/it]
Generating (int4) rank=1:  44%|████▍     | 200/450 [07:08<08:52,  2.13s/it]
Generating (int4) rank=0:  46%|████▋     | 209/450 [07:09<08:15,  2.05s/it]
Generating (int4) rank=1:  45%|████▍     | 201/450 [07:10<08:49,  2.12s/it]
Generating (int4) rank=0:  47%|████▋     | 210/450 [07:11<08:13,  2.05s/it]
Generating (int4) rank=1:  45%|████▍     | 202/450 [07:12<08:48,  2.13s/it]
Generating (int4) rank=0:  47%|████▋     | 211/450 [07:13<08:10,  2.05s/it]
Generating (int4) rank=1:  45%|████▌     | 203/450 [07:14<08:45,  2.13s/it]
Generating (int4) rank=0:  47%|████▋     | 212/450 [07:16<08:08,  2.05s/it]
Generating (int4) rank=1:  45%|████▌     | 204/450 [07:16<08:44,  2.13s/it]
Generating (int4) rank=0:  47%|████▋     | 213/450 [07:18<08:05,  2.05s/it]
Generating (int4) rank=1:  46%|████▌     | 205/450 [07:18<08:41,  2.13s/it]
Generating (int4) rank=0:  48%|████▊     | 214/450 [07:20<08:04,  2.05s/it]
Generating (int4) rank=1:  46%|████▌     | 206/450 [07:21<08:39,  2.13s/it]
Generating (int4) rank=0:  48%|████▊     | 215/450 [07:22<08:02,  2.05s/it]
Generating (int4) rank=1:  46%|████▌     | 207/450 [07:23<08:36,  2.13s/it]
Generating (int4) rank=0:  48%|████▊     | 216/450 [07:24<08:00,  2.05s/it]
Generating (int4) rank=1:  46%|████▌     | 208/450 [07:25<08:34,  2.12s/it]
Generating (int4) rank=0:  48%|████▊     | 217/450 [07:26<07:58,  2.05s/it]
Generating (int4) rank=1:  46%|████▋     | 209/450 [07:27<08:32,  2.13s/it]
Generating (int4) rank=0:  48%|████▊     | 218/450 [07:28<07:56,  2.05s/it]
Generating (int4) rank=1:  47%|████▋     | 210/450 [07:29<08:30,  2.13s/it]
Generating (int4) rank=0:  49%|████▊     | 219/450 [07:30<07:54,  2.05s/it]
Generating (int4) rank=1:  47%|████▋     | 211/450 [07:31<08:28,  2.13s/it]
Generating (int4) rank=0:  49%|████▉     | 220/450 [07:32<07:51,  2.05s/it]
Generating (int4) rank=1:  47%|████▋     | 212/450 [07:33<08:26,  2.13s/it]
Generating (int4) rank=0:  49%|████▉     | 221/450 [07:34<07:49,  2.05s/it]
Generating (int4) rank=1:  47%|████▋     | 213/450 [07:35<08:24,  2.13s/it]
Generating (int4) rank=0:  49%|████▉     | 222/450 [07:36<07:47,  2.05s/it]
Generating (int4) rank=1:  48%|████▊     | 214/450 [07:38<08:23,  2.13s/it]
Generating (int4) rank=0:  50%|████▉     | 223/450 [07:38<07:45,  2.05s/it]
Generating (int4) rank=1:  48%|████▊     | 215/450 [07:40<08:22,  2.14s/it]
Generating (int4) rank=0:  50%|████▉     | 224/450 [07:40<07:43,  2.05s/it]
Generating (int4) rank=1:  48%|████▊     | 216/450 [07:42<08:21,  2.14s/it]
Generating (int4) rank=0:  50%|█████     | 225/450 [07:42<07:41,  2.05s/it]
Generating (int4) rank=1:  48%|████▊     | 217/450 [07:44<08:18,  2.14s/it]
Generating (int4) rank=0:  50%|█████     | 226/450 [07:44<07:39,  2.05s/it]
Generating (int4) rank=1:  48%|████▊     | 218/450 [07:46<08:15,  2.14s/it]
Generating (int4) rank=0:  50%|█████     | 227/450 [07:46<07:37,  2.05s/it]
Generating (int4) rank=1:  49%|████▊     | 219/450 [07:48<08:14,  2.14s/it]
Generating (int4) rank=0:  51%|█████     | 228/450 [07:48<07:35,  2.05s/it]
Generating (int4) rank=0:  51%|█████     | 229/450 [07:50<07:33,  2.05s/it]
Generating (int4) rank=1:  49%|████▉     | 220/450 [07:50<08:12,  2.14s/it]
Generating (int4) rank=0:  51%|█████     | 230/450 [07:52<07:30,  2.05s/it]
Generating (int4) rank=1:  49%|████▉     | 221/450 [07:53<08:09,  2.14s/it]
Generating (int4) rank=0:  51%|█████▏    | 231/450 [07:55<07:28,  2.05s/it]
Generating (int4) rank=1:  49%|████▉     | 222/450 [07:55<08:07,  2.14s/it]
Generating (int4) rank=0:  52%|█████▏    | 232/450 [07:57<07:26,  2.05s/it]
Generating (int4) rank=1:  50%|████▉     | 223/450 [07:57<08:04,  2.13s/it]
Generating (int4) rank=0:  52%|█████▏    | 233/450 [07:59<07:25,  2.05s/it]
Generating (int4) rank=1:  50%|████▉     | 224/450 [07:59<08:01,  2.13s/it]
Generating (int4) rank=0:  52%|█████▏    | 234/450 [08:01<07:23,  2.05s/it]
Generating (int4) rank=1:  50%|█████     | 225/450 [08:01<08:00,  2.14s/it]
Generating (int4) rank=0:  52%|█████▏    | 235/450 [08:03<07:24,  2.07s/it]
Generating (int4) rank=1:  50%|█████     | 226/450 [08:03<07:59,  2.14s/it]
Generating (int4) rank=0:  52%|█████▏    | 236/450 [08:05<07:25,  2.08s/it]
Generating (int4) rank=1:  50%|█████     | 227/450 [08:05<07:57,  2.14s/it]
Generating (int4) rank=0:  53%|█████▎    | 237/450 [08:07<07:24,  2.09s/it]
Generating (int4) rank=1:  51%|█████     | 228/450 [08:08<07:55,  2.14s/it]
Generating (int4) rank=0:  53%|█████▎    | 238/450 [08:09<07:23,  2.09s/it]
Generating (int4) rank=1:  51%|█████     | 229/450 [08:10<07:54,  2.15s/it]
Generating (int4) rank=0:  53%|█████▎    | 239/450 [08:11<07:21,  2.09s/it]
Generating (int4) rank=1:  51%|█████     | 230/450 [08:12<07:51,  2.14s/it]
Generating (int4) rank=0:  53%|█████▎    | 240/450 [08:13<07:19,  2.09s/it]
Generating (int4) rank=1:  51%|█████▏    | 231/450 [08:14<07:49,  2.14s/it]
Generating (int4) rank=0:  54%|█████▎    | 241/450 [08:15<07:17,  2.09s/it]
Generating (int4) rank=1:  52%|█████▏    | 232/450 [08:16<07:46,  2.14s/it]
Generating (int4) rank=0:  54%|█████▍    | 242/450 [08:17<07:15,  2.09s/it]
Generating (int4) rank=1:  52%|█████▏    | 233/450 [08:18<07:44,  2.14s/it]
Generating (int4) rank=0:  54%|█████▍    | 243/450 [08:20<07:12,  2.09s/it]
Generating (int4) rank=1:  52%|█████▏    | 234/450 [08:20<07:42,  2.14s/it]
Generating (int4) rank=0:  54%|█████▍    | 244/450 [08:22<07:10,  2.09s/it]
Generating (int4) rank=1:  52%|█████▏    | 235/450 [08:23<07:40,  2.14s/it]
Generating (int4) rank=0:  54%|█████▍    | 245/450 [08:24<07:09,  2.09s/it]
Generating (int4) rank=1:  52%|█████▏    | 236/450 [08:25<07:38,  2.14s/it]
Generating (int4) rank=0:  55%|█████▍    | 246/450 [08:26<07:17,  2.14s/it]
Generating (int4) rank=1:  53%|█████▎    | 237/450 [08:27<07:51,  2.21s/it]
Generating (int4) rank=0:  55%|█████▍    | 247/450 [08:28<07:15,  2.15s/it]
Generating (int4) rank=1:  53%|█████▎    | 238/450 [08:29<07:45,  2.20s/it]
Generating (int4) rank=0:  55%|█████▌    | 248/450 [08:30<07:08,  2.12s/it]
Generating (int4) rank=1:  53%|█████▎    | 239/450 [08:31<07:40,  2.18s/it]
Generating (int4) rank=0:  55%|█████▌    | 249/450 [08:32<07:02,  2.10s/it]
Generating (int4) rank=1:  53%|█████▎    | 240/450 [08:34<07:36,  2.17s/it]
Generating (int4) rank=0:  56%|█████▌    | 250/450 [08:34<06:57,  2.09s/it]
Generating (int4) rank=1:  54%|█████▎    | 241/450 [08:36<07:33,  2.17s/it]
Generating (int4) rank=0:  56%|█████▌    | 251/450 [08:36<06:53,  2.08s/it]
Generating (int4) rank=1:  54%|█████▍    | 242/450 [08:38<07:30,  2.16s/it]
Generating (int4) rank=0:  56%|█████▌    | 252/450 [08:38<06:50,  2.07s/it]
Generating (int4) rank=1:  54%|█████▍    | 243/450 [08:40<07:27,  2.16s/it]
Generating (int4) rank=0:  56%|█████▌    | 253/450 [08:41<06:47,  2.07s/it]
Generating (int4) rank=1:  54%|█████▍    | 244/450 [08:42<07:24,  2.16s/it]
Generating (int4) rank=0:  56%|█████▋    | 254/450 [08:43<06:45,  2.07s/it]
Generating (int4) rank=1:  54%|█████▍    | 245/450 [08:44<07:22,  2.16s/it]
Generating (int4) rank=0:  57%|█████▋    | 255/450 [08:45<06:43,  2.07s/it]
Generating (int4) rank=1:  55%|█████▍    | 246/450 [08:46<07:19,  2.16s/it]
Generating (int4) rank=0:  57%|█████▋    | 256/450 [08:47<06:40,  2.06s/it]
Generating (int4) rank=1:  55%|█████▍    | 247/450 [08:49<07:16,  2.15s/it]
Generating (int4) rank=0:  57%|█████▋    | 257/450 [08:49<06:37,  2.06s/it]
Generating (int4) rank=1:  55%|█████▌    | 248/450 [08:51<07:15,  2.15s/it]
Generating (int4) rank=0:  57%|█████▋    | 258/450 [08:51<06:35,  2.06s/it]
Generating (int4) rank=0:  58%|█████▊    | 259/450 [08:53<06:33,  2.06s/it]
Generating (int4) rank=1:  55%|█████▌    | 249/450 [08:53<07:12,  2.15s/it]
Generating (int4) rank=0:  58%|█████▊    | 260/450 [08:55<06:31,  2.06s/it]
Generating (int4) rank=1:  56%|█████▌    | 250/450 [08:55<07:10,  2.15s/it]
Generating (int4) rank=0:  58%|█████▊    | 261/450 [08:57<06:29,  2.06s/it]
Generating (int4) rank=1:  56%|█████▌    | 251/450 [08:57<07:08,  2.15s/it]
Generating (int4) rank=0:  58%|█████▊    | 262/450 [08:59<06:26,  2.06s/it]
Generating (int4) rank=1:  56%|█████▌    | 252/450 [08:59<07:06,  2.15s/it]
Generating (int4) rank=0:  58%|█████▊    | 263/450 [09:01<06:24,  2.06s/it]
Generating (int4) rank=1:  56%|█████▌    | 253/450 [09:02<07:04,  2.15s/it]
Generating (int4) rank=0:  59%|█████▊    | 264/450 [09:03<06:22,  2.05s/it]
Generating (int4) rank=1:  56%|█████▋    | 254/450 [09:04<07:02,  2.15s/it]
Generating (int4) rank=0:  59%|█████▉    | 265/450 [09:05<06:20,  2.05s/it]
Generating (int4) rank=1:  57%|█████▋    | 255/450 [09:06<07:00,  2.16s/it]
Generating (int4) rank=0:  59%|█████▉    | 266/450 [09:07<06:17,  2.05s/it]
Generating (int4) rank=1:  57%|█████▋    | 256/450 [09:08<06:57,  2.15s/it]
Generating (int4) rank=0:  59%|█████▉    | 267/450 [09:09<06:15,  2.05s/it]
Generating (int4) rank=1:  57%|█████▋    | 257/450 [09:10<06:55,  2.15s/it]
Generating (int4) rank=0:  60%|█████▉    | 268/450 [09:11<06:13,  2.05s/it]
Generating (int4) rank=1:  57%|█████▋    | 258/450 [09:12<06:53,  2.15s/it]
Generating (int4) rank=0:  60%|█████▉    | 269/450 [09:13<06:11,  2.06s/it]
Generating (int4) rank=1:  58%|█████▊    | 259/450 [09:14<06:51,  2.15s/it]
Generating (int4) rank=0:  60%|██████    | 270/450 [09:15<06:09,  2.05s/it]
Generating (int4) rank=1:  58%|█████▊    | 260/450 [09:17<06:48,  2.15s/it]
Generating (int4) rank=0:  60%|██████    | 271/450 [09:18<06:07,  2.05s/it]
Generating (int4) rank=1:  58%|█████▊    | 261/450 [09:19<06:46,  2.15s/it]
Generating (int4) rank=0:  60%|██████    | 272/450 [09:20<06:05,  2.06s/it]
Generating (int4) rank=1:  58%|█████▊    | 262/450 [09:21<06:43,  2.15s/it]
Generating (int4) rank=0:  61%|██████    | 273/450 [09:22<06:03,  2.06s/it]
Generating (int4) rank=1:  58%|█████▊    | 263/450 [09:23<06:41,  2.15s/it]
Generating (int4) rank=0:  61%|██████    | 274/450 [09:24<06:02,  2.06s/it]
Generating (int4) rank=1:  59%|█████▊    | 264/450 [09:25<06:39,  2.15s/it]
Generating (int4) rank=0:  61%|██████    | 275/450 [09:26<06:00,  2.06s/it]
Generating (int4) rank=1:  59%|█████▉    | 265/450 [09:27<06:37,  2.15s/it]
Generating (int4) rank=0:  61%|██████▏   | 276/450 [09:28<05:57,  2.06s/it]
Generating (int4) rank=1:  59%|█████▉    | 266/450 [09:29<06:34,  2.15s/it]
Generating (int4) rank=0:  62%|██████▏   | 277/450 [09:30<05:55,  2.06s/it]
Generating (int4) rank=1:  59%|█████▉    | 267/450 [09:32<06:32,  2.15s/it]
Generating (int4) rank=0:  62%|██████▏   | 278/450 [09:32<05:53,  2.05s/it]
Generating (int4) rank=1:  60%|█████▉    | 268/450 [09:34<06:30,  2.15s/it]
Generating (int4) rank=0:  62%|██████▏   | 279/450 [09:34<05:51,  2.05s/it]
Generating (int4) rank=1:  60%|█████▉    | 269/450 [09:36<06:28,  2.15s/it]
Generating (int4) rank=0:  62%|██████▏   | 280/450 [09:36<05:49,  2.06s/it]
Generating (int4) rank=1:  60%|██████    | 270/450 [09:38<06:26,  2.15s/it]
Generating (int4) rank=0:  62%|██████▏   | 281/450 [09:38<05:47,  2.05s/it]
Generating (int4) rank=0:  63%|██████▎   | 282/450 [09:40<05:45,  2.06s/it]
Generating (int4) rank=1:  60%|██████    | 271/450 [09:40<06:24,  2.15s/it]
Generating (int4) rank=0:  63%|██████▎   | 283/450 [09:42<05:43,  2.06s/it]
Generating (int4) rank=1:  60%|██████    | 272/450 [09:42<06:22,  2.15s/it]
Generating (int4) rank=0:  63%|██████▎   | 284/450 [09:44<05:41,  2.05s/it]
Generating (int4) rank=1:  61%|██████    | 273/450 [09:45<06:20,  2.15s/it]
Generating (int4) rank=0:  63%|██████▎   | 285/450 [09:46<05:39,  2.05s/it]
Generating (int4) rank=1:  61%|██████    | 274/450 [09:47<06:17,  2.15s/it]
Generating (int4) rank=0:  64%|██████▎   | 286/450 [09:48<05:36,  2.05s/it]
Generating (int4) rank=1:  61%|██████    | 275/450 [09:49<06:15,  2.15s/it]
Generating (int4) rank=0:  64%|██████▍   | 287/450 [09:50<05:34,  2.05s/it]
Generating (int4) rank=1:  61%|██████▏   | 276/450 [09:51<06:13,  2.14s/it]
Generating (int4) rank=0:  64%|██████▍   | 288/450 [09:52<05:32,  2.05s/it]
Generating (int4) rank=1:  62%|██████▏   | 277/450 [09:53<06:10,  2.14s/it]
Generating (int4) rank=0:  64%|██████▍   | 289/450 [09:54<05:30,  2.05s/it]
Generating (int4) rank=1:  62%|██████▏   | 278/450 [09:55<06:08,  2.14s/it]
Generating (int4) rank=0:  64%|██████▍   | 290/450 [09:57<05:28,  2.05s/it]
Generating (int4) rank=1:  62%|██████▏   | 279/450 [09:57<06:06,  2.14s/it]
Generating (int4) rank=0:  65%|██████▍   | 291/450 [09:59<05:26,  2.05s/it]
Generating (int4) rank=1:  62%|██████▏   | 280/450 [09:59<06:04,  2.14s/it]
Generating (int4) rank=0:  65%|██████▍   | 292/450 [10:01<05:24,  2.06s/it]
Generating (int4) rank=1:  62%|██████▏   | 281/450 [10:02<06:02,  2.14s/it]
Generating (int4) rank=0:  65%|██████▌   | 293/450 [10:03<05:22,  2.05s/it]
Generating (int4) rank=1:  63%|██████▎   | 282/450 [10:04<06:00,  2.14s/it]
Generating (int4) rank=0:  65%|██████▌   | 294/450 [10:05<05:20,  2.05s/it]
Generating (int4) rank=1:  63%|██████▎   | 283/450 [10:06<05:58,  2.15s/it]
Generating (int4) rank=0:  66%|██████▌   | 295/450 [10:07<05:18,  2.05s/it]
Generating (int4) rank=1:  63%|██████▎   | 284/450 [10:08<05:56,  2.15s/it]
Generating (int4) rank=0:  66%|██████▌   | 296/450 [10:09<05:16,  2.05s/it]
Generating (int4) rank=1:  63%|██████▎   | 285/450 [10:10<05:54,  2.15s/it]
Generating (int4) rank=0:  66%|██████▌   | 297/450 [10:11<05:14,  2.05s/it]
Generating (int4) rank=1:  64%|██████▎   | 286/450 [10:12<05:52,  2.15s/it]
Generating (int4) rank=0:  66%|██████▌   | 298/450 [10:13<05:12,  2.05s/it]
Generating (int4) rank=1:  64%|██████▍   | 287/450 [10:15<05:50,  2.15s/it]
Generating (int4) rank=0:  66%|██████▋   | 299/450 [10:15<05:09,  2.05s/it]
Generating (int4) rank=1:  64%|██████▍   | 288/450 [10:17<05:48,  2.15s/it]
Generating (int4) rank=0:  67%|██████▋   | 300/450 [10:17<05:07,  2.05s/it]
Generating (int4) rank=1:  64%|██████▍   | 289/450 [10:19<05:46,  2.15s/it]
Generating (int4) rank=0:  67%|██████▋   | 301/450 [10:19<05:05,  2.05s/it]
Generating (int4) rank=1:  64%|██████▍   | 290/450 [10:21<05:44,  2.15s/it]
Generating (int4) rank=0:  67%|██████▋   | 302/450 [10:21<05:04,  2.05s/it]
Generating (int4) rank=1:  65%|██████▍   | 291/450 [10:23<05:42,  2.15s/it]
Generating (int4) rank=0:  67%|██████▋   | 303/450 [10:23<05:01,  2.05s/it]
Generating (int4) rank=1:  65%|██████▍   | 292/450 [10:25<05:39,  2.15s/it]
Generating (int4) rank=0:  68%|██████▊   | 304/450 [10:25<04:59,  2.05s/it]
Generating (int4) rank=0:  68%|██████▊   | 305/450 [10:27<04:57,  2.05s/it]
Generating (int4) rank=1:  65%|██████▌   | 293/450 [10:27<05:36,  2.14s/it]
Generating (int4) rank=0:  68%|██████▊   | 306/450 [10:29<04:55,  2.05s/it]
Generating (int4) rank=1:  65%|██████▌   | 294/450 [10:30<05:34,  2.14s/it]
Generating (int4) rank=0:  68%|██████▊   | 307/450 [10:31<04:53,  2.05s/it]
Generating (int4) rank=1:  66%|██████▌   | 295/450 [10:32<05:31,  2.14s/it]
Generating (int4) rank=0:  68%|██████▊   | 308/450 [10:34<04:51,  2.05s/it]
Generating (int4) rank=1:  66%|██████▌   | 296/450 [10:34<05:29,  2.14s/it]
Generating (int4) rank=0:  69%|██████▊   | 309/450 [10:36<04:49,  2.05s/it]
Generating (int4) rank=1:  66%|██████▌   | 297/450 [10:36<05:28,  2.15s/it]
Generating (int4) rank=0:  69%|██████▉   | 310/450 [10:38<04:47,  2.05s/it]
Generating (int4) rank=1:  66%|██████▌   | 298/450 [10:38<05:26,  2.14s/it]
Generating (int4) rank=0:  69%|██████▉   | 311/450 [10:40<04:45,  2.05s/it]
Generating (int4) rank=1:  66%|██████▋   | 299/450 [10:40<05:24,  2.15s/it]
Generating (int4) rank=0:  69%|██████▉   | 312/450 [10:42<04:43,  2.05s/it]
Generating (int4) rank=1:  67%|██████▋   | 300/450 [10:42<05:21,  2.14s/it]
Generating (int4) rank=0:  70%|██████▉   | 313/450 [10:44<04:41,  2.05s/it]
Generating (int4) rank=1:  67%|██████▋   | 301/450 [10:45<05:19,  2.14s/it]
Generating (int4) rank=0:  70%|██████▉   | 314/450 [10:46<04:39,  2.05s/it]
Generating (int4) rank=1:  67%|██████▋   | 302/450 [10:47<05:17,  2.14s/it]
Generating (int4) rank=0:  70%|███████   | 315/450 [10:48<04:37,  2.05s/it]
Generating (int4) rank=1:  67%|██████▋   | 303/450 [10:49<05:15,  2.15s/it]
Generating (int4) rank=0:  70%|███████   | 316/450 [10:50<04:35,  2.05s/it]
Generating (int4) rank=1:  68%|██████▊   | 304/450 [10:51<05:13,  2.15s/it]
Generating (int4) rank=0:  70%|███████   | 317/450 [10:52<04:33,  2.05s/it]
Generating (int4) rank=1:  68%|██████▊   | 305/450 [10:53<05:11,  2.15s/it]
Generating (int4) rank=0:  71%|███████   | 318/450 [10:54<04:30,  2.05s/it]
Generating (int4) rank=1:  68%|██████▊   | 306/450 [10:55<05:08,  2.14s/it]
Generating (int4) rank=0:  71%|███████   | 319/450 [10:56<04:28,  2.05s/it]
Generating (int4) rank=1:  68%|██████▊   | 307/450 [10:57<05:06,  2.15s/it]
Generating (int4) rank=0:  71%|███████   | 320/450 [10:58<04:27,  2.05s/it]
Generating (int4) rank=1:  68%|██████▊   | 308/450 [11:00<05:04,  2.15s/it]
Generating (int4) rank=0:  71%|███████▏  | 321/450 [11:00<04:24,  2.05s/it]
Generating (int4) rank=1:  69%|██████▊   | 309/450 [11:02<05:02,  2.15s/it]
Generating (int4) rank=0:  72%|███████▏  | 322/450 [11:02<04:22,  2.05s/it]
Generating (int4) rank=1:  69%|██████▉   | 310/450 [11:04<05:00,  2.14s/it]
Generating (int4) rank=0:  72%|███████▏  | 323/450 [11:04<04:20,  2.05s/it]
Generating (int4) rank=1:  69%|██████▉   | 311/450 [11:06<04:58,  2.15s/it]
Generating (int4) rank=0:  72%|███████▏  | 324/450 [11:06<04:18,  2.06s/it]
Generating (int4) rank=1:  69%|██████▉   | 312/450 [11:08<04:56,  2.15s/it]
Generating (int4) rank=0:  72%|███████▏  | 325/450 [11:08<04:16,  2.05s/it]
Generating (int4) rank=1:  70%|██████▉   | 313/450 [11:10<04:54,  2.15s/it]
Generating (int4) rank=0:  72%|███████▏  | 326/450 [11:10<04:14,  2.05s/it]
Generating (int4) rank=1:  70%|██████▉   | 314/450 [11:12<04:52,  2.15s/it]
Generating (int4) rank=0:  73%|███████▎  | 327/450 [11:13<04:12,  2.05s/it]
Generating (int4) rank=0:  73%|███████▎  | 328/450 [11:15<04:10,  2.06s/it]
Generating (int4) rank=1:  70%|███████   | 315/450 [11:15<04:50,  2.15s/it]
Generating (int4) rank=0:  73%|███████▎  | 329/450 [11:17<04:08,  2.06s/it]
Generating (int4) rank=1:  70%|███████   | 316/450 [11:17<04:47,  2.15s/it]
Generating (int4) rank=0:  73%|███████▎  | 330/450 [11:19<04:06,  2.06s/it]
Generating (int4) rank=1:  70%|███████   | 317/450 [11:19<04:45,  2.15s/it]
Generating (int4) rank=0:  74%|███████▎  | 331/450 [11:21<04:04,  2.06s/it]
Generating (int4) rank=1:  71%|███████   | 318/450 [11:21<04:43,  2.15s/it]
Generating (int4) rank=0:  74%|███████▍  | 332/450 [11:23<04:02,  2.05s/it]
Generating (int4) rank=1:  71%|███████   | 319/450 [11:23<04:40,  2.14s/it]
Generating (int4) rank=0:  74%|███████▍  | 333/450 [11:25<04:00,  2.05s/it]
Generating (int4) rank=1:  71%|███████   | 320/450 [11:25<04:38,  2.14s/it]
Generating (int4) rank=0:  74%|███████▍  | 334/450 [11:27<03:58,  2.05s/it]
Generating (int4) rank=1:  71%|███████▏  | 321/450 [11:28<04:36,  2.14s/it]
Generating (int4) rank=0:  74%|███████▍  | 335/450 [11:29<03:56,  2.05s/it]
Generating (int4) rank=1:  72%|███████▏  | 322/450 [11:30<04:34,  2.14s/it]
Generating (int4) rank=0:  75%|███████▍  | 336/450 [11:31<03:54,  2.05s/it]
Generating (int4) rank=1:  72%|███████▏  | 323/450 [11:32<04:32,  2.14s/it]
Generating (int4) rank=0:  75%|███████▍  | 337/450 [11:33<03:52,  2.05s/it]
Generating (int4) rank=1:  72%|███████▏  | 324/450 [11:34<04:30,  2.14s/it]
Generating (int4) rank=0:  75%|███████▌  | 338/450 [11:35<03:49,  2.05s/it]
Generating (int4) rank=1:  72%|███████▏  | 325/450 [11:36<04:28,  2.15s/it]
Generating (int4) rank=0:  75%|███████▌  | 339/450 [11:37<03:47,  2.05s/it]
Generating (int4) rank=1:  72%|███████▏  | 326/450 [11:38<04:26,  2.15s/it]
Generating (int4) rank=0:  76%|███████▌  | 340/450 [11:39<03:45,  2.05s/it]
Generating (int4) rank=1:  73%|███████▎  | 327/450 [11:40<04:24,  2.15s/it]
Generating (int4) rank=0:  76%|███████▌  | 341/450 [11:41<03:43,  2.05s/it]
Generating (int4) rank=1:  73%|███████▎  | 328/450 [11:43<04:21,  2.15s/it]
Generating (int4) rank=0:  76%|███████▌  | 342/450 [11:43<03:41,  2.05s/it]
Generating (int4) rank=1:  73%|███████▎  | 329/450 [11:45<04:19,  2.14s/it]
Generating (int4) rank=0:  76%|███████▌  | 343/450 [11:45<03:39,  2.05s/it]
Generating (int4) rank=1:  73%|███████▎  | 330/450 [11:47<04:17,  2.14s/it]
Generating (int4) rank=0:  76%|███████▋  | 344/450 [11:47<03:37,  2.06s/it]
Generating (int4) rank=1:  74%|███████▎  | 331/450 [11:49<04:14,  2.14s/it]
Generating (int4) rank=0:  77%|███████▋  | 345/450 [11:50<03:36,  2.06s/it]
Generating (int4) rank=1:  74%|███████▍  | 332/450 [11:51<04:12,  2.14s/it]
Generating (int4) rank=0:  77%|███████▋  | 346/450 [11:52<03:34,  2.06s/it]
Generating (int4) rank=1:  74%|███████▍  | 333/450 [11:53<04:10,  2.14s/it]
Generating (int4) rank=0:  77%|███████▋  | 347/450 [11:54<03:32,  2.06s/it]
Generating (int4) rank=1:  74%|███████▍  | 334/450 [11:55<04:08,  2.14s/it]
Generating (int4) rank=0:  77%|███████▋  | 348/450 [11:56<03:30,  2.06s/it]
Generating (int4) rank=1:  74%|███████▍  | 335/450 [11:58<04:06,  2.14s/it]
Generating (int4) rank=0:  78%|███████▊  | 349/450 [11:58<03:28,  2.06s/it]
Generating (int4) rank=1:  75%|███████▍  | 336/450 [12:00<04:04,  2.14s/it]
Generating (int4) rank=0:  78%|███████▊  | 350/450 [12:00<03:25,  2.06s/it]
Generating (int4) rank=1:  75%|███████▍  | 337/450 [12:02<04:01,  2.14s/it]
Generating (int4) rank=0:  78%|███████▊  | 351/450 [12:02<03:23,  2.06s/it]
Generating (int4) rank=0:  78%|███████▊  | 352/450 [12:04<03:21,  2.06s/it]
Generating (int4) rank=1:  75%|███████▌  | 338/450 [12:04<03:59,  2.14s/it]
Generating (int4) rank=0:  78%|███████▊  | 353/450 [12:06<03:19,  2.06s/it]
Generating (int4) rank=1:  75%|███████▌  | 339/450 [12:06<03:57,  2.14s/it]
Generating (int4) rank=0:  79%|███████▊  | 354/450 [12:08<03:17,  2.05s/it]
Generating (int4) rank=1:  76%|███████▌  | 340/450 [12:08<03:55,  2.14s/it]
Generating (int4) rank=0:  79%|███████▉  | 355/450 [12:10<03:15,  2.05s/it]
Generating (int4) rank=1:  76%|███████▌  | 341/450 [12:10<03:53,  2.14s/it]
Generating (int4) rank=0:  79%|███████▉  | 356/450 [12:12<03:13,  2.05s/it]
Generating (int4) rank=1:  76%|███████▌  | 342/450 [12:13<03:51,  2.14s/it]
Generating (int4) rank=0:  79%|███████▉  | 357/450 [12:14<03:10,  2.05s/it]
Generating (int4) rank=1:  76%|███████▌  | 343/450 [12:15<03:49,  2.15s/it]
Generating (int4) rank=0:  80%|███████▉  | 358/450 [12:16<03:09,  2.06s/it]
Generating (int4) rank=1:  76%|███████▋  | 344/450 [12:17<03:47,  2.15s/it]
Generating (int4) rank=0:  80%|███████▉  | 359/450 [12:18<03:06,  2.05s/it]
Generating (int4) rank=1:  77%|███████▋  | 345/450 [12:19<03:45,  2.15s/it]
Generating (int4) rank=0:  80%|████████  | 360/450 [12:20<03:04,  2.05s/it]
Generating (int4) rank=1:  77%|███████▋  | 346/450 [12:21<03:43,  2.15s/it]
Generating (int4) rank=0:  80%|████████  | 361/450 [12:22<03:02,  2.05s/it]
Generating (int4) rank=1:  77%|███████▋  | 347/450 [12:23<03:40,  2.15s/it]
Generating (int4) rank=0:  80%|████████  | 362/450 [12:24<03:00,  2.05s/it]
Generating (int4) rank=1:  77%|███████▋  | 348/450 [12:25<03:38,  2.15s/it]
Generating (int4) rank=0:  81%|████████  | 363/450 [12:27<02:59,  2.06s/it]
Generating (int4) rank=1:  78%|███████▊  | 349/450 [12:28<03:36,  2.15s/it]
Generating (int4) rank=0:  81%|████████  | 364/450 [12:29<02:58,  2.07s/it]
Generating (int4) rank=1:  78%|███████▊  | 350/450 [12:30<03:34,  2.15s/it]
Generating (int4) rank=0:  81%|████████  | 365/450 [12:31<02:56,  2.08s/it]
Generating (int4) rank=1:  78%|███████▊  | 351/450 [12:32<03:32,  2.15s/it]
Generating (int4) rank=0:  81%|████████▏ | 366/450 [12:33<02:54,  2.08s/it]
Generating (int4) rank=1:  78%|███████▊  | 352/450 [12:34<03:30,  2.15s/it]
Generating (int4) rank=0:  82%|████████▏ | 367/450 [12:35<02:52,  2.08s/it]
Generating (int4) rank=1:  78%|███████▊  | 353/450 [12:36<03:28,  2.15s/it]
Generating (int4) rank=0:  82%|████████▏ | 368/450 [12:37<02:50,  2.08s/it]
Generating (int4) rank=1:  79%|███████▊  | 354/450 [12:38<03:26,  2.15s/it]
Generating (int4) rank=0:  82%|████████▏ | 369/450 [12:39<02:48,  2.08s/it]
Generating (int4) rank=1:  79%|███████▉  | 355/450 [12:40<03:24,  2.15s/it]
Generating (int4) rank=0:  82%|████████▏ | 370/450 [12:41<02:46,  2.08s/it]
Generating (int4) rank=1:  79%|███████▉  | 356/450 [12:43<03:22,  2.15s/it]
Generating (int4) rank=0:  82%|████████▏ | 371/450 [12:43<02:44,  2.08s/it]
Generating (int4) rank=1:  79%|███████▉  | 357/450 [12:45<03:20,  2.15s/it]
Generating (int4) rank=0:  83%|████████▎ | 372/450 [12:45<02:42,  2.09s/it]
Generating (int4) rank=1:  80%|███████▉  | 358/450 [12:47<03:17,  2.15s/it]
Generating (int4) rank=0:  83%|████████▎ | 373/450 [12:47<02:39,  2.08s/it]
Generating (int4) rank=1:  80%|███████▉  | 359/450 [12:49<03:15,  2.15s/it]
Generating (int4) rank=0:  83%|████████▎ | 374/450 [12:49<02:37,  2.07s/it]
Generating (int4) rank=1:  80%|████████  | 360/450 [12:51<03:13,  2.15s/it]
Generating (int4) rank=0:  83%|████████▎ | 375/450 [12:51<02:35,  2.07s/it]
Generating (int4) rank=1:  80%|████████  | 361/450 [12:53<03:11,  2.15s/it]
Generating (int4) rank=0:  84%|████████▎ | 376/450 [12:54<02:32,  2.06s/it]
Generating (int4) rank=1:  80%|████████  | 362/450 [12:56<03:09,  2.15s/it]
Generating (int4) rank=0:  84%|████████▍ | 377/450 [12:56<02:30,  2.06s/it]
Generating (int4) rank=0:  84%|████████▍ | 378/450 [12:58<02:28,  2.06s/it]
Generating (int4) rank=1:  81%|████████  | 363/450 [12:58<03:06,  2.15s/it]
Generating (int4) rank=0:  84%|████████▍ | 379/450 [13:00<02:26,  2.06s/it]
Generating (int4) rank=1:  81%|████████  | 364/450 [13:00<03:04,  2.15s/it]
Generating (int4) rank=0:  84%|████████▍ | 380/450 [13:02<02:24,  2.06s/it]
Generating (int4) rank=1:  81%|████████  | 365/450 [13:02<03:02,  2.15s/it]
Generating (int4) rank=0:  85%|████████▍ | 381/450 [13:04<02:21,  2.06s/it]
Generating (int4) rank=1:  81%|████████▏ | 366/450 [13:04<03:00,  2.15s/it]
Generating (int4) rank=0:  85%|████████▍ | 382/450 [13:06<02:19,  2.06s/it]
Generating (int4) rank=1:  82%|████████▏ | 367/450 [13:06<02:58,  2.15s/it]
Generating (int4) rank=0:  85%|████████▌ | 383/450 [13:08<02:17,  2.06s/it]
Generating (int4) rank=1:  82%|████████▏ | 368/450 [13:08<02:55,  2.15s/it]
Generating (int4) rank=0:  85%|████████▌ | 384/450 [13:10<02:15,  2.06s/it]
Generating (int4) rank=1:  82%|████████▏ | 369/450 [13:11<02:53,  2.15s/it]
Generating (int4) rank=0:  86%|████████▌ | 385/450 [13:12<02:13,  2.06s/it]
Generating (int4) rank=1:  82%|████████▏ | 370/450 [13:13<02:51,  2.14s/it]
Generating (int4) rank=0:  86%|████████▌ | 386/450 [13:14<02:11,  2.06s/it]
Generating (int4) rank=1:  82%|████████▏ | 371/450 [13:15<02:49,  2.15s/it]
Generating (int4) rank=0:  86%|████████▌ | 387/450 [13:16<02:09,  2.06s/it]
Generating (int4) rank=1:  83%|████████▎ | 372/450 [13:17<02:47,  2.15s/it]
Generating (int4) rank=0:  86%|████████▌ | 388/450 [13:18<02:07,  2.06s/it]
Generating (int4) rank=1:  83%|████████▎ | 373/450 [13:19<02:45,  2.15s/it]
Generating (int4) rank=0:  86%|████████▋ | 389/450 [13:20<02:05,  2.06s/it]
Generating (int4) rank=1:  83%|████████▎ | 374/450 [13:21<02:42,  2.14s/it]
Generating (int4) rank=0:  87%|████████▋ | 390/450 [13:22<02:03,  2.06s/it]
Generating (int4) rank=1:  83%|████████▎ | 375/450 [13:23<02:40,  2.14s/it]
Generating (int4) rank=0:  87%|████████▋ | 391/450 [13:24<02:01,  2.06s/it]
Generating (int4) rank=1:  84%|████████▎ | 376/450 [13:26<02:38,  2.14s/it]
Generating (int4) rank=0:  87%|████████▋ | 392/450 [13:26<01:59,  2.06s/it]
Generating (int4) rank=1:  84%|████████▍ | 377/450 [13:28<02:36,  2.14s/it]
Generating (int4) rank=0:  87%|████████▋ | 393/450 [13:29<01:57,  2.06s/it]
Generating (int4) rank=1:  84%|████████▍ | 378/450 [13:30<02:34,  2.14s/it]
Generating (int4) rank=0:  88%|████████▊ | 394/450 [13:31<01:55,  2.06s/it]
Generating (int4) rank=1:  84%|████████▍ | 379/450 [13:32<02:31,  2.14s/it]
Generating (int4) rank=0:  88%|████████▊ | 395/450 [13:33<01:53,  2.06s/it]
Generating (int4) rank=1:  84%|████████▍ | 380/450 [13:34<02:29,  2.14s/it]
Generating (int4) rank=0:  88%|████████▊ | 396/450 [13:35<01:51,  2.06s/it]
Generating (int4) rank=1:  85%|████████▍ | 381/450 [13:36<02:27,  2.13s/it]
Generating (int4) rank=0:  88%|████████▊ | 397/450 [13:37<01:48,  2.05s/it]
Generating (int4) rank=1:  85%|████████▍ | 382/450 [13:38<02:25,  2.13s/it]
Generating (int4) rank=0:  88%|████████▊ | 398/450 [13:39<01:46,  2.05s/it]
Generating (int4) rank=1:  85%|████████▌ | 383/450 [13:40<02:22,  2.13s/it]
Generating (int4) rank=0:  89%|████████▊ | 399/450 [13:41<01:44,  2.06s/it]
Generating (int4) rank=1:  85%|████████▌ | 384/450 [13:43<02:20,  2.13s/it]
Generating (int4) rank=0:  89%|████████▉ | 400/450 [13:43<01:42,  2.06s/it]
Generating (int4) rank=1:  86%|████████▌ | 385/450 [13:45<02:18,  2.13s/it]
Generating (int4) rank=0:  89%|████████▉ | 401/450 [13:45<01:40,  2.06s/it]
Generating (int4) rank=1:  86%|████████▌ | 386/450 [13:47<02:16,  2.13s/it]
Generating (int4) rank=0:  89%|████████▉ | 402/450 [13:47<01:38,  2.05s/it]
Generating (int4) rank=1:  86%|████████▌ | 387/450 [13:49<02:14,  2.13s/it]
Generating (int4) rank=0:  90%|████████▉ | 403/450 [13:49<01:36,  2.06s/it]
Generating (int4) rank=1:  86%|████████▌ | 388/450 [13:51<02:12,  2.13s/it]
Generating (int4) rank=0:  90%|████████▉ | 404/450 [13:51<01:34,  2.06s/it]
Generating (int4) rank=0:  90%|█████████ | 405/450 [13:53<01:32,  2.05s/it]
Generating (int4) rank=1:  86%|████████▋ | 389/450 [13:53<02:10,  2.14s/it]
Generating (int4) rank=0:  90%|█████████ | 406/450 [13:55<01:30,  2.06s/it]
Generating (int4) rank=1:  87%|████████▋ | 390/450 [13:55<02:08,  2.14s/it]
Generating (int4) rank=0:  90%|█████████ | 407/450 [13:57<01:28,  2.06s/it]
Generating (int4) rank=1:  87%|████████▋ | 391/450 [13:58<02:06,  2.14s/it]
Generating (int4) rank=0:  91%|█████████ | 408/450 [13:59<01:26,  2.05s/it]
Generating (int4) rank=1:  87%|████████▋ | 392/450 [14:00<02:04,  2.14s/it]
Generating (int4) rank=0:  91%|█████████ | 409/450 [14:01<01:24,  2.06s/it]
Generating (int4) rank=1:  87%|████████▋ | 393/450 [14:02<02:02,  2.14s/it]
Generating (int4) rank=0:  91%|█████████ | 410/450 [14:03<01:22,  2.05s/it]
Generating (int4) rank=1:  88%|████████▊ | 394/450 [14:04<01:59,  2.14s/it]
Generating (int4) rank=0:  91%|█████████▏| 411/450 [14:05<01:20,  2.05s/it]
Generating (int4) rank=1:  88%|████████▊ | 395/450 [14:06<01:57,  2.14s/it]
Generating (int4) rank=0:  92%|█████████▏| 412/450 [14:08<01:18,  2.05s/it]
Generating (int4) rank=1:  88%|████████▊ | 396/450 [14:08<01:55,  2.14s/it]
Generating (int4) rank=0:  92%|█████████▏| 413/450 [14:10<01:15,  2.05s/it]
Generating (int4) rank=1:  88%|████████▊ | 397/450 [14:10<01:53,  2.14s/it]
Generating (int4) rank=0:  92%|█████████▏| 414/450 [14:12<01:13,  2.05s/it]
Generating (int4) rank=1:  88%|████████▊ | 398/450 [14:13<01:51,  2.14s/it]
Generating (int4) rank=0:  92%|█████████▏| 415/450 [14:14<01:11,  2.05s/it]
Generating (int4) rank=1:  89%|████████▊ | 399/450 [14:15<01:49,  2.14s/it]
Generating (int4) rank=0:  92%|█████████▏| 416/450 [14:16<01:09,  2.05s/it]
Generating (int4) rank=1:  89%|████████▉ | 400/450 [14:17<01:47,  2.15s/it]
Generating (int4) rank=0:  93%|█████████▎| 417/450 [14:18<01:07,  2.05s/it]
Generating (int4) rank=1:  89%|████████▉ | 401/450 [14:19<01:44,  2.14s/it]
Generating (int4) rank=0:  93%|█████████▎| 418/450 [14:20<01:05,  2.05s/it]
Generating (int4) rank=1:  89%|████████▉ | 402/450 [14:21<01:42,  2.14s/it]
Generating (int4) rank=0:  93%|█████████▎| 419/450 [14:22<01:03,  2.05s/it]
Generating (int4) rank=1:  90%|████████▉ | 403/450 [14:23<01:40,  2.13s/it]
Generating (int4) rank=0:  93%|█████████▎| 420/450 [14:24<01:01,  2.05s/it]
Generating (int4) rank=1:  90%|████████▉ | 404/450 [14:25<01:38,  2.14s/it]
Generating (int4) rank=0:  94%|█████████▎| 421/450 [14:26<00:59,  2.05s/it]
Generating (int4) rank=1:  90%|█████████ | 405/450 [14:28<01:36,  2.14s/it]
Generating (int4) rank=0:  94%|█████████▍| 422/450 [14:28<00:57,  2.05s/it]
Generating (int4) rank=1:  90%|█████████ | 406/450 [14:30<01:34,  2.14s/it]
Generating (int4) rank=0:  94%|█████████▍| 423/450 [14:30<00:55,  2.05s/it]
Generating (int4) rank=1:  90%|█████████ | 407/450 [14:32<01:32,  2.14s/it]
Generating (int4) rank=0:  94%|█████████▍| 424/450 [14:32<00:53,  2.05s/it]
Generating (int4) rank=1:  91%|█████████ | 408/450 [14:34<01:29,  2.14s/it]
Generating (int4) rank=0:  94%|█████████▍| 425/450 [14:34<00:51,  2.05s/it]
Generating (int4) rank=1:  91%|█████████ | 409/450 [14:36<01:27,  2.15s/it]
Generating (int4) rank=0:  95%|█████████▍| 426/450 [14:36<00:49,  2.05s/it]
Generating (int4) rank=1:  91%|█████████ | 410/450 [14:38<01:25,  2.15s/it]
Generating (int4) rank=0:  95%|█████████▍| 427/450 [14:38<00:47,  2.05s/it]
Generating (int4) rank=0:  95%|█████████▌| 428/450 [14:40<00:45,  2.05s/it]
Generating (int4) rank=1:  91%|█████████▏| 411/450 [14:40<01:23,  2.14s/it]
Generating (int4) rank=0:  95%|█████████▌| 429/450 [14:42<00:43,  2.05s/it]
Generating (int4) rank=1:  92%|█████████▏| 412/450 [14:43<01:21,  2.15s/it]
Generating (int4) rank=0:  96%|█████████▌| 430/450 [14:44<00:41,  2.05s/it]
Generating (int4) rank=1:  92%|█████████▏| 413/450 [14:45<01:19,  2.14s/it]
Generating (int4) rank=0:  96%|█████████▌| 431/450 [14:47<00:38,  2.05s/it]
Generating (int4) rank=1:  92%|█████████▏| 414/450 [14:47<01:17,  2.14s/it]
Generating (int4) rank=0:  96%|█████████▌| 432/450 [14:49<00:36,  2.05s/it]
Generating (int4) rank=1:  92%|█████████▏| 415/450 [14:49<01:15,  2.15s/it]
Generating (int4) rank=0:  96%|█████████▌| 433/450 [14:51<00:34,  2.05s/it]
Generating (int4) rank=1:  92%|█████████▏| 416/450 [14:51<01:12,  2.15s/it]
Generating (int4) rank=0:  96%|█████████▋| 434/450 [14:53<00:32,  2.05s/it]
Generating (int4) rank=1:  93%|█████████▎| 417/450 [14:53<01:10,  2.15s/it]
Generating (int4) rank=0:  97%|█████████▋| 435/450 [14:55<00:30,  2.05s/it]
Generating (int4) rank=1:  93%|█████████▎| 418/450 [14:55<01:08,  2.15s/it]
Generating (int4) rank=0:  97%|█████████▋| 436/450 [14:57<00:28,  2.05s/it]
Generating (int4) rank=1:  93%|█████████▎| 419/450 [14:58<01:06,  2.14s/it]
Generating (int4) rank=0:  97%|█████████▋| 437/450 [14:59<00:26,  2.06s/it]
Generating (int4) rank=1:  93%|█████████▎| 420/450 [15:00<01:04,  2.14s/it]
Generating (int4) rank=0:  97%|█████████▋| 438/450 [15:01<00:24,  2.06s/it]
Generating (int4) rank=1:  94%|█████████▎| 421/450 [15:02<01:02,  2.14s/it]
Generating (int4) rank=0:  98%|█████████▊| 439/450 [15:03<00:22,  2.05s/it]
Generating (int4) rank=1:  94%|█████████▍| 422/450 [15:04<01:00,  2.14s/it]
Generating (int4) rank=0:  98%|█████████▊| 440/450 [15:05<00:20,  2.05s/it]
Generating (int4) rank=1:  94%|█████████▍| 423/450 [15:06<00:57,  2.14s/it]
Generating (int4) rank=0:  98%|█████████▊| 441/450 [15:07<00:18,  2.05s/it]
Generating (int4) rank=1:  94%|█████████▍| 424/450 [15:08<00:55,  2.14s/it]
Generating (int4) rank=0:  98%|█████████▊| 442/450 [15:09<00:16,  2.05s/it]
Generating (int4) rank=1:  94%|█████████▍| 425/450 [15:10<00:53,  2.14s/it]
Generating (int4) rank=0:  98%|█████████▊| 443/450 [15:11<00:14,  2.05s/it]
Generating (int4) rank=1:  95%|█████████▍| 426/450 [15:13<00:51,  2.14s/it]
Generating (int4) rank=0:  99%|█████████▊| 444/450 [15:13<00:12,  2.05s/it]
Generating (int4) rank=1:  95%|█████████▍| 427/450 [15:15<00:49,  2.14s/it]
Generating (int4) rank=0:  99%|█████████▉| 445/450 [15:15<00:10,  2.05s/it]
Generating (int4) rank=1:  95%|█████████▌| 428/450 [15:17<00:47,  2.14s/it]
Generating (int4) rank=0:  99%|█████████▉| 446/450 [15:17<00:08,  2.05s/it]
Generating (int4) rank=1:  95%|█████████▌| 429/450 [15:19<00:44,  2.14s/it]
Generating (int4) rank=0:  99%|█████████▉| 447/450 [15:19<00:06,  2.05s/it]
Generating (int4) rank=1:  96%|█████████▌| 430/450 [15:21<00:42,  2.14s/it]
Generating (int4) rank=0: 100%|█████████▉| 448/450 [15:21<00:04,  2.05s/it]
Generating (int4) rank=1:  96%|█████████▌| 431/450 [15:23<00:40,  2.14s/it]
Generating (int4) rank=0: 100%|█████████▉| 449/450 [15:23<00:02,  2.05s/it]
Generating (int4) rank=1:  96%|█████████▌| 432/450 [15:25<00:38,  2.14s/it]
Generating (int4) rank=0: 100%|██████████| 450/450 [15:26<00:00,  2.05s/it]
Generating (int4) rank=0: 100%|██████████| 450/450 [15:26<00:00,  2.06s/it]

Generating (int4) rank=1:  96%|█████████▌| 433/450 [15:28<00:36,  2.14s/it]
Generating (int4) rank=1:  96%|█████████▋| 434/450 [15:30<00:34,  2.15s/it]
Generating (int4) rank=1:  97%|█████████▋| 435/450 [15:32<00:32,  2.15s/it]
Generating (int4) rank=1:  97%|█████████▋| 436/450 [15:34<00:30,  2.15s/it]
Generating (int4) rank=1:  97%|█████████▋| 437/450 [15:36<00:28,  2.15s/it]
Generating (int4) rank=1:  97%|█████████▋| 438/450 [15:38<00:25,  2.16s/it]
Generating (int4) rank=1:  98%|█████████▊| 439/450 [15:40<00:23,  2.16s/it]
Generating (int4) rank=1:  98%|█████████▊| 440/450 [15:43<00:21,  2.15s/it]
Generating (int4) rank=1:  98%|█████████▊| 441/450 [15:45<00:19,  2.15s/it]
Generating (int4) rank=1:  98%|█████████▊| 442/450 [15:47<00:17,  2.15s/it]
Generating (int4) rank=1:  98%|█████████▊| 443/450 [15:49<00:15,  2.15s/it]
Generating (int4) rank=1:  99%|█████████▊| 444/450 [15:51<00:12,  2.15s/it]
Generating (int4) rank=1:  99%|█████████▉| 445/450 [15:53<00:10,  2.15s/it]
Generating (int4) rank=1:  99%|█████████▉| 446/450 [15:56<00:08,  2.15s/it]
Generating (int4) rank=1:  99%|█████████▉| 447/450 [15:58<00:06,  2.15s/it]
Generating (int4) rank=1: 100%|█████████▉| 448/450 [16:00<00:04,  2.15s/it]
Generating (int4) rank=1: 100%|█████████▉| 449/450 [16:02<00:02,  2.15s/it]
Generating (int4) rank=1: 100%|██████████| 450/450 [16:04<00:00,  2.16s/it]
Generating (int4) rank=1: 100%|██████████| 450/450 [16:04<00:00,  2.14s/it]
fatal: not a git repository (or any of the parent directories): .git
2026-07-12:21:18:21,436 INFO     [lm_eval.loggers.evaluation_tracker:209] Saving results aggregated
2026-07-12:21:18:21,438 INFO     [lm_eval.loggers.evaluation_tracker:290] Saving per-sample results for: sudoku4_2shot_large

