/home/alimaskina/miniconda3/lib/python3.13/site-packages/requests/__init__.py:113: RequestsDependencyWarning: urllib3 (2.5.0) or chardet (6.0.0.post1)/charset_normalizer (3.3.2) doesn't match a supported version!
  warnings.warn(
Loading WikiText prompts: dataset=wikitext-103-raw-v1 split=validation n=256
Saved prompts → checkpoints/results_wikitext_fp16_n256/prompts.json
Generating 256 samples with traces → checkpoints/results_wikitext_fp16_n256
Done in 3452s, avg generation len=837.4 chars
Summary → checkpoints/results_wikitext_fp16_n256/summary.json

/home/alimaskina/miniconda3/lib/python3.13/site-packages/requests/__init__.py:113: RequestsDependencyWarning: urllib3 (2.5.0) or chardet (6.0.0.post1)/charset_normalizer (3.3.2) doesn't match a supported version!
  warnings.warn(
/home/alimaskina/miniconda3/lib/python3.13/site-packages/requests/__init__.py:113: RequestsDependencyWarning: urllib3 (2.5.0) or chardet (6.0.0.post1)/charset_normalizer (3.3.2) doesn't match a supported version!
  warnings.warn(
/home/alimaskina/miniconda3/lib/python3.13/site-packages/requests/__init__.py:113: RequestsDependencyWarning: urllib3 (2.5.0) or chardet (6.0.0.post1)/charset_normalizer (3.3.2) doesn't match a supported version!
  warnings.warn(
Detected kernel version 5.4.210, which is below the recommended minimum of 5.5.0; this can cause the process to hang. It is recommended to upgrade the kernel to the minimum version or higher.

Loading checkpoint shards:   0%|          | 0/6 [00:00<?, ?it/s]
Loading checkpoint shards:  17%|█▋        | 1/6 [00:00<00:04,  1.10it/s]
Loading checkpoint shards:  33%|███▎      | 2/6 [00:01<00:03,  1.27it/s]
Loading checkpoint shards:  50%|█████     | 3/6 [00:02<00:03,  1.05s/it]
Loading checkpoint shards:  67%|██████▋   | 4/6 [00:04<00:02,  1.16s/it]
Loading checkpoint shards:  83%|████████▎ | 5/6 [00:05<00:01,  1.06s/it]
Loading checkpoint shards: 100%|██████████| 6/6 [00:05<00:00,  1.09it/s]
Loading checkpoint shards: 100%|██████████| 6/6 [00:05<00:00,  1.03it/s]
Parameter 'function'=<function LLaDAEvalHarness.generate_until.<locals>._tokenize at 0x7f69d5bd2d40> of the transform datasets.arrow_dataset.Dataset._map_single couldn't be hashed properly, a random hash was used instead. Make sure your transforms and parameters are serializable with pickle or dill for the dataset fingerprinting and caching to work. If you reuse this transform, the caching mechanism will consider it to be different from the previous calls and recompute everything. This warning is only shown once. Subsequent hashing failures won't be shown.

Map:   0%|          | 0/256 [00:00<?, ? examples/s]
Map: 100%|██████████| 256/256 [00:00<00:00, 3558.18 examples/s]

Generating (fp16) rank=0:   0%|          | 0/256 [00:00<?, ?it/s]
Generating (fp16) rank=0:   0%|          | 1/256 [00:50<3:34:43, 50.52s/it]
Generating (fp16) rank=0:   1%|          | 2/256 [00:50<1:28:19, 20.87s/it]
Generating (fp16) rank=0:   2%|▏         | 5/256 [01:41<1:15:12, 17.98s/it]
Generating (fp16) rank=0:   4%|▎         | 9/256 [02:31<1:01:14, 14.88s/it]
Generating (fp16) rank=0:   5%|▌         | 13/256 [03:22<56:10, 13.87s/it] 
Generating (fp16) rank=0:   6%|▌         | 15/256 [03:22<42:09, 10.50s/it]
Generating (fp16) rank=0:   6%|▋         | 16/256 [03:39<41:59, 10.50s/it]
Generating (fp16) rank=0:   7%|▋         | 17/256 [04:12<56:55, 14.29s/it]
Generating (fp16) rank=0:   8%|▊         | 21/256 [05:02<53:04, 13.55s/it]
Generating (fp16) rank=0:   9%|▉         | 23/256 [05:02<40:25, 10.41s/it]
Generating (fp16) rank=0:   9%|▉         | 24/256 [05:19<40:14, 10.41s/it]
Generating (fp16) rank=0:  10%|▉         | 25/256 [05:53<54:16, 14.10s/it]
Generating (fp16) rank=0:  10%|█         | 26/256 [05:53<45:55, 11.98s/it]
Generating (fp16) rank=0:  11%|█         | 28/256 [06:09<45:31, 11.98s/it]
Generating (fp16) rank=0:  11%|█▏        | 29/256 [06:44<52:41, 13.93s/it]
Generating (fp16) rank=0:  13%|█▎        | 33/256 [07:34<49:45, 13.39s/it]
Generating (fp16) rank=0:  13%|█▎        | 34/256 [07:34<43:00, 11.63s/it]
Generating (fp16) rank=0:  14%|█▍        | 36/256 [07:49<42:37, 11.63s/it]
Generating (fp16) rank=0:  14%|█▍        | 37/256 [08:25<49:19, 13.52s/it]
Generating (fp16) rank=0:  15%|█▍        | 38/256 [08:25<41:55, 11.54s/it]
Generating (fp16) rank=0:  16%|█▌        | 40/256 [08:39<41:32, 11.54s/it]
Generating (fp16) rank=0:  16%|█▌        | 41/256 [09:16<48:49, 13.63s/it]
Generating (fp16) rank=0:  17%|█▋        | 43/256 [09:16<35:23,  9.97s/it]
Generating (fp16) rank=0:  17%|█▋        | 44/256 [09:29<35:13,  9.97s/it]
Generating (fp16) rank=0:  18%|█▊        | 45/256 [10:06<49:51, 14.18s/it]
Generating (fp16) rank=0:  19%|█▉        | 48/256 [10:06<30:51,  8.90s/it]
Generating (fp16) rank=0:  19%|█▉        | 48/256 [10:19<30:51,  8.90s/it]
Generating (fp16) rank=0:  19%|█▉        | 49/256 [10:57<52:18, 15.16s/it]
Generating (fp16) rank=0:  20%|█▉        | 51/256 [10:57<36:15, 10.61s/it]
Generating (fp16) rank=0:  20%|██        | 52/256 [11:09<36:04, 10.61s/it]
Generating (fp16) rank=0:  21%|██        | 53/256 [11:47<50:49, 15.02s/it]
Generating (fp16) rank=0:  21%|██▏       | 55/256 [11:47<35:15, 10.52s/it]
Generating (fp16) rank=0:  22%|██▏       | 56/256 [11:59<35:04, 10.52s/it]
Generating (fp16) rank=0:  22%|██▏       | 57/256 [12:38<49:34, 14.95s/it]
Generating (fp16) rank=0:  23%|██▎       | 58/256 [12:38<40:40, 12.32s/it]
Generating (fp16) rank=0:  23%|██▎       | 60/256 [12:49<40:15, 12.32s/it]
Generating (fp16) rank=0:  24%|██▍       | 61/256 [13:29<46:22, 14.27s/it]
Generating (fp16) rank=0:  25%|██▍       | 63/256 [13:29<32:35, 10.13s/it]
Generating (fp16) rank=0:  25%|██▌       | 64/256 [13:39<32:25, 10.13s/it]
Generating (fp16) rank=0:  25%|██▌       | 65/256 [14:19<46:21, 14.56s/it]
Generating (fp16) rank=0:  26%|██▌       | 66/256 [14:19<38:10, 12.06s/it]
Generating (fp16) rank=0:  27%|██▋       | 68/256 [14:29<37:46, 12.06s/it]
Generating (fp16) rank=0:  27%|██▋       | 69/256 [15:10<43:54, 14.09s/it]
Generating (fp16) rank=0:  27%|██▋       | 70/256 [15:10<36:22, 11.73s/it]
Generating (fp16) rank=0:  28%|██▊       | 72/256 [15:21<35:58, 11.73s/it]
Generating (fp16) rank=0:  29%|██▊       | 73/256 [16:00<42:20, 13.88s/it]
Generating (fp16) rank=0:  29%|██▉       | 74/256 [16:00<35:09, 11.59s/it]
Generating (fp16) rank=0:  30%|██▉       | 76/256 [16:11<34:46, 11.59s/it]
Generating (fp16) rank=0:  30%|███       | 77/256 [16:52<41:26, 13.89s/it]
Generating (fp16) rank=0:  30%|███       | 78/256 [16:52<34:26, 11.61s/it]
Generating (fp16) rank=0:  31%|███▏      | 80/256 [17:09<34:03, 11.61s/it]
Generating (fp16) rank=0:  32%|███▏      | 81/256 [17:43<40:12, 13.79s/it]
Generating (fp16) rank=0:  32%|███▏      | 82/256 [17:43<33:26, 11.53s/it]
Generating (fp16) rank=0:  33%|███▎      | 84/256 [17:59<33:03, 11.53s/it]
Generating (fp16) rank=0:  33%|███▎      | 85/256 [18:33<39:10, 13.75s/it]
Generating (fp16) rank=0:  34%|███▎      | 86/256 [18:33<32:34, 11.50s/it]
Generating (fp16) rank=0:  35%|███▍      | 89/256 [19:26<38:55, 13.99s/it]
Generating (fp16) rank=0:  36%|███▌      | 91/256 [19:26<27:37, 10.05s/it]
Generating (fp16) rank=0:  36%|███▌      | 92/256 [19:39<27:27, 10.05s/it]
Generating (fp16) rank=0:  36%|███▋      | 93/256 [20:18<39:37, 14.59s/it]
Generating (fp16) rank=0:  37%|███▋      | 94/256 [20:18<32:43, 12.12s/it]
Generating (fp16) rank=0:  38%|███▊      | 96/256 [20:29<32:19, 12.12s/it]
Generating (fp16) rank=0:  38%|███▊      | 97/256 [21:09<37:44, 14.24s/it]
Generating (fp16) rank=0:  38%|███▊      | 98/256 [21:09<31:17, 11.88s/it]
Generating (fp16) rank=0:  39%|███▉      | 100/256 [21:19<30:53, 11.88s/it]
Generating (fp16) rank=0:  39%|███▉      | 101/256 [22:00<36:04, 13.97s/it]
Generating (fp16) rank=0:  40%|███▉      | 102/256 [22:00<29:57, 11.67s/it]
Generating (fp16) rank=0:  41%|████      | 104/256 [22:11<29:33, 11.67s/it]
Generating (fp16) rank=0:  41%|████      | 105/256 [22:51<34:49, 13.84s/it]
Generating (fp16) rank=0:  41%|████▏     | 106/256 [22:51<28:56, 11.58s/it]
Generating (fp16) rank=0:  42%|████▏     | 107/256 [22:51<23:19,  9.39s/it]
Generating (fp16) rank=0:  42%|████▏     | 108/256 [22:51<18:15,  7.40s/it]
Generating (fp16) rank=0:  43%|████▎     | 109/256 [23:42<42:50, 17.49s/it]
Generating (fp16) rank=0:  43%|████▎     | 110/256 [23:42<31:56, 13.13s/it]
Generating (fp16) rank=0:  44%|████▍     | 113/256 [24:34<36:28, 15.30s/it]
Generating (fp16) rank=0:  45%|████▍     | 114/256 [24:34<29:05, 12.30s/it]
Generating (fp16) rank=0:  46%|████▌     | 117/256 [25:25<33:42, 14.55s/it]
Generating (fp16) rank=0:  46%|████▋     | 119/256 [25:26<23:09, 10.14s/it]
Generating (fp16) rank=0:  47%|████▋     | 120/256 [25:39<22:59, 10.14s/it]
Generating (fp16) rank=0:  47%|████▋     | 121/256 [26:17<33:37, 14.94s/it]
Generating (fp16) rank=0:  48%|████▊     | 122/256 [26:18<27:28, 12.30s/it]
Generating (fp16) rank=0:  48%|████▊     | 124/256 [26:29<27:04, 12.30s/it]
Generating (fp16) rank=0:  49%|████▉     | 125/256 [27:09<31:31, 14.44s/it]
Generating (fp16) rank=0:  49%|████▉     | 126/256 [27:09<25:58, 11.99s/it]
Generating (fp16) rank=0:  50%|█████     | 128/256 [27:20<25:34, 11.99s/it]
Generating (fp16) rank=0:  50%|█████     | 129/256 [28:01<29:58, 14.16s/it]
Generating (fp16) rank=0:  51%|█████     | 130/256 [28:01<24:47, 11.81s/it]
Generating (fp16) rank=0:  52%|█████▏    | 132/256 [28:11<24:24, 11.81s/it]
Generating (fp16) rank=0:  52%|█████▏    | 133/256 [28:51<28:31, 13.91s/it]
Generating (fp16) rank=0:  52%|█████▏    | 134/256 [28:52<23:37, 11.62s/it]
Generating (fp16) rank=0:  54%|█████▎    | 137/256 [29:44<27:48, 14.02s/it]
Generating (fp16) rank=0:  54%|█████▍    | 139/256 [29:44<19:37, 10.06s/it]
Generating (fp16) rank=0:  55%|█████▍    | 140/256 [30:00<19:27, 10.06s/it]
Generating (fp16) rank=0:  55%|█████▌    | 141/256 [30:35<27:57, 14.59s/it]
Generating (fp16) rank=0:  55%|█████▌    | 142/256 [30:36<23:01, 12.12s/it]
Generating (fp16) rank=0:  56%|█████▋    | 144/256 [30:50<22:37, 12.12s/it]
Generating (fp16) rank=0:  57%|█████▋    | 145/256 [31:27<26:25, 14.28s/it]
Generating (fp16) rank=0:  57%|█████▋    | 146/256 [31:27<21:50, 11.91s/it]
Generating (fp16) rank=0:  58%|█████▊    | 148/256 [31:40<21:26, 11.91s/it]
Generating (fp16) rank=0:  58%|█████▊    | 149/256 [32:19<25:16, 14.17s/it]
Generating (fp16) rank=0:  59%|█████▊    | 150/256 [32:19<20:54, 11.84s/it]
Generating (fp16) rank=0:  60%|█████▉    | 153/256 [33:11<24:14, 14.13s/it]
Generating (fp16) rank=0:  61%|██████    | 156/256 [33:12<14:47,  8.88s/it]
Generating (fp16) rank=0:  61%|██████    | 156/256 [33:30<14:47,  8.88s/it]
Generating (fp16) rank=0:  61%|██████▏   | 157/256 [34:04<25:22, 15.37s/it]
Generating (fp16) rank=0:  62%|██████▏   | 158/256 [34:04<20:41, 12.67s/it]
Generating (fp16) rank=0:  62%|██████▎   | 160/256 [34:20<20:16, 12.67s/it]
Generating (fp16) rank=0:  63%|██████▎   | 161/256 [34:56<23:17, 14.71s/it]
Generating (fp16) rank=0:  63%|██████▎   | 162/256 [34:56<19:08, 12.22s/it]
Generating (fp16) rank=0:  64%|██████▍   | 164/256 [35:10<18:44, 12.22s/it]
Generating (fp16) rank=0:  64%|██████▍   | 165/256 [35:48<21:46, 14.36s/it]
Generating (fp16) rank=0:  65%|██████▍   | 166/256 [35:48<17:57, 11.97s/it]
Generating (fp16) rank=0:  66%|██████▌   | 168/256 [36:00<17:33, 11.97s/it]
Generating (fp16) rank=0:  66%|██████▌   | 169/256 [36:39<20:30, 14.14s/it]
Generating (fp16) rank=0:  66%|██████▋   | 170/256 [36:40<16:56, 11.82s/it]
Generating (fp16) rank=0:  67%|██████▋   | 172/256 [36:50<16:32, 11.82s/it]
Generating (fp16) rank=0:  68%|██████▊   | 173/256 [37:31<19:27, 14.07s/it]
Generating (fp16) rank=0:  68%|██████▊   | 175/256 [37:31<13:37, 10.09s/it]
Generating (fp16) rank=0:  69%|██████▉   | 176/256 [37:50<13:27, 10.09s/it]
Generating (fp16) rank=0:  69%|██████▉   | 177/256 [38:22<19:09, 14.55s/it]
Generating (fp16) rank=0:  70%|██████▉   | 178/256 [38:23<15:42, 12.08s/it]
Generating (fp16) rank=0:  70%|███████   | 180/256 [38:40<15:18, 12.08s/it]
Generating (fp16) rank=0:  71%|███████   | 181/256 [39:18<18:33, 14.85s/it]
Generating (fp16) rank=0:  71%|███████   | 182/256 [39:19<15:16, 12.38s/it]
Generating (fp16) rank=0:  72%|███████▏  | 184/256 [39:30<14:51, 12.38s/it]
Generating (fp16) rank=0:  72%|███████▏  | 185/256 [40:36<21:21, 18.05s/it]
Generating (fp16) rank=0:  73%|███████▎  | 187/256 [40:36<14:51, 12.92s/it]
Generating (fp16) rank=0:  73%|███████▎  | 188/256 [40:50<14:38, 12.92s/it]
Generating (fp16) rank=0:  74%|███████▍  | 189/256 [41:52<22:28, 20.12s/it]
Generating (fp16) rank=0:  74%|███████▍  | 190/256 [41:52<18:22, 16.70s/it]
Generating (fp16) rank=0:  75%|███████▌  | 192/256 [42:10<17:48, 16.70s/it]
Generating (fp16) rank=0:  75%|███████▌  | 193/256 [43:10<21:37, 20.59s/it]
Generating (fp16) rank=0:  76%|███████▌  | 194/256 [43:10<17:44, 17.16s/it]
Generating (fp16) rank=0:  77%|███████▋  | 196/256 [43:21<17:09, 17.16s/it]
Generating (fp16) rank=0:  77%|███████▋  | 197/256 [44:28<20:26, 20.79s/it]
Generating (fp16) rank=0:  77%|███████▋  | 198/256 [44:28<16:46, 17.35s/it]
Generating (fp16) rank=0:  78%|███████▊  | 200/256 [44:40<16:11, 17.35s/it]
Generating (fp16) rank=0:  79%|███████▊  | 201/256 [45:45<19:08, 20.88s/it]
Generating (fp16) rank=0:  79%|███████▉  | 202/256 [45:45<15:42, 17.45s/it]
Generating (fp16) rank=0:  80%|████████  | 205/256 [47:03<17:46, 20.91s/it]
Generating (fp16) rank=0:  80%|████████  | 206/256 [47:03<14:33, 17.48s/it]
Generating (fp16) rank=0:  82%|████████▏ | 209/256 [48:02<14:24, 18.40s/it]
Generating (fp16) rank=0:  82%|████████▏ | 210/256 [48:02<11:47, 15.39s/it]
Generating (fp16) rank=0:  83%|████████▎ | 213/256 [48:53<11:31, 16.08s/it]
Generating (fp16) rank=0:  84%|████████▎ | 214/256 [48:53<09:24, 13.45s/it]
Generating (fp16) rank=0:  85%|████████▍ | 217/256 [49:45<09:42, 14.95s/it]
Generating (fp16) rank=0:  85%|████████▌ | 218/256 [49:45<07:55, 12.51s/it]
Generating (fp16) rank=0:  86%|████████▋ | 221/256 [50:35<08:19, 14.28s/it]
Generating (fp16) rank=0:  87%|████████▋ | 222/256 [50:35<06:46, 11.95s/it]
Generating (fp16) rank=0:  88%|████████▊ | 225/256 [51:26<07:15, 14.05s/it]
Generating (fp16) rank=0:  88%|████████▊ | 226/256 [51:26<05:52, 11.76s/it]
Generating (fp16) rank=0:  89%|████████▉ | 229/256 [52:17<06:14, 13.89s/it]
Generating (fp16) rank=0:  90%|████████▉ | 230/256 [52:17<05:02, 11.62s/it]
Generating (fp16) rank=0:  91%|█████████ | 233/256 [53:08<05:18, 13.85s/it]
Generating (fp16) rank=0:  91%|█████████▏| 234/256 [53:08<04:14, 11.59s/it]
Generating (fp16) rank=0:  93%|█████████▎| 237/256 [53:59<04:20, 13.73s/it]
Generating (fp16) rank=0:  93%|█████████▎| 238/256 [53:59<03:26, 11.49s/it]
Generating (fp16) rank=0:  94%|█████████▍| 241/256 [54:49<03:25, 13.72s/it]
Generating (fp16) rank=0:  95%|█████████▍| 242/256 [54:49<02:40, 11.48s/it]
Generating (fp16) rank=0:  96%|█████████▌| 245/256 [55:40<02:30, 13.70s/it]
Generating (fp16) rank=0:  96%|█████████▌| 246/256 [55:40<01:54, 11.46s/it]
Generating (fp16) rank=0:  97%|█████████▋| 249/256 [56:31<01:35, 13.71s/it]
Generating (fp16) rank=0:  98%|█████████▊| 250/256 [56:31<01:08, 11.47s/it]
Generating (fp16) rank=0:  99%|█████████▉| 253/256 [57:22<00:41, 13.74s/it]
Generating (fp16) rank=0:  99%|█████████▉| 254/256 [57:22<00:22, 11.49s/it]
Generating (fp16) rank=0: 100%|██████████| 256/256 [57:22<00:00, 13.45s/it]

