/home/alimaskina/miniconda3/lib/python3.13/site-packages/requests/__init__.py:113: RequestsDependencyWarning: urllib3 (2.5.0) or chardet (6.0.0.post1)/charset_normalizer (3.3.2) doesn't match a supported version!
  warnings.warn(
llada_dist (model_path=GSAI-ML/LLaDA-8B-Base,quant=int4,gen_length=21,steps=21,block_length=21,remasking=low_confidence,checkpoint_dir=checkpoints/results_sudoku_int4_large_4x4_2shot_2gpu_g21,gen_batch_size=1), gen_kwargs: (None), limit: None, num_fewshot: None, batch_size: 1
|       Tasks       |Version|Filter|n-shot|   Metric   |   |Value |   |Stderr|
|-------------------|------:|------|-----:|------------|---|-----:|---|-----:|
|sudoku4_2shot_large|      1|none  |     2|exact_match |↑  |0.3833|±  |0.0162|
|                   |       |none  |     2|valid_sudoku|↑  |0.3833|±  |0.0162|


/home/alimaskina/miniconda3/lib/python3.13/site-packages/requests/__init__.py:113: RequestsDependencyWarning: urllib3 (2.5.0) or chardet (6.0.0.post1)/charset_normalizer (3.3.2) doesn't match a supported version!
  warnings.warn(
/home/alimaskina/miniconda3/lib/python3.13/site-packages/requests/__init__.py:113: RequestsDependencyWarning: urllib3 (2.5.0) or chardet (6.0.0.post1)/charset_normalizer (3.3.2) doesn't match a supported version!
  warnings.warn(
/home/alimaskina/miniconda3/lib/python3.13/site-packages/requests/__init__.py:113: RequestsDependencyWarning: urllib3 (2.5.0) or chardet (6.0.0.post1)/charset_normalizer (3.3.2) doesn't match a supported version!
  warnings.warn(
The following values were not passed to `accelerate launch` and had defaults used instead:
	`--num_machines` was set to a value of `1`
	`--mixed_precision` was set to a value of `'no'`
	`--dynamo_backend` was set to a value of `'no'`
To avoid this warning pass in values for each of the problematic parameters or run `accelerate config`.
2026-07-13:12:45:13,906 INFO     [lm_eval.__main__:307] Including path: /home/alimaskina/dllm/quant_where_to_unmask/tasks
2026-07-13:12:45:14,126 INFO     [lm_eval.__main__:307] Including path: /home/alimaskina/dllm/quant_where_to_unmask/tasks
2026-07-13:12:45:26,747 INFO     [lm_eval.__main__:379] Selected Tasks: ['sudoku4_2shot_large']
2026-07-13:12:45:26,748 INFO     [lm_eval.evaluator:169] Setting random seed to 0 | Setting numpy seed to 1234 | Setting torch manual seed to 1234 | Setting fewshot manual seed to 1234
2026-07-13:12:45:26,748 INFO     [lm_eval.evaluator:206] Initializing llada_dist model, with arguments: {'model_path': 'GSAI-ML/LLaDA-8B-Base', 'quant': 'int4', 'gen_length': 21, 'steps': 21, 'block_length': 21, 'remasking': 'low_confidence', 'checkpoint_dir': 'checkpoints/results_sudoku_int4_large_4x4_2shot_2gpu_g21', 'gen_batch_size': 1}
2026-07-13:12:45:26,836 INFO     [lm_eval.__main__:379] Selected Tasks: ['sudoku4_2shot_large']
2026-07-13:12:45:26,837 INFO     [lm_eval.evaluator:169] Setting random seed to 0 | Setting numpy seed to 1234 | Setting torch manual seed to 1234 | Setting fewshot manual seed to 1234
2026-07-13:12:45:26,837 INFO     [lm_eval.evaluator:206] Initializing llada_dist model, with arguments: {'model_path': 'GSAI-ML/LLaDA-8B-Base', 'quant': 'int4', 'gen_length': 21, 'steps': 21, 'block_length': 21, 'remasking': 'low_confidence', 'checkpoint_dir': 'checkpoints/results_sudoku_int4_large_4x4_2shot_2gpu_g21', 'gen_batch_size': 1}
2026-07-13:12:45:27,392 WARNING  [accelerate.utils.other:349] Detected kernel version 5.4.210, which is below the recommended minimum of 5.5.0; this can cause the process to hang. It is recommended to upgrade the kernel to the minimum version or higher.

Loading checkpoint shards:   0%|          | 0/6 [00:00<?, ?it/s]
Loading checkpoint shards:   0%|          | 0/6 [00:00<?, ?it/s]
Loading checkpoint shards:  17%|█▋        | 1/6 [00:02<00:12,  2.48s/it]
Loading checkpoint shards:  17%|█▋        | 1/6 [00:02<00:10,  2.17s/it]
Loading checkpoint shards:  33%|███▎      | 2/6 [00:05<00:10,  2.57s/it]
Loading checkpoint shards:  33%|███▎      | 2/6 [00:04<00:09,  2.44s/it]
Loading checkpoint shards:  50%|█████     | 3/6 [00:07<00:08,  2.69s/it]
Loading checkpoint shards:  50%|█████     | 3/6 [00:07<00:07,  2.62s/it]
Loading checkpoint shards:  67%|██████▋   | 4/6 [00:10<00:05,  2.74s/it]
Loading checkpoint shards:  67%|██████▋   | 4/6 [00:10<00:05,  2.70s/it]
Loading checkpoint shards:  83%|████████▎ | 5/6 [00:13<00:02,  2.71s/it]
Loading checkpoint shards:  83%|████████▎ | 5/6 [00:13<00:02,  2.76s/it]
Loading checkpoint shards: 100%|██████████| 6/6 [00:15<00:00,  2.47s/it]
Loading checkpoint shards: 100%|██████████| 6/6 [00:15<00:00,  2.53s/it]

Loading checkpoint shards: 100%|██████████| 6/6 [00:15<00:00,  2.50s/it]
Loading checkpoint shards: 100%|██████████| 6/6 [00:15<00:00,  2.59s/it]
2026-07-13:12:45:45,419 INFO     [lm_eval.api.task:420] Building contexts for sudoku4_2shot_large on rank 1...
2026-07-13:12:45:45,425 INFO     [lm_eval.api.task:420] Building contexts for sudoku4_2shot_large on rank 0...

  0%|          | 0/450 [00:00<?, ?it/s]
  0%|          | 0/450 [00:00<?, ?it/s]
 12%|█▏        | 55/450 [00:00<00:00, 544.95it/s]
 12%|█▏        | 55/450 [00:00<00:00, 540.11it/s]
 24%|██▍       | 110/450 [00:00<00:00, 546.93it/s]
 24%|██▍       | 110/450 [00:00<00:00, 543.74it/s]
 37%|███▋      | 166/450 [00:00<00:00, 549.01it/s]
 37%|███▋      | 165/450 [00:00<00:00, 545.49it/s]
 49%|████▉     | 222/450 [00:00<00:00, 553.00it/s]
 49%|████▉     | 221/450 [00:00<00:00, 549.83it/s]
 62%|██████▏   | 279/450 [00:00<00:00, 557.42it/s]
 62%|██████▏   | 278/450 [00:00<00:00, 553.69it/s]
 75%|███████▍  | 336/450 [00:00<00:00, 558.42it/s]
 74%|███████▍  | 334/450 [00:00<00:00, 554.55it/s]
 87%|████████▋ | 392/450 [00:00<00:00, 554.41it/s]
 87%|████████▋ | 390/450 [00:00<00:00, 555.18it/s]
100%|█████████▉| 448/450 [00:00<00:00, 554.56it/s]
100%|██████████| 450/450 [00:00<00:00, 553.73it/s]

 99%|█████████▉| 446/450 [00:00<00:00, 555.53it/s]
100%|██████████| 450/450 [00:00<00:00, 552.36it/s]
2026-07-13:12:45:46,960 INFO     [lm_eval.evaluator:517] Running generate_until requests
2026-07-13:12:45:46,961 INFO     [lm_eval.evaluator:517] Running generate_until requests
Parameter 'function'=<function LLaDAEvalHarness.generate_until.<locals>._tokenize at 0x7f038c2f2ef0> of the transform datasets.arrow_dataset.Dataset._map_single couldn't be hashed properly, a random hash was used instead. Make sure your transforms and parameters are serializable with pickle or dill for the dataset fingerprinting and caching to work. If you reuse this transform, the caching mechanism will consider it to be different from the previous calls and recompute everything. This warning is only shown once. Subsequent hashing failures won't be shown.
2026-07-13:12:45:46,991 WARNING  [datasets.fingerprint:284] Parameter 'function'=<function LLaDAEvalHarness.generate_until.<locals>._tokenize at 0x7f038c2f2ef0> of the transform datasets.arrow_dataset.Dataset._map_single couldn't be hashed properly, a random hash was used instead. Make sure your transforms and parameters are serializable with pickle or dill for the dataset fingerprinting and caching to work. If you reuse this transform, the caching mechanism will consider it to be different from the previous calls and recompute everything. This warning is only shown once. Subsequent hashing failures won't be shown.

Map:   0%|          | 0/450 [00:00<?, ? examples/s]Parameter 'function'=<function LLaDAEvalHarness.generate_until.<locals>._tokenize at 0x7f94508aeef0> of the transform datasets.arrow_dataset.Dataset._map_single couldn't be hashed properly, a random hash was used instead. Make sure your transforms and parameters are serializable with pickle or dill for the dataset fingerprinting and caching to work. If you reuse this transform, the caching mechanism will consider it to be different from the previous calls and recompute everything. This warning is only shown once. Subsequent hashing failures won't be shown.
2026-07-13:12:45:46,992 WARNING  [datasets.fingerprint:284] Parameter 'function'=<function LLaDAEvalHarness.generate_until.<locals>._tokenize at 0x7f94508aeef0> of the transform datasets.arrow_dataset.Dataset._map_single couldn't be hashed properly, a random hash was used instead. Make sure your transforms and parameters are serializable with pickle or dill for the dataset fingerprinting and caching to work. If you reuse this transform, the caching mechanism will consider it to be different from the previous calls and recompute everything. This warning is only shown once. Subsequent hashing failures won't be shown.

Map:   0%|          | 0/450 [00:00<?, ? examples/s]
Map:  64%|██████▍   | 289/450 [00:00<00:00, 2862.05 examples/s]
Map:  66%|██████▋   | 299/450 [00:00<00:00, 2965.83 examples/s]
Map: 100%|██████████| 450/450 [00:00<00:00, 2765.63 examples/s]

Generating (int4) rank=1:   0%|          | 0/450 [00:00<?, ?it/s]
Map: 100%|██████████| 450/450 [00:00<00:00, 2695.93 examples/s]

Generating (int4) rank=0:   0%|          | 0/450 [00:00<?, ?it/s]
Generating (int4) rank=1:   0%|          | 1/450 [00:02<18:48,  2.51s/it]
Generating (int4) rank=0:   0%|          | 1/450 [00:02<18:48,  2.51s/it]
Generating (int4) rank=0:   0%|          | 2/450 [00:04<17:03,  2.29s/it]
Generating (int4) rank=1:   0%|          | 2/450 [00:04<17:06,  2.29s/it]
Generating (int4) rank=0:   1%|          | 3/450 [00:06<16:28,  2.21s/it]
Generating (int4) rank=1:   1%|          | 3/450 [00:06<16:32,  2.22s/it]
Generating (int4) rank=0:   1%|          | 4/450 [00:08<16:11,  2.18s/it]
Generating (int4) rank=1:   1%|          | 4/450 [00:08<16:14,  2.19s/it]
Generating (int4) rank=0:   1%|          | 5/450 [00:11<16:01,  2.16s/it]
Generating (int4) rank=1:   1%|          | 5/450 [00:11<16:04,  2.17s/it]
Generating (int4) rank=0:   1%|▏         | 6/450 [00:13<15:54,  2.15s/it]
Generating (int4) rank=1:   1%|▏         | 6/450 [00:13<15:56,  2.15s/it]
Generating (int4) rank=0:   2%|▏         | 7/450 [00:15<15:48,  2.14s/it]
Generating (int4) rank=1:   2%|▏         | 7/450 [00:15<15:51,  2.15s/it]
Generating (int4) rank=0:   2%|▏         | 8/450 [00:17<15:43,  2.14s/it]
Generating (int4) rank=1:   2%|▏         | 8/450 [00:17<15:46,  2.14s/it]
Generating (int4) rank=0:   2%|▏         | 9/450 [00:19<15:40,  2.13s/it]
Generating (int4) rank=1:   2%|▏         | 9/450 [00:19<15:43,  2.14s/it]
Generating (int4) rank=0:   2%|▏         | 10/450 [00:21<15:38,  2.13s/it]
Generating (int4) rank=1:   2%|▏         | 10/450 [00:21<15:40,  2.14s/it]
Generating (int4) rank=0:   2%|▏         | 11/450 [00:23<15:35,  2.13s/it]
Generating (int4) rank=1:   2%|▏         | 11/450 [00:23<15:37,  2.14s/it]
Generating (int4) rank=0:   3%|▎         | 12/450 [00:25<15:33,  2.13s/it]
Generating (int4) rank=1:   3%|▎         | 12/450 [00:25<15:35,  2.14s/it]
Generating (int4) rank=0:   3%|▎         | 13/450 [00:28<15:30,  2.13s/it]
Generating (int4) rank=1:   3%|▎         | 13/450 [00:28<15:33,  2.14s/it]
Generating (int4) rank=0:   3%|▎         | 14/450 [00:30<15:28,  2.13s/it]
Generating (int4) rank=1:   3%|▎         | 14/450 [00:30<15:30,  2.13s/it]
Generating (int4) rank=0:   3%|▎         | 15/450 [00:32<15:26,  2.13s/it]
Generating (int4) rank=1:   3%|▎         | 15/450 [00:32<15:28,  2.13s/it]
Generating (int4) rank=0:   4%|▎         | 16/450 [00:34<15:24,  2.13s/it]
Generating (int4) rank=1:   4%|▎         | 16/450 [00:34<15:25,  2.13s/it]
Generating (int4) rank=0:   4%|▍         | 17/450 [00:36<15:21,  2.13s/it]
Generating (int4) rank=1:   4%|▍         | 17/450 [00:36<15:23,  2.13s/it]
Generating (int4) rank=0:   4%|▍         | 18/450 [00:38<15:19,  2.13s/it]
Generating (int4) rank=1:   4%|▍         | 18/450 [00:38<15:21,  2.13s/it]
Generating (int4) rank=0:   4%|▍         | 19/450 [00:40<15:17,  2.13s/it]
Generating (int4) rank=1:   4%|▍         | 19/450 [00:40<15:19,  2.13s/it]
Generating (int4) rank=0:   4%|▍         | 20/450 [00:42<15:14,  2.13s/it]
Generating (int4) rank=1:   4%|▍         | 20/450 [00:43<15:16,  2.13s/it]
Generating (int4) rank=0:   5%|▍         | 21/450 [00:45<15:12,  2.13s/it]
Generating (int4) rank=1:   5%|▍         | 21/450 [00:45<15:14,  2.13s/it]
Generating (int4) rank=0:   5%|▍         | 22/450 [00:47<15:10,  2.13s/it]
Generating (int4) rank=1:   5%|▍         | 22/450 [00:47<15:12,  2.13s/it]
Generating (int4) rank=0:   5%|▌         | 23/450 [00:49<15:08,  2.13s/it]
Generating (int4) rank=1:   5%|▌         | 23/450 [00:49<15:09,  2.13s/it]
Generating (int4) rank=0:   5%|▌         | 24/450 [00:51<15:05,  2.13s/it]
Generating (int4) rank=1:   5%|▌         | 24/450 [00:51<15:07,  2.13s/it]
Generating (int4) rank=0:   6%|▌         | 25/450 [00:53<15:03,  2.13s/it]
Generating (int4) rank=1:   6%|▌         | 25/450 [00:53<15:05,  2.13s/it]
Generating (int4) rank=0:   6%|▌         | 26/450 [00:55<15:01,  2.13s/it]
Generating (int4) rank=1:   6%|▌         | 26/450 [00:55<15:03,  2.13s/it]
Generating (int4) rank=0:   6%|▌         | 27/450 [00:57<14:59,  2.13s/it]
Generating (int4) rank=1:   6%|▌         | 27/450 [00:57<15:00,  2.13s/it]
Generating (int4) rank=0:   6%|▌         | 28/450 [00:59<14:56,  2.12s/it]
Generating (int4) rank=1:   6%|▌         | 28/450 [01:00<14:58,  2.13s/it]
Generating (int4) rank=0:   6%|▋         | 29/450 [01:02<14:54,  2.12s/it]
Generating (int4) rank=1:   6%|▋         | 29/450 [01:02<14:56,  2.13s/it]
Generating (int4) rank=0:   7%|▋         | 30/450 [01:04<14:52,  2.12s/it]
Generating (int4) rank=1:   7%|▋         | 30/450 [01:04<14:54,  2.13s/it]
Generating (int4) rank=0:   7%|▋         | 31/450 [01:06<14:50,  2.13s/it]
Generating (int4) rank=1:   7%|▋         | 31/450 [01:06<14:52,  2.13s/it]
Generating (int4) rank=0:   7%|▋         | 32/450 [01:08<14:48,  2.13s/it]
Generating (int4) rank=1:   7%|▋         | 32/450 [01:08<14:50,  2.13s/it]
Generating (int4) rank=0:   7%|▋         | 33/450 [01:10<14:46,  2.13s/it]
Generating (int4) rank=1:   7%|▋         | 33/450 [01:10<14:48,  2.13s/it]
Generating (int4) rank=0:   8%|▊         | 34/450 [01:12<14:44,  2.13s/it]
Generating (int4) rank=1:   8%|▊         | 34/450 [01:12<14:46,  2.13s/it]
Generating (int4) rank=0:   8%|▊         | 35/450 [01:14<14:42,  2.13s/it]
Generating (int4) rank=1:   8%|▊         | 35/450 [01:14<14:44,  2.13s/it]
Generating (int4) rank=0:   8%|▊         | 36/450 [01:16<14:40,  2.13s/it]
Generating (int4) rank=1:   8%|▊         | 36/450 [01:17<14:42,  2.13s/it]
Generating (int4) rank=0:   8%|▊         | 37/450 [01:19<14:37,  2.13s/it]
Generating (int4) rank=1:   8%|▊         | 37/450 [01:19<14:39,  2.13s/it]
Generating (int4) rank=0:   8%|▊         | 38/450 [01:21<14:36,  2.13s/it]
Generating (int4) rank=1:   8%|▊         | 38/450 [01:21<14:40,  2.14s/it]
Generating (int4) rank=0:   9%|▊         | 39/450 [01:23<14:34,  2.13s/it]
Generating (int4) rank=1:   9%|▊         | 39/450 [01:23<14:37,  2.14s/it]
Generating (int4) rank=0:   9%|▉         | 40/450 [01:25<14:31,  2.13s/it]
Generating (int4) rank=1:   9%|▉         | 40/450 [01:25<14:34,  2.13s/it]
Generating (int4) rank=0:   9%|▉         | 41/450 [01:27<14:29,  2.13s/it]
Generating (int4) rank=1:   9%|▉         | 41/450 [01:27<14:32,  2.13s/it]
Generating (int4) rank=0:   9%|▉         | 42/450 [01:29<14:27,  2.13s/it]
Generating (int4) rank=1:   9%|▉         | 42/450 [01:29<14:30,  2.13s/it]
Generating (int4) rank=0:  10%|▉         | 43/450 [01:31<14:25,  2.13s/it]
Generating (int4) rank=1:  10%|▉         | 43/450 [01:32<14:27,  2.13s/it]
Generating (int4) rank=0:  10%|▉         | 44/450 [01:33<14:23,  2.13s/it]
Generating (int4) rank=1:  10%|▉         | 44/450 [01:34<14:25,  2.13s/it]
Generating (int4) rank=0:  10%|█         | 45/450 [01:36<14:21,  2.13s/it]
Generating (int4) rank=1:  10%|█         | 45/450 [01:36<14:23,  2.13s/it]
Generating (int4) rank=0:  10%|█         | 46/450 [01:38<14:19,  2.13s/it]
Generating (int4) rank=1:  10%|█         | 46/450 [01:38<14:20,  2.13s/it]
Generating (int4) rank=0:  10%|█         | 47/450 [01:40<14:17,  2.13s/it]
Generating (int4) rank=1:  10%|█         | 47/450 [01:40<14:18,  2.13s/it]
Generating (int4) rank=0:  11%|█         | 48/450 [01:42<14:15,  2.13s/it]
Generating (int4) rank=1:  11%|█         | 48/450 [01:42<14:16,  2.13s/it]
Generating (int4) rank=0:  11%|█         | 49/450 [01:44<14:13,  2.13s/it]
Generating (int4) rank=1:  11%|█         | 49/450 [01:44<14:13,  2.13s/it]
Generating (int4) rank=0:  11%|█         | 50/450 [01:46<14:11,  2.13s/it]
Generating (int4) rank=1:  11%|█         | 50/450 [01:46<14:11,  2.13s/it]
Generating (int4) rank=0:  11%|█▏        | 51/450 [01:48<14:08,  2.13s/it]
Generating (int4) rank=1:  11%|█▏        | 51/450 [01:49<14:09,  2.13s/it]
Generating (int4) rank=0:  12%|█▏        | 52/450 [01:50<14:06,  2.13s/it]
Generating (int4) rank=1:  12%|█▏        | 52/450 [01:51<14:07,  2.13s/it]
Generating (int4) rank=0:  12%|█▏        | 53/450 [01:53<14:04,  2.13s/it]
Generating (int4) rank=1:  12%|█▏        | 53/450 [01:53<14:05,  2.13s/it]
Generating (int4) rank=0:  12%|█▏        | 54/450 [01:55<14:02,  2.13s/it]
Generating (int4) rank=1:  12%|█▏        | 54/450 [01:55<14:03,  2.13s/it]
Generating (int4) rank=0:  12%|█▏        | 55/450 [01:57<14:00,  2.13s/it]
Generating (int4) rank=1:  12%|█▏        | 55/450 [01:57<14:01,  2.13s/it]
Generating (int4) rank=0:  12%|█▏        | 56/450 [01:59<13:58,  2.13s/it]
Generating (int4) rank=1:  12%|█▏        | 56/450 [01:59<13:59,  2.13s/it]
Generating (int4) rank=0:  13%|█▎        | 57/450 [02:01<13:56,  2.13s/it]
Generating (int4) rank=1:  13%|█▎        | 57/450 [02:01<13:56,  2.13s/it]
Generating (int4) rank=0:  13%|█▎        | 58/450 [02:03<13:54,  2.13s/it]
Generating (int4) rank=1:  13%|█▎        | 58/450 [02:04<13:55,  2.13s/it]
Generating (int4) rank=0:  13%|█▎        | 59/450 [02:05<13:53,  2.13s/it]
Generating (int4) rank=1:  13%|█▎        | 59/450 [02:06<13:52,  2.13s/it]
Generating (int4) rank=0:  13%|█▎        | 60/450 [02:08<13:51,  2.13s/it]
Generating (int4) rank=1:  13%|█▎        | 60/450 [02:08<13:50,  2.13s/it]
Generating (int4) rank=0:  14%|█▎        | 61/450 [02:10<13:48,  2.13s/it]
Generating (int4) rank=1:  14%|█▎        | 61/450 [02:10<13:48,  2.13s/it]
Generating (int4) rank=0:  14%|█▍        | 62/450 [02:12<13:45,  2.13s/it]
Generating (int4) rank=1:  14%|█▍        | 62/450 [02:12<13:46,  2.13s/it]
Generating (int4) rank=0:  14%|█▍        | 63/450 [02:14<13:43,  2.13s/it]
Generating (int4) rank=1:  14%|█▍        | 63/450 [02:14<13:44,  2.13s/it]
Generating (int4) rank=0:  14%|█▍        | 64/450 [02:16<13:40,  2.13s/it]
Generating (int4) rank=1:  14%|█▍        | 64/450 [02:16<13:42,  2.13s/it]
Generating (int4) rank=0:  14%|█▍        | 65/450 [02:18<13:38,  2.13s/it]
Generating (int4) rank=1:  14%|█▍        | 65/450 [02:18<13:40,  2.13s/it]
Generating (int4) rank=0:  15%|█▍        | 66/450 [02:20<13:36,  2.13s/it]
Generating (int4) rank=1:  15%|█▍        | 66/450 [02:21<13:37,  2.13s/it]
Generating (int4) rank=0:  15%|█▍        | 67/450 [02:22<13:34,  2.13s/it]
Generating (int4) rank=1:  15%|█▍        | 67/450 [02:23<13:35,  2.13s/it]
Generating (int4) rank=0:  15%|█▌        | 68/450 [02:25<13:32,  2.13s/it]
Generating (int4) rank=1:  15%|█▌        | 68/450 [02:25<13:33,  2.13s/it]
Generating (int4) rank=0:  15%|█▌        | 69/450 [02:27<13:30,  2.13s/it]
Generating (int4) rank=1:  15%|█▌        | 69/450 [02:27<13:31,  2.13s/it]
Generating (int4) rank=0:  16%|█▌        | 70/450 [02:29<13:27,  2.13s/it]
Generating (int4) rank=1:  16%|█▌        | 70/450 [02:29<13:29,  2.13s/it]
Generating (int4) rank=0:  16%|█▌        | 71/450 [02:31<13:25,  2.13s/it]
Generating (int4) rank=1:  16%|█▌        | 71/450 [02:31<13:27,  2.13s/it]
Generating (int4) rank=0:  16%|█▌        | 72/450 [02:33<13:23,  2.13s/it]
Generating (int4) rank=1:  16%|█▌        | 72/450 [02:33<13:25,  2.13s/it]
Generating (int4) rank=0:  16%|█▌        | 73/450 [02:35<13:21,  2.13s/it]
Generating (int4) rank=1:  16%|█▌        | 73/450 [02:35<13:22,  2.13s/it]
Generating (int4) rank=0:  16%|█▋        | 74/450 [02:37<13:19,  2.13s/it]
Generating (int4) rank=1:  16%|█▋        | 74/450 [02:38<13:20,  2.13s/it]
Generating (int4) rank=0:  17%|█▋        | 75/450 [02:39<13:17,  2.13s/it]
Generating (int4) rank=1:  17%|█▋        | 75/450 [02:40<13:18,  2.13s/it]
Generating (int4) rank=0:  17%|█▋        | 76/450 [02:42<13:14,  2.13s/it]
Generating (int4) rank=1:  17%|█▋        | 76/450 [02:42<13:16,  2.13s/it]
Generating (int4) rank=0:  17%|█▋        | 77/450 [02:44<13:12,  2.13s/it]
Generating (int4) rank=1:  17%|█▋        | 77/450 [02:44<13:14,  2.13s/it]
Generating (int4) rank=0:  17%|█▋        | 78/450 [02:46<13:10,  2.13s/it]
Generating (int4) rank=1:  17%|█▋        | 78/450 [02:46<13:11,  2.13s/it]
Generating (int4) rank=0:  18%|█▊        | 79/450 [02:48<13:08,  2.13s/it]
Generating (int4) rank=1:  18%|█▊        | 79/450 [02:48<13:09,  2.13s/it]
Generating (int4) rank=0:  18%|█▊        | 80/450 [02:50<13:06,  2.13s/it]
Generating (int4) rank=1:  18%|█▊        | 80/450 [02:50<13:07,  2.13s/it]
Generating (int4) rank=0:  18%|█▊        | 81/450 [02:52<13:04,  2.13s/it]
Generating (int4) rank=1:  18%|█▊        | 81/450 [02:52<13:05,  2.13s/it]
Generating (int4) rank=0:  18%|█▊        | 82/450 [02:54<13:02,  2.13s/it]
Generating (int4) rank=1:  18%|█▊        | 82/450 [02:55<13:03,  2.13s/it]
Generating (int4) rank=0:  18%|█▊        | 83/450 [02:56<13:00,  2.13s/it]
Generating (int4) rank=1:  18%|█▊        | 83/450 [02:57<13:01,  2.13s/it]
Generating (int4) rank=0:  19%|█▊        | 84/450 [02:59<12:57,  2.13s/it]
Generating (int4) rank=1:  19%|█▊        | 84/450 [02:59<12:59,  2.13s/it]
Generating (int4) rank=0:  19%|█▉        | 85/450 [03:01<12:55,  2.13s/it]
Generating (int4) rank=1:  19%|█▉        | 85/450 [03:01<12:57,  2.13s/it]
Generating (int4) rank=0:  19%|█▉        | 86/450 [03:03<12:53,  2.13s/it]
Generating (int4) rank=1:  19%|█▉        | 86/450 [03:03<12:54,  2.13s/it]
Generating (int4) rank=0:  19%|█▉        | 87/450 [03:05<12:51,  2.13s/it]
Generating (int4) rank=1:  19%|█▉        | 87/450 [03:05<12:53,  2.13s/it]
Generating (int4) rank=0:  20%|█▉        | 88/450 [03:07<12:49,  2.13s/it]
Generating (int4) rank=1:  20%|█▉        | 88/450 [03:07<12:51,  2.13s/it]
Generating (int4) rank=0:  20%|█▉        | 89/450 [03:09<12:47,  2.13s/it]
Generating (int4) rank=1:  20%|█▉        | 89/450 [03:10<12:49,  2.13s/it]
Generating (int4) rank=0:  20%|██        | 90/450 [03:11<12:45,  2.13s/it]
Generating (int4) rank=1:  20%|██        | 90/450 [03:12<12:47,  2.13s/it]
Generating (int4) rank=0:  20%|██        | 91/450 [03:13<12:43,  2.13s/it]
Generating (int4) rank=1:  20%|██        | 91/450 [03:14<12:44,  2.13s/it]
Generating (int4) rank=0:  20%|██        | 92/450 [03:16<12:41,  2.13s/it]
Generating (int4) rank=1:  20%|██        | 92/450 [03:16<12:42,  2.13s/it]
Generating (int4) rank=0:  21%|██        | 93/450 [03:18<12:39,  2.13s/it]
Generating (int4) rank=1:  21%|██        | 93/450 [03:18<12:40,  2.13s/it]
Generating (int4) rank=0:  21%|██        | 94/450 [03:20<12:37,  2.13s/it]
Generating (int4) rank=1:  21%|██        | 94/450 [03:20<12:38,  2.13s/it]
Generating (int4) rank=0:  21%|██        | 95/450 [03:22<12:34,  2.13s/it]
Generating (int4) rank=1:  21%|██        | 95/450 [03:22<12:36,  2.13s/it]
Generating (int4) rank=0:  21%|██▏       | 96/450 [03:24<12:32,  2.13s/it]
Generating (int4) rank=1:  21%|██▏       | 96/450 [03:24<12:33,  2.13s/it]
Generating (int4) rank=0:  22%|██▏       | 97/450 [03:26<12:30,  2.13s/it]
Generating (int4) rank=1:  22%|██▏       | 97/450 [03:27<12:31,  2.13s/it]
Generating (int4) rank=0:  22%|██▏       | 98/450 [03:28<12:28,  2.13s/it]
Generating (int4) rank=1:  22%|██▏       | 98/450 [03:29<12:29,  2.13s/it]
Generating (int4) rank=0:  22%|██▏       | 99/450 [03:30<12:26,  2.13s/it]
Generating (int4) rank=1:  22%|██▏       | 99/450 [03:31<12:27,  2.13s/it]
Generating (int4) rank=0:  22%|██▏       | 100/450 [03:33<12:24,  2.13s/it]
Generating (int4) rank=1:  22%|██▏       | 100/450 [03:33<12:25,  2.13s/it]
Generating (int4) rank=0:  22%|██▏       | 101/450 [03:35<12:21,  2.13s/it]
Generating (int4) rank=1:  22%|██▏       | 101/450 [03:35<12:23,  2.13s/it]
Generating (int4) rank=0:  23%|██▎       | 102/450 [03:37<12:20,  2.13s/it]
Generating (int4) rank=1:  23%|██▎       | 102/450 [03:37<12:21,  2.13s/it]
Generating (int4) rank=0:  23%|██▎       | 103/450 [03:39<12:17,  2.13s/it]
Generating (int4) rank=1:  23%|██▎       | 103/450 [03:39<12:19,  2.13s/it]
Generating (int4) rank=0:  23%|██▎       | 104/450 [03:41<12:15,  2.13s/it]
Generating (int4) rank=1:  23%|██▎       | 104/450 [03:41<12:17,  2.13s/it]
Generating (int4) rank=0:  23%|██▎       | 105/450 [03:43<12:13,  2.13s/it]
Generating (int4) rank=1:  23%|██▎       | 105/450 [03:44<12:15,  2.13s/it]
Generating (int4) rank=0:  24%|██▎       | 106/450 [03:45<12:11,  2.13s/it]
Generating (int4) rank=1:  24%|██▎       | 106/450 [03:46<12:12,  2.13s/it]
Generating (int4) rank=0:  24%|██▍       | 107/450 [03:47<12:09,  2.13s/it]
Generating (int4) rank=1:  24%|██▍       | 107/450 [03:48<12:10,  2.13s/it]
Generating (int4) rank=0:  24%|██▍       | 108/450 [03:50<12:07,  2.13s/it]
Generating (int4) rank=1:  24%|██▍       | 108/450 [03:50<12:08,  2.13s/it]
Generating (int4) rank=0:  24%|██▍       | 109/450 [03:52<12:05,  2.13s/it]
Generating (int4) rank=1:  24%|██▍       | 109/450 [03:52<12:06,  2.13s/it]
Generating (int4) rank=0:  24%|██▍       | 110/450 [03:54<12:02,  2.13s/it]
Generating (int4) rank=1:  24%|██▍       | 110/450 [03:54<12:03,  2.13s/it]
Generating (int4) rank=0:  25%|██▍       | 111/450 [03:56<12:01,  2.13s/it]
Generating (int4) rank=1:  25%|██▍       | 111/450 [03:56<12:01,  2.13s/it]
Generating (int4) rank=0:  25%|██▍       | 112/450 [03:58<11:59,  2.13s/it]
Generating (int4) rank=1:  25%|██▍       | 112/450 [03:59<11:59,  2.13s/it]
Generating (int4) rank=0:  25%|██▌       | 113/450 [04:00<11:57,  2.13s/it]
Generating (int4) rank=1:  25%|██▌       | 113/450 [04:01<11:57,  2.13s/it]
Generating (int4) rank=0:  25%|██▌       | 114/450 [04:02<11:54,  2.13s/it]
Generating (int4) rank=1:  25%|██▌       | 114/450 [04:03<11:55,  2.13s/it]
Generating (int4) rank=0:  26%|██▌       | 115/450 [04:04<11:52,  2.13s/it]
Generating (int4) rank=1:  26%|██▌       | 115/450 [04:05<11:53,  2.13s/it]
Generating (int4) rank=0:  26%|██▌       | 116/450 [04:07<11:50,  2.13s/it]
Generating (int4) rank=1:  26%|██▌       | 116/450 [04:07<11:51,  2.13s/it]
Generating (int4) rank=0:  26%|██▌       | 117/450 [04:09<11:48,  2.13s/it]
Generating (int4) rank=1:  26%|██▌       | 117/450 [04:09<11:48,  2.13s/it]
Generating (int4) rank=0:  26%|██▌       | 118/450 [04:11<11:46,  2.13s/it]
Generating (int4) rank=1:  26%|██▌       | 118/450 [04:11<11:47,  2.13s/it]
Generating (int4) rank=0:  26%|██▋       | 119/450 [04:13<11:44,  2.13s/it]
Generating (int4) rank=1:  26%|██▋       | 119/450 [04:13<11:45,  2.13s/it]
Generating (int4) rank=0:  27%|██▋       | 120/450 [04:15<11:41,  2.13s/it]
Generating (int4) rank=1:  27%|██▋       | 120/450 [04:16<11:42,  2.13s/it]
Generating (int4) rank=0:  27%|██▋       | 121/450 [04:17<11:39,  2.13s/it]
Generating (int4) rank=1:  27%|██▋       | 121/450 [04:18<11:40,  2.13s/it]
Generating (int4) rank=0:  27%|██▋       | 122/450 [04:19<11:37,  2.13s/it]
Generating (int4) rank=1:  27%|██▋       | 122/450 [04:20<11:38,  2.13s/it]
Generating (int4) rank=0:  27%|██▋       | 123/450 [04:21<11:35,  2.13s/it]
Generating (int4) rank=1:  27%|██▋       | 123/450 [04:22<11:36,  2.13s/it]
Generating (int4) rank=0:  28%|██▊       | 124/450 [04:24<11:33,  2.13s/it]
Generating (int4) rank=1:  28%|██▊       | 124/450 [04:24<11:34,  2.13s/it]
Generating (int4) rank=0:  28%|██▊       | 125/450 [04:26<11:31,  2.13s/it]
Generating (int4) rank=1:  28%|██▊       | 125/450 [04:26<11:32,  2.13s/it]
Generating (int4) rank=0:  28%|██▊       | 126/450 [04:28<11:28,  2.13s/it]
Generating (int4) rank=1:  28%|██▊       | 126/450 [04:28<11:29,  2.13s/it]
Generating (int4) rank=0:  28%|██▊       | 127/450 [04:30<11:26,  2.13s/it]
Generating (int4) rank=1:  28%|██▊       | 127/450 [04:30<11:27,  2.13s/it]
Generating (int4) rank=0:  28%|██▊       | 128/450 [04:32<11:24,  2.13s/it]
Generating (int4) rank=1:  28%|██▊       | 128/450 [04:33<11:25,  2.13s/it]
Generating (int4) rank=0:  29%|██▊       | 129/450 [04:34<11:22,  2.12s/it]
Generating (int4) rank=1:  29%|██▊       | 129/450 [04:35<11:23,  2.13s/it]
Generating (int4) rank=0:  29%|██▉       | 130/450 [04:36<11:19,  2.12s/it]
Generating (int4) rank=1:  29%|██▉       | 130/450 [04:37<11:21,  2.13s/it]
Generating (int4) rank=0:  29%|██▉       | 131/450 [04:38<11:17,  2.12s/it]
Generating (int4) rank=1:  29%|██▉       | 131/450 [04:39<11:18,  2.13s/it]
Generating (int4) rank=0:  29%|██▉       | 132/450 [04:41<11:15,  2.12s/it]
Generating (int4) rank=1:  29%|██▉       | 132/450 [04:41<11:16,  2.13s/it]
Generating (int4) rank=0:  30%|██▉       | 133/450 [04:43<11:12,  2.12s/it]
Generating (int4) rank=1:  30%|██▉       | 133/450 [04:43<11:14,  2.13s/it]
Generating (int4) rank=0:  30%|██▉       | 134/450 [04:45<11:10,  2.12s/it]
Generating (int4) rank=1:  30%|██▉       | 134/450 [04:45<11:11,  2.13s/it]
Generating (int4) rank=0:  30%|███       | 135/450 [04:47<11:08,  2.12s/it]
Generating (int4) rank=1:  30%|███       | 135/450 [04:47<11:09,  2.13s/it]
Generating (int4) rank=0:  30%|███       | 136/450 [04:49<11:06,  2.12s/it]
Generating (int4) rank=1:  30%|███       | 136/450 [04:50<11:07,  2.13s/it]
Generating (int4) rank=0:  30%|███       | 137/450 [04:51<11:05,  2.13s/it]
Generating (int4) rank=1:  30%|███       | 137/450 [04:52<11:06,  2.13s/it]
Generating (int4) rank=0:  31%|███       | 138/450 [04:53<11:03,  2.13s/it]
Generating (int4) rank=1:  31%|███       | 138/450 [04:54<11:04,  2.13s/it]
Generating (int4) rank=0:  31%|███       | 139/450 [04:55<11:01,  2.13s/it]
Generating (int4) rank=1:  31%|███       | 139/450 [04:56<11:01,  2.13s/it]
Generating (int4) rank=0:  31%|███       | 140/450 [04:58<10:59,  2.13s/it]
Generating (int4) rank=1:  31%|███       | 140/450 [04:58<11:00,  2.13s/it]
Generating (int4) rank=0:  31%|███▏      | 141/450 [05:00<10:57,  2.13s/it]
Generating (int4) rank=1:  31%|███▏      | 141/450 [05:00<10:57,  2.13s/it]
Generating (int4) rank=0:  32%|███▏      | 142/450 [05:02<10:54,  2.13s/it]
Generating (int4) rank=1:  32%|███▏      | 142/450 [05:02<10:55,  2.13s/it]
Generating (int4) rank=0:  32%|███▏      | 143/450 [05:04<10:52,  2.13s/it]
Generating (int4) rank=1:  32%|███▏      | 143/450 [05:05<10:53,  2.13s/it]
Generating (int4) rank=0:  32%|███▏      | 144/450 [05:06<10:50,  2.12s/it]
Generating (int4) rank=1:  32%|███▏      | 144/450 [05:07<10:50,  2.13s/it]
Generating (int4) rank=0:  32%|███▏      | 145/450 [05:08<10:47,  2.12s/it]
Generating (int4) rank=1:  32%|███▏      | 145/450 [05:09<10:48,  2.13s/it]
Generating (int4) rank=0:  32%|███▏      | 146/450 [05:10<10:45,  2.12s/it]
Generating (int4) rank=1:  32%|███▏      | 146/450 [05:11<10:46,  2.13s/it]
Generating (int4) rank=0:  33%|███▎      | 147/450 [05:12<10:43,  2.12s/it]
Generating (int4) rank=1:  33%|███▎      | 147/450 [05:13<10:44,  2.13s/it]
Generating (int4) rank=0:  33%|███▎      | 148/450 [05:15<10:41,  2.12s/it]
Generating (int4) rank=1:  33%|███▎      | 148/450 [05:15<10:42,  2.13s/it]
Generating (int4) rank=0:  33%|███▎      | 149/450 [05:17<10:38,  2.12s/it]
Generating (int4) rank=1:  33%|███▎      | 149/450 [05:17<10:40,  2.13s/it]
Generating (int4) rank=0:  33%|███▎      | 150/450 [05:19<10:37,  2.12s/it]
Generating (int4) rank=1:  33%|███▎      | 150/450 [05:19<10:38,  2.13s/it]
Generating (int4) rank=0:  34%|███▎      | 151/450 [05:21<10:35,  2.12s/it]
Generating (int4) rank=1:  34%|███▎      | 151/450 [05:22<10:36,  2.13s/it]
Generating (int4) rank=0:  34%|███▍      | 152/450 [05:23<10:32,  2.12s/it]
Generating (int4) rank=1:  34%|███▍      | 152/450 [05:24<10:34,  2.13s/it]
Generating (int4) rank=0:  34%|███▍      | 153/450 [05:25<10:30,  2.12s/it]
Generating (int4) rank=1:  34%|███▍      | 153/450 [05:26<10:32,  2.13s/it]
Generating (int4) rank=0:  34%|███▍      | 154/450 [05:27<10:28,  2.12s/it]
Generating (int4) rank=1:  34%|███▍      | 154/450 [05:28<10:30,  2.13s/it]
Generating (int4) rank=0:  34%|███▍      | 155/450 [05:29<10:26,  2.12s/it]
Generating (int4) rank=1:  34%|███▍      | 155/450 [05:30<10:28,  2.13s/it]
Generating (int4) rank=0:  35%|███▍      | 156/450 [05:32<10:24,  2.12s/it]
Generating (int4) rank=1:  35%|███▍      | 156/450 [05:32<10:26,  2.13s/it]
Generating (int4) rank=0:  35%|███▍      | 157/450 [05:34<10:22,  2.13s/it]
Generating (int4) rank=1:  35%|███▍      | 157/450 [05:34<10:24,  2.13s/it]
Generating (int4) rank=0:  35%|███▌      | 158/450 [05:36<10:20,  2.13s/it]
Generating (int4) rank=1:  35%|███▌      | 158/450 [05:36<10:22,  2.13s/it]
Generating (int4) rank=0:  35%|███▌      | 159/450 [05:38<10:18,  2.12s/it]
Generating (int4) rank=1:  35%|███▌      | 159/450 [05:39<10:19,  2.13s/it]
Generating (int4) rank=0:  36%|███▌      | 160/450 [05:40<10:16,  2.13s/it]
Generating (int4) rank=1:  36%|███▌      | 160/450 [05:41<10:17,  2.13s/it]
Generating (int4) rank=0:  36%|███▌      | 161/450 [05:42<10:14,  2.12s/it]
Generating (int4) rank=1:  36%|███▌      | 161/450 [05:43<10:15,  2.13s/it]
Generating (int4) rank=0:  36%|███▌      | 162/450 [05:44<10:11,  2.12s/it]
Generating (int4) rank=1:  36%|███▌      | 162/450 [05:45<10:13,  2.13s/it]
Generating (int4) rank=0:  36%|███▌      | 163/450 [05:46<10:09,  2.12s/it]
Generating (int4) rank=1:  36%|███▌      | 163/450 [05:47<10:11,  2.13s/it]
Generating (int4) rank=0:  36%|███▋      | 164/450 [05:49<10:07,  2.12s/it]
Generating (int4) rank=1:  36%|███▋      | 164/450 [05:49<10:09,  2.13s/it]
Generating (int4) rank=0:  37%|███▋      | 165/450 [05:51<10:05,  2.13s/it]
Generating (int4) rank=1:  37%|███▋      | 165/450 [05:51<10:07,  2.13s/it]
Generating (int4) rank=0:  37%|███▋      | 166/450 [05:53<10:03,  2.13s/it]
Generating (int4) rank=1:  37%|███▋      | 166/450 [05:53<10:05,  2.13s/it]
Generating (int4) rank=0:  37%|███▋      | 167/450 [05:55<10:01,  2.13s/it]
Generating (int4) rank=1:  37%|███▋      | 167/450 [05:56<10:03,  2.13s/it]
Generating (int4) rank=0:  37%|███▋      | 168/450 [05:57<09:59,  2.12s/it]
Generating (int4) rank=1:  37%|███▋      | 168/450 [05:58<10:01,  2.13s/it]
Generating (int4) rank=0:  38%|███▊      | 169/450 [05:59<09:57,  2.13s/it]
Generating (int4) rank=1:  38%|███▊      | 169/450 [06:00<09:58,  2.13s/it]
Generating (int4) rank=0:  38%|███▊      | 170/450 [06:01<09:55,  2.13s/it]
Generating (int4) rank=1:  38%|███▊      | 170/450 [06:02<09:56,  2.13s/it]
Generating (int4) rank=0:  38%|███▊      | 171/450 [06:03<09:52,  2.12s/it]
Generating (int4) rank=1:  38%|███▊      | 171/450 [06:04<09:54,  2.13s/it]
Generating (int4) rank=0:  38%|███▊      | 172/450 [06:06<09:50,  2.12s/it]
Generating (int4) rank=1:  38%|███▊      | 172/450 [06:06<09:52,  2.13s/it]
Generating (int4) rank=0:  38%|███▊      | 173/450 [06:08<09:48,  2.13s/it]
Generating (int4) rank=1:  38%|███▊      | 173/450 [06:08<09:50,  2.13s/it]
Generating (int4) rank=0:  39%|███▊      | 174/450 [06:10<09:46,  2.13s/it]
Generating (int4) rank=1:  39%|███▊      | 174/450 [06:11<09:47,  2.13s/it]
Generating (int4) rank=0:  39%|███▉      | 175/450 [06:12<09:44,  2.13s/it]
Generating (int4) rank=1:  39%|███▉      | 175/450 [06:13<09:45,  2.13s/it]
Generating (int4) rank=0:  39%|███▉      | 176/450 [06:14<09:49,  2.15s/it]
Generating (int4) rank=1:  39%|███▉      | 176/450 [06:15<09:43,  2.13s/it]
Generating (int4) rank=0:  39%|███▉      | 177/450 [06:16<09:45,  2.14s/it]
Generating (int4) rank=1:  39%|███▉      | 177/450 [06:17<09:41,  2.13s/it]
Generating (int4) rank=0:  40%|███▉      | 178/450 [06:18<09:41,  2.14s/it]
Generating (int4) rank=1:  40%|███▉      | 178/450 [06:19<09:39,  2.13s/it]
Generating (int4) rank=0:  40%|███▉      | 179/450 [06:21<09:38,  2.14s/it]
Generating (int4) rank=1:  40%|███▉      | 179/450 [06:21<09:37,  2.13s/it]
Generating (int4) rank=0:  40%|████      | 180/450 [06:23<09:35,  2.13s/it]
Generating (int4) rank=1:  40%|████      | 180/450 [06:23<09:35,  2.13s/it]
Generating (int4) rank=0:  40%|████      | 181/450 [06:25<09:33,  2.13s/it]
Generating (int4) rank=1:  40%|████      | 181/450 [06:25<09:33,  2.13s/it]
Generating (int4) rank=0:  40%|████      | 182/450 [06:27<09:30,  2.13s/it]
Generating (int4) rank=1:  40%|████      | 182/450 [06:28<09:30,  2.13s/it]
Generating (int4) rank=0:  41%|████      | 183/450 [06:29<09:28,  2.13s/it]
Generating (int4) rank=1:  41%|████      | 183/450 [06:30<09:29,  2.13s/it]
Generating (int4) rank=0:  41%|████      | 184/450 [06:31<09:26,  2.13s/it]
Generating (int4) rank=1:  41%|████      | 184/450 [06:32<09:27,  2.13s/it]
Generating (int4) rank=0:  41%|████      | 185/450 [06:33<09:23,  2.13s/it]
Generating (int4) rank=1:  41%|████      | 185/450 [06:34<09:25,  2.13s/it]
Generating (int4) rank=0:  41%|████▏     | 186/450 [06:35<09:21,  2.13s/it]
Generating (int4) rank=1:  41%|████▏     | 186/450 [06:36<09:22,  2.13s/it]
Generating (int4) rank=0:  42%|████▏     | 187/450 [06:38<09:19,  2.13s/it]
Generating (int4) rank=1:  42%|████▏     | 187/450 [06:38<09:20,  2.13s/it]
Generating (int4) rank=0:  42%|████▏     | 188/450 [06:40<09:17,  2.13s/it]
Generating (int4) rank=1:  42%|████▏     | 188/450 [06:40<09:18,  2.13s/it]
Generating (int4) rank=0:  42%|████▏     | 189/450 [06:42<09:15,  2.13s/it]
Generating (int4) rank=1:  42%|████▏     | 189/450 [06:43<09:16,  2.13s/it]
Generating (int4) rank=0:  42%|████▏     | 190/450 [06:44<09:13,  2.13s/it]
Generating (int4) rank=1:  42%|████▏     | 190/450 [06:45<09:14,  2.13s/it]
Generating (int4) rank=0:  42%|████▏     | 191/450 [06:46<09:11,  2.13s/it]
Generating (int4) rank=1:  42%|████▏     | 191/450 [06:47<09:11,  2.13s/it]
Generating (int4) rank=0:  43%|████▎     | 192/450 [06:48<09:08,  2.13s/it]
Generating (int4) rank=1:  43%|████▎     | 192/450 [06:49<09:09,  2.13s/it]
Generating (int4) rank=0:  43%|████▎     | 193/450 [06:50<09:06,  2.13s/it]
Generating (int4) rank=1:  43%|████▎     | 193/450 [06:51<09:07,  2.13s/it]
Generating (int4) rank=0:  43%|████▎     | 194/450 [06:52<09:04,  2.13s/it]
Generating (int4) rank=1:  43%|████▎     | 194/450 [06:53<09:05,  2.13s/it]
Generating (int4) rank=0:  43%|████▎     | 195/450 [06:55<09:02,  2.13s/it]
Generating (int4) rank=1:  43%|████▎     | 195/450 [06:55<09:03,  2.13s/it]
Generating (int4) rank=0:  44%|████▎     | 196/450 [06:57<09:00,  2.13s/it]
Generating (int4) rank=1:  44%|████▎     | 196/450 [06:57<09:01,  2.13s/it]
Generating (int4) rank=0:  44%|████▍     | 197/450 [06:59<08:57,  2.13s/it]
Generating (int4) rank=1:  44%|████▍     | 197/450 [07:00<08:58,  2.13s/it]
Generating (int4) rank=0:  44%|████▍     | 198/450 [07:01<08:55,  2.13s/it]
Generating (int4) rank=1:  44%|████▍     | 198/450 [07:02<08:56,  2.13s/it]
Generating (int4) rank=0:  44%|████▍     | 199/450 [07:03<08:53,  2.13s/it]
Generating (int4) rank=1:  44%|████▍     | 199/450 [07:04<08:54,  2.13s/it]
Generating (int4) rank=0:  44%|████▍     | 200/450 [07:05<08:51,  2.13s/it]
Generating (int4) rank=1:  44%|████▍     | 200/450 [07:06<08:52,  2.13s/it]
Generating (int4) rank=0:  45%|████▍     | 201/450 [07:07<08:48,  2.12s/it]
Generating (int4) rank=1:  45%|████▍     | 201/450 [07:08<08:50,  2.13s/it]
Generating (int4) rank=0:  45%|████▍     | 202/450 [07:09<08:46,  2.12s/it]
Generating (int4) rank=1:  45%|████▍     | 202/450 [07:10<08:48,  2.13s/it]
Generating (int4) rank=0:  45%|████▌     | 203/450 [07:12<08:44,  2.12s/it]
Generating (int4) rank=1:  45%|████▌     | 203/450 [07:12<08:46,  2.13s/it]
Generating (int4) rank=0:  45%|████▌     | 204/450 [07:14<08:42,  2.12s/it]
Generating (int4) rank=1:  45%|████▌     | 204/450 [07:14<08:44,  2.13s/it]
Generating (int4) rank=0:  46%|████▌     | 205/450 [07:16<08:40,  2.12s/it]
Generating (int4) rank=1:  46%|████▌     | 205/450 [07:17<08:43,  2.14s/it]
Generating (int4) rank=0:  46%|████▌     | 206/450 [07:18<08:38,  2.12s/it]
Generating (int4) rank=1:  46%|████▌     | 206/450 [07:19<08:40,  2.14s/it]
Generating (int4) rank=0:  46%|████▌     | 207/450 [07:20<08:35,  2.12s/it]
Generating (int4) rank=1:  46%|████▌     | 207/450 [07:21<08:38,  2.13s/it]
Generating (int4) rank=0:  46%|████▌     | 208/450 [07:22<08:33,  2.12s/it]
Generating (int4) rank=1:  46%|████▌     | 208/450 [07:23<08:35,  2.13s/it]
Generating (int4) rank=0:  46%|████▋     | 209/450 [07:24<08:31,  2.12s/it]
Generating (int4) rank=1:  46%|████▋     | 209/450 [07:25<08:33,  2.13s/it]
Generating (int4) rank=0:  47%|████▋     | 210/450 [07:26<08:29,  2.12s/it]
Generating (int4) rank=1:  47%|████▋     | 210/450 [07:27<08:31,  2.13s/it]
Generating (int4) rank=0:  47%|████▋     | 211/450 [07:29<08:27,  2.12s/it]
Generating (int4) rank=1:  47%|████▋     | 211/450 [07:29<08:29,  2.13s/it]
Generating (int4) rank=0:  47%|████▋     | 212/450 [07:31<08:25,  2.12s/it]
Generating (int4) rank=1:  47%|████▋     | 212/450 [07:32<08:27,  2.13s/it]
Generating (int4) rank=0:  47%|████▋     | 213/450 [07:33<08:23,  2.12s/it]
Generating (int4) rank=1:  47%|████▋     | 213/450 [07:34<08:25,  2.13s/it]
Generating (int4) rank=0:  48%|████▊     | 214/450 [07:35<08:21,  2.12s/it]
Generating (int4) rank=1:  48%|████▊     | 214/450 [07:36<08:23,  2.13s/it]
Generating (int4) rank=0:  48%|████▊     | 215/450 [07:37<08:19,  2.12s/it]
Generating (int4) rank=1:  48%|████▊     | 215/450 [07:38<08:21,  2.13s/it]
Generating (int4) rank=0:  48%|████▊     | 216/450 [07:39<08:17,  2.13s/it]
Generating (int4) rank=1:  48%|████▊     | 216/450 [07:40<08:18,  2.13s/it]
Generating (int4) rank=0:  48%|████▊     | 217/450 [07:41<08:15,  2.13s/it]
Generating (int4) rank=1:  48%|████▊     | 217/450 [07:42<08:16,  2.13s/it]
Generating (int4) rank=0:  48%|████▊     | 218/450 [07:43<08:13,  2.13s/it]
Generating (int4) rank=1:  48%|████▊     | 218/450 [07:44<08:14,  2.13s/it]
Generating (int4) rank=0:  49%|████▊     | 219/450 [07:46<08:11,  2.13s/it]
Generating (int4) rank=1:  49%|████▊     | 219/450 [07:46<08:12,  2.13s/it]
Generating (int4) rank=0:  49%|████▉     | 220/450 [07:48<08:09,  2.13s/it]
Generating (int4) rank=1:  49%|████▉     | 220/450 [07:49<08:09,  2.13s/it]
Generating (int4) rank=0:  49%|████▉     | 221/450 [07:50<08:07,  2.13s/it]
Generating (int4) rank=1:  49%|████▉     | 221/450 [07:51<08:07,  2.13s/it]
Generating (int4) rank=0:  49%|████▉     | 222/450 [07:52<08:04,  2.13s/it]
Generating (int4) rank=1:  49%|████▉     | 222/450 [07:53<08:05,  2.13s/it]
Generating (int4) rank=0:  50%|████▉     | 223/450 [07:54<08:02,  2.13s/it]
Generating (int4) rank=1:  50%|████▉     | 223/450 [07:55<08:03,  2.13s/it]
Generating (int4) rank=0:  50%|████▉     | 224/450 [07:56<08:00,  2.13s/it]
Generating (int4) rank=1:  50%|████▉     | 224/450 [07:57<08:01,  2.13s/it]
Generating (int4) rank=0:  50%|█████     | 225/450 [07:58<07:58,  2.13s/it]
Generating (int4) rank=1:  50%|█████     | 225/450 [07:59<07:59,  2.13s/it]
Generating (int4) rank=0:  50%|█████     | 226/450 [08:00<07:56,  2.13s/it]
Generating (int4) rank=1:  50%|█████     | 226/450 [08:01<07:57,  2.13s/it]
Generating (int4) rank=0:  50%|█████     | 227/450 [08:03<07:54,  2.13s/it]
Generating (int4) rank=1:  50%|█████     | 227/450 [08:03<07:54,  2.13s/it]
Generating (int4) rank=0:  51%|█████     | 228/450 [08:05<07:52,  2.13s/it]
Generating (int4) rank=1:  51%|█████     | 228/450 [08:06<07:52,  2.13s/it]
Generating (int4) rank=0:  51%|█████     | 229/450 [08:07<07:49,  2.13s/it]
Generating (int4) rank=1:  51%|█████     | 229/450 [08:08<07:50,  2.13s/it]
Generating (int4) rank=0:  51%|█████     | 230/450 [08:09<07:47,  2.13s/it]
Generating (int4) rank=1:  51%|█████     | 230/450 [08:10<07:48,  2.13s/it]
Generating (int4) rank=0:  51%|█████▏    | 231/450 [08:11<07:45,  2.13s/it]
Generating (int4) rank=1:  51%|█████▏    | 231/450 [08:12<07:45,  2.13s/it]
Generating (int4) rank=0:  52%|█████▏    | 232/450 [08:13<07:43,  2.13s/it]
Generating (int4) rank=1:  52%|█████▏    | 232/450 [08:14<07:44,  2.13s/it]
Generating (int4) rank=0:  52%|█████▏    | 233/450 [08:15<07:41,  2.13s/it]
Generating (int4) rank=1:  52%|█████▏    | 233/450 [08:16<07:42,  2.13s/it]
Generating (int4) rank=0:  52%|█████▏    | 234/450 [08:17<07:38,  2.12s/it]
Generating (int4) rank=1:  52%|█████▏    | 234/450 [08:18<07:40,  2.13s/it]
Generating (int4) rank=0:  52%|█████▏    | 235/450 [08:20<07:36,  2.12s/it]
Generating (int4) rank=1:  52%|█████▏    | 235/450 [08:21<07:38,  2.13s/it]
Generating (int4) rank=0:  52%|█████▏    | 236/450 [08:22<07:34,  2.12s/it]
Generating (int4) rank=1:  52%|█████▏    | 236/450 [08:23<07:36,  2.13s/it]
Generating (int4) rank=0:  53%|█████▎    | 237/450 [08:24<07:32,  2.13s/it]
Generating (int4) rank=1:  53%|█████▎    | 237/450 [08:25<07:34,  2.13s/it]
Generating (int4) rank=0:  53%|█████▎    | 238/450 [08:26<07:30,  2.12s/it]
Generating (int4) rank=1:  53%|█████▎    | 238/450 [08:27<07:31,  2.13s/it]
Generating (int4) rank=0:  53%|█████▎    | 239/450 [08:28<07:28,  2.12s/it]
Generating (int4) rank=1:  53%|█████▎    | 239/450 [08:29<07:30,  2.13s/it]
Generating (int4) rank=0:  53%|█████▎    | 240/450 [08:30<07:25,  2.12s/it]
Generating (int4) rank=1:  53%|█████▎    | 240/450 [08:31<07:27,  2.13s/it]
Generating (int4) rank=0:  54%|█████▎    | 241/450 [08:32<07:23,  2.12s/it]
Generating (int4) rank=1:  54%|█████▎    | 241/450 [08:33<07:25,  2.13s/it]
Generating (int4) rank=0:  54%|█████▍    | 242/450 [08:34<07:21,  2.12s/it]
Generating (int4) rank=1:  54%|█████▍    | 242/450 [08:35<07:23,  2.13s/it]
Generating (int4) rank=0:  54%|█████▍    | 243/450 [08:37<07:19,  2.12s/it]
Generating (int4) rank=1:  54%|█████▍    | 243/450 [08:38<07:21,  2.13s/it]
Generating (int4) rank=0:  54%|█████▍    | 244/450 [08:39<07:17,  2.12s/it]
Generating (int4) rank=1:  54%|█████▍    | 244/450 [08:40<07:20,  2.14s/it]
Generating (int4) rank=0:  54%|█████▍    | 245/450 [08:41<07:15,  2.12s/it]
Generating (int4) rank=1:  54%|█████▍    | 245/450 [08:42<07:17,  2.14s/it]
Generating (int4) rank=0:  55%|█████▍    | 246/450 [08:43<07:13,  2.12s/it]
Generating (int4) rank=1:  55%|█████▍    | 246/450 [08:44<07:15,  2.13s/it]
Generating (int4) rank=0:  55%|█████▍    | 247/450 [08:45<07:11,  2.12s/it]
Generating (int4) rank=1:  55%|█████▍    | 247/450 [08:46<07:12,  2.13s/it]
Generating (int4) rank=0:  55%|█████▌    | 248/450 [08:47<07:08,  2.12s/it]
Generating (int4) rank=1:  55%|█████▌    | 248/450 [08:48<07:10,  2.13s/it]
Generating (int4) rank=0:  55%|█████▌    | 249/450 [08:49<07:06,  2.12s/it]
Generating (int4) rank=1:  55%|█████▌    | 249/450 [08:50<07:08,  2.13s/it]
Generating (int4) rank=0:  56%|█████▌    | 250/450 [08:51<07:04,  2.12s/it]
Generating (int4) rank=1:  56%|█████▌    | 250/450 [08:53<07:06,  2.13s/it]
Generating (int4) rank=0:  56%|█████▌    | 251/450 [08:54<07:02,  2.12s/it]
Generating (int4) rank=1:  56%|█████▌    | 251/450 [08:55<07:04,  2.13s/it]
Generating (int4) rank=0:  56%|█████▌    | 252/450 [08:56<07:00,  2.13s/it]
Generating (int4) rank=1:  56%|█████▌    | 252/450 [08:57<07:02,  2.13s/it]
Generating (int4) rank=0:  56%|█████▌    | 253/450 [08:58<06:59,  2.13s/it]
Generating (int4) rank=1:  56%|█████▌    | 253/450 [08:59<07:00,  2.13s/it]
Generating (int4) rank=0:  56%|█████▋    | 254/450 [09:00<06:57,  2.13s/it]
Generating (int4) rank=1:  56%|█████▋    | 254/450 [09:01<06:57,  2.13s/it]
Generating (int4) rank=0:  57%|█████▋    | 255/450 [09:02<06:54,  2.13s/it]
Generating (int4) rank=1:  57%|█████▋    | 255/450 [09:03<06:55,  2.13s/it]
Generating (int4) rank=0:  57%|█████▋    | 256/450 [09:04<06:52,  2.13s/it]
Generating (int4) rank=1:  57%|█████▋    | 256/450 [09:05<06:53,  2.13s/it]
Generating (int4) rank=0:  57%|█████▋    | 257/450 [09:06<06:50,  2.13s/it]
Generating (int4) rank=1:  57%|█████▋    | 257/450 [09:07<06:51,  2.13s/it]
Generating (int4) rank=0:  57%|█████▋    | 258/450 [09:08<06:48,  2.13s/it]
Generating (int4) rank=1:  57%|█████▋    | 258/450 [09:10<06:49,  2.13s/it]
Generating (int4) rank=0:  58%|█████▊    | 259/450 [09:11<06:45,  2.13s/it]
Generating (int4) rank=1:  58%|█████▊    | 259/450 [09:12<06:47,  2.13s/it]
Generating (int4) rank=0:  58%|█████▊    | 260/450 [09:13<06:43,  2.12s/it]
Generating (int4) rank=1:  58%|█████▊    | 260/450 [09:14<06:45,  2.13s/it]
Generating (int4) rank=0:  58%|█████▊    | 261/450 [09:15<06:41,  2.12s/it]
Generating (int4) rank=1:  58%|█████▊    | 261/450 [09:16<06:43,  2.13s/it]
Generating (int4) rank=0:  58%|█████▊    | 262/450 [09:17<06:39,  2.12s/it]
Generating (int4) rank=1:  58%|█████▊    | 262/450 [09:18<06:41,  2.13s/it]
Generating (int4) rank=0:  58%|█████▊    | 263/450 [09:19<06:37,  2.12s/it]
Generating (int4) rank=1:  58%|█████▊    | 263/450 [09:20<06:38,  2.13s/it]
Generating (int4) rank=0:  59%|█████▊    | 264/450 [09:21<06:35,  2.12s/it]
Generating (int4) rank=1:  59%|█████▊    | 264/450 [09:22<06:36,  2.13s/it]
Generating (int4) rank=0:  59%|█████▉    | 265/450 [09:23<06:33,  2.13s/it]
Generating (int4) rank=1:  59%|█████▉    | 265/450 [09:25<06:34,  2.13s/it]
Generating (int4) rank=0:  59%|█████▉    | 266/450 [09:25<06:31,  2.13s/it]
Generating (int4) rank=1:  59%|█████▉    | 266/450 [09:27<06:32,  2.13s/it]
Generating (int4) rank=0:  59%|█████▉    | 267/450 [09:28<06:28,  2.12s/it]
Generating (int4) rank=1:  59%|█████▉    | 267/450 [09:29<06:30,  2.13s/it]
Generating (int4) rank=0:  60%|█████▉    | 268/450 [09:30<06:27,  2.13s/it]
Generating (int4) rank=1:  60%|█████▉    | 268/450 [09:31<06:28,  2.14s/it]
Generating (int4) rank=0:  60%|█████▉    | 269/450 [09:32<06:25,  2.13s/it]
Generating (int4) rank=1:  60%|█████▉    | 269/450 [09:33<06:26,  2.14s/it]
Generating (int4) rank=0:  60%|██████    | 270/450 [09:34<06:22,  2.13s/it]
Generating (int4) rank=1:  60%|██████    | 270/450 [09:35<06:24,  2.14s/it]
Generating (int4) rank=0:  60%|██████    | 271/450 [09:36<06:20,  2.13s/it]
Generating (int4) rank=1:  60%|██████    | 271/450 [09:37<06:22,  2.14s/it]
Generating (int4) rank=0:  60%|██████    | 272/450 [09:38<06:18,  2.13s/it]
Generating (int4) rank=1:  60%|██████    | 272/450 [09:39<06:20,  2.14s/it]
Generating (int4) rank=0:  61%|██████    | 273/450 [09:40<06:16,  2.13s/it]
Generating (int4) rank=1:  61%|██████    | 273/450 [09:42<06:18,  2.14s/it]
Generating (int4) rank=0:  61%|██████    | 274/450 [09:43<06:18,  2.15s/it]
Generating (int4) rank=1:  61%|██████    | 274/450 [09:44<06:16,  2.14s/it]
Generating (int4) rank=0:  61%|██████    | 275/450 [09:45<06:15,  2.14s/it]
Generating (int4) rank=1:  61%|██████    | 275/450 [09:46<06:14,  2.14s/it]
Generating (int4) rank=0:  61%|██████▏   | 276/450 [09:47<06:12,  2.14s/it]
Generating (int4) rank=1:  61%|██████▏   | 276/450 [09:48<06:11,  2.14s/it]
Generating (int4) rank=0:  62%|██████▏   | 277/450 [09:49<06:09,  2.14s/it]
Generating (int4) rank=1:  62%|██████▏   | 277/450 [09:50<06:09,  2.14s/it]
Generating (int4) rank=0:  62%|██████▏   | 278/450 [09:51<06:07,  2.13s/it]
Generating (int4) rank=1:  62%|██████▏   | 278/450 [09:52<06:07,  2.14s/it]
Generating (int4) rank=0:  62%|██████▏   | 279/450 [09:53<06:04,  2.13s/it]
Generating (int4) rank=1:  62%|██████▏   | 279/450 [09:54<06:05,  2.14s/it]
Generating (int4) rank=0:  62%|██████▏   | 280/450 [09:55<06:02,  2.13s/it]
Generating (int4) rank=1:  62%|██████▏   | 280/450 [09:57<06:03,  2.14s/it]
Generating (int4) rank=0:  62%|██████▏   | 281/450 [09:57<05:59,  2.13s/it]
Generating (int4) rank=1:  62%|██████▏   | 281/450 [09:59<06:01,  2.14s/it]
Generating (int4) rank=0:  63%|██████▎   | 282/450 [10:00<05:57,  2.13s/it]
Generating (int4) rank=1:  63%|██████▎   | 282/450 [10:01<05:59,  2.14s/it]
Generating (int4) rank=0:  63%|██████▎   | 283/450 [10:02<05:55,  2.13s/it]
Generating (int4) rank=1:  63%|██████▎   | 283/450 [10:03<05:56,  2.14s/it]
Generating (int4) rank=0:  63%|██████▎   | 284/450 [10:04<05:53,  2.13s/it]
Generating (int4) rank=1:  63%|██████▎   | 284/450 [10:05<05:54,  2.14s/it]
Generating (int4) rank=0:  63%|██████▎   | 285/450 [10:06<05:50,  2.13s/it]
Generating (int4) rank=1:  63%|██████▎   | 285/450 [10:07<05:52,  2.14s/it]
Generating (int4) rank=0:  64%|██████▎   | 286/450 [10:08<05:49,  2.13s/it]
Generating (int4) rank=1:  64%|██████▎   | 286/450 [10:09<05:50,  2.14s/it]
Generating (int4) rank=0:  64%|██████▍   | 287/450 [10:10<05:46,  2.13s/it]
Generating (int4) rank=1:  64%|██████▍   | 287/450 [10:12<05:48,  2.14s/it]
Generating (int4) rank=0:  64%|██████▍   | 288/450 [10:12<05:45,  2.13s/it]
Generating (int4) rank=1:  64%|██████▍   | 288/450 [10:14<05:50,  2.16s/it]
Generating (int4) rank=0:  64%|██████▍   | 289/450 [10:14<05:42,  2.13s/it]
Generating (int4) rank=1:  64%|██████▍   | 289/450 [10:16<05:46,  2.15s/it]
Generating (int4) rank=0:  64%|██████▍   | 290/450 [10:17<05:40,  2.13s/it]
Generating (int4) rank=1:  64%|██████▍   | 290/450 [10:18<05:43,  2.15s/it]
Generating (int4) rank=0:  65%|██████▍   | 291/450 [10:19<05:38,  2.13s/it]
Generating (int4) rank=1:  65%|██████▍   | 291/450 [10:20<05:40,  2.14s/it]
Generating (int4) rank=0:  65%|██████▍   | 292/450 [10:21<05:36,  2.13s/it]
Generating (int4) rank=1:  65%|██████▍   | 292/450 [10:22<05:38,  2.14s/it]
Generating (int4) rank=0:  65%|██████▌   | 293/450 [10:23<05:33,  2.13s/it]
Generating (int4) rank=1:  65%|██████▌   | 293/450 [10:24<05:36,  2.14s/it]
Generating (int4) rank=0:  65%|██████▌   | 294/450 [10:25<05:31,  2.13s/it]
Generating (int4) rank=1:  65%|██████▌   | 294/450 [10:27<05:33,  2.14s/it]
Generating (int4) rank=0:  66%|██████▌   | 295/450 [10:27<05:29,  2.13s/it]
Generating (int4) rank=1:  66%|██████▌   | 295/450 [10:29<05:31,  2.14s/it]
Generating (int4) rank=0:  66%|██████▌   | 296/450 [10:29<05:28,  2.13s/it]
Generating (int4) rank=1:  66%|██████▌   | 296/450 [10:31<05:29,  2.14s/it]
Generating (int4) rank=0:  66%|██████▌   | 297/450 [10:32<05:26,  2.13s/it]
Generating (int4) rank=1:  66%|██████▌   | 297/450 [10:33<05:27,  2.14s/it]
Generating (int4) rank=0:  66%|██████▌   | 298/450 [10:34<05:24,  2.13s/it]
Generating (int4) rank=1:  66%|██████▌   | 298/450 [10:35<05:24,  2.14s/it]
Generating (int4) rank=0:  66%|██████▋   | 299/450 [10:36<05:21,  2.13s/it]
Generating (int4) rank=1:  66%|██████▋   | 299/450 [10:37<05:22,  2.14s/it]
Generating (int4) rank=0:  67%|██████▋   | 300/450 [10:38<05:19,  2.13s/it]
Generating (int4) rank=1:  67%|██████▋   | 300/450 [10:39<05:20,  2.14s/it]
Generating (int4) rank=0:  67%|██████▋   | 301/450 [10:40<05:16,  2.13s/it]
Generating (int4) rank=1:  67%|██████▋   | 301/450 [10:42<05:17,  2.13s/it]
Generating (int4) rank=0:  67%|██████▋   | 302/450 [10:42<05:14,  2.13s/it]
Generating (int4) rank=1:  67%|██████▋   | 302/450 [10:44<05:15,  2.13s/it]
Generating (int4) rank=0:  67%|██████▋   | 303/450 [10:44<05:12,  2.13s/it]
Generating (int4) rank=1:  67%|██████▋   | 303/450 [10:46<05:13,  2.13s/it]
Generating (int4) rank=0:  68%|██████▊   | 304/450 [10:46<05:10,  2.13s/it]
Generating (int4) rank=1:  68%|██████▊   | 304/450 [10:48<05:11,  2.13s/it]
Generating (int4) rank=0:  68%|██████▊   | 305/450 [10:49<05:08,  2.13s/it]
Generating (int4) rank=1:  68%|██████▊   | 305/450 [10:50<05:09,  2.13s/it]
Generating (int4) rank=0:  68%|██████▊   | 306/450 [10:51<05:06,  2.13s/it]
Generating (int4) rank=1:  68%|██████▊   | 306/450 [10:52<05:07,  2.13s/it]
Generating (int4) rank=0:  68%|██████▊   | 307/450 [10:53<05:04,  2.13s/it]
Generating (int4) rank=1:  68%|██████▊   | 307/450 [10:54<05:05,  2.13s/it]
Generating (int4) rank=0:  68%|██████▊   | 308/450 [10:55<05:02,  2.13s/it]
Generating (int4) rank=1:  68%|██████▊   | 308/450 [10:56<05:02,  2.13s/it]
Generating (int4) rank=0:  69%|██████▊   | 309/450 [10:57<05:00,  2.13s/it]
Generating (int4) rank=1:  69%|██████▊   | 309/450 [10:59<05:00,  2.13s/it]
Generating (int4) rank=0:  69%|██████▉   | 310/450 [10:59<04:58,  2.13s/it]
Generating (int4) rank=1:  69%|██████▉   | 310/450 [11:01<04:58,  2.13s/it]
Generating (int4) rank=0:  69%|██████▉   | 311/450 [11:01<04:56,  2.13s/it]
Generating (int4) rank=1:  69%|██████▉   | 311/450 [11:03<04:56,  2.13s/it]
Generating (int4) rank=0:  69%|██████▉   | 312/450 [11:03<04:53,  2.13s/it]
Generating (int4) rank=1:  69%|██████▉   | 312/450 [11:05<04:54,  2.13s/it]
Generating (int4) rank=0:  70%|██████▉   | 313/450 [11:06<04:51,  2.13s/it]
Generating (int4) rank=1:  70%|██████▉   | 313/450 [11:07<04:51,  2.13s/it]
Generating (int4) rank=0:  70%|██████▉   | 314/450 [11:08<04:49,  2.13s/it]
Generating (int4) rank=1:  70%|██████▉   | 314/450 [11:09<04:49,  2.13s/it]
Generating (int4) rank=0:  70%|███████   | 315/450 [11:10<04:47,  2.13s/it]
Generating (int4) rank=1:  70%|███████   | 315/450 [11:11<04:47,  2.13s/it]
Generating (int4) rank=0:  70%|███████   | 316/450 [11:12<04:45,  2.13s/it]
Generating (int4) rank=1:  70%|███████   | 316/450 [11:14<04:45,  2.13s/it]
Generating (int4) rank=0:  70%|███████   | 317/450 [11:14<04:43,  2.13s/it]
Generating (int4) rank=1:  70%|███████   | 317/450 [11:16<04:43,  2.13s/it]
Generating (int4) rank=0:  71%|███████   | 318/450 [11:16<04:46,  2.17s/it]
Generating (int4) rank=1:  71%|███████   | 318/450 [11:18<04:41,  2.13s/it]
Generating (int4) rank=0:  71%|███████   | 319/450 [11:18<04:42,  2.16s/it]
Generating (int4) rank=1:  71%|███████   | 319/450 [11:20<04:39,  2.13s/it]
Generating (int4) rank=0:  71%|███████   | 320/450 [11:21<04:39,  2.15s/it]
Generating (int4) rank=1:  71%|███████   | 320/450 [11:22<04:37,  2.13s/it]
Generating (int4) rank=0:  71%|███████▏  | 321/450 [11:23<04:36,  2.14s/it]
Generating (int4) rank=1:  71%|███████▏  | 321/450 [11:24<04:34,  2.13s/it]
Generating (int4) rank=0:  72%|███████▏  | 322/450 [11:25<04:33,  2.14s/it]
Generating (int4) rank=1:  72%|███████▏  | 322/450 [11:26<04:32,  2.13s/it]
Generating (int4) rank=0:  72%|███████▏  | 323/450 [11:27<04:30,  2.13s/it]
Generating (int4) rank=1:  72%|███████▏  | 323/450 [11:28<04:30,  2.13s/it]
Generating (int4) rank=0:  72%|███████▏  | 324/450 [11:29<04:28,  2.13s/it]
Generating (int4) rank=1:  72%|███████▏  | 324/450 [11:31<04:28,  2.13s/it]
Generating (int4) rank=0:  72%|███████▏  | 325/450 [11:31<04:26,  2.13s/it]
Generating (int4) rank=1:  72%|███████▏  | 325/450 [11:33<04:26,  2.13s/it]
Generating (int4) rank=0:  72%|███████▏  | 326/450 [11:33<04:23,  2.13s/it]
Generating (int4) rank=1:  72%|███████▏  | 326/450 [11:35<04:24,  2.13s/it]
Generating (int4) rank=0:  73%|███████▎  | 327/450 [11:35<04:21,  2.13s/it]
Generating (int4) rank=1:  73%|███████▎  | 327/450 [11:37<04:22,  2.13s/it]
Generating (int4) rank=0:  73%|███████▎  | 328/450 [11:38<04:19,  2.13s/it]
Generating (int4) rank=1:  73%|███████▎  | 328/450 [11:39<04:19,  2.13s/it]
Generating (int4) rank=0:  73%|███████▎  | 329/450 [11:40<04:17,  2.13s/it]
Generating (int4) rank=1:  73%|███████▎  | 329/450 [11:41<04:17,  2.13s/it]
Generating (int4) rank=0:  73%|███████▎  | 330/450 [11:42<04:15,  2.13s/it]
Generating (int4) rank=1:  73%|███████▎  | 330/450 [11:43<04:15,  2.13s/it]
Generating (int4) rank=0:  74%|███████▎  | 331/450 [11:44<04:13,  2.13s/it]
Generating (int4) rank=1:  74%|███████▎  | 331/450 [11:45<04:13,  2.13s/it]
Generating (int4) rank=0:  74%|███████▍  | 332/450 [11:46<04:10,  2.13s/it]
Generating (int4) rank=1:  74%|███████▍  | 332/450 [11:48<04:14,  2.16s/it]
Generating (int4) rank=0:  74%|███████▍  | 333/450 [11:48<04:08,  2.12s/it]
Generating (int4) rank=1:  74%|███████▍  | 333/450 [11:50<04:11,  2.15s/it]
Generating (int4) rank=0:  74%|███████▍  | 334/450 [11:50<04:06,  2.12s/it]
Generating (int4) rank=1:  74%|███████▍  | 334/450 [11:52<04:08,  2.14s/it]
Generating (int4) rank=0:  74%|███████▍  | 335/450 [11:52<04:04,  2.13s/it]
Generating (int4) rank=1:  74%|███████▍  | 335/450 [11:54<04:05,  2.14s/it]
Generating (int4) rank=0:  75%|███████▍  | 336/450 [11:55<04:02,  2.13s/it]
Generating (int4) rank=1:  75%|███████▍  | 336/450 [11:56<04:03,  2.14s/it]
Generating (int4) rank=0:  75%|███████▍  | 337/450 [11:57<04:00,  2.13s/it]
Generating (int4) rank=1:  75%|███████▍  | 337/450 [11:58<04:01,  2.14s/it]
Generating (int4) rank=0:  75%|███████▌  | 338/450 [11:59<03:58,  2.13s/it]
Generating (int4) rank=1:  75%|███████▌  | 338/450 [12:00<03:58,  2.13s/it]
Generating (int4) rank=0:  75%|███████▌  | 339/450 [12:01<03:56,  2.13s/it]
Generating (int4) rank=1:  75%|███████▌  | 339/450 [12:03<03:56,  2.13s/it]
Generating (int4) rank=0:  76%|███████▌  | 340/450 [12:03<03:54,  2.13s/it]
Generating (int4) rank=1:  76%|███████▌  | 340/450 [12:05<03:54,  2.13s/it]
Generating (int4) rank=0:  76%|███████▌  | 341/450 [12:05<03:52,  2.13s/it]
Generating (int4) rank=1:  76%|███████▌  | 341/450 [12:07<03:52,  2.13s/it]
Generating (int4) rank=0:  76%|███████▌  | 342/450 [12:07<03:49,  2.13s/it]
Generating (int4) rank=1:  76%|███████▌  | 342/450 [12:09<03:50,  2.13s/it]
Generating (int4) rank=0:  76%|███████▌  | 343/450 [12:10<03:47,  2.13s/it]
Generating (int4) rank=1:  76%|███████▌  | 343/450 [12:11<03:48,  2.13s/it]
Generating (int4) rank=0:  76%|███████▋  | 344/450 [12:12<03:45,  2.13s/it]
Generating (int4) rank=1:  76%|███████▋  | 344/450 [12:13<03:45,  2.13s/it]
Generating (int4) rank=0:  77%|███████▋  | 345/450 [12:14<03:43,  2.13s/it]
Generating (int4) rank=1:  77%|███████▋  | 345/450 [12:15<03:43,  2.13s/it]
Generating (int4) rank=0:  77%|███████▋  | 346/450 [12:16<03:41,  2.13s/it]
Generating (int4) rank=1:  77%|███████▋  | 346/450 [12:18<03:41,  2.13s/it]
Generating (int4) rank=0:  77%|███████▋  | 347/450 [12:18<03:38,  2.13s/it]
Generating (int4) rank=1:  77%|███████▋  | 347/450 [12:20<03:39,  2.13s/it]
Generating (int4) rank=0:  77%|███████▋  | 348/450 [12:20<03:36,  2.13s/it]
Generating (int4) rank=1:  77%|███████▋  | 348/450 [12:22<03:37,  2.13s/it]
Generating (int4) rank=0:  78%|███████▊  | 349/450 [12:22<03:34,  2.13s/it]
Generating (int4) rank=1:  78%|███████▊  | 349/450 [12:24<03:35,  2.13s/it]
Generating (int4) rank=0:  78%|███████▊  | 350/450 [12:24<03:32,  2.13s/it]
Generating (int4) rank=1:  78%|███████▊  | 350/450 [12:26<03:33,  2.13s/it]
Generating (int4) rank=0:  78%|███████▊  | 351/450 [12:27<03:30,  2.13s/it]
Generating (int4) rank=1:  78%|███████▊  | 351/450 [12:28<03:30,  2.13s/it]
Generating (int4) rank=0:  78%|███████▊  | 352/450 [12:29<03:28,  2.13s/it]
Generating (int4) rank=1:  78%|███████▊  | 352/450 [12:30<03:28,  2.13s/it]
Generating (int4) rank=0:  78%|███████▊  | 353/450 [12:31<03:26,  2.12s/it]
Generating (int4) rank=1:  78%|███████▊  | 353/450 [12:32<03:26,  2.13s/it]
Generating (int4) rank=0:  79%|███████▊  | 354/450 [12:33<03:24,  2.13s/it]
Generating (int4) rank=1:  79%|███████▊  | 354/450 [12:35<03:24,  2.13s/it]
Generating (int4) rank=0:  79%|███████▉  | 355/450 [12:35<03:21,  2.13s/it]
Generating (int4) rank=1:  79%|███████▉  | 355/450 [12:37<03:22,  2.13s/it]
Generating (int4) rank=0:  79%|███████▉  | 356/450 [12:37<03:19,  2.13s/it]
Generating (int4) rank=1:  79%|███████▉  | 356/450 [12:39<03:20,  2.13s/it]
Generating (int4) rank=0:  79%|███████▉  | 357/450 [12:39<03:17,  2.13s/it]
Generating (int4) rank=1:  79%|███████▉  | 357/450 [12:41<03:18,  2.13s/it]
Generating (int4) rank=0:  80%|███████▉  | 358/450 [12:41<03:15,  2.13s/it]
Generating (int4) rank=1:  80%|███████▉  | 358/450 [12:43<03:15,  2.13s/it]
Generating (int4) rank=0:  80%|███████▉  | 359/450 [12:44<03:13,  2.13s/it]
Generating (int4) rank=1:  80%|███████▉  | 359/450 [12:45<03:13,  2.13s/it]
Generating (int4) rank=0:  80%|████████  | 360/450 [12:46<03:11,  2.13s/it]
Generating (int4) rank=1:  80%|████████  | 360/450 [12:47<03:11,  2.13s/it]
Generating (int4) rank=0:  80%|████████  | 361/450 [12:48<03:09,  2.13s/it]
Generating (int4) rank=1:  80%|████████  | 361/450 [12:49<03:09,  2.13s/it]
Generating (int4) rank=0:  80%|████████  | 362/450 [12:50<03:07,  2.13s/it]
Generating (int4) rank=1:  80%|████████  | 362/450 [12:52<03:07,  2.13s/it]
Generating (int4) rank=0:  81%|████████  | 363/450 [12:52<03:04,  2.13s/it]
Generating (int4) rank=1:  81%|████████  | 363/450 [12:54<03:05,  2.13s/it]
Generating (int4) rank=0:  81%|████████  | 364/450 [12:54<03:02,  2.13s/it]
Generating (int4) rank=1:  81%|████████  | 364/450 [12:56<03:03,  2.13s/it]
Generating (int4) rank=0:  81%|████████  | 365/450 [12:56<03:00,  2.13s/it]
Generating (int4) rank=1:  81%|████████  | 365/450 [12:58<03:01,  2.13s/it]
Generating (int4) rank=0:  81%|████████▏ | 366/450 [12:58<02:58,  2.13s/it]
Generating (int4) rank=1:  81%|████████▏ | 366/450 [13:00<02:59,  2.14s/it]
Generating (int4) rank=0:  82%|████████▏ | 367/450 [13:01<02:56,  2.13s/it]
Generating (int4) rank=1:  82%|████████▏ | 367/450 [13:02<02:57,  2.14s/it]
Generating (int4) rank=0:  82%|████████▏ | 368/450 [13:03<02:54,  2.13s/it]
Generating (int4) rank=1:  82%|████████▏ | 368/450 [13:04<02:55,  2.13s/it]
Generating (int4) rank=0:  82%|████████▏ | 369/450 [13:05<02:52,  2.13s/it]
Generating (int4) rank=1:  82%|████████▏ | 369/450 [13:07<02:52,  2.13s/it]
Generating (int4) rank=0:  82%|████████▏ | 370/450 [13:07<02:50,  2.13s/it]
Generating (int4) rank=1:  82%|████████▏ | 370/450 [13:09<02:50,  2.13s/it]
Generating (int4) rank=0:  82%|████████▏ | 371/450 [13:09<02:48,  2.13s/it]
Generating (int4) rank=1:  82%|████████▏ | 371/450 [13:11<02:48,  2.13s/it]
Generating (int4) rank=0:  83%|████████▎ | 372/450 [13:11<02:45,  2.13s/it]
Generating (int4) rank=1:  83%|████████▎ | 372/450 [13:13<02:46,  2.13s/it]
Generating (int4) rank=0:  83%|████████▎ | 373/450 [13:13<02:43,  2.13s/it]
Generating (int4) rank=1:  83%|████████▎ | 373/450 [13:15<02:44,  2.13s/it]
Generating (int4) rank=0:  83%|████████▎ | 374/450 [13:15<02:41,  2.13s/it]
Generating (int4) rank=1:  83%|████████▎ | 374/450 [13:17<02:42,  2.13s/it]
Generating (int4) rank=0:  83%|████████▎ | 375/450 [13:18<02:39,  2.13s/it]
Generating (int4) rank=1:  83%|████████▎ | 375/450 [13:19<02:40,  2.13s/it]
Generating (int4) rank=0:  84%|████████▎ | 376/450 [13:20<02:37,  2.13s/it]
Generating (int4) rank=1:  84%|████████▎ | 376/450 [13:22<02:39,  2.15s/it]
Generating (int4) rank=0:  84%|████████▍ | 377/450 [13:22<02:35,  2.14s/it]
Generating (int4) rank=1:  84%|████████▍ | 377/450 [13:24<02:36,  2.15s/it]
Generating (int4) rank=0:  84%|████████▍ | 378/450 [13:24<02:33,  2.13s/it]
Generating (int4) rank=1:  84%|████████▍ | 378/450 [13:26<02:34,  2.14s/it]
Generating (int4) rank=0:  84%|████████▍ | 379/450 [13:26<02:31,  2.13s/it]
Generating (int4) rank=1:  84%|████████▍ | 379/450 [13:28<02:31,  2.14s/it]
Generating (int4) rank=0:  84%|████████▍ | 380/450 [13:28<02:29,  2.13s/it]
Generating (int4) rank=1:  84%|████████▍ | 380/450 [13:30<02:29,  2.14s/it]
Generating (int4) rank=0:  85%|████████▍ | 381/450 [13:30<02:26,  2.13s/it]
Generating (int4) rank=1:  85%|████████▍ | 381/450 [13:32<02:27,  2.14s/it]
Generating (int4) rank=0:  85%|████████▍ | 382/450 [13:32<02:24,  2.13s/it]
Generating (int4) rank=1:  85%|████████▍ | 382/450 [13:34<02:25,  2.14s/it]
Generating (int4) rank=0:  85%|████████▌ | 383/450 [13:35<02:22,  2.13s/it]
Generating (int4) rank=1:  85%|████████▌ | 383/450 [13:37<02:23,  2.14s/it]
Generating (int4) rank=0:  85%|████████▌ | 384/450 [13:37<02:20,  2.13s/it]
Generating (int4) rank=1:  85%|████████▌ | 384/450 [13:39<02:20,  2.14s/it]
Generating (int4) rank=0:  86%|████████▌ | 385/450 [13:39<02:18,  2.13s/it]
Generating (int4) rank=1:  86%|████████▌ | 385/450 [13:41<02:18,  2.14s/it]
Generating (int4) rank=0:  86%|████████▌ | 386/450 [13:41<02:16,  2.13s/it]
Generating (int4) rank=1:  86%|████████▌ | 386/450 [13:43<02:16,  2.14s/it]
Generating (int4) rank=0:  86%|████████▌ | 387/450 [13:43<02:13,  2.13s/it]
Generating (int4) rank=1:  86%|████████▌ | 387/450 [13:45<02:14,  2.14s/it]
Generating (int4) rank=0:  86%|████████▌ | 388/450 [13:45<02:11,  2.13s/it]
Generating (int4) rank=1:  86%|████████▌ | 388/450 [13:47<02:12,  2.13s/it]
Generating (int4) rank=0:  86%|████████▋ | 389/450 [13:47<02:09,  2.13s/it]
Generating (int4) rank=1:  86%|████████▋ | 389/450 [13:49<02:10,  2.13s/it]
Generating (int4) rank=0:  87%|████████▋ | 390/450 [13:49<02:07,  2.13s/it]
Generating (int4) rank=1:  87%|████████▋ | 390/450 [13:51<02:08,  2.13s/it]
Generating (int4) rank=0:  87%|████████▋ | 391/450 [13:52<02:05,  2.13s/it]
Generating (int4) rank=1:  87%|████████▋ | 391/450 [13:54<02:05,  2.13s/it]
Generating (int4) rank=0:  87%|████████▋ | 392/450 [13:54<02:03,  2.13s/it]
Generating (int4) rank=1:  87%|████████▋ | 392/450 [13:56<02:03,  2.13s/it]
Generating (int4) rank=0:  87%|████████▋ | 393/450 [13:56<02:01,  2.13s/it]
Generating (int4) rank=1:  87%|████████▋ | 393/450 [13:58<02:01,  2.13s/it]
Generating (int4) rank=0:  88%|████████▊ | 394/450 [13:58<01:59,  2.13s/it]
Generating (int4) rank=1:  88%|████████▊ | 394/450 [14:00<01:59,  2.13s/it]
Generating (int4) rank=0:  88%|████████▊ | 395/450 [14:00<01:56,  2.13s/it]
Generating (int4) rank=1:  88%|████████▊ | 395/450 [14:02<01:57,  2.13s/it]
Generating (int4) rank=0:  88%|████████▊ | 396/450 [14:02<01:54,  2.13s/it]
Generating (int4) rank=1:  88%|████████▊ | 396/450 [14:04<01:55,  2.13s/it]
Generating (int4) rank=0:  88%|████████▊ | 397/450 [14:04<01:52,  2.13s/it]
Generating (int4) rank=1:  88%|████████▊ | 397/450 [14:06<01:53,  2.13s/it]
Generating (int4) rank=0:  88%|████████▊ | 398/450 [14:06<01:50,  2.13s/it]
Generating (int4) rank=1:  88%|████████▊ | 398/450 [14:09<01:51,  2.14s/it]
Generating (int4) rank=0:  89%|████████▊ | 399/450 [14:09<01:48,  2.13s/it]
Generating (int4) rank=1:  89%|████████▊ | 399/450 [14:11<01:48,  2.14s/it]
Generating (int4) rank=0:  89%|████████▉ | 400/450 [14:11<01:46,  2.12s/it]
Generating (int4) rank=1:  89%|████████▉ | 400/450 [14:13<01:46,  2.13s/it]
Generating (int4) rank=0:  89%|████████▉ | 401/450 [14:13<01:44,  2.12s/it]
Generating (int4) rank=1:  89%|████████▉ | 401/450 [14:15<01:44,  2.13s/it]
Generating (int4) rank=0:  89%|████████▉ | 402/450 [14:15<01:42,  2.13s/it]
Generating (int4) rank=1:  89%|████████▉ | 402/450 [14:17<01:42,  2.13s/it]
Generating (int4) rank=0:  90%|████████▉ | 403/450 [14:17<01:39,  2.13s/it]
Generating (int4) rank=1:  90%|████████▉ | 403/450 [14:19<01:40,  2.13s/it]
Generating (int4) rank=0:  90%|████████▉ | 404/450 [14:19<01:37,  2.13s/it]
Generating (int4) rank=1:  90%|████████▉ | 404/450 [14:21<01:38,  2.13s/it]
Generating (int4) rank=0:  90%|█████████ | 405/450 [14:21<01:35,  2.13s/it]
Generating (int4) rank=1:  90%|█████████ | 405/450 [14:23<01:35,  2.13s/it]
Generating (int4) rank=0:  90%|█████████ | 406/450 [14:23<01:33,  2.13s/it]
Generating (int4) rank=1:  90%|█████████ | 406/450 [14:26<01:33,  2.13s/it]
Generating (int4) rank=0:  90%|█████████ | 407/450 [14:26<01:31,  2.13s/it]
Generating (int4) rank=1:  90%|█████████ | 407/450 [14:28<01:31,  2.13s/it]
Generating (int4) rank=0:  91%|█████████ | 408/450 [14:28<01:29,  2.13s/it]
Generating (int4) rank=1:  91%|█████████ | 408/450 [14:30<01:29,  2.13s/it]
Generating (int4) rank=0:  91%|█████████ | 409/450 [14:30<01:27,  2.12s/it]
Generating (int4) rank=1:  91%|█████████ | 409/450 [14:32<01:27,  2.13s/it]
Generating (int4) rank=0:  91%|█████████ | 410/450 [14:32<01:25,  2.13s/it]
Generating (int4) rank=1:  91%|█████████ | 410/450 [14:34<01:25,  2.13s/it]
Generating (int4) rank=0:  91%|█████████▏| 411/450 [14:34<01:22,  2.13s/it]
Generating (int4) rank=1:  91%|█████████▏| 411/450 [14:36<01:23,  2.13s/it]
Generating (int4) rank=0:  92%|█████████▏| 412/450 [14:36<01:20,  2.12s/it]
Generating (int4) rank=1:  92%|█████████▏| 412/450 [14:38<01:20,  2.13s/it]
Generating (int4) rank=0:  92%|█████████▏| 413/450 [14:38<01:18,  2.12s/it]
Generating (int4) rank=1:  92%|█████████▏| 413/450 [14:40<01:18,  2.13s/it]
Generating (int4) rank=0:  92%|█████████▏| 414/450 [14:40<01:16,  2.12s/it]
Generating (int4) rank=1:  92%|█████████▏| 414/450 [14:43<01:16,  2.13s/it]
Generating (int4) rank=0:  92%|█████████▏| 415/450 [14:43<01:14,  2.12s/it]
Generating (int4) rank=1:  92%|█████████▏| 415/450 [14:45<01:14,  2.13s/it]
Generating (int4) rank=0:  92%|█████████▏| 416/450 [14:45<01:12,  2.12s/it]
Generating (int4) rank=1:  92%|█████████▏| 416/450 [14:47<01:12,  2.13s/it]
Generating (int4) rank=0:  93%|█████████▎| 417/450 [14:47<01:10,  2.13s/it]
Generating (int4) rank=1:  93%|█████████▎| 417/450 [14:49<01:10,  2.13s/it]
Generating (int4) rank=0:  93%|█████████▎| 418/450 [14:49<01:08,  2.13s/it]
Generating (int4) rank=0:  93%|█████████▎| 419/450 [14:51<01:05,  2.12s/it]
Generating (int4) rank=1:  93%|█████████▎| 418/450 [14:51<01:08,  2.13s/it]
Generating (int4) rank=0:  93%|█████████▎| 420/450 [14:53<01:03,  2.12s/it]
Generating (int4) rank=1:  93%|█████████▎| 419/450 [14:53<01:06,  2.13s/it]
Generating (int4) rank=0:  94%|█████████▎| 421/450 [14:55<01:01,  2.12s/it]
Generating (int4) rank=1:  93%|█████████▎| 420/450 [14:55<01:03,  2.13s/it]
Generating (int4) rank=0:  94%|█████████▍| 422/450 [14:57<00:59,  2.12s/it]
Generating (int4) rank=1:  94%|█████████▎| 421/450 [14:58<01:01,  2.13s/it]
Generating (int4) rank=0:  94%|█████████▍| 423/450 [15:00<00:57,  2.13s/it]
Generating (int4) rank=1:  94%|█████████▍| 422/450 [15:00<00:59,  2.13s/it]
Generating (int4) rank=0:  94%|█████████▍| 424/450 [15:02<00:55,  2.12s/it]
Generating (int4) rank=1:  94%|█████████▍| 423/450 [15:02<00:57,  2.13s/it]
Generating (int4) rank=0:  94%|█████████▍| 425/450 [15:04<00:53,  2.12s/it]
Generating (int4) rank=1:  94%|█████████▍| 424/450 [15:04<00:55,  2.13s/it]
Generating (int4) rank=0:  95%|█████████▍| 426/450 [15:06<00:50,  2.12s/it]
Generating (int4) rank=1:  94%|█████████▍| 425/450 [15:06<00:53,  2.13s/it]
Generating (int4) rank=0:  95%|█████████▍| 427/450 [15:08<00:48,  2.12s/it]
Generating (int4) rank=1:  95%|█████████▍| 426/450 [15:08<00:51,  2.13s/it]
Generating (int4) rank=0:  95%|█████████▌| 428/450 [15:10<00:46,  2.12s/it]
Generating (int4) rank=1:  95%|█████████▍| 427/450 [15:10<00:49,  2.13s/it]
Generating (int4) rank=0:  95%|█████████▌| 429/450 [15:12<00:44,  2.12s/it]
Generating (int4) rank=1:  95%|█████████▌| 428/450 [15:12<00:46,  2.14s/it]
Generating (int4) rank=0:  96%|█████████▌| 430/450 [15:14<00:42,  2.12s/it]
Generating (int4) rank=1:  95%|█████████▌| 429/450 [15:15<00:44,  2.14s/it]
Generating (int4) rank=0:  96%|█████████▌| 431/450 [15:17<00:40,  2.12s/it]
Generating (int4) rank=1:  96%|█████████▌| 430/450 [15:17<00:42,  2.14s/it]
Generating (int4) rank=0:  96%|█████████▌| 432/450 [15:19<00:38,  2.12s/it]
Generating (int4) rank=1:  96%|█████████▌| 431/450 [15:19<00:40,  2.14s/it]
Generating (int4) rank=0:  96%|█████████▌| 433/450 [15:21<00:36,  2.13s/it]
Generating (int4) rank=1:  96%|█████████▌| 432/450 [15:21<00:38,  2.13s/it]
Generating (int4) rank=0:  96%|█████████▋| 434/450 [15:23<00:34,  2.13s/it]
Generating (int4) rank=1:  96%|█████████▌| 433/450 [15:23<00:36,  2.13s/it]
Generating (int4) rank=0:  97%|█████████▋| 435/450 [15:25<00:31,  2.13s/it]
Generating (int4) rank=1:  96%|█████████▋| 434/450 [15:25<00:34,  2.13s/it]
Generating (int4) rank=0:  97%|█████████▋| 436/450 [15:27<00:29,  2.13s/it]
Generating (int4) rank=1:  97%|█████████▋| 435/450 [15:27<00:32,  2.13s/it]
Generating (int4) rank=0:  97%|█████████▋| 437/450 [15:29<00:27,  2.13s/it]
Generating (int4) rank=1:  97%|█████████▋| 436/450 [15:30<00:29,  2.14s/it]
Generating (int4) rank=0:  97%|█████████▋| 438/450 [15:31<00:25,  2.13s/it]
Generating (int4) rank=1:  97%|█████████▋| 437/450 [15:32<00:27,  2.14s/it]
Generating (int4) rank=0:  98%|█████████▊| 439/450 [15:34<00:23,  2.13s/it]
Generating (int4) rank=1:  97%|█████████▋| 438/450 [15:34<00:25,  2.14s/it]
Generating (int4) rank=0:  98%|█████████▊| 440/450 [15:36<00:21,  2.13s/it]
Generating (int4) rank=1:  98%|█████████▊| 439/450 [15:36<00:23,  2.14s/it]
Generating (int4) rank=0:  98%|█████████▊| 441/450 [15:38<00:19,  2.13s/it]
Generating (int4) rank=1:  98%|█████████▊| 440/450 [15:38<00:21,  2.14s/it]
Generating (int4) rank=0:  98%|█████████▊| 442/450 [15:40<00:17,  2.13s/it]
Generating (int4) rank=1:  98%|█████████▊| 441/450 [15:40<00:19,  2.14s/it]
Generating (int4) rank=0:  98%|█████████▊| 443/450 [15:42<00:14,  2.13s/it]
Generating (int4) rank=1:  98%|█████████▊| 442/450 [15:42<00:17,  2.14s/it]
Generating (int4) rank=0:  99%|█████████▊| 444/450 [15:44<00:12,  2.13s/it]
Generating (int4) rank=1:  98%|█████████▊| 443/450 [15:44<00:14,  2.14s/it]
Generating (int4) rank=0:  99%|█████████▉| 445/450 [15:46<00:10,  2.13s/it]
Generating (int4) rank=1:  99%|█████████▊| 444/450 [15:47<00:12,  2.14s/it]
Generating (int4) rank=0:  99%|█████████▉| 446/450 [15:48<00:08,  2.13s/it]
Generating (int4) rank=1:  99%|█████████▉| 445/450 [15:49<00:10,  2.14s/it]
Generating (int4) rank=0:  99%|█████████▉| 447/450 [15:51<00:06,  2.13s/it]
Generating (int4) rank=1:  99%|█████████▉| 446/450 [15:51<00:08,  2.14s/it]
Generating (int4) rank=0: 100%|█████████▉| 448/450 [15:53<00:04,  2.13s/it]
Generating (int4) rank=1:  99%|█████████▉| 447/450 [15:53<00:06,  2.14s/it]
Generating (int4) rank=0: 100%|█████████▉| 449/450 [15:55<00:02,  2.13s/it]
Generating (int4) rank=1: 100%|█████████▉| 448/450 [15:55<00:04,  2.14s/it]
Generating (int4) rank=0: 100%|██████████| 450/450 [15:57<00:00,  2.13s/it]
Generating (int4) rank=0: 100%|██████████| 450/450 [15:57<00:00,  2.13s/it]

Generating (int4) rank=1: 100%|█████████▉| 449/450 [15:57<00:02,  2.13s/it]
Generating (int4) rank=1: 100%|██████████| 450/450 [15:59<00:00,  2.14s/it]
Generating (int4) rank=1: 100%|██████████| 450/450 [15:59<00:00,  2.13s/it]
fatal: not a git repository (or any of the parent directories): .git
2026-07-13:13:01:54,123 INFO     [lm_eval.loggers.evaluation_tracker:209] Saving results aggregated
2026-07-13:13:01:54,126 INFO     [lm_eval.loggers.evaluation_tracker:290] Saving per-sample results for: sudoku4_2shot_large

