/home/alimaskina/miniconda3/lib/python3.13/site-packages/requests/__init__.py:113: RequestsDependencyWarning: urllib3 (2.5.0) or chardet (6.0.0.post1)/charset_normalizer (3.3.2) doesn't match a supported version!
  warnings.warn(
llada_dist (model_path=GSAI-ML/LLaDA-8B-Base,quant=fp16,gen_length=24,steps=24,block_length=24,remasking=low_confidence,checkpoint_dir=checkpoints/results_sudoku_fp16_4x4_4shot_n256_2gpu,gen_batch_size=1), gen_kwargs: (None), limit: 256.0, num_fewshot: None, batch_size: 1
|    Tasks    |Version|Filter|n-shot|   Metric   |   |Value|   |Stderr|
|-------------|------:|------|-----:|------------|---|----:|---|-----:|
|sudoku4_4shot|      2|none  |     4|exact_match |↑  | 0.28|±  |0.0451|
|             |       |none  |     4|valid_sudoku|↑  | 0.28|±  |0.0451|


/home/alimaskina/miniconda3/lib/python3.13/site-packages/requests/__init__.py:113: RequestsDependencyWarning: urllib3 (2.5.0) or chardet (6.0.0.post1)/charset_normalizer (3.3.2) doesn't match a supported version!
  warnings.warn(
/home/alimaskina/miniconda3/lib/python3.13/site-packages/requests/__init__.py:113: RequestsDependencyWarning: urllib3 (2.5.0) or chardet (6.0.0.post1)/charset_normalizer (3.3.2) doesn't match a supported version!
  warnings.warn(
/home/alimaskina/miniconda3/lib/python3.13/site-packages/requests/__init__.py:113: RequestsDependencyWarning: urllib3 (2.5.0) or chardet (6.0.0.post1)/charset_normalizer (3.3.2) doesn't match a supported version!
  warnings.warn(
The following values were not passed to `accelerate launch` and had defaults used instead:
	`--num_machines` was set to a value of `1`
	`--mixed_precision` was set to a value of `'no'`
	`--dynamo_backend` was set to a value of `'no'`
To avoid this warning pass in values for each of the problematic parameters or run `accelerate config`.
2026-07-12:17:47:08,494 INFO     [lm_eval.__main__:307] Including path: /home/alimaskina/dllm/quant_where_to_unmask/tasks
2026-07-12:17:47:08,794 INFO     [lm_eval.__main__:307] Including path: /home/alimaskina/dllm/quant_where_to_unmask/tasks
2026-07-12:17:47:21,271 WARNING  [lm_eval.__main__:316]  --limit SHOULD ONLY BE USED FOR TESTING.REAL METRICS SHOULD NOT BE COMPUTED USING LIMIT.
2026-07-12:17:47:21,273 INFO     [lm_eval.__main__:379] Selected Tasks: ['sudoku4_4shot']
2026-07-12:17:47:21,274 INFO     [lm_eval.evaluator:169] Setting random seed to 0 | Setting numpy seed to 1234 | Setting torch manual seed to 1234 | Setting fewshot manual seed to 1234
2026-07-12:17:47:21,274 INFO     [lm_eval.evaluator:206] Initializing llada_dist model, with arguments: {'model_path': 'GSAI-ML/LLaDA-8B-Base', 'quant': 'fp16', 'gen_length': 24, 'steps': 24, 'block_length': 24, 'remasking': 'low_confidence', 'checkpoint_dir': 'checkpoints/results_sudoku_fp16_4x4_4shot_n256_2gpu', 'gen_batch_size': 1}
2026-07-12:17:47:21,554 WARNING  [lm_eval.__main__:316]  --limit SHOULD ONLY BE USED FOR TESTING.REAL METRICS SHOULD NOT BE COMPUTED USING LIMIT.
2026-07-12:17:47:21,555 INFO     [lm_eval.__main__:379] Selected Tasks: ['sudoku4_4shot']
2026-07-12:17:47:21,556 INFO     [lm_eval.evaluator:169] Setting random seed to 0 | Setting numpy seed to 1234 | Setting torch manual seed to 1234 | Setting fewshot manual seed to 1234
2026-07-12:17:47:21,556 INFO     [lm_eval.evaluator:206] Initializing llada_dist model, with arguments: {'model_path': 'GSAI-ML/LLaDA-8B-Base', 'quant': 'fp16', 'gen_length': 24, 'steps': 24, 'block_length': 24, 'remasking': 'low_confidence', 'checkpoint_dir': 'checkpoints/results_sudoku_fp16_4x4_4shot_n256_2gpu', 'gen_batch_size': 1}
2026-07-12:17:47:21,767 WARNING  [accelerate.utils.other:349] Detected kernel version 5.4.210, which is below the recommended minimum of 5.5.0; this can cause the process to hang. It is recommended to upgrade the kernel to the minimum version or higher.

Loading checkpoint shards:   0%|          | 0/6 [00:00<?, ?it/s]
Loading checkpoint shards:   0%|          | 0/6 [00:00<?, ?it/s]
Loading checkpoint shards:  17%|█▋        | 1/6 [00:02<00:11,  2.35s/it]
Loading checkpoint shards:  17%|█▋        | 1/6 [00:02<00:10,  2.12s/it]
Loading checkpoint shards:  33%|███▎      | 2/6 [00:04<00:09,  2.48s/it]
Loading checkpoint shards:  33%|███▎      | 2/6 [00:04<00:09,  2.44s/it]
Loading checkpoint shards:  50%|█████     | 3/6 [00:07<00:07,  2.58s/it]
Loading checkpoint shards:  50%|█████     | 3/6 [00:07<00:07,  2.61s/it]
Loading checkpoint shards:  67%|██████▋   | 4/6 [00:10<00:05,  2.62s/it]
Loading checkpoint shards:  67%|██████▋   | 4/6 [00:10<00:05,  2.69s/it]
Loading checkpoint shards:  83%|████████▎ | 5/6 [00:13<00:02,  2.66s/it]
Loading checkpoint shards:  83%|████████▎ | 5/6 [00:13<00:02,  2.71s/it]
Loading checkpoint shards: 100%|██████████| 6/6 [00:15<00:00,  2.43s/it]
Loading checkpoint shards: 100%|██████████| 6/6 [00:15<00:00,  2.50s/it]

Loading checkpoint shards: 100%|██████████| 6/6 [00:15<00:00,  2.47s/it]
Loading checkpoint shards: 100%|██████████| 6/6 [00:15<00:00,  2.53s/it]
2026-07-12:17:47:41,220 INFO     [lm_eval.api.task:420] Building contexts for sudoku4_4shot on rank 0...

  0%|          | 0/50 [00:00<?, ?it/s]2026-07-12:17:47:41,332 INFO     [lm_eval.api.task:420] Building contexts for sudoku4_4shot on rank 1...

 64%|██████▍   | 32/50 [00:00<00:00, 313.13it/s]
  0%|          | 0/50 [00:00<?, ?it/s]
100%|██████████| 50/50 [00:00<00:00, 316.92it/s]

 64%|██████▍   | 32/50 [00:00<00:00, 319.71it/s]
100%|██████████| 50/50 [00:00<00:00, 321.95it/s]
2026-07-12:17:47:41,499 INFO     [lm_eval.evaluator:517] Running generate_until requests
2026-07-12:17:47:41,499 INFO     [lm_eval.evaluator:517] Running generate_until requests
Parameter 'function'=<function LLaDAEvalHarness.generate_until.<locals>._tokenize at 0x7f68dae66050> of the transform datasets.arrow_dataset.Dataset._map_single couldn't be hashed properly, a random hash was used instead. Make sure your transforms and parameters are serializable with pickle or dill for the dataset fingerprinting and caching to work. If you reuse this transform, the caching mechanism will consider it to be different from the previous calls and recompute everything. This warning is only shown once. Subsequent hashing failures won't be shown.
2026-07-12:17:47:41,528 WARNING  [datasets.fingerprint:284] Parameter 'function'=<function LLaDAEvalHarness.generate_until.<locals>._tokenize at 0x7f68dae66050> of the transform datasets.arrow_dataset.Dataset._map_single couldn't be hashed properly, a random hash was used instead. Make sure your transforms and parameters are serializable with pickle or dill for the dataset fingerprinting and caching to work. If you reuse this transform, the caching mechanism will consider it to be different from the previous calls and recompute everything. This warning is only shown once. Subsequent hashing failures won't be shown.

Map:   0%|          | 0/50 [00:00<?, ? examples/s]Parameter 'function'=<function LLaDAEvalHarness.generate_until.<locals>._tokenize at 0x7f96f4e96050> of the transform datasets.arrow_dataset.Dataset._map_single couldn't be hashed properly, a random hash was used instead. Make sure your transforms and parameters are serializable with pickle or dill for the dataset fingerprinting and caching to work. If you reuse this transform, the caching mechanism will consider it to be different from the previous calls and recompute everything. This warning is only shown once. Subsequent hashing failures won't be shown.
2026-07-12:17:47:41,529 WARNING  [datasets.fingerprint:284] Parameter 'function'=<function LLaDAEvalHarness.generate_until.<locals>._tokenize at 0x7f96f4e96050> of the transform datasets.arrow_dataset.Dataset._map_single couldn't be hashed properly, a random hash was used instead. Make sure your transforms and parameters are serializable with pickle or dill for the dataset fingerprinting and caching to work. If you reuse this transform, the caching mechanism will consider it to be different from the previous calls and recompute everything. This warning is only shown once. Subsequent hashing failures won't be shown.

Map:   0%|          | 0/50 [00:00<?, ? examples/s]
Map: 100%|██████████| 50/50 [00:00<00:00, 1748.09 examples/s]

Generating (fp16) rank=1:   0%|          | 0/50 [00:00<?, ?it/s]
Map: 100%|██████████| 50/50 [00:00<00:00, 1654.22 examples/s]

Generating (fp16) rank=0:   0%|          | 0/50 [00:00<?, ?it/s]
Generating (fp16) rank=1:   2%|▏         | 1/50 [00:01<01:05,  1.34s/it]
Generating (fp16) rank=0:   2%|▏         | 1/50 [00:01<01:16,  1.56s/it]
Generating (fp16) rank=1:   4%|▍         | 2/50 [00:02<00:53,  1.12s/it]
Generating (fp16) rank=0:   4%|▍         | 2/50 [00:02<00:59,  1.24s/it]
Generating (fp16) rank=1:   6%|▌         | 3/50 [00:03<00:49,  1.05s/it]
Generating (fp16) rank=0:   6%|▌         | 3/50 [00:03<00:53,  1.14s/it]
Generating (fp16) rank=1:   8%|▊         | 4/50 [00:04<00:46,  1.02s/it]
Generating (fp16) rank=0:   8%|▊         | 4/50 [00:04<00:50,  1.09s/it]
Generating (fp16) rank=1:  10%|█         | 5/50 [00:05<00:45,  1.00s/it]
Generating (fp16) rank=0:  10%|█         | 5/50 [00:05<00:48,  1.07s/it]
Generating (fp16) rank=1:  12%|█▏        | 6/50 [00:06<00:43,  1.01it/s]
Generating (fp16) rank=0:  12%|█▏        | 6/50 [00:06<00:46,  1.06s/it]
Generating (fp16) rank=1:  14%|█▍        | 7/50 [00:07<00:42,  1.02it/s]
Generating (fp16) rank=0:  14%|█▍        | 7/50 [00:07<00:45,  1.05s/it]
Generating (fp16) rank=1:  16%|█▌        | 8/50 [00:08<00:41,  1.02it/s]
Generating (fp16) rank=0:  16%|█▌        | 8/50 [00:08<00:43,  1.04s/it]
Generating (fp16) rank=1:  18%|█▊        | 9/50 [00:09<00:40,  1.02it/s]
Generating (fp16) rank=0:  18%|█▊        | 9/50 [00:09<00:42,  1.04s/it]
Generating (fp16) rank=1:  20%|██        | 10/50 [00:10<00:38,  1.03it/s]
Generating (fp16) rank=0:  20%|██        | 10/50 [00:10<00:41,  1.04s/it]
Generating (fp16) rank=1:  22%|██▏       | 11/50 [00:11<00:37,  1.03it/s]
Generating (fp16) rank=0:  22%|██▏       | 11/50 [00:11<00:40,  1.03s/it]
Generating (fp16) rank=1:  24%|██▍       | 12/50 [00:12<00:36,  1.03it/s]
Generating (fp16) rank=0:  24%|██▍       | 12/50 [00:12<00:39,  1.03s/it]
Generating (fp16) rank=1:  26%|██▌       | 13/50 [00:12<00:35,  1.03it/s]
Generating (fp16) rank=0:  26%|██▌       | 13/50 [00:13<00:38,  1.03s/it]
Generating (fp16) rank=1:  28%|██▊       | 14/50 [00:13<00:34,  1.03it/s]
Generating (fp16) rank=0:  28%|██▊       | 14/50 [00:14<00:36,  1.03s/it]
Generating (fp16) rank=1:  30%|███       | 15/50 [00:14<00:34,  1.03it/s]
Generating (fp16) rank=1:  32%|███▏      | 16/50 [00:15<00:33,  1.03it/s]
Generating (fp16) rank=0:  30%|███       | 15/50 [00:15<00:35,  1.03s/it]
Generating (fp16) rank=1:  34%|███▍      | 17/50 [00:16<00:32,  1.03it/s]
Generating (fp16) rank=0:  32%|███▏      | 16/50 [00:16<00:34,  1.03s/it]
Generating (fp16) rank=1:  36%|███▌      | 18/50 [00:17<00:31,  1.03it/s]
Generating (fp16) rank=0:  34%|███▍      | 17/50 [00:17<00:33,  1.03s/it]
Generating (fp16) rank=1:  38%|███▊      | 19/50 [00:18<00:30,  1.03it/s]
Generating (fp16) rank=0:  36%|███▌      | 18/50 [00:19<00:32,  1.03s/it]
Generating (fp16) rank=1:  40%|████      | 20/50 [00:19<00:29,  1.02it/s]
Generating (fp16) rank=0:  38%|███▊      | 19/50 [00:20<00:31,  1.03s/it]
Generating (fp16) rank=1:  42%|████▏     | 21/50 [00:20<00:28,  1.03it/s]
Generating (fp16) rank=0:  40%|████      | 20/50 [00:21<00:30,  1.03s/it]
Generating (fp16) rank=1:  44%|████▍     | 22/50 [00:21<00:27,  1.03it/s]
Generating (fp16) rank=0:  42%|████▏     | 21/50 [00:22<00:29,  1.03s/it]
Generating (fp16) rank=1:  46%|████▌     | 23/50 [00:22<00:26,  1.03it/s]
Generating (fp16) rank=0:  44%|████▍     | 22/50 [00:23<00:28,  1.03s/it]
Generating (fp16) rank=1:  48%|████▊     | 24/50 [00:23<00:25,  1.02it/s]
Generating (fp16) rank=0:  46%|████▌     | 23/50 [00:24<00:27,  1.03s/it]
Generating (fp16) rank=1:  50%|█████     | 25/50 [00:24<00:24,  1.02it/s]
Generating (fp16) rank=0:  48%|████▊     | 24/50 [00:25<00:26,  1.03s/it]
Generating (fp16) rank=1:  52%|█████▏    | 26/50 [00:25<00:23,  1.02it/s]
Generating (fp16) rank=0:  50%|█████     | 25/50 [00:26<00:25,  1.02s/it]
Generating (fp16) rank=1:  54%|█████▍    | 27/50 [00:26<00:22,  1.02it/s]
Generating (fp16) rank=0:  52%|█████▏    | 26/50 [00:27<00:24,  1.02s/it]
Generating (fp16) rank=1:  56%|█████▌    | 28/50 [00:27<00:21,  1.03it/s]
Generating (fp16) rank=0:  54%|█████▍    | 27/50 [00:28<00:23,  1.02s/it]
Generating (fp16) rank=1:  58%|█████▊    | 29/50 [00:28<00:20,  1.02it/s]
Generating (fp16) rank=0:  56%|█████▌    | 28/50 [00:29<00:22,  1.01s/it]
Generating (fp16) rank=1:  60%|██████    | 30/50 [00:29<00:19,  1.02it/s]
Generating (fp16) rank=0:  58%|█████▊    | 29/50 [00:30<00:21,  1.01s/it]
Generating (fp16) rank=1:  62%|██████▏   | 31/50 [00:30<00:18,  1.02it/s]
Generating (fp16) rank=0:  60%|██████    | 30/50 [00:31<00:20,  1.01s/it]
Generating (fp16) rank=1:  64%|██████▍   | 32/50 [00:31<00:17,  1.02it/s]
Generating (fp16) rank=0:  62%|██████▏   | 31/50 [00:32<00:19,  1.01s/it]
Generating (fp16) rank=1:  66%|██████▌   | 33/50 [00:32<00:16,  1.02it/s]
Generating (fp16) rank=0:  64%|██████▍   | 32/50 [00:33<00:18,  1.01s/it]
Generating (fp16) rank=1:  68%|██████▊   | 34/50 [00:33<00:15,  1.02it/s]
Generating (fp16) rank=0:  66%|██████▌   | 33/50 [00:34<00:17,  1.01s/it]
Generating (fp16) rank=1:  70%|███████   | 35/50 [00:34<00:14,  1.02it/s]
Generating (fp16) rank=0:  68%|██████▊   | 34/50 [00:35<00:16,  1.01s/it]
Generating (fp16) rank=1:  72%|███████▏  | 36/50 [00:35<00:13,  1.02it/s]
Generating (fp16) rank=0:  70%|███████   | 35/50 [00:36<00:15,  1.01s/it]
Generating (fp16) rank=1:  74%|███████▍  | 37/50 [00:36<00:12,  1.02it/s]
Generating (fp16) rank=0:  72%|███████▏  | 36/50 [00:37<00:14,  1.01s/it]
Generating (fp16) rank=1:  76%|███████▌  | 38/50 [00:37<00:11,  1.02it/s]
Generating (fp16) rank=0:  74%|███████▍  | 37/50 [00:38<00:13,  1.01s/it]
Generating (fp16) rank=1:  78%|███████▊  | 39/50 [00:38<00:10,  1.02it/s]
Generating (fp16) rank=0:  76%|███████▌  | 38/50 [00:39<00:12,  1.01s/it]
Generating (fp16) rank=1:  80%|████████  | 40/50 [00:39<00:09,  1.02it/s]
Generating (fp16) rank=0:  78%|███████▊  | 39/50 [00:40<00:11,  1.01s/it]
Generating (fp16) rank=1:  82%|████████▏ | 41/50 [00:40<00:08,  1.02it/s]
Generating (fp16) rank=1:  84%|████████▍ | 42/50 [00:41<00:07,  1.02it/s]
Generating (fp16) rank=0:  80%|████████  | 40/50 [00:41<00:10,  1.01s/it]
Generating (fp16) rank=1:  86%|████████▌ | 43/50 [00:42<00:06,  1.02it/s]
Generating (fp16) rank=0:  82%|████████▏ | 41/50 [00:42<00:09,  1.01s/it]
Generating (fp16) rank=1:  88%|████████▊ | 44/50 [00:43<00:05,  1.02it/s]
Generating (fp16) rank=0:  84%|████████▍ | 42/50 [00:43<00:08,  1.01s/it]
Generating (fp16) rank=1:  90%|█████████ | 45/50 [00:44<00:04,  1.02it/s]
Generating (fp16) rank=0:  86%|████████▌ | 43/50 [00:44<00:07,  1.01s/it]
Generating (fp16) rank=1:  92%|█████████▏| 46/50 [00:45<00:03,  1.02it/s]
Generating (fp16) rank=0:  88%|████████▊ | 44/50 [00:45<00:06,  1.01s/it]
Generating (fp16) rank=1:  94%|█████████▍| 47/50 [00:46<00:02,  1.02it/s]
Generating (fp16) rank=0:  90%|█████████ | 45/50 [00:46<00:05,  1.01s/it]
Generating (fp16) rank=1:  96%|█████████▌| 48/50 [00:47<00:01,  1.02it/s]
Generating (fp16) rank=0:  92%|█████████▏| 46/50 [00:47<00:04,  1.01s/it]
Generating (fp16) rank=1:  98%|█████████▊| 49/50 [00:48<00:00,  1.02it/s]
Generating (fp16) rank=0:  94%|█████████▍| 47/50 [00:48<00:03,  1.01s/it]
Generating (fp16) rank=1: 100%|██████████| 50/50 [00:49<00:00,  1.02it/s]
Generating (fp16) rank=1: 100%|██████████| 50/50 [00:49<00:00,  1.02it/s]

Generating (fp16) rank=0:  96%|█████████▌| 48/50 [00:49<00:02,  1.01s/it]
Generating (fp16) rank=0:  98%|█████████▊| 49/50 [00:50<00:01,  1.01s/it]
Generating (fp16) rank=0: 100%|██████████| 50/50 [00:51<00:00,  1.01s/it]
Generating (fp16) rank=0: 100%|██████████| 50/50 [00:51<00:00,  1.03s/it]
fatal: not a git repository (or any of the parent directories): .git
2026-07-12:17:48:39,177 INFO     [lm_eval.loggers.evaluation_tracker:209] Saving results aggregated
2026-07-12:17:48:39,179 INFO     [lm_eval.loggers.evaluation_tracker:290] Saving per-sample results for: sudoku4_4shot

