/home/alimaskina/miniconda3/lib/python3.13/site-packages/requests/__init__.py:113: RequestsDependencyWarning: urllib3 (2.5.0) or chardet (6.0.0.post1)/charset_normalizer (3.3.2) doesn't match a supported version!
  warnings.warn(
llada_dist (model_path=GSAI-ML/LLaDA-8B-Base,quant=fp16,gen_length=24,steps=24,block_length=24,remasking=low_confidence,checkpoint_dir=checkpoints/results_sudoku_fp16_4x4_8shot_n256_2gpu,gen_batch_size=1), gen_kwargs: (None), limit: 256.0, num_fewshot: None, batch_size: 1
|    Tasks    |Version|Filter|n-shot|   Metric   |   |Value|   |Stderr|
|-------------|------:|------|-----:|------------|---|----:|---|-----:|
|sudoku4_8shot|      3|none  |     8|exact_match |↑  | 0.44|±  |0.0499|
|             |       |none  |     8|valid_sudoku|↑  | 0.44|±  |0.0499|


/home/alimaskina/miniconda3/lib/python3.13/site-packages/requests/__init__.py:113: RequestsDependencyWarning: urllib3 (2.5.0) or chardet (6.0.0.post1)/charset_normalizer (3.3.2) doesn't match a supported version!
  warnings.warn(
/home/alimaskina/miniconda3/lib/python3.13/site-packages/requests/__init__.py:113: RequestsDependencyWarning: urllib3 (2.5.0) or chardet (6.0.0.post1)/charset_normalizer (3.3.2) doesn't match a supported version!
  warnings.warn(
/home/alimaskina/miniconda3/lib/python3.13/site-packages/requests/__init__.py:113: RequestsDependencyWarning: urllib3 (2.5.0) or chardet (6.0.0.post1)/charset_normalizer (3.3.2) doesn't match a supported version!
  warnings.warn(
The following values were not passed to `accelerate launch` and had defaults used instead:
	`--num_machines` was set to a value of `1`
	`--mixed_precision` was set to a value of `'no'`
	`--dynamo_backend` was set to a value of `'no'`
To avoid this warning pass in values for each of the problematic parameters or run `accelerate config`.
2026-07-12:17:03:38,273 INFO     [lm_eval.__main__:307] Including path: /home/alimaskina/dllm/quant_where_to_unmask/tasks
2026-07-12:17:03:38,444 INFO     [lm_eval.__main__:307] Including path: /home/alimaskina/dllm/quant_where_to_unmask/tasks
2026-07-12:17:03:50,871 WARNING  [lm_eval.__main__:316]  --limit SHOULD ONLY BE USED FOR TESTING.REAL METRICS SHOULD NOT BE COMPUTED USING LIMIT.
2026-07-12:17:03:50,872 INFO     [lm_eval.__main__:379] Selected Tasks: ['sudoku4_8shot']
2026-07-12:17:03:50,873 INFO     [lm_eval.evaluator:169] Setting random seed to 0 | Setting numpy seed to 1234 | Setting torch manual seed to 1234 | Setting fewshot manual seed to 1234
2026-07-12:17:03:50,873 INFO     [lm_eval.evaluator:206] Initializing llada_dist model, with arguments: {'model_path': 'GSAI-ML/LLaDA-8B-Base', 'quant': 'fp16', 'gen_length': 24, 'steps': 24, 'block_length': 24, 'remasking': 'low_confidence', 'checkpoint_dir': 'checkpoints/results_sudoku_fp16_4x4_8shot_n256_2gpu', 'gen_batch_size': 1}
2026-07-12:17:03:51,264 WARNING  [lm_eval.__main__:316]  --limit SHOULD ONLY BE USED FOR TESTING.REAL METRICS SHOULD NOT BE COMPUTED USING LIMIT.
2026-07-12:17:03:51,266 INFO     [lm_eval.__main__:379] Selected Tasks: ['sudoku4_8shot']
2026-07-12:17:03:51,267 INFO     [lm_eval.evaluator:169] Setting random seed to 0 | Setting numpy seed to 1234 | Setting torch manual seed to 1234 | Setting fewshot manual seed to 1234
2026-07-12:17:03:51,267 INFO     [lm_eval.evaluator:206] Initializing llada_dist model, with arguments: {'model_path': 'GSAI-ML/LLaDA-8B-Base', 'quant': 'fp16', 'gen_length': 24, 'steps': 24, 'block_length': 24, 'remasking': 'low_confidence', 'checkpoint_dir': 'checkpoints/results_sudoku_fp16_4x4_8shot_n256_2gpu', 'gen_batch_size': 1}
2026-07-12:17:03:52,072 WARNING  [accelerate.utils.other:349] Detected kernel version 5.4.210, which is below the recommended minimum of 5.5.0; this can cause the process to hang. It is recommended to upgrade the kernel to the minimum version or higher.

Loading checkpoint shards:   0%|          | 0/6 [00:00<?, ?it/s]
Loading checkpoint shards:   0%|          | 0/6 [00:00<?, ?it/s]
Loading checkpoint shards:  17%|█▋        | 1/6 [00:02<00:10,  2.12s/it]
Loading checkpoint shards:  17%|█▋        | 1/6 [00:02<00:11,  2.22s/it]
Loading checkpoint shards:  33%|███▎      | 2/6 [00:04<00:09,  2.43s/it]
Loading checkpoint shards:  33%|███▎      | 2/6 [00:04<00:09,  2.47s/it]
Loading checkpoint shards:  50%|█████     | 3/6 [00:07<00:07,  2.53s/it]
Loading checkpoint shards:  50%|█████     | 3/6 [00:07<00:07,  2.62s/it]
Loading checkpoint shards:  67%|██████▋   | 4/6 [00:10<00:05,  2.58s/it]
Loading checkpoint shards:  67%|██████▋   | 4/6 [00:10<00:05,  2.69s/it]
Loading checkpoint shards:  83%|████████▎ | 5/6 [00:12<00:02,  2.62s/it]
Loading checkpoint shards:  83%|████████▎ | 5/6 [00:13<00:02,  2.74s/it]
Loading checkpoint shards: 100%|██████████| 6/6 [00:14<00:00,  2.41s/it]
Loading checkpoint shards: 100%|██████████| 6/6 [00:14<00:00,  2.46s/it]

Loading checkpoint shards: 100%|██████████| 6/6 [00:15<00:00,  2.50s/it]
Loading checkpoint shards: 100%|██████████| 6/6 [00:15<00:00,  2.56s/it]
2026-07-12:17:04:10,942 INFO     [lm_eval.api.task:420] Building contexts for sudoku4_8shot on rank 1...

  0%|          | 0/50 [00:00<?, ?it/s]2026-07-12:17:04:11,002 INFO     [lm_eval.api.task:420] Building contexts for sudoku4_8shot on rank 0...

  0%|          | 0/50 [00:00<?, ?it/s]
 36%|███▌      | 18/50 [00:00<00:00, 175.07it/s]
 36%|███▌      | 18/50 [00:00<00:00, 176.23it/s]
 72%|███████▏  | 36/50 [00:00<00:00, 175.67it/s]
 72%|███████▏  | 36/50 [00:00<00:00, 176.99it/s]
100%|██████████| 50/50 [00:00<00:00, 175.97it/s]

100%|██████████| 50/50 [00:00<00:00, 176.71it/s]
2026-07-12:17:04:11,298 INFO     [lm_eval.evaluator:517] Running generate_until requests
2026-07-12:17:04:11,298 INFO     [lm_eval.evaluator:517] Running generate_until requests
Parameter 'function'=<function LLaDAEvalHarness.generate_until.<locals>._tokenize at 0x7ff7f01e2170> of the transform datasets.arrow_dataset.Dataset._map_single couldn't be hashed properly, a random hash was used instead. Make sure your transforms and parameters are serializable with pickle or dill for the dataset fingerprinting and caching to work. If you reuse this transform, the caching mechanism will consider it to be different from the previous calls and recompute everything. This warning is only shown once. Subsequent hashing failures won't be shown.
2026-07-12:17:04:11,327 WARNING  [datasets.fingerprint:284] Parameter 'function'=<function LLaDAEvalHarness.generate_until.<locals>._tokenize at 0x7ff7f01e2170> of the transform datasets.arrow_dataset.Dataset._map_single couldn't be hashed properly, a random hash was used instead. Make sure your transforms and parameters are serializable with pickle or dill for the dataset fingerprinting and caching to work. If you reuse this transform, the caching mechanism will consider it to be different from the previous calls and recompute everything. This warning is only shown once. Subsequent hashing failures won't be shown.
Parameter 'function'=<function LLaDAEvalHarness.generate_until.<locals>._tokenize at 0x7f16af01e170> of the transform datasets.arrow_dataset.Dataset._map_single couldn't be hashed properly, a random hash was used instead. Make sure your transforms and parameters are serializable with pickle or dill for the dataset fingerprinting and caching to work. If you reuse this transform, the caching mechanism will consider it to be different from the previous calls and recompute everything. This warning is only shown once. Subsequent hashing failures won't be shown.
2026-07-12:17:04:11,328 WARNING  [datasets.fingerprint:284] Parameter 'function'=<function LLaDAEvalHarness.generate_until.<locals>._tokenize at 0x7f16af01e170> of the transform datasets.arrow_dataset.Dataset._map_single couldn't be hashed properly, a random hash was used instead. Make sure your transforms and parameters are serializable with pickle or dill for the dataset fingerprinting and caching to work. If you reuse this transform, the caching mechanism will consider it to be different from the previous calls and recompute everything. This warning is only shown once. Subsequent hashing failures won't be shown.

Map:   0%|          | 0/50 [00:00<?, ? examples/s]
Map:   0%|          | 0/50 [00:00<?, ? examples/s]
Map: 100%|██████████| 50/50 [00:00<00:00, 1265.36 examples/s]

Map: 100%|██████████| 50/50 [00:00<00:00, 1244.50 examples/s]

Generating (fp16) rank=1:   0%|          | 0/50 [00:00<?, ?it/s]
Generating (fp16) rank=0:   0%|          | 0/50 [00:00<?, ?it/s]
Generating (fp16) rank=0:   2%|▏         | 1/50 [00:01<01:32,  1.88s/it]
Generating (fp16) rank=1:   2%|▏         | 1/50 [00:01<01:35,  1.94s/it]
Generating (fp16) rank=0:   4%|▍         | 2/50 [00:03<01:19,  1.66s/it]
Generating (fp16) rank=1:   4%|▍         | 2/50 [00:03<01:20,  1.68s/it]
Generating (fp16) rank=0:   6%|▌         | 3/50 [00:04<01:14,  1.59s/it]
Generating (fp16) rank=1:   6%|▌         | 3/50 [00:04<01:15,  1.60s/it]
Generating (fp16) rank=0:   8%|▊         | 4/50 [00:06<01:11,  1.55s/it]
Generating (fp16) rank=1:   8%|▊         | 4/50 [00:06<01:11,  1.56s/it]
Generating (fp16) rank=0:  10%|█         | 5/50 [00:07<01:09,  1.54s/it]
Generating (fp16) rank=1:  10%|█         | 5/50 [00:07<01:09,  1.54s/it]
Generating (fp16) rank=0:  12%|█▏        | 6/50 [00:09<01:07,  1.53s/it]
Generating (fp16) rank=1:  12%|█▏        | 6/50 [00:09<01:07,  1.53s/it]
Generating (fp16) rank=0:  14%|█▍        | 7/50 [00:10<01:05,  1.52s/it]
Generating (fp16) rank=1:  14%|█▍        | 7/50 [00:10<01:05,  1.52s/it]
Generating (fp16) rank=0:  16%|█▌        | 8/50 [00:12<01:03,  1.52s/it]
Generating (fp16) rank=1:  16%|█▌        | 8/50 [00:12<01:03,  1.51s/it]
Generating (fp16) rank=0:  18%|█▊        | 9/50 [00:13<01:02,  1.52s/it]
Generating (fp16) rank=1:  18%|█▊        | 9/50 [00:13<01:01,  1.51s/it]
Generating (fp16) rank=0:  20%|██        | 10/50 [00:15<01:00,  1.51s/it]
Generating (fp16) rank=1:  20%|██        | 10/50 [00:15<01:00,  1.51s/it]
Generating (fp16) rank=0:  22%|██▏       | 11/50 [00:16<00:59,  1.51s/it]
Generating (fp16) rank=1:  22%|██▏       | 11/50 [00:16<00:58,  1.51s/it]
Generating (fp16) rank=0:  24%|██▍       | 12/50 [00:18<00:57,  1.51s/it]
Generating (fp16) rank=1:  24%|██▍       | 12/50 [00:18<00:57,  1.51s/it]
Generating (fp16) rank=1:  26%|██▌       | 13/50 [00:19<00:55,  1.51s/it]
Generating (fp16) rank=0:  26%|██▌       | 13/50 [00:19<00:55,  1.51s/it]
Generating (fp16) rank=1:  28%|██▊       | 14/50 [00:21<00:54,  1.51s/it]
Generating (fp16) rank=0:  28%|██▊       | 14/50 [00:21<00:54,  1.51s/it]
Generating (fp16) rank=1:  30%|███       | 15/50 [00:23<00:52,  1.51s/it]
Generating (fp16) rank=0:  30%|███       | 15/50 [00:23<00:52,  1.51s/it]
Generating (fp16) rank=1:  32%|███▏      | 16/50 [00:24<00:51,  1.51s/it]
Generating (fp16) rank=0:  32%|███▏      | 16/50 [00:24<00:51,  1.51s/it]
Generating (fp16) rank=1:  34%|███▍      | 17/50 [00:26<00:49,  1.51s/it]
Generating (fp16) rank=0:  34%|███▍      | 17/50 [00:26<00:49,  1.51s/it]
Generating (fp16) rank=1:  36%|███▌      | 18/50 [00:27<00:48,  1.51s/it]
Generating (fp16) rank=0:  36%|███▌      | 18/50 [00:27<00:48,  1.51s/it]
Generating (fp16) rank=1:  38%|███▊      | 19/50 [00:29<00:46,  1.51s/it]
Generating (fp16) rank=0:  38%|███▊      | 19/50 [00:29<00:46,  1.52s/it]
Generating (fp16) rank=1:  40%|████      | 20/50 [00:30<00:45,  1.51s/it]
Generating (fp16) rank=0:  40%|████      | 20/50 [00:30<00:45,  1.52s/it]
Generating (fp16) rank=1:  42%|████▏     | 21/50 [00:32<00:43,  1.51s/it]
Generating (fp16) rank=0:  42%|████▏     | 21/50 [00:32<00:43,  1.51s/it]
Generating (fp16) rank=0:  44%|████▍     | 22/50 [00:33<00:42,  1.51s/it]
Generating (fp16) rank=1:  44%|████▍     | 22/50 [00:33<00:42,  1.51s/it]
Generating (fp16) rank=0:  46%|████▌     | 23/50 [00:35<00:40,  1.51s/it]
Generating (fp16) rank=1:  46%|████▌     | 23/50 [00:35<00:40,  1.52s/it]
Generating (fp16) rank=0:  48%|████▊     | 24/50 [00:36<00:39,  1.52s/it]
Generating (fp16) rank=1:  48%|████▊     | 24/50 [00:36<00:39,  1.52s/it]
Generating (fp16) rank=0:  50%|█████     | 25/50 [00:38<00:37,  1.52s/it]
Generating (fp16) rank=1:  50%|█████     | 25/50 [00:38<00:37,  1.52s/it]
Generating (fp16) rank=0:  52%|█████▏    | 26/50 [00:39<00:36,  1.52s/it]
Generating (fp16) rank=1:  52%|█████▏    | 26/50 [00:39<00:36,  1.52s/it]
Generating (fp16) rank=1:  54%|█████▍    | 27/50 [00:41<00:34,  1.52s/it]
Generating (fp16) rank=0:  54%|█████▍    | 27/50 [00:41<00:34,  1.52s/it]
Generating (fp16) rank=0:  56%|█████▌    | 28/50 [00:42<00:33,  1.52s/it]
Generating (fp16) rank=1:  56%|█████▌    | 28/50 [00:42<00:33,  1.52s/it]
Generating (fp16) rank=0:  58%|█████▊    | 29/50 [00:44<00:31,  1.52s/it]
Generating (fp16) rank=1:  58%|█████▊    | 29/50 [00:44<00:31,  1.52s/it]
Generating (fp16) rank=0:  60%|██████    | 30/50 [00:45<00:30,  1.52s/it]
Generating (fp16) rank=1:  60%|██████    | 30/50 [00:45<00:30,  1.52s/it]
Generating (fp16) rank=0:  62%|██████▏   | 31/50 [00:47<00:28,  1.52s/it]
Generating (fp16) rank=1:  62%|██████▏   | 31/50 [00:47<00:28,  1.52s/it]
Generating (fp16) rank=0:  64%|██████▍   | 32/50 [00:48<00:27,  1.52s/it]
Generating (fp16) rank=1:  64%|██████▍   | 32/50 [00:48<00:27,  1.52s/it]
Generating (fp16) rank=0:  66%|██████▌   | 33/50 [00:50<00:25,  1.52s/it]
Generating (fp16) rank=1:  66%|██████▌   | 33/50 [00:50<00:25,  1.52s/it]
Generating (fp16) rank=0:  68%|██████▊   | 34/50 [00:51<00:24,  1.52s/it]
Generating (fp16) rank=1:  68%|██████▊   | 34/50 [00:51<00:24,  1.52s/it]
Generating (fp16) rank=0:  70%|███████   | 35/50 [00:53<00:22,  1.52s/it]
Generating (fp16) rank=1:  70%|███████   | 35/50 [00:53<00:22,  1.52s/it]
Generating (fp16) rank=0:  72%|███████▏  | 36/50 [00:54<00:21,  1.52s/it]
Generating (fp16) rank=1:  72%|███████▏  | 36/50 [00:54<00:21,  1.52s/it]
Generating (fp16) rank=0:  74%|███████▍  | 37/50 [00:56<00:19,  1.52s/it]
Generating (fp16) rank=1:  74%|███████▍  | 37/50 [00:56<00:19,  1.52s/it]
Generating (fp16) rank=0:  76%|███████▌  | 38/50 [00:57<00:18,  1.52s/it]
Generating (fp16) rank=1:  76%|███████▌  | 38/50 [00:57<00:18,  1.52s/it]
Generating (fp16) rank=0:  78%|███████▊  | 39/50 [00:59<00:16,  1.52s/it]
Generating (fp16) rank=1:  78%|███████▊  | 39/50 [00:59<00:16,  1.52s/it]
Generating (fp16) rank=0:  80%|████████  | 40/50 [01:00<00:15,  1.52s/it]
Generating (fp16) rank=1:  80%|████████  | 40/50 [01:00<00:15,  1.52s/it]
Generating (fp16) rank=0:  82%|████████▏ | 41/50 [01:02<00:13,  1.52s/it]
Generating (fp16) rank=1:  82%|████████▏ | 41/50 [01:02<00:13,  1.52s/it]
Generating (fp16) rank=0:  84%|████████▍ | 42/50 [01:03<00:12,  1.52s/it]
Generating (fp16) rank=1:  84%|████████▍ | 42/50 [01:04<00:12,  1.52s/it]
Generating (fp16) rank=0:  86%|████████▌ | 43/50 [01:05<00:10,  1.52s/it]
Generating (fp16) rank=1:  86%|████████▌ | 43/50 [01:05<00:10,  1.52s/it]
Generating (fp16) rank=0:  88%|████████▊ | 44/50 [01:07<00:09,  1.52s/it]
Generating (fp16) rank=1:  88%|████████▊ | 44/50 [01:07<00:09,  1.52s/it]
Generating (fp16) rank=0:  90%|█████████ | 45/50 [01:08<00:07,  1.52s/it]
Generating (fp16) rank=1:  90%|█████████ | 45/50 [01:08<00:07,  1.52s/it]
Generating (fp16) rank=0:  92%|█████████▏| 46/50 [01:10<00:06,  1.52s/it]
Generating (fp16) rank=1:  92%|█████████▏| 46/50 [01:10<00:06,  1.52s/it]
Generating (fp16) rank=0:  94%|█████████▍| 47/50 [01:11<00:04,  1.52s/it]
Generating (fp16) rank=1:  94%|█████████▍| 47/50 [01:11<00:04,  1.52s/it]
Generating (fp16) rank=0:  96%|█████████▌| 48/50 [01:13<00:03,  1.52s/it]
Generating (fp16) rank=1:  96%|█████████▌| 48/50 [01:13<00:03,  1.52s/it]
Generating (fp16) rank=0:  98%|█████████▊| 49/50 [01:14<00:01,  1.52s/it]
Generating (fp16) rank=1:  98%|█████████▊| 49/50 [01:14<00:01,  1.52s/it]
Generating (fp16) rank=0: 100%|██████████| 50/50 [01:16<00:00,  1.52s/it]
Generating (fp16) rank=0: 100%|██████████| 50/50 [01:16<00:00,  1.52s/it]

Generating (fp16) rank=1: 100%|██████████| 50/50 [01:16<00:00,  1.52s/it]
Generating (fp16) rank=1: 100%|██████████| 50/50 [01:16<00:00,  1.52s/it]
fatal: not a git repository (or any of the parent directories): .git
2026-07-12:17:05:33,881 INFO     [lm_eval.loggers.evaluation_tracker:209] Saving results aggregated
2026-07-12:17:05:33,882 INFO     [lm_eval.loggers.evaluation_tracker:290] Saving per-sample results for: sudoku4_8shot

