/home/alimaskina/miniconda3/lib/python3.13/site-packages/requests/__init__.py:113: RequestsDependencyWarning: urllib3 (2.5.0) or chardet (6.0.0.post1)/charset_normalizer (3.3.2) doesn't match a supported version!
  warnings.warn(
Loading WikiText prompts: dataset=wikitext-103-raw-v1 split=validation n=32
Saved prompts → checkpoints/results_wikitext_fp16_smoke/prompts.json
Generating 32 samples with traces → checkpoints/results_wikitext_fp16_smoke
Done in 416s, avg generation len=774.7 chars
Summary → checkpoints/results_wikitext_fp16_smoke/summary.json

/home/alimaskina/miniconda3/lib/python3.13/site-packages/requests/__init__.py:113: RequestsDependencyWarning: urllib3 (2.5.0) or chardet (6.0.0.post1)/charset_normalizer (3.3.2) doesn't match a supported version!
  warnings.warn(
/home/alimaskina/miniconda3/lib/python3.13/site-packages/requests/__init__.py:113: RequestsDependencyWarning: urllib3 (2.5.0) or chardet (6.0.0.post1)/charset_normalizer (3.3.2) doesn't match a supported version!
  warnings.warn(
/home/alimaskina/miniconda3/lib/python3.13/site-packages/requests/__init__.py:113: RequestsDependencyWarning: urllib3 (2.5.0) or chardet (6.0.0.post1)/charset_normalizer (3.3.2) doesn't match a supported version!
  warnings.warn(
Detected kernel version 5.4.210, which is below the recommended minimum of 5.5.0; this can cause the process to hang. It is recommended to upgrade the kernel to the minimum version or higher.

Loading checkpoint shards:   0%|          | 0/6 [00:00<?, ?it/s]
Loading checkpoint shards:  17%|█▋        | 1/6 [00:00<00:04,  1.17it/s]
Loading checkpoint shards:  33%|███▎      | 2/6 [00:01<00:03,  1.30it/s]
Loading checkpoint shards:  50%|█████     | 3/6 [00:02<00:03,  1.07s/it]
Loading checkpoint shards:  67%|██████▋   | 4/6 [00:04<00:02,  1.21s/it]
Loading checkpoint shards:  83%|████████▎ | 5/6 [00:05<00:01,  1.08s/it]
Loading checkpoint shards: 100%|██████████| 6/6 [00:05<00:00,  1.05it/s]
Loading checkpoint shards: 100%|██████████| 6/6 [00:05<00:00,  1.01it/s]
Parameter 'function'=<function LLaDAEvalHarness.generate_until.<locals>._tokenize at 0x7f1f0b585bd0> of the transform datasets.arrow_dataset.Dataset._map_single couldn't be hashed properly, a random hash was used instead. Make sure your transforms and parameters are serializable with pickle or dill for the dataset fingerprinting and caching to work. If you reuse this transform, the caching mechanism will consider it to be different from the previous calls and recompute everything. This warning is only shown once. Subsequent hashing failures won't be shown.

Map:   0%|          | 0/32 [00:00<?, ? examples/s]
Map: 100%|██████████| 32/32 [00:00<00:00, 2140.36 examples/s]

Generating (fp16) rank=0:   0%|          | 0/32 [00:00<?, ?it/s]
Generating (fp16) rank=0:   3%|▎         | 1/32 [00:50<26:20, 50.99s/it]
Generating (fp16) rank=0:   6%|▋         | 2/32 [00:51<10:31, 21.06s/it]
Generating (fp16) rank=0:  16%|█▌        | 5/32 [01:41<08:07, 18.07s/it]
Generating (fp16) rank=0:  25%|██▌       | 8/32 [01:41<03:35,  8.96s/it]
Generating (fp16) rank=0:  25%|██▌       | 8/32 [01:59<03:35,  8.96s/it]
Generating (fp16) rank=0:  28%|██▊       | 9/32 [02:32<06:31, 17.01s/it]
Generating (fp16) rank=0:  41%|████      | 13/32 [03:23<04:39, 14.73s/it]
Generating (fp16) rank=0:  53%|█████▎    | 17/32 [04:13<03:27, 13.85s/it]
Generating (fp16) rank=0:  66%|██████▌   | 21/32 [05:04<02:27, 13.38s/it]
Generating (fp16) rank=0:  78%|███████▊  | 25/32 [05:54<01:31, 13.13s/it]
Generating (fp16) rank=0:  91%|█████████ | 29/32 [06:45<00:38, 12.97s/it]
Generating (fp16) rank=0: 100%|██████████| 32/32 [06:45<00:00, 12.68s/it]

