/home/alimaskina/miniconda3/lib/python3.13/site-packages/requests/__init__.py:113: RequestsDependencyWarning: urllib3 (2.5.0) or chardet (6.0.0.post1)/charset_normalizer (3.3.2) doesn't match a supported version!
  warnings.warn(
llada_dist (model_path=GSAI-ML/LLaDA-8B-Base,quant=int4,gen_length=24,steps=24,block_length=24,remasking=low_confidence,checkpoint_dir=checkpoints/results_sudoku_int4_large_4x4_2shot_2gpu,gen_batch_size=1), gen_kwargs: (None), limit: None, num_fewshot: None, batch_size: 1
|       Tasks       |Version|Filter|n-shot|   Metric   |   |Value |   |Stderr|
|-------------------|------:|------|-----:|------------|---|-----:|---|-----:|
|sudoku4_2shot_large|      1|none  |     2|exact_match |↑  |0.3778|±  |0.0162|
|                   |       |none  |     2|valid_sudoku|↑  |0.3778|±  |0.0162|


/home/alimaskina/miniconda3/lib/python3.13/site-packages/requests/__init__.py:113: RequestsDependencyWarning: urllib3 (2.5.0) or chardet (6.0.0.post1)/charset_normalizer (3.3.2) doesn't match a supported version!
  warnings.warn(
/home/alimaskina/miniconda3/lib/python3.13/site-packages/requests/__init__.py:113: RequestsDependencyWarning: urllib3 (2.5.0) or chardet (6.0.0.post1)/charset_normalizer (3.3.2) doesn't match a supported version!
  warnings.warn(
/home/alimaskina/miniconda3/lib/python3.13/site-packages/requests/__init__.py:113: RequestsDependencyWarning: urllib3 (2.5.0) or chardet (6.0.0.post1)/charset_normalizer (3.3.2) doesn't match a supported version!
  warnings.warn(
The following values were not passed to `accelerate launch` and had defaults used instead:
	`--num_machines` was set to a value of `1`
	`--mixed_precision` was set to a value of `'no'`
	`--dynamo_backend` was set to a value of `'no'`
To avoid this warning pass in values for each of the problematic parameters or run `accelerate config`.
2026-07-12:18:48:08,710 INFO     [lm_eval.__main__:307] Including path: /home/alimaskina/dllm/quant_where_to_unmask/tasks
2026-07-12:18:48:08,824 INFO     [lm_eval.__main__:307] Including path: /home/alimaskina/dllm/quant_where_to_unmask/tasks
2026-07-12:18:48:21,489 INFO     [lm_eval.__main__:379] Selected Tasks: ['sudoku4_2shot_large']
2026-07-12:18:48:21,490 INFO     [lm_eval.evaluator:169] Setting random seed to 0 | Setting numpy seed to 1234 | Setting torch manual seed to 1234 | Setting fewshot manual seed to 1234
2026-07-12:18:48:21,491 INFO     [lm_eval.evaluator:206] Initializing llada_dist model, with arguments: {'model_path': 'GSAI-ML/LLaDA-8B-Base', 'quant': 'int4', 'gen_length': 24, 'steps': 24, 'block_length': 24, 'remasking': 'low_confidence', 'checkpoint_dir': 'checkpoints/results_sudoku_int4_large_4x4_2shot_2gpu', 'gen_batch_size': 1}
2026-07-12:18:48:21,640 INFO     [lm_eval.__main__:379] Selected Tasks: ['sudoku4_2shot_large']
2026-07-12:18:48:21,641 INFO     [lm_eval.evaluator:169] Setting random seed to 0 | Setting numpy seed to 1234 | Setting torch manual seed to 1234 | Setting fewshot manual seed to 1234
2026-07-12:18:48:21,641 INFO     [lm_eval.evaluator:206] Initializing llada_dist model, with arguments: {'model_path': 'GSAI-ML/LLaDA-8B-Base', 'quant': 'int4', 'gen_length': 24, 'steps': 24, 'block_length': 24, 'remasking': 'low_confidence', 'checkpoint_dir': 'checkpoints/results_sudoku_int4_large_4x4_2shot_2gpu', 'gen_batch_size': 1}
2026-07-12:18:48:22,147 WARNING  [accelerate.utils.other:349] Detected kernel version 5.4.210, which is below the recommended minimum of 5.5.0; this can cause the process to hang. It is recommended to upgrade the kernel to the minimum version or higher.

Loading checkpoint shards:   0%|          | 0/6 [00:00<?, ?it/s]
Loading checkpoint shards:   0%|          | 0/6 [00:00<?, ?it/s]
Loading checkpoint shards:  17%|█▋        | 1/6 [00:02<00:10,  2.11s/it]
Loading checkpoint shards:  17%|█▋        | 1/6 [00:02<00:11,  2.23s/it]
Loading checkpoint shards:  33%|███▎      | 2/6 [00:04<00:09,  2.44s/it]
Loading checkpoint shards:  33%|███▎      | 2/6 [00:04<00:09,  2.41s/it]
Loading checkpoint shards:  50%|█████     | 3/6 [00:07<00:07,  2.57s/it]
Loading checkpoint shards:  50%|█████     | 3/6 [00:07<00:07,  2.51s/it]
Loading checkpoint shards:  67%|██████▋   | 4/6 [00:10<00:05,  2.61s/it]
Loading checkpoint shards:  67%|██████▋   | 4/6 [00:09<00:05,  2.53s/it]
Loading checkpoint shards:  83%|████████▎ | 5/6 [00:12<00:02,  2.56s/it]
Loading checkpoint shards:  83%|████████▎ | 5/6 [00:12<00:02,  2.65s/it]
Loading checkpoint shards: 100%|██████████| 6/6 [00:14<00:00,  2.34s/it]
Loading checkpoint shards: 100%|██████████| 6/6 [00:14<00:00,  2.41s/it]

Loading checkpoint shards: 100%|██████████| 6/6 [00:14<00:00,  2.42s/it]
Loading checkpoint shards: 100%|██████████| 6/6 [00:14<00:00,  2.48s/it]
2026-07-12:18:48:39,577 INFO     [lm_eval.api.task:420] Building contexts for sudoku4_2shot_large on rank 0...

  0%|          | 0/450 [00:00<?, ?it/s]
 12%|█▏        | 53/450 [00:00<00:00, 524.77it/s]
 24%|██▍       | 107/450 [00:00<00:00, 529.82it/s]2026-07-12:18:48:39,905 INFO     [lm_eval.api.task:420] Building contexts for sudoku4_2shot_large on rank 1...

 36%|███▌      | 161/450 [00:00<00:00, 531.41it/s]
  0%|          | 0/450 [00:00<?, ?it/s]
 48%|████▊     | 215/450 [00:00<00:00, 533.17it/s]
 12%|█▏        | 53/450 [00:00<00:00, 523.24it/s]
 60%|██████    | 270/450 [00:00<00:00, 536.57it/s]
 24%|██▍       | 107/450 [00:00<00:00, 532.83it/s]
 72%|███████▏  | 325/450 [00:00<00:00, 538.39it/s]
 36%|███▌      | 162/450 [00:00<00:00, 539.23it/s]
 84%|████████▍ | 380/450 [00:00<00:00, 539.76it/s]
 48%|████▊     | 218/450 [00:00<00:00, 544.11it/s]
 97%|█████████▋| 435/450 [00:00<00:00, 540.03it/s]
 61%|██████    | 274/450 [00:00<00:00, 547.67it/s]
100%|██████████| 450/450 [00:00<00:00, 536.90it/s]

 73%|███████▎  | 330/450 [00:00<00:00, 549.49it/s]
 86%|████████▌ | 386/450 [00:00<00:00, 551.07it/s]
 98%|█████████▊| 442/450 [00:00<00:00, 551.65it/s]
100%|██████████| 450/450 [00:00<00:00, 546.86it/s]
2026-07-12:18:48:41,364 INFO     [lm_eval.evaluator:517] Running generate_until requests
2026-07-12:18:48:41,365 INFO     [lm_eval.evaluator:517] Running generate_until requests
Parameter 'function'=<function LLaDAEvalHarness.generate_until.<locals>._tokenize at 0x7f81706f6d40> of the transform datasets.arrow_dataset.Dataset._map_single couldn't be hashed properly, a random hash was used instead. Make sure your transforms and parameters are serializable with pickle or dill for the dataset fingerprinting and caching to work. If you reuse this transform, the caching mechanism will consider it to be different from the previous calls and recompute everything. This warning is only shown once. Subsequent hashing failures won't be shown.
2026-07-12:18:48:41,396 WARNING  [datasets.fingerprint:284] Parameter 'function'=<function LLaDAEvalHarness.generate_until.<locals>._tokenize at 0x7f81706f6d40> of the transform datasets.arrow_dataset.Dataset._map_single couldn't be hashed properly, a random hash was used instead. Make sure your transforms and parameters are serializable with pickle or dill for the dataset fingerprinting and caching to work. If you reuse this transform, the caching mechanism will consider it to be different from the previous calls and recompute everything. This warning is only shown once. Subsequent hashing failures won't be shown.

Map:   0%|          | 0/450 [00:00<?, ? examples/s]Parameter 'function'=<function LLaDAEvalHarness.generate_until.<locals>._tokenize at 0x7f67d244ad40> of the transform datasets.arrow_dataset.Dataset._map_single couldn't be hashed properly, a random hash was used instead. Make sure your transforms and parameters are serializable with pickle or dill for the dataset fingerprinting and caching to work. If you reuse this transform, the caching mechanism will consider it to be different from the previous calls and recompute everything. This warning is only shown once. Subsequent hashing failures won't be shown.
2026-07-12:18:48:41,398 WARNING  [datasets.fingerprint:284] Parameter 'function'=<function LLaDAEvalHarness.generate_until.<locals>._tokenize at 0x7f67d244ad40> of the transform datasets.arrow_dataset.Dataset._map_single couldn't be hashed properly, a random hash was used instead. Make sure your transforms and parameters are serializable with pickle or dill for the dataset fingerprinting and caching to work. If you reuse this transform, the caching mechanism will consider it to be different from the previous calls and recompute everything. This warning is only shown once. Subsequent hashing failures won't be shown.

Map:   0%|          | 0/450 [00:00<?, ? examples/s]
Map:  62%|██████▏   | 277/450 [00:00<00:00, 2745.40 examples/s]
Map:  59%|█████▉    | 267/450 [00:00<00:00, 2645.50 examples/s]
Map: 100%|██████████| 450/450 [00:00<00:00, 2579.66 examples/s]

Generating (int4) rank=1:   0%|          | 0/450 [00:00<?, ?it/s]
Map: 100%|██████████| 450/450 [00:00<00:00, 2488.68 examples/s]

Generating (int4) rank=0:   0%|          | 0/450 [00:00<?, ?it/s]
Generating (int4) rank=0:   0%|          | 1/450 [00:03<22:38,  3.03s/it]
Generating (int4) rank=1:   0%|          | 1/450 [00:03<22:49,  3.05s/it]
Generating (int4) rank=0:   0%|          | 2/450 [00:05<20:44,  2.78s/it]
Generating (int4) rank=1:   0%|          | 2/450 [00:05<20:47,  2.78s/it]
Generating (int4) rank=0:   1%|          | 3/450 [00:08<20:02,  2.69s/it]
Generating (int4) rank=1:   1%|          | 3/450 [00:08<20:06,  2.70s/it]
Generating (int4) rank=0:   1%|          | 4/450 [00:10<19:41,  2.65s/it]
Generating (int4) rank=1:   1%|          | 4/450 [00:10<19:45,  2.66s/it]
Generating (int4) rank=0:   1%|          | 5/450 [00:13<19:27,  2.62s/it]
Generating (int4) rank=1:   1%|          | 5/450 [00:13<19:33,  2.64s/it]
Generating (int4) rank=0:   1%|▏         | 6/450 [00:15<19:18,  2.61s/it]
Generating (int4) rank=1:   1%|▏         | 6/450 [00:16<19:25,  2.62s/it]
Generating (int4) rank=0:   2%|▏         | 7/450 [00:18<19:12,  2.60s/it]
Generating (int4) rank=1:   2%|▏         | 7/450 [00:18<19:18,  2.62s/it]
Generating (int4) rank=0:   2%|▏         | 8/450 [00:21<19:08,  2.60s/it]
Generating (int4) rank=1:   2%|▏         | 8/450 [00:21<19:11,  2.61s/it]
Generating (int4) rank=0:   2%|▏         | 9/450 [00:23<19:02,  2.59s/it]
Generating (int4) rank=1:   2%|▏         | 9/450 [00:23<19:07,  2.60s/it]
Generating (int4) rank=0:   2%|▏         | 10/450 [00:26<18:57,  2.58s/it]
Generating (int4) rank=1:   2%|▏         | 10/450 [00:26<19:03,  2.60s/it]
Generating (int4) rank=0:   2%|▏         | 11/450 [00:28<18:54,  2.58s/it]
Generating (int4) rank=1:   2%|▏         | 11/450 [00:29<19:00,  2.60s/it]
Generating (int4) rank=0:   3%|▎         | 12/450 [00:31<18:51,  2.58s/it]
Generating (int4) rank=1:   3%|▎         | 12/450 [00:31<18:57,  2.60s/it]
Generating (int4) rank=0:   3%|▎         | 13/450 [00:34<18:48,  2.58s/it]
Generating (int4) rank=1:   3%|▎         | 13/450 [00:34<18:53,  2.59s/it]
Generating (int4) rank=0:   3%|▎         | 14/450 [00:36<18:45,  2.58s/it]
Generating (int4) rank=1:   3%|▎         | 14/450 [00:36<18:51,  2.59s/it]
Generating (int4) rank=0:   3%|▎         | 15/450 [00:39<18:42,  2.58s/it]
Generating (int4) rank=1:   3%|▎         | 15/450 [00:39<18:49,  2.60s/it]
Generating (int4) rank=0:   4%|▎         | 16/450 [00:41<18:39,  2.58s/it]
Generating (int4) rank=1:   4%|▎         | 16/450 [00:41<18:46,  2.60s/it]
Generating (int4) rank=0:   4%|▍         | 17/450 [00:44<18:36,  2.58s/it]
Generating (int4) rank=1:   4%|▍         | 17/450 [00:44<18:43,  2.59s/it]
Generating (int4) rank=0:   4%|▍         | 18/450 [00:46<18:33,  2.58s/it]
Generating (int4) rank=1:   4%|▍         | 18/450 [00:47<18:41,  2.60s/it]
Generating (int4) rank=0:   4%|▍         | 19/450 [00:49<18:30,  2.58s/it]
Generating (int4) rank=1:   4%|▍         | 19/450 [00:49<18:38,  2.60s/it]
Generating (int4) rank=0:   4%|▍         | 20/450 [00:52<18:28,  2.58s/it]
Generating (int4) rank=1:   4%|▍         | 20/450 [00:52<18:35,  2.59s/it]
Generating (int4) rank=0:   5%|▍         | 21/450 [00:54<18:25,  2.58s/it]
Generating (int4) rank=1:   5%|▍         | 21/450 [00:54<18:32,  2.59s/it]
Generating (int4) rank=0:   5%|▍         | 22/450 [00:57<18:23,  2.58s/it]
Generating (int4) rank=1:   5%|▍         | 22/450 [00:57<18:29,  2.59s/it]
Generating (int4) rank=0:   5%|▌         | 23/450 [00:59<18:21,  2.58s/it]
Generating (int4) rank=1:   5%|▌         | 23/450 [01:00<18:28,  2.60s/it]
Generating (int4) rank=0:   5%|▌         | 24/450 [01:02<18:18,  2.58s/it]
Generating (int4) rank=1:   5%|▌         | 24/450 [01:02<18:25,  2.59s/it]
Generating (int4) rank=0:   6%|▌         | 25/450 [01:04<18:16,  2.58s/it]
Generating (int4) rank=1:   6%|▌         | 25/450 [01:05<18:22,  2.59s/it]
Generating (int4) rank=0:   6%|▌         | 26/450 [01:07<18:14,  2.58s/it]
Generating (int4) rank=1:   6%|▌         | 26/450 [01:07<18:19,  2.59s/it]
Generating (int4) rank=0:   6%|▌         | 27/450 [01:10<18:11,  2.58s/it]
Generating (int4) rank=1:   6%|▌         | 27/450 [01:10<18:18,  2.60s/it]
Generating (int4) rank=0:   6%|▌         | 28/450 [01:12<18:09,  2.58s/it]
Generating (int4) rank=1:   6%|▌         | 28/450 [01:13<18:15,  2.60s/it]
Generating (int4) rank=0:   6%|▋         | 29/450 [01:15<18:07,  2.58s/it]
Generating (int4) rank=1:   6%|▋         | 29/450 [01:15<18:08,  2.59s/it]
Generating (int4) rank=0:   7%|▋         | 30/450 [01:17<18:05,  2.58s/it]
Generating (int4) rank=1:   7%|▋         | 30/450 [01:18<18:02,  2.58s/it]
Generating (int4) rank=0:   7%|▋         | 31/450 [01:20<18:03,  2.59s/it]
Generating (int4) rank=1:   7%|▋         | 31/450 [01:20<17:57,  2.57s/it]
Generating (int4) rank=0:   7%|▋         | 32/450 [01:23<18:00,  2.59s/it]
Generating (int4) rank=1:   7%|▋         | 32/450 [01:23<17:53,  2.57s/it]
Generating (int4) rank=0:   7%|▋         | 33/450 [01:25<17:58,  2.59s/it]
Generating (int4) rank=1:   7%|▋         | 33/450 [01:25<17:48,  2.56s/it]
Generating (int4) rank=0:   8%|▊         | 34/450 [01:28<17:55,  2.59s/it]
Generating (int4) rank=1:   8%|▊         | 34/450 [01:28<17:44,  2.56s/it]
Generating (int4) rank=0:   8%|▊         | 35/450 [01:30<17:52,  2.59s/it]
Generating (int4) rank=1:   8%|▊         | 35/450 [01:31<17:42,  2.56s/it]
Generating (int4) rank=0:   8%|▊         | 36/450 [01:33<17:50,  2.59s/it]
Generating (int4) rank=1:   8%|▊         | 36/450 [01:33<17:40,  2.56s/it]
Generating (int4) rank=0:   8%|▊         | 37/450 [01:35<17:47,  2.59s/it]
Generating (int4) rank=1:   8%|▊         | 37/450 [01:36<17:36,  2.56s/it]
Generating (int4) rank=1:   8%|▊         | 38/450 [01:38<17:40,  2.57s/it]
Generating (int4) rank=0:   8%|▊         | 38/450 [01:38<18:19,  2.67s/it]
Generating (int4) rank=1:   9%|▊         | 39/450 [01:41<17:39,  2.58s/it]
Generating (int4) rank=0:   9%|▊         | 39/450 [01:41<18:23,  2.68s/it]
Generating (int4) rank=1:   9%|▉         | 40/450 [01:43<17:31,  2.56s/it]
Generating (int4) rank=0:   9%|▉         | 40/450 [01:44<18:06,  2.65s/it]
Generating (int4) rank=1:   9%|▉         | 41/450 [01:46<17:25,  2.56s/it]
Generating (int4) rank=0:   9%|▉         | 41/450 [01:46<17:55,  2.63s/it]
Generating (int4) rank=1:   9%|▉         | 42/450 [01:48<17:20,  2.55s/it]
Generating (int4) rank=0:   9%|▉         | 42/450 [01:49<17:45,  2.61s/it]
Generating (int4) rank=1:  10%|▉         | 43/450 [01:51<17:16,  2.55s/it]
Generating (int4) rank=0:  10%|▉         | 43/450 [01:51<17:40,  2.61s/it]
Generating (int4) rank=1:  10%|▉         | 44/450 [01:54<17:13,  2.55s/it]
Generating (int4) rank=0:  10%|▉         | 44/450 [01:54<17:33,  2.60s/it]
Generating (int4) rank=1:  10%|█         | 45/450 [01:56<17:10,  2.54s/it]
Generating (int4) rank=0:  10%|█         | 45/450 [01:57<17:28,  2.59s/it]
Generating (int4) rank=1:  10%|█         | 46/450 [01:59<17:08,  2.55s/it]
Generating (int4) rank=0:  10%|█         | 46/450 [01:59<17:25,  2.59s/it]
Generating (int4) rank=1:  10%|█         | 47/450 [02:01<17:06,  2.55s/it]
Generating (int4) rank=0:  10%|█         | 47/450 [02:02<17:21,  2.59s/it]
Generating (int4) rank=1:  11%|█         | 48/450 [02:04<17:04,  2.55s/it]
Generating (int4) rank=0:  11%|█         | 48/450 [02:04<17:19,  2.59s/it]
Generating (int4) rank=1:  11%|█         | 49/450 [02:06<17:01,  2.55s/it]
Generating (int4) rank=0:  11%|█         | 49/450 [02:07<17:16,  2.59s/it]
Generating (int4) rank=1:  11%|█         | 50/450 [02:09<17:00,  2.55s/it]
Generating (int4) rank=0:  11%|█         | 50/450 [02:09<17:14,  2.59s/it]
Generating (int4) rank=1:  11%|█▏        | 51/450 [02:11<16:58,  2.55s/it]
Generating (int4) rank=0:  11%|█▏        | 51/450 [02:12<17:11,  2.58s/it]
Generating (int4) rank=1:  12%|█▏        | 52/450 [02:14<16:58,  2.56s/it]
Generating (int4) rank=0:  12%|█▏        | 52/450 [02:15<17:08,  2.59s/it]
Generating (int4) rank=1:  12%|█▏        | 53/450 [02:16<16:54,  2.56s/it]
Generating (int4) rank=0:  12%|█▏        | 53/450 [02:17<17:05,  2.58s/it]
Generating (int4) rank=1:  12%|█▏        | 54/450 [02:19<16:52,  2.56s/it]
Generating (int4) rank=0:  12%|█▏        | 54/450 [02:20<17:02,  2.58s/it]
Generating (int4) rank=1:  12%|█▏        | 55/450 [02:22<16:49,  2.55s/it]
Generating (int4) rank=0:  12%|█▏        | 55/450 [02:22<16:59,  2.58s/it]
Generating (int4) rank=1:  12%|█▏        | 56/450 [02:24<16:45,  2.55s/it]
Generating (int4) rank=0:  12%|█▏        | 56/450 [02:25<16:56,  2.58s/it]
Generating (int4) rank=1:  13%|█▎        | 57/450 [02:27<16:42,  2.55s/it]
Generating (int4) rank=0:  13%|█▎        | 57/450 [02:28<16:53,  2.58s/it]
Generating (int4) rank=1:  13%|█▎        | 58/450 [02:29<16:39,  2.55s/it]
Generating (int4) rank=0:  13%|█▎        | 58/450 [02:30<16:50,  2.58s/it]
Generating (int4) rank=1:  13%|█▎        | 59/450 [02:32<16:37,  2.55s/it]
Generating (int4) rank=0:  13%|█▎        | 59/450 [02:33<16:48,  2.58s/it]
Generating (int4) rank=1:  13%|█▎        | 60/450 [02:34<16:36,  2.55s/it]
Generating (int4) rank=0:  13%|█▎        | 60/450 [02:35<16:46,  2.58s/it]
Generating (int4) rank=1:  14%|█▎        | 61/450 [02:37<16:34,  2.56s/it]
Generating (int4) rank=0:  14%|█▎        | 61/450 [02:38<16:43,  2.58s/it]
Generating (int4) rank=1:  14%|█▍        | 62/450 [02:39<16:32,  2.56s/it]
Generating (int4) rank=0:  14%|█▍        | 62/450 [02:40<16:41,  2.58s/it]
Generating (int4) rank=1:  14%|█▍        | 63/450 [02:42<16:29,  2.56s/it]
Generating (int4) rank=0:  14%|█▍        | 63/450 [02:43<16:44,  2.60s/it]
Generating (int4) rank=1:  14%|█▍        | 64/450 [02:45<16:27,  2.56s/it]
Generating (int4) rank=0:  14%|█▍        | 64/450 [02:46<16:45,  2.60s/it]
Generating (int4) rank=1:  14%|█▍        | 65/450 [02:47<16:26,  2.56s/it]
Generating (int4) rank=0:  14%|█▍        | 65/450 [02:48<16:44,  2.61s/it]
Generating (int4) rank=1:  15%|█▍        | 66/450 [02:50<16:24,  2.56s/it]
Generating (int4) rank=0:  15%|█▍        | 66/450 [02:51<16:43,  2.61s/it]
Generating (int4) rank=1:  15%|█▍        | 67/450 [02:52<16:20,  2.56s/it]
Generating (int4) rank=0:  15%|█▍        | 67/450 [02:54<16:39,  2.61s/it]
Generating (int4) rank=1:  15%|█▌        | 68/450 [02:55<16:18,  2.56s/it]
Generating (int4) rank=0:  15%|█▌        | 68/450 [02:56<16:35,  2.61s/it]
Generating (int4) rank=1:  15%|█▌        | 69/450 [02:57<16:15,  2.56s/it]
Generating (int4) rank=0:  15%|█▌        | 69/450 [02:59<16:31,  2.60s/it]
Generating (int4) rank=1:  16%|█▌        | 70/450 [03:00<16:13,  2.56s/it]
Generating (int4) rank=0:  16%|█▌        | 70/450 [03:01<16:28,  2.60s/it]
Generating (int4) rank=1:  16%|█▌        | 71/450 [03:03<16:10,  2.56s/it]
Generating (int4) rank=0:  16%|█▌        | 71/450 [03:04<16:24,  2.60s/it]
Generating (int4) rank=1:  16%|█▌        | 72/450 [03:05<16:08,  2.56s/it]
Generating (int4) rank=0:  16%|█▌        | 72/450 [03:06<16:21,  2.60s/it]
Generating (int4) rank=1:  16%|█▌        | 73/450 [03:08<16:07,  2.57s/it]
Generating (int4) rank=0:  16%|█▌        | 73/450 [03:09<16:19,  2.60s/it]
Generating (int4) rank=1:  16%|█▋        | 74/450 [03:10<16:03,  2.56s/it]
Generating (int4) rank=0:  16%|█▋        | 74/450 [03:12<16:16,  2.60s/it]
Generating (int4) rank=1:  17%|█▋        | 75/450 [03:13<15:59,  2.56s/it]
Generating (int4) rank=0:  17%|█▋        | 75/450 [03:14<16:11,  2.59s/it]
Generating (int4) rank=1:  17%|█▋        | 76/450 [03:15<15:55,  2.55s/it]
Generating (int4) rank=0:  17%|█▋        | 76/450 [03:17<16:08,  2.59s/it]
Generating (int4) rank=1:  17%|█▋        | 77/450 [03:18<15:52,  2.55s/it]
Generating (int4) rank=0:  17%|█▋        | 77/450 [03:19<16:05,  2.59s/it]
Generating (int4) rank=1:  17%|█▋        | 78/450 [03:20<15:52,  2.56s/it]
Generating (int4) rank=0:  17%|█▋        | 78/450 [03:22<16:02,  2.59s/it]
Generating (int4) rank=1:  18%|█▊        | 79/450 [03:23<15:49,  2.56s/it]
Generating (int4) rank=0:  18%|█▊        | 79/450 [03:25<16:00,  2.59s/it]
Generating (int4) rank=1:  18%|█▊        | 80/450 [03:26<15:45,  2.56s/it]
Generating (int4) rank=0:  18%|█▊        | 80/450 [03:27<15:57,  2.59s/it]
Generating (int4) rank=1:  18%|█▊        | 81/450 [03:28<15:41,  2.55s/it]
Generating (int4) rank=0:  18%|█▊        | 81/450 [03:30<15:54,  2.59s/it]
Generating (int4) rank=1:  18%|█▊        | 82/450 [03:31<15:39,  2.55s/it]
Generating (int4) rank=0:  18%|█▊        | 82/450 [03:32<15:51,  2.58s/it]
Generating (int4) rank=1:  18%|█▊        | 83/450 [03:33<15:36,  2.55s/it]
Generating (int4) rank=0:  18%|█▊        | 83/450 [03:35<15:48,  2.58s/it]
Generating (int4) rank=1:  19%|█▊        | 84/450 [03:36<15:34,  2.55s/it]
Generating (int4) rank=0:  19%|█▊        | 84/450 [03:38<15:45,  2.58s/it]
Generating (int4) rank=1:  19%|█▉        | 85/450 [03:38<15:32,  2.55s/it]
Generating (int4) rank=0:  19%|█▉        | 85/450 [03:40<15:43,  2.58s/it]
Generating (int4) rank=1:  19%|█▉        | 86/450 [03:41<15:29,  2.55s/it]
Generating (int4) rank=0:  19%|█▉        | 86/450 [03:43<15:40,  2.58s/it]
Generating (int4) rank=1:  19%|█▉        | 87/450 [03:43<15:26,  2.55s/it]
Generating (int4) rank=0:  19%|█▉        | 87/450 [03:45<15:37,  2.58s/it]
Generating (int4) rank=1:  20%|█▉        | 88/450 [03:46<15:24,  2.55s/it]
Generating (int4) rank=0:  20%|█▉        | 88/450 [03:48<15:34,  2.58s/it]
Generating (int4) rank=1:  20%|█▉        | 89/450 [03:49<15:21,  2.55s/it]
Generating (int4) rank=0:  20%|█▉        | 89/450 [03:50<15:31,  2.58s/it]
Generating (int4) rank=1:  20%|██        | 90/450 [03:51<15:18,  2.55s/it]
Generating (int4) rank=0:  20%|██        | 90/450 [03:53<15:28,  2.58s/it]
Generating (int4) rank=1:  20%|██        | 91/450 [03:54<15:16,  2.55s/it]
Generating (int4) rank=0:  20%|██        | 91/450 [03:56<15:26,  2.58s/it]
Generating (int4) rank=1:  20%|██        | 92/450 [03:56<15:14,  2.55s/it]
Generating (int4) rank=0:  20%|██        | 92/450 [03:58<15:23,  2.58s/it]
Generating (int4) rank=1:  21%|██        | 93/450 [03:59<15:12,  2.56s/it]
Generating (int4) rank=0:  21%|██        | 93/450 [04:01<15:20,  2.58s/it]
Generating (int4) rank=1:  21%|██        | 94/450 [04:01<15:09,  2.56s/it]
Generating (int4) rank=0:  21%|██        | 94/450 [04:03<15:17,  2.58s/it]
Generating (int4) rank=1:  21%|██        | 95/450 [04:04<15:07,  2.56s/it]
Generating (int4) rank=0:  21%|██        | 95/450 [04:06<15:14,  2.58s/it]
Generating (int4) rank=1:  21%|██▏       | 96/450 [04:06<15:04,  2.56s/it]
Generating (int4) rank=0:  21%|██▏       | 96/450 [04:08<15:11,  2.58s/it]
Generating (int4) rank=1:  22%|██▏       | 97/450 [04:09<15:02,  2.56s/it]
Generating (int4) rank=0:  22%|██▏       | 97/450 [04:11<15:09,  2.58s/it]
Generating (int4) rank=1:  22%|██▏       | 98/450 [04:12<14:59,  2.56s/it]
Generating (int4) rank=0:  22%|██▏       | 98/450 [04:14<15:08,  2.58s/it]
Generating (int4) rank=1:  22%|██▏       | 99/450 [04:14<14:57,  2.56s/it]
Generating (int4) rank=0:  22%|██▏       | 99/450 [04:16<15:05,  2.58s/it]
Generating (int4) rank=1:  22%|██▏       | 100/450 [04:17<14:55,  2.56s/it]
Generating (int4) rank=0:  22%|██▏       | 100/450 [04:19<15:03,  2.58s/it]
Generating (int4) rank=1:  22%|██▏       | 101/450 [04:19<14:54,  2.56s/it]
Generating (int4) rank=0:  22%|██▏       | 101/450 [04:21<15:01,  2.58s/it]
Generating (int4) rank=1:  23%|██▎       | 102/450 [04:22<14:50,  2.56s/it]
Generating (int4) rank=0:  23%|██▎       | 102/450 [04:24<14:57,  2.58s/it]
Generating (int4) rank=1:  23%|██▎       | 103/450 [04:24<14:46,  2.56s/it]
Generating (int4) rank=0:  23%|██▎       | 103/450 [04:27<14:55,  2.58s/it]
Generating (int4) rank=1:  23%|██▎       | 104/450 [04:27<14:44,  2.56s/it]
Generating (int4) rank=0:  23%|██▎       | 104/450 [04:29<14:53,  2.58s/it]
Generating (int4) rank=1:  23%|██▎       | 105/450 [04:29<14:42,  2.56s/it]
Generating (int4) rank=0:  23%|██▎       | 105/450 [04:32<14:50,  2.58s/it]
Generating (int4) rank=1:  24%|██▎       | 106/450 [04:32<14:39,  2.56s/it]
Generating (int4) rank=0:  24%|██▎       | 106/450 [04:34<14:48,  2.58s/it]
Generating (int4) rank=1:  24%|██▍       | 107/450 [04:35<14:34,  2.55s/it]
Generating (int4) rank=0:  24%|██▍       | 107/450 [04:37<14:47,  2.59s/it]
Generating (int4) rank=1:  24%|██▍       | 108/450 [04:37<14:32,  2.55s/it]
Generating (int4) rank=0:  24%|██▍       | 108/450 [04:39<14:44,  2.59s/it]
Generating (int4) rank=1:  24%|██▍       | 109/450 [04:40<14:28,  2.55s/it]
Generating (int4) rank=0:  24%|██▍       | 109/450 [04:42<14:42,  2.59s/it]
Generating (int4) rank=1:  24%|██▍       | 110/450 [04:42<14:25,  2.55s/it]
Generating (int4) rank=0:  24%|██▍       | 110/450 [04:45<14:39,  2.59s/it]
Generating (int4) rank=1:  25%|██▍       | 111/450 [04:45<14:24,  2.55s/it]
Generating (int4) rank=0:  25%|██▍       | 111/450 [04:47<14:36,  2.59s/it]
Generating (int4) rank=1:  25%|██▍       | 112/450 [04:47<14:22,  2.55s/it]
Generating (int4) rank=0:  25%|██▍       | 112/450 [04:50<14:34,  2.59s/it]
Generating (int4) rank=1:  25%|██▌       | 113/450 [04:50<14:20,  2.55s/it]
Generating (int4) rank=1:  25%|██▌       | 114/450 [04:52<14:18,  2.56s/it]
Generating (int4) rank=0:  25%|██▌       | 113/450 [04:52<14:30,  2.58s/it]
Generating (int4) rank=1:  26%|██▌       | 115/450 [04:55<14:15,  2.55s/it]
Generating (int4) rank=0:  25%|██▌       | 114/450 [04:55<14:27,  2.58s/it]
Generating (int4) rank=1:  26%|██▌       | 116/450 [04:57<14:12,  2.55s/it]
Generating (int4) rank=0:  26%|██▌       | 115/450 [04:58<14:25,  2.58s/it]
Generating (int4) rank=1:  26%|██▌       | 117/450 [05:00<14:09,  2.55s/it]
Generating (int4) rank=0:  26%|██▌       | 116/450 [05:00<14:22,  2.58s/it]
Generating (int4) rank=1:  26%|██▌       | 118/450 [05:03<14:07,  2.55s/it]
Generating (int4) rank=0:  26%|██▌       | 117/450 [05:03<14:19,  2.58s/it]
Generating (int4) rank=1:  26%|██▋       | 119/450 [05:05<14:04,  2.55s/it]
Generating (int4) rank=0:  26%|██▌       | 118/450 [05:05<14:16,  2.58s/it]
Generating (int4) rank=1:  27%|██▋       | 120/450 [05:08<14:03,  2.56s/it]
Generating (int4) rank=0:  26%|██▋       | 119/450 [05:08<14:15,  2.59s/it]
Generating (int4) rank=1:  27%|██▋       | 121/450 [05:10<14:01,  2.56s/it]
Generating (int4) rank=0:  27%|██▋       | 120/450 [05:10<14:13,  2.59s/it]
Generating (int4) rank=1:  27%|██▋       | 122/450 [05:13<14:00,  2.56s/it]
Generating (int4) rank=0:  27%|██▋       | 121/450 [05:13<14:10,  2.58s/it]
Generating (int4) rank=1:  27%|██▋       | 123/450 [05:15<13:58,  2.56s/it]
Generating (int4) rank=0:  27%|██▋       | 122/450 [05:16<14:07,  2.59s/it]
Generating (int4) rank=1:  28%|██▊       | 124/450 [05:18<13:57,  2.57s/it]
Generating (int4) rank=0:  27%|██▋       | 123/450 [05:18<14:04,  2.58s/it]
Generating (int4) rank=1:  28%|██▊       | 125/450 [05:21<13:53,  2.57s/it]
Generating (int4) rank=0:  28%|██▊       | 124/450 [05:21<14:02,  2.58s/it]
Generating (int4) rank=1:  28%|██▊       | 126/450 [05:23<13:51,  2.57s/it]
Generating (int4) rank=0:  28%|██▊       | 125/450 [05:23<13:59,  2.58s/it]
Generating (int4) rank=1:  28%|██▊       | 127/450 [05:26<13:48,  2.57s/it]
Generating (int4) rank=0:  28%|██▊       | 126/450 [05:26<13:56,  2.58s/it]
Generating (int4) rank=1:  28%|██▊       | 128/450 [05:28<13:46,  2.57s/it]
Generating (int4) rank=0:  28%|██▊       | 127/450 [05:29<13:53,  2.58s/it]
Generating (int4) rank=1:  29%|██▊       | 129/450 [05:31<13:43,  2.57s/it]
Generating (int4) rank=0:  28%|██▊       | 128/450 [05:31<13:50,  2.58s/it]
Generating (int4) rank=1:  29%|██▉       | 130/450 [05:33<13:40,  2.56s/it]
Generating (int4) rank=0:  29%|██▊       | 129/450 [05:34<13:48,  2.58s/it]
Generating (int4) rank=1:  29%|██▉       | 131/450 [05:36<13:38,  2.57s/it]
Generating (int4) rank=0:  29%|██▉       | 130/450 [05:36<13:46,  2.58s/it]
Generating (int4) rank=1:  29%|██▉       | 132/450 [05:39<13:35,  2.57s/it]
Generating (int4) rank=0:  29%|██▉       | 131/450 [05:39<13:44,  2.58s/it]
Generating (int4) rank=1:  30%|██▉       | 133/450 [05:41<13:33,  2.56s/it]
Generating (int4) rank=0:  29%|██▉       | 132/450 [05:41<13:42,  2.59s/it]
Generating (int4) rank=1:  30%|██▉       | 134/450 [05:44<13:30,  2.56s/it]
Generating (int4) rank=0:  30%|██▉       | 133/450 [05:44<13:39,  2.59s/it]
Generating (int4) rank=1:  30%|███       | 135/450 [05:46<13:26,  2.56s/it]
Generating (int4) rank=0:  30%|██▉       | 134/450 [05:47<13:38,  2.59s/it]
Generating (int4) rank=1:  30%|███       | 136/450 [05:49<13:23,  2.56s/it]
Generating (int4) rank=0:  30%|███       | 135/450 [05:49<13:35,  2.59s/it]
Generating (int4) rank=1:  30%|███       | 137/450 [05:51<13:20,  2.56s/it]
Generating (int4) rank=0:  30%|███       | 136/450 [05:52<13:33,  2.59s/it]
Generating (int4) rank=1:  31%|███       | 138/450 [05:54<13:18,  2.56s/it]
Generating (int4) rank=0:  30%|███       | 137/450 [05:54<13:30,  2.59s/it]
Generating (int4) rank=1:  31%|███       | 139/450 [05:56<13:15,  2.56s/it]
Generating (int4) rank=0:  31%|███       | 138/450 [05:57<13:27,  2.59s/it]
Generating (int4) rank=1:  31%|███       | 140/450 [05:59<13:12,  2.56s/it]
Generating (int4) rank=0:  31%|███       | 139/450 [06:00<13:24,  2.59s/it]
Generating (int4) rank=1:  31%|███▏      | 141/450 [06:02<13:09,  2.55s/it]
Generating (int4) rank=0:  31%|███       | 140/450 [06:02<13:21,  2.58s/it]
Generating (int4) rank=1:  32%|███▏      | 142/450 [06:04<13:05,  2.55s/it]
Generating (int4) rank=0:  31%|███▏      | 141/450 [06:05<13:18,  2.58s/it]
Generating (int4) rank=1:  32%|███▏      | 143/450 [06:07<13:03,  2.55s/it]
Generating (int4) rank=0:  32%|███▏      | 142/450 [06:07<13:15,  2.58s/it]
Generating (int4) rank=1:  32%|███▏      | 144/450 [06:09<13:02,  2.56s/it]
Generating (int4) rank=0:  32%|███▏      | 143/450 [06:10<13:13,  2.59s/it]
Generating (int4) rank=1:  32%|███▏      | 145/450 [06:12<13:00,  2.56s/it]
Generating (int4) rank=0:  32%|███▏      | 144/450 [06:13<13:11,  2.59s/it]
Generating (int4) rank=1:  32%|███▏      | 146/450 [06:14<12:58,  2.56s/it]
Generating (int4) rank=0:  32%|███▏      | 145/450 [06:15<13:08,  2.58s/it]
Generating (int4) rank=1:  33%|███▎      | 147/450 [06:17<12:54,  2.56s/it]
Generating (int4) rank=0:  32%|███▏      | 146/450 [06:18<13:05,  2.58s/it]
Generating (int4) rank=1:  33%|███▎      | 148/450 [06:19<12:52,  2.56s/it]
Generating (int4) rank=0:  33%|███▎      | 147/450 [06:20<13:02,  2.58s/it]
Generating (int4) rank=1:  33%|███▎      | 149/450 [06:22<12:50,  2.56s/it]
Generating (int4) rank=0:  33%|███▎      | 148/450 [06:23<13:00,  2.58s/it]
Generating (int4) rank=1:  33%|███▎      | 150/450 [06:25<12:48,  2.56s/it]
Generating (int4) rank=0:  33%|███▎      | 149/450 [06:25<12:57,  2.58s/it]
Generating (int4) rank=1:  34%|███▎      | 151/450 [06:27<12:45,  2.56s/it]
Generating (int4) rank=0:  33%|███▎      | 150/450 [06:28<12:56,  2.59s/it]
Generating (int4) rank=1:  34%|███▍      | 152/450 [06:30<12:42,  2.56s/it]
Generating (int4) rank=0:  34%|███▎      | 151/450 [06:31<12:53,  2.59s/it]
Generating (int4) rank=1:  34%|███▍      | 153/450 [06:32<12:40,  2.56s/it]
Generating (int4) rank=0:  34%|███▍      | 152/450 [06:33<12:50,  2.59s/it]
Generating (int4) rank=1:  34%|███▍      | 154/450 [06:35<12:35,  2.55s/it]
Generating (int4) rank=0:  34%|███▍      | 153/450 [06:36<12:48,  2.59s/it]
Generating (int4) rank=1:  34%|███▍      | 155/450 [06:37<12:33,  2.56s/it]
Generating (int4) rank=0:  34%|███▍      | 154/450 [06:38<12:46,  2.59s/it]
Generating (int4) rank=1:  35%|███▍      | 156/450 [06:40<12:31,  2.56s/it]
Generating (int4) rank=0:  34%|███▍      | 155/450 [06:41<12:42,  2.59s/it]
Generating (int4) rank=1:  35%|███▍      | 157/450 [06:42<12:28,  2.56s/it]
Generating (int4) rank=0:  35%|███▍      | 156/450 [06:44<12:40,  2.59s/it]
Generating (int4) rank=1:  35%|███▌      | 158/450 [06:45<12:26,  2.56s/it]
Generating (int4) rank=0:  35%|███▍      | 157/450 [06:46<12:38,  2.59s/it]
Generating (int4) rank=1:  35%|███▌      | 159/450 [06:48<12:23,  2.55s/it]
Generating (int4) rank=0:  35%|███▌      | 158/450 [06:49<12:36,  2.59s/it]
Generating (int4) rank=1:  36%|███▌      | 160/450 [06:50<12:22,  2.56s/it]
Generating (int4) rank=0:  35%|███▌      | 159/450 [06:51<12:34,  2.59s/it]
Generating (int4) rank=1:  36%|███▌      | 161/450 [06:53<12:18,  2.56s/it]
Generating (int4) rank=0:  36%|███▌      | 160/450 [06:54<12:31,  2.59s/it]
Generating (int4) rank=1:  36%|███▌      | 162/450 [06:55<12:16,  2.56s/it]
Generating (int4) rank=0:  36%|███▌      | 161/450 [06:57<12:28,  2.59s/it]
Generating (int4) rank=1:  36%|███▌      | 163/450 [06:58<12:13,  2.56s/it]
Generating (int4) rank=0:  36%|███▌      | 162/450 [06:59<12:25,  2.59s/it]
Generating (int4) rank=1:  36%|███▋      | 164/450 [07:00<12:11,  2.56s/it]
Generating (int4) rank=0:  36%|███▌      | 163/450 [07:02<12:22,  2.59s/it]
Generating (int4) rank=1:  37%|███▋      | 165/450 [07:03<12:07,  2.55s/it]
Generating (int4) rank=0:  36%|███▋      | 164/450 [07:04<12:21,  2.59s/it]
Generating (int4) rank=1:  37%|███▋      | 166/450 [07:05<12:05,  2.55s/it]
Generating (int4) rank=0:  37%|███▋      | 165/450 [07:07<12:17,  2.59s/it]
Generating (int4) rank=1:  37%|███▋      | 167/450 [07:08<12:01,  2.55s/it]
Generating (int4) rank=0:  37%|███▋      | 166/450 [07:09<12:15,  2.59s/it]
Generating (int4) rank=1:  37%|███▋      | 168/450 [07:11<12:00,  2.55s/it]
Generating (int4) rank=0:  37%|███▋      | 167/450 [07:12<12:12,  2.59s/it]
Generating (int4) rank=1:  38%|███▊      | 169/450 [07:13<11:57,  2.55s/it]
Generating (int4) rank=0:  37%|███▋      | 168/450 [07:15<12:09,  2.59s/it]
Generating (int4) rank=1:  38%|███▊      | 170/450 [07:16<11:55,  2.56s/it]
Generating (int4) rank=0:  38%|███▊      | 169/450 [07:17<12:07,  2.59s/it]
Generating (int4) rank=1:  38%|███▊      | 171/450 [07:18<11:53,  2.56s/it]
Generating (int4) rank=0:  38%|███▊      | 170/450 [07:20<12:04,  2.59s/it]
Generating (int4) rank=1:  38%|███▊      | 172/450 [07:21<11:50,  2.55s/it]
Generating (int4) rank=0:  38%|███▊      | 171/450 [07:22<12:01,  2.59s/it]
Generating (int4) rank=1:  38%|███▊      | 173/450 [07:23<11:47,  2.55s/it]
Generating (int4) rank=0:  38%|███▊      | 172/450 [07:25<11:59,  2.59s/it]
Generating (int4) rank=1:  39%|███▊      | 174/450 [07:26<11:44,  2.55s/it]
Generating (int4) rank=0:  38%|███▊      | 173/450 [07:28<11:57,  2.59s/it]
Generating (int4) rank=1:  39%|███▉      | 175/450 [07:28<11:42,  2.56s/it]
Generating (int4) rank=0:  39%|███▊      | 174/450 [07:30<11:55,  2.59s/it]
Generating (int4) rank=1:  39%|███▉      | 176/450 [07:31<11:40,  2.56s/it]
Generating (int4) rank=0:  39%|███▉      | 175/450 [07:33<11:51,  2.59s/it]
Generating (int4) rank=1:  39%|███▉      | 177/450 [07:34<11:38,  2.56s/it]
Generating (int4) rank=0:  39%|███▉      | 176/450 [07:35<11:49,  2.59s/it]
Generating (int4) rank=1:  40%|███▉      | 178/450 [07:36<11:36,  2.56s/it]
Generating (int4) rank=0:  39%|███▉      | 177/450 [07:38<11:46,  2.59s/it]
Generating (int4) rank=1:  40%|███▉      | 179/450 [07:39<11:33,  2.56s/it]
Generating (int4) rank=0:  40%|███▉      | 178/450 [07:41<11:43,  2.59s/it]
Generating (int4) rank=1:  40%|████      | 180/450 [07:41<11:30,  2.56s/it]
Generating (int4) rank=0:  40%|███▉      | 179/450 [07:43<11:40,  2.59s/it]
Generating (int4) rank=1:  40%|████      | 181/450 [07:44<11:28,  2.56s/it]
Generating (int4) rank=0:  40%|████      | 180/450 [07:46<11:38,  2.59s/it]
Generating (int4) rank=1:  40%|████      | 182/450 [07:46<11:26,  2.56s/it]
Generating (int4) rank=0:  40%|████      | 181/450 [07:48<11:35,  2.59s/it]
Generating (int4) rank=1:  41%|████      | 183/450 [07:49<11:23,  2.56s/it]
Generating (int4) rank=0:  40%|████      | 182/450 [07:51<11:32,  2.59s/it]
Generating (int4) rank=1:  41%|████      | 184/450 [07:51<11:20,  2.56s/it]
Generating (int4) rank=0:  41%|████      | 183/450 [07:53<11:29,  2.58s/it]
Generating (int4) rank=1:  41%|████      | 185/450 [07:54<11:17,  2.56s/it]
Generating (int4) rank=0:  41%|████      | 184/450 [07:56<11:27,  2.58s/it]
Generating (int4) rank=1:  41%|████▏     | 186/450 [07:57<11:15,  2.56s/it]
Generating (int4) rank=0:  41%|████      | 185/450 [07:59<11:24,  2.58s/it]
Generating (int4) rank=1:  42%|████▏     | 187/450 [07:59<11:11,  2.55s/it]
Generating (int4) rank=0:  41%|████▏     | 186/450 [08:01<11:22,  2.59s/it]
Generating (int4) rank=1:  42%|████▏     | 188/450 [08:02<11:10,  2.56s/it]
Generating (int4) rank=0:  42%|████▏     | 187/450 [08:04<11:21,  2.59s/it]
Generating (int4) rank=1:  42%|████▏     | 189/450 [08:04<11:07,  2.56s/it]
Generating (int4) rank=0:  42%|████▏     | 188/450 [08:06<11:18,  2.59s/it]
Generating (int4) rank=1:  42%|████▏     | 190/450 [08:07<11:05,  2.56s/it]
Generating (int4) rank=0:  42%|████▏     | 189/450 [08:09<11:15,  2.59s/it]
Generating (int4) rank=1:  42%|████▏     | 191/450 [08:09<11:01,  2.55s/it]
Generating (int4) rank=0:  42%|████▏     | 190/450 [08:12<11:13,  2.59s/it]
Generating (int4) rank=1:  43%|████▎     | 192/450 [08:12<10:59,  2.56s/it]
Generating (int4) rank=0:  42%|████▏     | 191/450 [08:14<11:10,  2.59s/it]
Generating (int4) rank=1:  43%|████▎     | 193/450 [08:14<10:55,  2.55s/it]
Generating (int4) rank=0:  43%|████▎     | 192/450 [08:17<11:08,  2.59s/it]
Generating (int4) rank=1:  43%|████▎     | 194/450 [08:17<10:53,  2.55s/it]
Generating (int4) rank=0:  43%|████▎     | 193/450 [08:19<11:05,  2.59s/it]
Generating (int4) rank=1:  43%|████▎     | 195/450 [08:20<10:50,  2.55s/it]
Generating (int4) rank=0:  43%|████▎     | 194/450 [08:22<11:02,  2.59s/it]
Generating (int4) rank=1:  44%|████▎     | 196/450 [08:22<10:49,  2.56s/it]
Generating (int4) rank=0:  43%|████▎     | 195/450 [08:25<10:59,  2.59s/it]
Generating (int4) rank=1:  44%|████▍     | 197/450 [08:25<10:46,  2.55s/it]
Generating (int4) rank=0:  44%|████▎     | 196/450 [08:27<10:57,  2.59s/it]
Generating (int4) rank=1:  44%|████▍     | 198/450 [08:27<10:44,  2.56s/it]
Generating (int4) rank=0:  44%|████▍     | 197/450 [08:30<10:54,  2.59s/it]
Generating (int4) rank=1:  44%|████▍     | 199/450 [08:30<10:41,  2.56s/it]
Generating (int4) rank=0:  44%|████▍     | 198/450 [08:32<10:52,  2.59s/it]
Generating (int4) rank=1:  44%|████▍     | 200/450 [08:32<10:38,  2.56s/it]
Generating (int4) rank=0:  44%|████▍     | 199/450 [08:35<10:49,  2.59s/it]
Generating (int4) rank=1:  45%|████▍     | 201/450 [08:35<10:36,  2.55s/it]
Generating (int4) rank=0:  44%|████▍     | 200/450 [08:37<10:46,  2.59s/it]
Generating (int4) rank=1:  45%|████▍     | 202/450 [08:37<10:34,  2.56s/it]
Generating (int4) rank=1:  45%|████▌     | 203/450 [08:40<10:29,  2.55s/it]
Generating (int4) rank=0:  45%|████▍     | 201/450 [08:40<10:43,  2.59s/it]
Generating (int4) rank=1:  45%|████▌     | 204/450 [08:43<10:27,  2.55s/it]
Generating (int4) rank=0:  45%|████▍     | 202/450 [08:43<10:41,  2.59s/it]
Generating (int4) rank=1:  46%|████▌     | 205/450 [08:45<10:24,  2.55s/it]
Generating (int4) rank=0:  45%|████▌     | 203/450 [08:45<10:39,  2.59s/it]
Generating (int4) rank=1:  46%|████▌     | 206/450 [08:48<10:22,  2.55s/it]
Generating (int4) rank=0:  45%|████▌     | 204/450 [08:48<10:37,  2.59s/it]
Generating (int4) rank=1:  46%|████▌     | 207/450 [08:50<10:20,  2.55s/it]
Generating (int4) rank=0:  46%|████▌     | 205/450 [08:50<10:34,  2.59s/it]
Generating (int4) rank=1:  46%|████▌     | 208/450 [08:53<10:18,  2.56s/it]
Generating (int4) rank=0:  46%|████▌     | 206/450 [08:53<10:31,  2.59s/it]
Generating (int4) rank=1:  46%|████▋     | 209/450 [08:55<10:15,  2.55s/it]
Generating (int4) rank=0:  46%|████▌     | 207/450 [08:56<10:28,  2.58s/it]
Generating (int4) rank=1:  47%|████▋     | 210/450 [08:58<10:12,  2.55s/it]
Generating (int4) rank=0:  46%|████▌     | 208/450 [08:58<10:25,  2.58s/it]
Generating (int4) rank=1:  47%|████▋     | 211/450 [09:00<10:09,  2.55s/it]
Generating (int4) rank=0:  46%|████▋     | 209/450 [09:01<10:22,  2.58s/it]
Generating (int4) rank=1:  47%|████▋     | 212/450 [09:03<10:06,  2.55s/it]
Generating (int4) rank=0:  47%|████▋     | 210/450 [09:03<10:19,  2.58s/it]
Generating (int4) rank=1:  47%|████▋     | 213/450 [09:06<10:03,  2.55s/it]
Generating (int4) rank=0:  47%|████▋     | 211/450 [09:06<10:17,  2.58s/it]
Generating (int4) rank=1:  48%|████▊     | 214/450 [09:08<10:02,  2.55s/it]
Generating (int4) rank=0:  47%|████▋     | 212/450 [09:08<10:13,  2.58s/it]
Generating (int4) rank=1:  48%|████▊     | 215/450 [09:11<09:58,  2.55s/it]
Generating (int4) rank=0:  47%|████▋     | 213/450 [09:11<10:11,  2.58s/it]
Generating (int4) rank=1:  48%|████▊     | 216/450 [09:13<09:56,  2.55s/it]
Generating (int4) rank=0:  48%|████▊     | 214/450 [09:14<10:09,  2.58s/it]
Generating (int4) rank=1:  48%|████▊     | 217/450 [09:16<09:55,  2.56s/it]
Generating (int4) rank=0:  48%|████▊     | 215/450 [09:16<10:06,  2.58s/it]
Generating (int4) rank=1:  48%|████▊     | 218/450 [09:18<09:54,  2.56s/it]
Generating (int4) rank=0:  48%|████▊     | 216/450 [09:19<10:04,  2.58s/it]
Generating (int4) rank=1:  49%|████▊     | 219/450 [09:21<09:50,  2.56s/it]
Generating (int4) rank=0:  48%|████▊     | 217/450 [09:21<10:02,  2.59s/it]
Generating (int4) rank=1:  49%|████▉     | 220/450 [09:23<09:48,  2.56s/it]
Generating (int4) rank=0:  48%|████▊     | 218/450 [09:24<09:59,  2.58s/it]
Generating (int4) rank=1:  49%|████▉     | 221/450 [09:26<09:46,  2.56s/it]
Generating (int4) rank=0:  49%|████▊     | 219/450 [09:27<09:56,  2.58s/it]
Generating (int4) rank=1:  49%|████▉     | 222/450 [09:29<09:44,  2.57s/it]
Generating (int4) rank=0:  49%|████▉     | 220/450 [09:29<09:54,  2.59s/it]
Generating (int4) rank=1:  50%|████▉     | 223/450 [09:31<09:41,  2.56s/it]
Generating (int4) rank=0:  49%|████▉     | 221/450 [09:32<09:52,  2.59s/it]
Generating (int4) rank=1:  50%|████▉     | 224/450 [09:34<09:40,  2.57s/it]
Generating (int4) rank=0:  49%|████▉     | 222/450 [09:34<09:49,  2.59s/it]
Generating (int4) rank=1:  50%|█████     | 225/450 [09:36<09:36,  2.56s/it]
Generating (int4) rank=0:  50%|████▉     | 223/450 [09:37<09:47,  2.59s/it]
Generating (int4) rank=1:  50%|█████     | 226/450 [09:39<09:34,  2.56s/it]
Generating (int4) rank=0:  50%|████▉     | 224/450 [09:39<09:44,  2.58s/it]
Generating (int4) rank=1:  50%|█████     | 227/450 [09:41<09:31,  2.56s/it]
Generating (int4) rank=0:  50%|█████     | 225/450 [09:42<09:41,  2.58s/it]
Generating (int4) rank=1:  51%|█████     | 228/450 [09:44<09:30,  2.57s/it]
Generating (int4) rank=0:  50%|█████     | 226/450 [09:45<09:40,  2.59s/it]
Generating (int4) rank=1:  51%|█████     | 229/450 [09:47<09:30,  2.58s/it]
Generating (int4) rank=0:  50%|█████     | 227/450 [09:47<09:37,  2.59s/it]
Generating (int4) rank=1:  51%|█████     | 230/450 [09:49<09:29,  2.59s/it]
Generating (int4) rank=0:  51%|█████     | 228/450 [09:50<09:35,  2.59s/it]
Generating (int4) rank=1:  51%|█████▏    | 231/450 [09:52<09:27,  2.59s/it]
Generating (int4) rank=0:  51%|█████     | 229/450 [09:52<09:33,  2.59s/it]
Generating (int4) rank=1:  52%|█████▏    | 232/450 [09:54<09:25,  2.59s/it]
Generating (int4) rank=0:  51%|█████     | 230/450 [09:55<09:30,  2.59s/it]
Generating (int4) rank=1:  52%|█████▏    | 233/450 [09:57<09:23,  2.60s/it]
Generating (int4) rank=0:  51%|█████▏    | 231/450 [09:58<09:27,  2.59s/it]
Generating (int4) rank=1:  52%|█████▏    | 234/450 [10:00<09:20,  2.60s/it]
Generating (int4) rank=0:  52%|█████▏    | 232/450 [10:00<09:24,  2.59s/it]
Generating (int4) rank=1:  52%|█████▏    | 235/450 [10:02<09:18,  2.60s/it]
Generating (int4) rank=0:  52%|█████▏    | 233/450 [10:03<09:22,  2.59s/it]
Generating (int4) rank=1:  52%|█████▏    | 236/450 [10:05<09:16,  2.60s/it]
Generating (int4) rank=0:  52%|█████▏    | 234/450 [10:05<09:19,  2.59s/it]
Generating (int4) rank=1:  53%|█████▎    | 237/450 [10:07<09:12,  2.60s/it]
Generating (int4) rank=0:  52%|█████▏    | 235/450 [10:08<09:16,  2.59s/it]
Generating (int4) rank=1:  53%|█████▎    | 238/450 [10:10<09:11,  2.60s/it]
Generating (int4) rank=0:  52%|█████▏    | 236/450 [10:11<09:13,  2.59s/it]
Generating (int4) rank=1:  53%|█████▎    | 239/450 [10:13<09:09,  2.60s/it]
Generating (int4) rank=0:  53%|█████▎    | 237/450 [10:13<09:10,  2.58s/it]
Generating (int4) rank=1:  53%|█████▎    | 240/450 [10:15<09:06,  2.60s/it]
Generating (int4) rank=0:  53%|█████▎    | 238/450 [10:16<09:09,  2.59s/it]
Generating (int4) rank=1:  54%|█████▎    | 241/450 [10:18<09:03,  2.60s/it]
Generating (int4) rank=0:  53%|█████▎    | 239/450 [10:18<09:07,  2.60s/it]
Generating (int4) rank=1:  54%|█████▍    | 242/450 [10:20<09:01,  2.60s/it]
Generating (int4) rank=0:  53%|█████▎    | 240/450 [10:21<09:05,  2.60s/it]
Generating (int4) rank=1:  54%|█████▍    | 243/450 [10:23<08:57,  2.60s/it]
Generating (int4) rank=0:  54%|█████▎    | 241/450 [10:24<09:03,  2.60s/it]
Generating (int4) rank=1:  54%|█████▍    | 244/450 [10:26<08:55,  2.60s/it]
Generating (int4) rank=0:  54%|█████▍    | 242/450 [10:26<09:01,  2.60s/it]
Generating (int4) rank=1:  54%|█████▍    | 245/450 [10:28<08:53,  2.60s/it]
Generating (int4) rank=0:  54%|█████▍    | 243/450 [10:29<08:58,  2.60s/it]
Generating (int4) rank=1:  55%|█████▍    | 246/450 [10:31<08:50,  2.60s/it]
Generating (int4) rank=0:  54%|█████▍    | 244/450 [10:31<08:56,  2.60s/it]
Generating (int4) rank=1:  55%|█████▍    | 247/450 [10:33<08:48,  2.60s/it]
Generating (int4) rank=0:  54%|█████▍    | 245/450 [10:34<08:52,  2.60s/it]
Generating (int4) rank=1:  55%|█████▌    | 248/450 [10:36<08:46,  2.60s/it]
Generating (int4) rank=0:  55%|█████▍    | 246/450 [10:37<08:50,  2.60s/it]
Generating (int4) rank=1:  55%|█████▌    | 249/450 [10:39<08:43,  2.61s/it]
Generating (int4) rank=0:  55%|█████▍    | 247/450 [10:39<08:48,  2.60s/it]
Generating (int4) rank=1:  56%|█████▌    | 250/450 [10:41<08:38,  2.59s/it]
Generating (int4) rank=0:  55%|█████▌    | 248/450 [10:42<08:45,  2.60s/it]
Generating (int4) rank=1:  56%|█████▌    | 251/450 [10:44<08:33,  2.58s/it]
Generating (int4) rank=0:  55%|█████▌    | 249/450 [10:44<08:43,  2.60s/it]
Generating (int4) rank=1:  56%|█████▌    | 252/450 [10:46<08:28,  2.57s/it]
Generating (int4) rank=0:  56%|█████▌    | 250/450 [10:47<08:39,  2.60s/it]
Generating (int4) rank=1:  56%|█████▌    | 253/450 [10:49<08:25,  2.56s/it]
Generating (int4) rank=0:  56%|█████▌    | 251/450 [10:50<08:37,  2.60s/it]
Generating (int4) rank=1:  56%|█████▋    | 254/450 [10:51<08:21,  2.56s/it]
Generating (int4) rank=0:  56%|█████▌    | 252/450 [10:52<08:34,  2.60s/it]
Generating (int4) rank=1:  57%|█████▋    | 255/450 [10:54<08:18,  2.56s/it]
Generating (int4) rank=0:  56%|█████▌    | 253/450 [10:55<08:32,  2.60s/it]
Generating (int4) rank=1:  57%|█████▋    | 256/450 [10:56<08:16,  2.56s/it]
Generating (int4) rank=0:  56%|█████▋    | 254/450 [10:57<08:29,  2.60s/it]
Generating (int4) rank=1:  57%|█████▋    | 257/450 [10:59<08:14,  2.56s/it]
Generating (int4) rank=0:  57%|█████▋    | 255/450 [11:00<08:26,  2.60s/it]
Generating (int4) rank=1:  57%|█████▋    | 258/450 [11:02<08:12,  2.56s/it]
Generating (int4) rank=0:  57%|█████▋    | 256/450 [11:03<08:24,  2.60s/it]
Generating (int4) rank=1:  58%|█████▊    | 259/450 [11:04<08:09,  2.56s/it]
Generating (int4) rank=0:  57%|█████▋    | 257/450 [11:05<08:22,  2.60s/it]
Generating (int4) rank=1:  58%|█████▊    | 260/450 [11:07<08:07,  2.56s/it]
Generating (int4) rank=0:  57%|█████▋    | 258/450 [11:08<08:19,  2.60s/it]
Generating (int4) rank=1:  58%|█████▊    | 261/450 [11:09<08:04,  2.56s/it]
Generating (int4) rank=0:  58%|█████▊    | 259/450 [11:10<08:16,  2.60s/it]
Generating (int4) rank=1:  58%|█████▊    | 262/450 [11:12<08:01,  2.56s/it]
Generating (int4) rank=0:  58%|█████▊    | 260/450 [11:13<08:14,  2.60s/it]
Generating (int4) rank=1:  58%|█████▊    | 263/450 [11:14<07:57,  2.56s/it]
Generating (int4) rank=0:  58%|█████▊    | 261/450 [11:16<08:11,  2.60s/it]
Generating (int4) rank=1:  59%|█████▊    | 264/450 [11:17<07:55,  2.56s/it]
Generating (int4) rank=0:  58%|█████▊    | 262/450 [11:18<08:09,  2.60s/it]
Generating (int4) rank=1:  59%|█████▉    | 265/450 [11:20<07:52,  2.55s/it]
Generating (int4) rank=0:  58%|█████▊    | 263/450 [11:21<08:06,  2.60s/it]
Generating (int4) rank=1:  59%|█████▉    | 266/450 [11:22<07:49,  2.55s/it]
Generating (int4) rank=0:  59%|█████▊    | 264/450 [11:23<08:04,  2.60s/it]
Generating (int4) rank=1:  59%|█████▉    | 267/450 [11:25<07:46,  2.55s/it]
Generating (int4) rank=0:  59%|█████▉    | 265/450 [11:26<08:01,  2.60s/it]
Generating (int4) rank=1:  60%|█████▉    | 268/450 [11:27<07:43,  2.55s/it]
Generating (int4) rank=0:  59%|█████▉    | 266/450 [11:29<07:58,  2.60s/it]
Generating (int4) rank=1:  60%|█████▉    | 269/450 [11:30<07:42,  2.55s/it]
Generating (int4) rank=0:  59%|█████▉    | 267/450 [11:31<07:54,  2.60s/it]
Generating (int4) rank=1:  60%|██████    | 270/450 [11:32<07:39,  2.55s/it]
Generating (int4) rank=0:  60%|█████▉    | 268/450 [11:34<07:52,  2.60s/it]
Generating (int4) rank=1:  60%|██████    | 271/450 [11:35<07:37,  2.56s/it]
Generating (int4) rank=0:  60%|█████▉    | 269/450 [11:36<07:49,  2.59s/it]
Generating (int4) rank=1:  60%|██████    | 272/450 [11:37<07:35,  2.56s/it]
Generating (int4) rank=0:  60%|██████    | 270/450 [11:39<07:48,  2.60s/it]
Generating (int4) rank=1:  61%|██████    | 273/450 [11:40<07:33,  2.56s/it]
Generating (int4) rank=0:  60%|██████    | 271/450 [11:42<07:45,  2.60s/it]
Generating (int4) rank=1:  61%|██████    | 274/450 [11:43<07:30,  2.56s/it]
Generating (int4) rank=0:  60%|██████    | 272/450 [11:44<07:41,  2.59s/it]
Generating (int4) rank=1:  61%|██████    | 275/450 [11:45<07:27,  2.56s/it]
Generating (int4) rank=0:  61%|██████    | 273/450 [11:47<07:38,  2.59s/it]
Generating (int4) rank=1:  61%|██████▏   | 276/450 [11:48<07:25,  2.56s/it]
Generating (int4) rank=0:  61%|██████    | 274/450 [11:49<07:36,  2.59s/it]
Generating (int4) rank=1:  62%|██████▏   | 277/450 [11:50<07:22,  2.56s/it]
Generating (int4) rank=0:  61%|██████    | 275/450 [11:52<07:33,  2.59s/it]
Generating (int4) rank=1:  62%|██████▏   | 278/450 [11:53<07:19,  2.56s/it]
Generating (int4) rank=0:  61%|██████▏   | 276/450 [11:54<07:30,  2.59s/it]
Generating (int4) rank=1:  62%|██████▏   | 279/450 [11:55<07:17,  2.56s/it]
Generating (int4) rank=0:  62%|██████▏   | 277/450 [11:57<07:28,  2.59s/it]
Generating (int4) rank=1:  62%|██████▏   | 280/450 [11:58<07:15,  2.56s/it]
Generating (int4) rank=0:  62%|██████▏   | 278/450 [12:00<07:25,  2.59s/it]
Generating (int4) rank=1:  62%|██████▏   | 281/450 [12:00<07:12,  2.56s/it]
Generating (int4) rank=0:  62%|██████▏   | 279/450 [12:02<07:23,  2.59s/it]
Generating (int4) rank=1:  63%|██████▎   | 282/450 [12:03<07:10,  2.56s/it]
Generating (int4) rank=0:  62%|██████▏   | 280/450 [12:05<07:20,  2.59s/it]
Generating (int4) rank=1:  63%|██████▎   | 283/450 [12:06<07:07,  2.56s/it]
Generating (int4) rank=0:  62%|██████▏   | 281/450 [12:07<07:17,  2.59s/it]
Generating (int4) rank=1:  63%|██████▎   | 284/450 [12:08<07:05,  2.56s/it]
Generating (int4) rank=0:  63%|██████▎   | 282/450 [12:10<07:15,  2.59s/it]
Generating (int4) rank=1:  63%|██████▎   | 285/450 [12:11<07:02,  2.56s/it]
Generating (int4) rank=0:  63%|██████▎   | 283/450 [12:13<07:12,  2.59s/it]
Generating (int4) rank=1:  64%|██████▎   | 286/450 [12:13<07:00,  2.56s/it]
Generating (int4) rank=0:  63%|██████▎   | 284/450 [12:15<07:10,  2.59s/it]
Generating (int4) rank=1:  64%|██████▍   | 287/450 [12:16<06:57,  2.56s/it]
Generating (int4) rank=0:  63%|██████▎   | 285/450 [12:18<07:07,  2.59s/it]
Generating (int4) rank=1:  64%|██████▍   | 288/450 [12:18<06:55,  2.56s/it]
Generating (int4) rank=0:  64%|██████▎   | 286/450 [12:20<07:05,  2.59s/it]
Generating (int4) rank=1:  64%|██████▍   | 289/450 [12:21<06:52,  2.56s/it]
Generating (int4) rank=0:  64%|██████▍   | 287/450 [12:23<07:02,  2.59s/it]
Generating (int4) rank=1:  64%|██████▍   | 290/450 [12:23<06:48,  2.55s/it]
Generating (int4) rank=0:  64%|██████▍   | 288/450 [12:26<07:00,  2.59s/it]
Generating (int4) rank=1:  65%|██████▍   | 291/450 [12:26<06:46,  2.55s/it]
Generating (int4) rank=0:  64%|██████▍   | 289/450 [12:28<06:57,  2.59s/it]
Generating (int4) rank=1:  65%|██████▍   | 292/450 [12:29<06:43,  2.55s/it]
Generating (int4) rank=0:  64%|██████▍   | 290/450 [12:31<06:55,  2.60s/it]
Generating (int4) rank=1:  65%|██████▌   | 293/450 [12:31<06:40,  2.55s/it]
Generating (int4) rank=0:  65%|██████▍   | 291/450 [12:33<06:52,  2.60s/it]
Generating (int4) rank=1:  65%|██████▌   | 294/450 [12:34<06:38,  2.55s/it]
Generating (int4) rank=0:  65%|██████▍   | 292/450 [12:36<06:50,  2.60s/it]
Generating (int4) rank=1:  66%|██████▌   | 295/450 [12:36<06:35,  2.55s/it]
Generating (int4) rank=0:  65%|██████▌   | 293/450 [12:39<06:47,  2.59s/it]
Generating (int4) rank=1:  66%|██████▌   | 296/450 [12:39<06:32,  2.55s/it]
Generating (int4) rank=0:  65%|██████▌   | 294/450 [12:41<06:44,  2.59s/it]
Generating (int4) rank=1:  66%|██████▌   | 297/450 [12:41<06:30,  2.55s/it]
Generating (int4) rank=0:  66%|██████▌   | 295/450 [12:44<06:42,  2.59s/it]
Generating (int4) rank=1:  66%|██████▌   | 298/450 [12:44<06:28,  2.55s/it]
Generating (int4) rank=0:  66%|██████▌   | 296/450 [12:46<06:39,  2.59s/it]
Generating (int4) rank=1:  66%|██████▋   | 299/450 [12:46<06:25,  2.55s/it]
Generating (int4) rank=0:  66%|██████▌   | 297/450 [12:49<06:36,  2.59s/it]
Generating (int4) rank=1:  67%|██████▋   | 300/450 [12:49<06:23,  2.55s/it]
Generating (int4) rank=1:  67%|██████▋   | 301/450 [12:52<06:19,  2.55s/it]
Generating (int4) rank=0:  66%|██████▌   | 298/450 [12:52<06:33,  2.59s/it]
Generating (int4) rank=1:  67%|██████▋   | 302/450 [12:54<06:17,  2.55s/it]
Generating (int4) rank=0:  66%|██████▋   | 299/450 [12:54<06:31,  2.59s/it]
Generating (int4) rank=1:  67%|██████▋   | 303/450 [12:57<06:14,  2.55s/it]
Generating (int4) rank=0:  67%|██████▋   | 300/450 [12:57<06:28,  2.59s/it]
Generating (int4) rank=1:  68%|██████▊   | 304/450 [12:59<06:12,  2.55s/it]
Generating (int4) rank=0:  67%|██████▋   | 301/450 [12:59<06:26,  2.59s/it]
Generating (int4) rank=1:  68%|██████▊   | 305/450 [13:02<06:10,  2.56s/it]
Generating (int4) rank=0:  67%|██████▋   | 302/450 [13:02<06:23,  2.59s/it]
Generating (int4) rank=1:  68%|██████▊   | 306/450 [13:04<06:08,  2.56s/it]
Generating (int4) rank=0:  67%|██████▋   | 303/450 [13:04<06:21,  2.59s/it]
Generating (int4) rank=1:  68%|██████▊   | 307/450 [13:07<06:05,  2.55s/it]
Generating (int4) rank=0:  68%|██████▊   | 304/450 [13:07<06:19,  2.60s/it]
Generating (int4) rank=1:  68%|██████▊   | 308/450 [13:09<06:02,  2.56s/it]
Generating (int4) rank=0:  68%|██████▊   | 305/450 [13:10<06:16,  2.60s/it]
Generating (int4) rank=1:  69%|██████▊   | 309/450 [13:12<06:00,  2.55s/it]
Generating (int4) rank=0:  68%|██████▊   | 306/450 [13:12<06:14,  2.60s/it]
Generating (int4) rank=1:  69%|██████▉   | 310/450 [13:15<05:58,  2.56s/it]
Generating (int4) rank=0:  68%|██████▊   | 307/450 [13:15<06:11,  2.60s/it]
Generating (int4) rank=1:  69%|██████▉   | 311/450 [13:17<05:55,  2.56s/it]
Generating (int4) rank=0:  68%|██████▊   | 308/450 [13:17<06:08,  2.60s/it]
Generating (int4) rank=1:  69%|██████▉   | 312/450 [13:20<05:53,  2.56s/it]
Generating (int4) rank=0:  69%|██████▊   | 309/450 [13:20<06:06,  2.60s/it]
Generating (int4) rank=1:  70%|██████▉   | 313/450 [13:22<05:51,  2.56s/it]
Generating (int4) rank=0:  69%|██████▉   | 310/450 [13:23<06:03,  2.60s/it]
Generating (int4) rank=1:  70%|██████▉   | 314/450 [13:25<05:48,  2.57s/it]
Generating (int4) rank=0:  69%|██████▉   | 311/450 [13:25<06:00,  2.60s/it]
Generating (int4) rank=1:  70%|███████   | 315/450 [13:27<05:46,  2.56s/it]
Generating (int4) rank=0:  69%|██████▉   | 312/450 [13:28<05:58,  2.60s/it]
Generating (int4) rank=1:  70%|███████   | 316/450 [13:30<05:43,  2.56s/it]
Generating (int4) rank=0:  70%|██████▉   | 313/450 [13:30<05:55,  2.60s/it]
Generating (int4) rank=1:  70%|███████   | 317/450 [13:32<05:40,  2.56s/it]
Generating (int4) rank=0:  70%|██████▉   | 314/450 [13:33<05:53,  2.60s/it]
Generating (int4) rank=1:  71%|███████   | 318/450 [13:35<05:37,  2.56s/it]
Generating (int4) rank=0:  70%|███████   | 315/450 [13:36<05:50,  2.60s/it]
Generating (int4) rank=1:  71%|███████   | 319/450 [13:38<05:36,  2.57s/it]
Generating (int4) rank=0:  70%|███████   | 316/450 [13:38<05:48,  2.60s/it]
Generating (int4) rank=1:  71%|███████   | 320/450 [13:40<05:33,  2.57s/it]
Generating (int4) rank=0:  70%|███████   | 317/450 [13:41<05:45,  2.60s/it]
Generating (int4) rank=1:  71%|███████▏  | 321/450 [13:43<05:30,  2.56s/it]
Generating (int4) rank=0:  71%|███████   | 318/450 [13:43<05:42,  2.60s/it]
Generating (int4) rank=1:  72%|███████▏  | 322/450 [13:45<05:27,  2.56s/it]
Generating (int4) rank=0:  71%|███████   | 319/450 [13:46<05:40,  2.60s/it]
Generating (int4) rank=1:  72%|███████▏  | 323/450 [13:48<05:24,  2.56s/it]
Generating (int4) rank=0:  71%|███████   | 320/450 [13:49<05:38,  2.60s/it]
Generating (int4) rank=1:  72%|███████▏  | 324/450 [13:50<05:22,  2.56s/it]
Generating (int4) rank=0:  71%|███████▏  | 321/450 [13:51<05:35,  2.60s/it]
Generating (int4) rank=1:  72%|███████▏  | 325/450 [13:53<05:21,  2.58s/it]
Generating (int4) rank=0:  72%|███████▏  | 322/450 [13:54<05:33,  2.60s/it]
Generating (int4) rank=1:  72%|███████▏  | 326/450 [13:56<05:20,  2.58s/it]
Generating (int4) rank=0:  72%|███████▏  | 323/450 [13:56<05:30,  2.60s/it]
Generating (int4) rank=1:  73%|███████▎  | 327/450 [13:58<05:18,  2.59s/it]
Generating (int4) rank=0:  72%|███████▏  | 324/450 [13:59<05:27,  2.60s/it]
Generating (int4) rank=1:  73%|███████▎  | 328/450 [14:01<05:16,  2.59s/it]
Generating (int4) rank=0:  72%|███████▏  | 325/450 [14:02<05:25,  2.60s/it]
Generating (int4) rank=1:  73%|███████▎  | 329/450 [14:03<05:14,  2.60s/it]
Generating (int4) rank=0:  72%|███████▏  | 326/450 [14:04<05:22,  2.60s/it]
Generating (int4) rank=1:  73%|███████▎  | 330/450 [14:06<05:12,  2.60s/it]
Generating (int4) rank=0:  73%|███████▎  | 327/450 [14:07<05:19,  2.60s/it]
Generating (int4) rank=1:  74%|███████▎  | 331/450 [14:09<05:09,  2.60s/it]
Generating (int4) rank=0:  73%|███████▎  | 328/450 [14:09<05:17,  2.60s/it]
Generating (int4) rank=1:  74%|███████▍  | 332/450 [14:11<05:07,  2.60s/it]
Generating (int4) rank=0:  73%|███████▎  | 329/450 [14:12<05:14,  2.60s/it]
Generating (int4) rank=1:  74%|███████▍  | 333/450 [14:14<05:03,  2.60s/it]
Generating (int4) rank=0:  73%|███████▎  | 330/450 [14:15<05:12,  2.60s/it]
Generating (int4) rank=1:  74%|███████▍  | 334/450 [14:16<05:01,  2.60s/it]
Generating (int4) rank=0:  74%|███████▎  | 331/450 [14:17<05:09,  2.60s/it]
Generating (int4) rank=1:  74%|███████▍  | 335/450 [14:19<04:59,  2.60s/it]
Generating (int4) rank=0:  74%|███████▍  | 332/450 [14:20<05:07,  2.60s/it]
Generating (int4) rank=1:  75%|███████▍  | 336/450 [14:22<04:57,  2.61s/it]
Generating (int4) rank=0:  74%|███████▍  | 333/450 [14:23<05:04,  2.60s/it]
Generating (int4) rank=1:  75%|███████▍  | 337/450 [14:24<04:53,  2.60s/it]
Generating (int4) rank=0:  74%|███████▍  | 334/450 [14:25<05:01,  2.60s/it]
Generating (int4) rank=1:  75%|███████▌  | 338/450 [14:27<04:49,  2.58s/it]
Generating (int4) rank=0:  74%|███████▍  | 335/450 [14:28<04:59,  2.60s/it]
Generating (int4) rank=1:  75%|███████▌  | 339/450 [14:29<04:45,  2.58s/it]
Generating (int4) rank=0:  75%|███████▍  | 336/450 [14:30<04:56,  2.60s/it]
Generating (int4) rank=1:  76%|███████▌  | 340/450 [14:32<04:43,  2.57s/it]
Generating (int4) rank=0:  75%|███████▍  | 337/450 [14:33<04:54,  2.60s/it]
Generating (int4) rank=1:  76%|███████▌  | 341/450 [14:34<04:40,  2.57s/it]
Generating (int4) rank=0:  75%|███████▌  | 338/450 [14:36<04:52,  2.61s/it]
Generating (int4) rank=1:  76%|███████▌  | 342/450 [14:37<04:37,  2.57s/it]
Generating (int4) rank=0:  75%|███████▌  | 339/450 [14:38<04:49,  2.61s/it]
Generating (int4) rank=1:  76%|███████▌  | 343/450 [14:40<04:34,  2.57s/it]
Generating (int4) rank=0:  76%|███████▌  | 340/450 [14:41<04:46,  2.61s/it]
Generating (int4) rank=1:  76%|███████▋  | 344/450 [14:42<04:31,  2.56s/it]
Generating (int4) rank=0:  76%|███████▌  | 341/450 [14:43<04:44,  2.61s/it]
Generating (int4) rank=1:  77%|███████▋  | 345/450 [14:45<04:28,  2.56s/it]
Generating (int4) rank=0:  76%|███████▌  | 342/450 [14:46<04:41,  2.61s/it]
Generating (int4) rank=1:  77%|███████▋  | 346/450 [14:47<04:26,  2.56s/it]
Generating (int4) rank=0:  76%|███████▌  | 343/450 [14:49<04:39,  2.61s/it]
Generating (int4) rank=1:  77%|███████▋  | 347/450 [14:50<04:24,  2.57s/it]
Generating (int4) rank=0:  76%|███████▋  | 344/450 [14:51<04:36,  2.61s/it]
Generating (int4) rank=1:  77%|███████▋  | 348/450 [14:52<04:21,  2.57s/it]
Generating (int4) rank=0:  77%|███████▋  | 345/450 [14:54<04:34,  2.61s/it]
Generating (int4) rank=1:  78%|███████▊  | 349/450 [14:55<04:19,  2.57s/it]
Generating (int4) rank=0:  77%|███████▋  | 346/450 [14:56<04:31,  2.61s/it]
Generating (int4) rank=1:  78%|███████▊  | 350/450 [14:58<04:16,  2.56s/it]
Generating (int4) rank=0:  77%|███████▋  | 347/450 [14:59<04:29,  2.61s/it]
Generating (int4) rank=1:  78%|███████▊  | 351/450 [15:00<04:13,  2.56s/it]
Generating (int4) rank=0:  77%|███████▋  | 348/450 [15:02<04:26,  2.61s/it]
Generating (int4) rank=1:  78%|███████▊  | 352/450 [15:03<04:11,  2.56s/it]
Generating (int4) rank=0:  78%|███████▊  | 349/450 [15:04<04:23,  2.61s/it]
Generating (int4) rank=1:  78%|███████▊  | 353/450 [15:05<04:08,  2.56s/it]
Generating (int4) rank=0:  78%|███████▊  | 350/450 [15:07<04:20,  2.61s/it]
Generating (int4) rank=1:  79%|███████▊  | 354/450 [15:08<04:05,  2.56s/it]
Generating (int4) rank=0:  78%|███████▊  | 351/450 [15:09<04:18,  2.61s/it]
Generating (int4) rank=1:  79%|███████▉  | 355/450 [15:10<04:03,  2.56s/it]
Generating (int4) rank=0:  78%|███████▊  | 352/450 [15:12<04:15,  2.60s/it]
Generating (int4) rank=1:  79%|███████▉  | 356/450 [15:13<04:01,  2.56s/it]
Generating (int4) rank=0:  78%|███████▊  | 353/450 [15:15<04:12,  2.60s/it]
Generating (int4) rank=1:  79%|███████▉  | 357/450 [15:15<03:58,  2.56s/it]
Generating (int4) rank=0:  79%|███████▊  | 354/450 [15:17<04:09,  2.60s/it]
Generating (int4) rank=1:  80%|███████▉  | 358/450 [15:18<03:56,  2.57s/it]
Generating (int4) rank=0:  79%|███████▉  | 355/450 [15:20<04:07,  2.60s/it]
Generating (int4) rank=1:  80%|███████▉  | 359/450 [15:21<03:53,  2.57s/it]
Generating (int4) rank=0:  79%|███████▉  | 356/450 [15:22<04:04,  2.60s/it]
Generating (int4) rank=1:  80%|████████  | 360/450 [15:23<03:50,  2.57s/it]
Generating (int4) rank=0:  79%|███████▉  | 357/450 [15:25<04:02,  2.60s/it]
Generating (int4) rank=1:  80%|████████  | 361/450 [15:26<03:48,  2.57s/it]
Generating (int4) rank=0:  80%|███████▉  | 358/450 [15:28<03:59,  2.60s/it]
Generating (int4) rank=1:  80%|████████  | 362/450 [15:28<03:46,  2.57s/it]
Generating (int4) rank=0:  80%|███████▉  | 359/450 [15:30<03:56,  2.60s/it]
Generating (int4) rank=1:  81%|████████  | 363/450 [15:31<03:43,  2.57s/it]
Generating (int4) rank=0:  80%|████████  | 360/450 [15:33<03:54,  2.60s/it]
Generating (int4) rank=1:  81%|████████  | 364/450 [15:33<03:40,  2.56s/it]
Generating (int4) rank=0:  80%|████████  | 361/450 [15:35<03:51,  2.60s/it]
Generating (int4) rank=1:  81%|████████  | 365/450 [15:36<03:37,  2.56s/it]
Generating (int4) rank=0:  80%|████████  | 362/450 [15:38<03:48,  2.60s/it]
Generating (int4) rank=1:  81%|████████▏ | 366/450 [15:39<03:35,  2.56s/it]
Generating (int4) rank=0:  81%|████████  | 363/450 [15:41<03:46,  2.60s/it]
Generating (int4) rank=1:  82%|████████▏ | 367/450 [15:41<03:32,  2.56s/it]
Generating (int4) rank=0:  81%|████████  | 364/450 [15:43<03:43,  2.60s/it]
Generating (int4) rank=1:  82%|████████▏ | 368/450 [15:44<03:30,  2.57s/it]
Generating (int4) rank=0:  81%|████████  | 365/450 [15:46<03:41,  2.60s/it]
Generating (int4) rank=1:  82%|████████▏ | 369/450 [15:46<03:27,  2.57s/it]
Generating (int4) rank=0:  81%|████████▏ | 366/450 [15:48<03:38,  2.60s/it]
Generating (int4) rank=1:  82%|████████▏ | 370/450 [15:49<03:25,  2.57s/it]
Generating (int4) rank=0:  82%|████████▏ | 367/450 [15:51<03:35,  2.60s/it]
Generating (int4) rank=1:  82%|████████▏ | 371/450 [15:51<03:22,  2.57s/it]
Generating (int4) rank=0:  82%|████████▏ | 368/450 [15:54<03:33,  2.60s/it]
Generating (int4) rank=1:  83%|████████▎ | 372/450 [15:54<03:20,  2.57s/it]
Generating (int4) rank=0:  82%|████████▏ | 369/450 [15:56<03:30,  2.60s/it]
Generating (int4) rank=1:  83%|████████▎ | 373/450 [15:57<03:17,  2.57s/it]
Generating (int4) rank=0:  82%|████████▏ | 370/450 [15:59<03:27,  2.60s/it]
Generating (int4) rank=1:  83%|████████▎ | 374/450 [15:59<03:15,  2.57s/it]
Generating (int4) rank=0:  82%|████████▏ | 371/450 [16:01<03:25,  2.60s/it]
Generating (int4) rank=1:  83%|████████▎ | 375/450 [16:02<03:12,  2.57s/it]
Generating (int4) rank=0:  83%|████████▎ | 372/450 [16:04<03:22,  2.60s/it]
Generating (int4) rank=1:  84%|████████▎ | 376/450 [16:04<03:10,  2.58s/it]
Generating (int4) rank=0:  83%|████████▎ | 373/450 [16:07<03:20,  2.60s/it]
Generating (int4) rank=1:  84%|████████▍ | 377/450 [16:07<03:08,  2.58s/it]
Generating (int4) rank=0:  83%|████████▎ | 374/450 [16:09<03:17,  2.60s/it]
Generating (int4) rank=1:  84%|████████▍ | 378/450 [16:09<03:05,  2.58s/it]
Generating (int4) rank=0:  83%|████████▎ | 375/450 [16:12<03:14,  2.60s/it]
Generating (int4) rank=1:  84%|████████▍ | 379/450 [16:12<03:02,  2.58s/it]
Generating (int4) rank=0:  84%|████████▎ | 376/450 [16:14<03:12,  2.60s/it]
Generating (int4) rank=1:  84%|████████▍ | 380/450 [16:15<03:00,  2.58s/it]
Generating (int4) rank=0:  84%|████████▍ | 377/450 [16:17<03:09,  2.60s/it]
Generating (int4) rank=1:  85%|████████▍ | 381/450 [16:17<02:57,  2.57s/it]
Generating (int4) rank=0:  84%|████████▍ | 378/450 [16:20<03:07,  2.60s/it]
Generating (int4) rank=1:  85%|████████▍ | 382/450 [16:20<02:54,  2.57s/it]
Generating (int4) rank=0:  84%|████████▍ | 379/450 [16:22<03:04,  2.60s/it]
Generating (int4) rank=1:  85%|████████▌ | 383/450 [16:22<02:52,  2.57s/it]
Generating (int4) rank=0:  84%|████████▍ | 380/450 [16:25<03:01,  2.60s/it]
Generating (int4) rank=1:  85%|████████▌ | 384/450 [16:25<02:49,  2.57s/it]
Generating (int4) rank=1:  86%|████████▌ | 385/450 [16:27<02:46,  2.57s/it]
Generating (int4) rank=0:  85%|████████▍ | 381/450 [16:27<02:59,  2.60s/it]
Generating (int4) rank=1:  86%|████████▌ | 386/450 [16:30<02:44,  2.57s/it]
Generating (int4) rank=0:  85%|████████▍ | 382/450 [16:30<02:56,  2.60s/it]
Generating (int4) rank=1:  86%|████████▌ | 387/450 [16:33<02:41,  2.57s/it]
Generating (int4) rank=0:  85%|████████▌ | 383/450 [16:33<02:54,  2.60s/it]
Generating (int4) rank=1:  86%|████████▌ | 388/450 [16:35<02:39,  2.57s/it]
Generating (int4) rank=0:  85%|████████▌ | 384/450 [16:35<02:51,  2.60s/it]
Generating (int4) rank=1:  86%|████████▋ | 389/450 [16:38<02:36,  2.57s/it]
Generating (int4) rank=0:  86%|████████▌ | 385/450 [16:38<02:49,  2.60s/it]
Generating (int4) rank=1:  87%|████████▋ | 390/450 [16:40<02:34,  2.57s/it]
Generating (int4) rank=0:  86%|████████▌ | 386/450 [16:40<02:46,  2.60s/it]
Generating (int4) rank=1:  87%|████████▋ | 391/450 [16:43<02:31,  2.57s/it]
Generating (int4) rank=0:  86%|████████▌ | 387/450 [16:43<02:43,  2.60s/it]
Generating (int4) rank=1:  87%|████████▋ | 392/450 [16:45<02:28,  2.57s/it]
Generating (int4) rank=0:  86%|████████▌ | 388/450 [16:46<02:41,  2.60s/it]
Generating (int4) rank=1:  87%|████████▋ | 393/450 [16:48<02:27,  2.59s/it]
Generating (int4) rank=0:  86%|████████▋ | 389/450 [16:48<02:38,  2.60s/it]
Generating (int4) rank=1:  88%|████████▊ | 394/450 [16:51<02:25,  2.59s/it]
Generating (int4) rank=0:  87%|████████▋ | 390/450 [16:51<02:35,  2.60s/it]
Generating (int4) rank=1:  88%|████████▊ | 395/450 [16:53<02:23,  2.60s/it]
Generating (int4) rank=0:  87%|████████▋ | 391/450 [16:53<02:33,  2.60s/it]
Generating (int4) rank=1:  88%|████████▊ | 396/450 [16:56<02:20,  2.61s/it]
Generating (int4) rank=0:  87%|████████▋ | 392/450 [16:56<02:30,  2.60s/it]
Generating (int4) rank=1:  88%|████████▊ | 397/450 [16:59<02:18,  2.61s/it]
Generating (int4) rank=0:  87%|████████▋ | 393/450 [16:59<02:28,  2.60s/it]
Generating (int4) rank=1:  88%|████████▊ | 398/450 [17:01<02:15,  2.61s/it]
Generating (int4) rank=0:  88%|████████▊ | 394/450 [17:01<02:25,  2.60s/it]
Generating (int4) rank=1:  89%|████████▊ | 399/450 [17:04<02:13,  2.61s/it]
Generating (int4) rank=0:  88%|████████▊ | 395/450 [17:04<02:22,  2.60s/it]
Generating (int4) rank=1:  89%|████████▉ | 400/450 [17:06<02:10,  2.61s/it]
Generating (int4) rank=0:  88%|████████▊ | 396/450 [17:06<02:20,  2.60s/it]
Generating (int4) rank=1:  89%|████████▉ | 401/450 [17:09<02:08,  2.61s/it]
Generating (int4) rank=0:  88%|████████▊ | 397/450 [17:09<02:18,  2.60s/it]
Generating (int4) rank=1:  89%|████████▉ | 402/450 [17:12<02:05,  2.61s/it]
Generating (int4) rank=0:  88%|████████▊ | 398/450 [17:12<02:15,  2.60s/it]
Generating (int4) rank=1:  90%|████████▉ | 403/450 [17:14<02:02,  2.61s/it]
Generating (int4) rank=0:  89%|████████▊ | 399/450 [17:14<02:12,  2.60s/it]
Generating (int4) rank=1:  90%|████████▉ | 404/450 [17:17<02:00,  2.61s/it]
Generating (int4) rank=0:  89%|████████▉ | 400/450 [17:17<02:10,  2.60s/it]
Generating (int4) rank=1:  90%|█████████ | 405/450 [17:19<01:57,  2.61s/it]
Generating (int4) rank=0:  89%|████████▉ | 401/450 [17:20<02:07,  2.60s/it]
Generating (int4) rank=1:  90%|█████████ | 406/450 [17:22<01:54,  2.61s/it]
Generating (int4) rank=0:  89%|████████▉ | 402/450 [17:22<02:05,  2.61s/it]
Generating (int4) rank=1:  90%|█████████ | 407/450 [17:25<01:52,  2.61s/it]
Generating (int4) rank=0:  90%|████████▉ | 403/450 [17:25<02:02,  2.60s/it]
Generating (int4) rank=1:  91%|█████████ | 408/450 [17:27<01:49,  2.61s/it]
Generating (int4) rank=0:  90%|████████▉ | 404/450 [17:27<01:59,  2.60s/it]
Generating (int4) rank=1:  91%|█████████ | 409/450 [17:30<01:47,  2.61s/it]
Generating (int4) rank=0:  90%|█████████ | 405/450 [17:30<01:57,  2.61s/it]
Generating (int4) rank=1:  91%|█████████ | 410/450 [17:32<01:44,  2.62s/it]
Generating (int4) rank=0:  90%|█████████ | 406/450 [17:33<01:54,  2.61s/it]
Generating (int4) rank=1:  91%|█████████▏| 411/450 [17:35<01:41,  2.61s/it]
Generating (int4) rank=0:  90%|█████████ | 407/450 [17:35<01:52,  2.61s/it]
Generating (int4) rank=1:  92%|█████████▏| 412/450 [17:38<01:39,  2.61s/it]
Generating (int4) rank=0:  91%|█████████ | 408/450 [17:38<01:49,  2.60s/it]
Generating (int4) rank=1:  92%|█████████▏| 413/450 [17:40<01:36,  2.61s/it]
Generating (int4) rank=0:  91%|█████████ | 409/450 [17:40<01:46,  2.60s/it]
Generating (int4) rank=1:  92%|█████████▏| 414/450 [17:43<01:34,  2.61s/it]
Generating (int4) rank=0:  91%|█████████ | 410/450 [17:43<01:44,  2.60s/it]
Generating (int4) rank=0:  91%|█████████▏| 411/450 [17:46<01:41,  2.60s/it]
Generating (int4) rank=1:  92%|█████████▏| 415/450 [17:46<01:31,  2.61s/it]
Generating (int4) rank=0:  92%|█████████▏| 412/450 [17:48<01:38,  2.60s/it]
Generating (int4) rank=1:  92%|█████████▏| 416/450 [17:48<01:28,  2.61s/it]
Generating (int4) rank=0:  92%|█████████▏| 413/450 [17:51<01:36,  2.60s/it]
Generating (int4) rank=1:  93%|█████████▎| 417/450 [17:51<01:26,  2.61s/it]
Generating (int4) rank=0:  92%|█████████▏| 414/450 [17:53<01:33,  2.60s/it]
Generating (int4) rank=1:  93%|█████████▎| 418/450 [17:53<01:23,  2.61s/it]
Generating (int4) rank=0:  92%|█████████▏| 415/450 [17:56<01:30,  2.60s/it]
Generating (int4) rank=1:  93%|█████████▎| 419/450 [17:56<01:20,  2.61s/it]
Generating (int4) rank=0:  92%|█████████▏| 416/450 [17:59<01:28,  2.60s/it]
Generating (int4) rank=1:  93%|█████████▎| 420/450 [17:59<01:18,  2.60s/it]
Generating (int4) rank=0:  93%|█████████▎| 417/450 [18:01<01:25,  2.60s/it]
Generating (int4) rank=1:  94%|█████████▎| 421/450 [18:01<01:15,  2.60s/it]
Generating (int4) rank=0:  93%|█████████▎| 418/450 [18:04<01:23,  2.60s/it]
Generating (int4) rank=1:  94%|█████████▍| 422/450 [18:04<01:12,  2.60s/it]
Generating (int4) rank=0:  93%|█████████▎| 419/450 [18:06<01:20,  2.60s/it]
Generating (int4) rank=1:  94%|█████████▍| 423/450 [18:06<01:10,  2.60s/it]
Generating (int4) rank=0:  93%|█████████▎| 420/450 [18:09<01:17,  2.60s/it]
Generating (int4) rank=1:  94%|█████████▍| 424/450 [18:09<01:07,  2.60s/it]
Generating (int4) rank=0:  94%|█████████▎| 421/450 [18:12<01:15,  2.60s/it]
Generating (int4) rank=1:  94%|█████████▍| 425/450 [18:12<01:05,  2.60s/it]
Generating (int4) rank=0:  94%|█████████▍| 422/450 [18:14<01:12,  2.60s/it]
Generating (int4) rank=1:  95%|█████████▍| 426/450 [18:14<01:02,  2.60s/it]
Generating (int4) rank=0:  94%|█████████▍| 423/450 [18:17<01:10,  2.60s/it]
Generating (int4) rank=1:  95%|█████████▍| 427/450 [18:17<00:59,  2.61s/it]
Generating (int4) rank=0:  94%|█████████▍| 424/450 [18:19<01:07,  2.60s/it]
Generating (int4) rank=1:  95%|█████████▌| 428/450 [18:19<00:57,  2.61s/it]
Generating (int4) rank=0:  94%|█████████▍| 425/450 [18:22<01:04,  2.60s/it]
Generating (int4) rank=1:  95%|█████████▌| 429/450 [18:22<00:54,  2.61s/it]
Generating (int4) rank=0:  95%|█████████▍| 426/450 [18:24<01:02,  2.60s/it]
Generating (int4) rank=1:  96%|█████████▌| 430/450 [18:25<00:52,  2.61s/it]
Generating (int4) rank=0:  95%|█████████▍| 427/450 [18:27<00:59,  2.60s/it]
Generating (int4) rank=1:  96%|█████████▌| 431/450 [18:27<00:49,  2.61s/it]
Generating (int4) rank=0:  95%|█████████▌| 428/450 [18:30<00:57,  2.60s/it]
Generating (int4) rank=1:  96%|█████████▌| 432/450 [18:30<00:46,  2.61s/it]
Generating (int4) rank=0:  95%|█████████▌| 429/450 [18:32<00:54,  2.60s/it]
Generating (int4) rank=1:  96%|█████████▌| 433/450 [18:32<00:44,  2.61s/it]
Generating (int4) rank=0:  96%|█████████▌| 430/450 [18:35<00:51,  2.60s/it]
Generating (int4) rank=1:  96%|█████████▋| 434/450 [18:35<00:41,  2.61s/it]
Generating (int4) rank=0:  96%|█████████▌| 431/450 [18:37<00:49,  2.59s/it]
Generating (int4) rank=1:  97%|█████████▋| 435/450 [18:38<00:39,  2.61s/it]
Generating (int4) rank=0:  96%|█████████▌| 432/450 [18:40<00:46,  2.60s/it]
Generating (int4) rank=1:  97%|█████████▋| 436/450 [18:40<00:36,  2.61s/it]
Generating (int4) rank=0:  96%|█████████▌| 433/450 [18:43<00:44,  2.60s/it]
Generating (int4) rank=1:  97%|█████████▋| 437/450 [18:43<00:33,  2.61s/it]
Generating (int4) rank=0:  96%|█████████▋| 434/450 [18:45<00:41,  2.59s/it]
Generating (int4) rank=1:  97%|█████████▋| 438/450 [18:46<00:31,  2.61s/it]
Generating (int4) rank=0:  97%|█████████▋| 435/450 [18:48<00:38,  2.59s/it]
Generating (int4) rank=1:  98%|█████████▊| 439/450 [18:48<00:28,  2.61s/it]
Generating (int4) rank=0:  97%|█████████▋| 436/450 [18:50<00:36,  2.59s/it]
Generating (int4) rank=1:  98%|█████████▊| 440/450 [18:51<00:26,  2.60s/it]
Generating (int4) rank=0:  97%|█████████▋| 437/450 [18:53<00:33,  2.59s/it]
Generating (int4) rank=1:  98%|█████████▊| 441/450 [18:53<00:23,  2.60s/it]
Generating (int4) rank=0:  97%|█████████▋| 438/450 [18:56<00:31,  2.60s/it]
Generating (int4) rank=1:  98%|█████████▊| 442/450 [18:56<00:20,  2.60s/it]
Generating (int4) rank=0:  98%|█████████▊| 439/450 [18:58<00:28,  2.60s/it]
Generating (int4) rank=1:  98%|█████████▊| 443/450 [18:59<00:18,  2.60s/it]
Generating (int4) rank=0:  98%|█████████▊| 440/450 [19:01<00:25,  2.60s/it]
Generating (int4) rank=1:  99%|█████████▊| 444/450 [19:01<00:15,  2.60s/it]
Generating (int4) rank=0:  98%|█████████▊| 441/450 [19:03<00:23,  2.60s/it]
Generating (int4) rank=1:  99%|█████████▉| 445/450 [19:04<00:13,  2.61s/it]
Generating (int4) rank=0:  98%|█████████▊| 442/450 [19:06<00:20,  2.60s/it]
Generating (int4) rank=1:  99%|█████████▉| 446/450 [19:06<00:10,  2.61s/it]
Generating (int4) rank=0:  98%|█████████▊| 443/450 [19:09<00:18,  2.59s/it]
Generating (int4) rank=1:  99%|█████████▉| 447/450 [19:09<00:07,  2.61s/it]
Generating (int4) rank=0:  99%|█████████▊| 444/450 [19:11<00:15,  2.59s/it]
Generating (int4) rank=1: 100%|█████████▉| 448/450 [19:12<00:05,  2.60s/it]
Generating (int4) rank=0:  99%|█████████▉| 445/450 [19:14<00:12,  2.59s/it]
Generating (int4) rank=1: 100%|█████████▉| 449/450 [19:14<00:02,  2.61s/it]
Generating (int4) rank=0:  99%|█████████▉| 446/450 [19:16<00:10,  2.59s/it]
Generating (int4) rank=1: 100%|██████████| 450/450 [19:17<00:00,  2.61s/it]
Generating (int4) rank=1: 100%|██████████| 450/450 [19:17<00:00,  2.57s/it]

Generating (int4) rank=0:  99%|█████████▉| 447/450 [19:19<00:07,  2.59s/it]
Generating (int4) rank=0: 100%|█████████▉| 448/450 [19:22<00:05,  2.59s/it]
Generating (int4) rank=0: 100%|█████████▉| 449/450 [19:24<00:02,  2.60s/it]
Generating (int4) rank=0: 100%|██████████| 450/450 [19:27<00:00,  2.60s/it]
Generating (int4) rank=0: 100%|██████████| 450/450 [19:27<00:00,  2.59s/it]
fatal: not a git repository (or any of the parent directories): .git
2026-07-12:19:08:15,784 INFO     [lm_eval.loggers.evaluation_tracker:209] Saving results aggregated
2026-07-12:19:08:15,785 INFO     [lm_eval.loggers.evaluation_tracker:290] Saving per-sample results for: sudoku4_2shot_large

