/home/alimaskina/miniconda3/lib/python3.13/site-packages/requests/__init__.py:113: RequestsDependencyWarning: urllib3 (2.5.0) or chardet (6.0.0.post1)/charset_normalizer (3.3.2) doesn't match a supported version!
  warnings.warn(
Loading WikiText prompts: dataset=wikitext-103-raw-v1 split=validation n=256
Saved prompts → checkpoints/results_wikitext_fp16_g64_n256/prompts.json
Generating 256 samples with traces → checkpoints/results_wikitext_fp16_g64_n256
Done in 515s, avg generation len=227.9 chars
Summary → checkpoints/results_wikitext_fp16_g64_n256/summary.json

/home/alimaskina/miniconda3/lib/python3.13/site-packages/requests/__init__.py:113: RequestsDependencyWarning: urllib3 (2.5.0) or chardet (6.0.0.post1)/charset_normalizer (3.3.2) doesn't match a supported version!
  warnings.warn(
/home/alimaskina/miniconda3/lib/python3.13/site-packages/requests/__init__.py:113: RequestsDependencyWarning: urllib3 (2.5.0) or chardet (6.0.0.post1)/charset_normalizer (3.3.2) doesn't match a supported version!
  warnings.warn(
/home/alimaskina/miniconda3/lib/python3.13/site-packages/requests/__init__.py:113: RequestsDependencyWarning: urllib3 (2.5.0) or chardet (6.0.0.post1)/charset_normalizer (3.3.2) doesn't match a supported version!
  warnings.warn(
Detected kernel version 5.4.210, which is below the recommended minimum of 5.5.0; this can cause the process to hang. It is recommended to upgrade the kernel to the minimum version or higher.

Loading checkpoint shards:   0%|          | 0/6 [00:00<?, ?it/s]
Loading checkpoint shards:  17%|█▋        | 1/6 [00:00<00:04,  1.16it/s]
Loading checkpoint shards:  33%|███▎      | 2/6 [00:01<00:02,  1.36it/s]
Loading checkpoint shards:  50%|█████     | 3/6 [00:02<00:03,  1.03s/it]
Loading checkpoint shards:  67%|██████▋   | 4/6 [00:04<00:02,  1.18s/it]
Loading checkpoint shards:  83%|████████▎ | 5/6 [00:05<00:01,  1.04s/it]
Loading checkpoint shards: 100%|██████████| 6/6 [00:05<00:00,  1.11it/s]
Loading checkpoint shards: 100%|██████████| 6/6 [00:05<00:00,  1.05it/s]
Parameter 'function'=<function LLaDAEvalHarness.generate_until.<locals>._tokenize at 0x7f82ad872d40> of the transform datasets.arrow_dataset.Dataset._map_single couldn't be hashed properly, a random hash was used instead. Make sure your transforms and parameters are serializable with pickle or dill for the dataset fingerprinting and caching to work. If you reuse this transform, the caching mechanism will consider it to be different from the previous calls and recompute everything. This warning is only shown once. Subsequent hashing failures won't be shown.

Map:   0%|          | 0/256 [00:00<?, ? examples/s]
Map: 100%|██████████| 256/256 [00:00<00:00, 3358.11 examples/s]

Generating (fp16) rank=0:   0%|          | 0/256 [00:00<?, ?it/s]
Generating (fp16) rank=0:   0%|          | 1/256 [00:09<39:03,  9.19s/it]
Generating (fp16) rank=0:   2%|▏         | 5/256 [00:16<12:27,  2.98s/it]
Generating (fp16) rank=0:   4%|▎         | 9/256 [00:24<09:38,  2.34s/it]
Generating (fp16) rank=0:   5%|▌         | 13/256 [00:31<08:36,  2.12s/it]
Generating (fp16) rank=0:   7%|▋         | 17/256 [00:38<08:05,  2.03s/it]
Generating (fp16) rank=0:   8%|▊         | 21/256 [00:46<07:47,  1.99s/it]
Generating (fp16) rank=0:  10%|▉         | 25/256 [00:54<07:37,  1.98s/it]
Generating (fp16) rank=0:  11%|█▏        | 29/256 [01:02<07:29,  1.98s/it]
Generating (fp16) rank=0:  13%|█▎        | 33/256 [01:10<07:31,  2.02s/it]
Generating (fp16) rank=0:  14%|█▍        | 37/256 [01:19<07:29,  2.05s/it]
Generating (fp16) rank=0:  16%|█▌        | 41/256 [01:27<07:25,  2.07s/it]
Generating (fp16) rank=0:  18%|█▊        | 45/256 [01:35<07:09,  2.03s/it]
Generating (fp16) rank=0:  19%|█▉        | 49/256 [01:43<06:51,  1.99s/it]
Generating (fp16) rank=0:  21%|██        | 53/256 [01:50<06:38,  1.96s/it]
Generating (fp16) rank=0:  22%|██▏       | 57/256 [01:58<06:28,  1.95s/it]
Generating (fp16) rank=0:  24%|██▍       | 61/256 [02:06<06:22,  1.96s/it]
Generating (fp16) rank=0:  25%|██▌       | 65/256 [02:14<06:18,  1.98s/it]
Generating (fp16) rank=0:  27%|██▋       | 69/256 [02:22<06:14,  2.00s/it]
Generating (fp16) rank=0:  29%|██▊       | 73/256 [02:31<06:15,  2.05s/it]
Generating (fp16) rank=0:  30%|███       | 77/256 [02:40<06:14,  2.09s/it]
Generating (fp16) rank=0:  32%|███▏      | 81/256 [02:48<06:03,  2.08s/it]
Generating (fp16) rank=0:  33%|███▎      | 85/256 [02:55<05:39,  1.99s/it]
Generating (fp16) rank=0:  35%|███▍      | 89/256 [03:02<05:24,  1.94s/it]
Generating (fp16) rank=0:  36%|███▋      | 93/256 [03:10<05:13,  1.92s/it]
Generating (fp16) rank=0:  38%|███▊      | 97/256 [03:17<05:03,  1.91s/it]
Generating (fp16) rank=0:  39%|███▉      | 101/256 [03:25<04:57,  1.92s/it]
Generating (fp16) rank=0:  41%|████      | 105/256 [03:33<04:52,  1.94s/it]
Generating (fp16) rank=0:  43%|████▎     | 109/256 [03:41<04:47,  1.95s/it]
Generating (fp16) rank=0:  44%|████▍     | 113/256 [03:49<04:47,  2.01s/it]
Generating (fp16) rank=0:  46%|████▌     | 117/256 [03:58<04:45,  2.05s/it]
Generating (fp16) rank=0:  47%|████▋     | 121/256 [04:06<04:34,  2.04s/it]
Generating (fp16) rank=0:  49%|████▉     | 125/256 [04:13<04:16,  1.96s/it]
Generating (fp16) rank=0:  50%|█████     | 129/256 [04:21<04:04,  1.92s/it]
Generating (fp16) rank=0:  52%|█████▏    | 133/256 [04:28<03:54,  1.91s/it]
Generating (fp16) rank=0:  54%|█████▎    | 137/256 [04:36<03:46,  1.91s/it]
Generating (fp16) rank=0:  55%|█████▌    | 141/256 [04:43<03:39,  1.91s/it]
Generating (fp16) rank=0:  57%|█████▋    | 145/256 [04:51<03:33,  1.93s/it]
Generating (fp16) rank=0:  58%|█████▊    | 149/256 [04:59<03:31,  1.97s/it]
Generating (fp16) rank=0:  60%|█████▉    | 153/256 [05:08<03:26,  2.01s/it]
Generating (fp16) rank=0:  61%|██████▏   | 157/256 [05:17<03:24,  2.07s/it]
Generating (fp16) rank=0:  63%|██████▎   | 161/256 [05:25<03:14,  2.05s/it]
Generating (fp16) rank=0:  64%|██████▍   | 165/256 [05:32<02:59,  1.98s/it]
Generating (fp16) rank=0:  66%|██████▌   | 169/256 [05:39<02:49,  1.94s/it]
Generating (fp16) rank=0:  68%|██████▊   | 173/256 [05:47<02:39,  1.92s/it]
Generating (fp16) rank=0:  69%|██████▉   | 177/256 [05:54<02:31,  1.92s/it]
Generating (fp16) rank=0:  71%|███████   | 181/256 [06:02<02:24,  1.92s/it]
Generating (fp16) rank=0:  72%|███████▏  | 185/256 [06:11<02:19,  1.97s/it]
Generating (fp16) rank=0:  74%|███████▍  | 189/256 [06:19<02:13,  1.99s/it]
Generating (fp16) rank=0:  75%|███████▌  | 193/256 [06:27<02:07,  2.03s/it]
Generating (fp16) rank=0:  77%|███████▋  | 197/256 [06:36<02:02,  2.08s/it]
Generating (fp16) rank=0:  79%|███████▊  | 201/256 [06:44<01:51,  2.02s/it]
Generating (fp16) rank=0:  80%|████████  | 205/256 [06:51<01:39,  1.95s/it]
Generating (fp16) rank=0:  82%|████████▏ | 209/256 [06:58<01:30,  1.93s/it]
Generating (fp16) rank=0:  83%|████████▎ | 213/256 [07:06<01:22,  1.92s/it]
Generating (fp16) rank=0:  85%|████████▍ | 217/256 [07:13<01:14,  1.91s/it]
Generating (fp16) rank=0:  86%|████████▋ | 221/256 [07:21<01:07,  1.94s/it]
Generating (fp16) rank=0:  88%|████████▊ | 225/256 [07:29<01:00,  1.96s/it]
Generating (fp16) rank=0:  89%|████████▉ | 229/256 [07:38<00:53,  1.99s/it]
Generating (fp16) rank=0:  91%|█████████ | 233/256 [07:46<00:46,  2.03s/it]
Generating (fp16) rank=0:  93%|█████████▎| 237/256 [07:55<00:39,  2.08s/it]
Generating (fp16) rank=0:  94%|█████████▍| 241/256 [08:02<00:30,  2.01s/it]
Generating (fp16) rank=0:  96%|█████████▌| 245/256 [08:09<00:21,  1.94s/it]
Generating (fp16) rank=0:  97%|█████████▋| 249/256 [08:17<00:13,  1.92s/it]
Generating (fp16) rank=0:  99%|█████████▉| 253/256 [08:25<00:05,  1.91s/it]
Generating (fp16) rank=0: 100%|██████████| 256/256 [08:25<00:00,  1.97s/it]

