/home/alimaskina/miniconda3/lib/python3.13/site-packages/requests/__init__.py:113: RequestsDependencyWarning: urllib3 (2.5.0) or chardet (6.0.0.post1)/charset_normalizer (3.3.2) doesn't match a supported version!
  warnings.warn(
llada_dist (model_path=GSAI-ML/LLaDA-8B-Base,quant=int4,gen_length=24,steps=24,block_length=24,remasking=low_confidence,checkpoint_dir=checkpoints/results_sudoku_int4_4x4_4shot_n256_2gpu,gen_batch_size=1), gen_kwargs: (None), limit: 256.0, num_fewshot: None, batch_size: 1
|    Tasks    |Version|Filter|n-shot|   Metric   |   |Value|   |Stderr|
|-------------|------:|------|-----:|------------|---|----:|---|-----:|
|sudoku4_4shot|      2|none  |     4|exact_match |↑  |  0.3|±  |0.0461|
|             |       |none  |     4|valid_sudoku|↑  |  0.3|±  |0.0461|


/home/alimaskina/miniconda3/lib/python3.13/site-packages/requests/__init__.py:113: RequestsDependencyWarning: urllib3 (2.5.0) or chardet (6.0.0.post1)/charset_normalizer (3.3.2) doesn't match a supported version!
  warnings.warn(
/home/alimaskina/miniconda3/lib/python3.13/site-packages/requests/__init__.py:113: RequestsDependencyWarning: urllib3 (2.5.0) or chardet (6.0.0.post1)/charset_normalizer (3.3.2) doesn't match a supported version!
  warnings.warn(
/home/alimaskina/miniconda3/lib/python3.13/site-packages/requests/__init__.py:113: RequestsDependencyWarning: urllib3 (2.5.0) or chardet (6.0.0.post1)/charset_normalizer (3.3.2) doesn't match a supported version!
  warnings.warn(
The following values were not passed to `accelerate launch` and had defaults used instead:
	`--num_machines` was set to a value of `1`
	`--mixed_precision` was set to a value of `'no'`
	`--dynamo_backend` was set to a value of `'no'`
To avoid this warning pass in values for each of the problematic parameters or run `accelerate config`.
2026-07-12:17:47:08,818 INFO     [lm_eval.__main__:307] Including path: /home/alimaskina/dllm/quant_where_to_unmask/tasks
2026-07-12:17:47:08,878 INFO     [lm_eval.__main__:307] Including path: /home/alimaskina/dllm/quant_where_to_unmask/tasks
2026-07-12:17:47:21,524 WARNING  [lm_eval.__main__:316]  --limit SHOULD ONLY BE USED FOR TESTING.REAL METRICS SHOULD NOT BE COMPUTED USING LIMIT.
2026-07-12:17:47:21,525 INFO     [lm_eval.__main__:379] Selected Tasks: ['sudoku4_4shot']
2026-07-12:17:47:21,526 INFO     [lm_eval.evaluator:169] Setting random seed to 0 | Setting numpy seed to 1234 | Setting torch manual seed to 1234 | Setting fewshot manual seed to 1234
2026-07-12:17:47:21,526 INFO     [lm_eval.evaluator:206] Initializing llada_dist model, with arguments: {'model_path': 'GSAI-ML/LLaDA-8B-Base', 'quant': 'int4', 'gen_length': 24, 'steps': 24, 'block_length': 24, 'remasking': 'low_confidence', 'checkpoint_dir': 'checkpoints/results_sudoku_int4_4x4_4shot_n256_2gpu', 'gen_batch_size': 1}
2026-07-12:17:47:21,891 WARNING  [lm_eval.__main__:316]  --limit SHOULD ONLY BE USED FOR TESTING.REAL METRICS SHOULD NOT BE COMPUTED USING LIMIT.
2026-07-12:17:47:21,892 INFO     [lm_eval.__main__:379] Selected Tasks: ['sudoku4_4shot']
2026-07-12:17:47:21,893 INFO     [lm_eval.evaluator:169] Setting random seed to 0 | Setting numpy seed to 1234 | Setting torch manual seed to 1234 | Setting fewshot manual seed to 1234
2026-07-12:17:47:21,893 INFO     [lm_eval.evaluator:206] Initializing llada_dist model, with arguments: {'model_path': 'GSAI-ML/LLaDA-8B-Base', 'quant': 'int4', 'gen_length': 24, 'steps': 24, 'block_length': 24, 'remasking': 'low_confidence', 'checkpoint_dir': 'checkpoints/results_sudoku_int4_4x4_4shot_n256_2gpu', 'gen_batch_size': 1}
2026-07-12:17:47:22,686 WARNING  [accelerate.utils.other:349] Detected kernel version 5.4.210, which is below the recommended minimum of 5.5.0; this can cause the process to hang. It is recommended to upgrade the kernel to the minimum version or higher.

Loading checkpoint shards:   0%|          | 0/6 [00:00<?, ?it/s]
Loading checkpoint shards:   0%|          | 0/6 [00:00<?, ?it/s]
Loading checkpoint shards:  17%|█▋        | 1/6 [00:01<00:09,  1.99s/it]
Loading checkpoint shards:  17%|█▋        | 1/6 [00:02<00:10,  2.19s/it]
Loading checkpoint shards:  33%|███▎      | 2/6 [00:04<00:08,  2.22s/it]
Loading checkpoint shards:  33%|███▎      | 2/6 [00:04<00:09,  2.44s/it]
Loading checkpoint shards:  50%|█████     | 3/6 [00:06<00:07,  2.35s/it]
Loading checkpoint shards:  50%|█████     | 3/6 [00:07<00:07,  2.60s/it]
Loading checkpoint shards:  67%|██████▋   | 4/6 [00:09<00:04,  2.38s/it]
Loading checkpoint shards:  67%|██████▋   | 4/6 [00:10<00:05,  2.66s/it]
Loading checkpoint shards:  83%|████████▎ | 5/6 [00:11<00:02,  2.40s/it]
Loading checkpoint shards:  83%|████████▎ | 5/6 [00:13<00:02,  2.69s/it]
Loading checkpoint shards: 100%|██████████| 6/6 [00:13<00:00,  2.20s/it]
Loading checkpoint shards: 100%|██████████| 6/6 [00:13<00:00,  2.26s/it]

Loading checkpoint shards: 100%|██████████| 6/6 [00:15<00:00,  2.46s/it]
Loading checkpoint shards: 100%|██████████| 6/6 [00:15<00:00,  2.52s/it]
2026-07-12:17:47:39,018 INFO     [lm_eval.api.task:420] Building contexts for sudoku4_4shot on rank 1...

  0%|          | 0/50 [00:00<?, ?it/s]
 62%|██████▏   | 31/50 [00:00<00:00, 308.58it/s]
100%|██████████| 50/50 [00:00<00:00, 309.57it/s]
2026-07-12:17:47:40,431 INFO     [lm_eval.api.task:420] Building contexts for sudoku4_4shot on rank 0...

  0%|          | 0/50 [00:00<?, ?it/s]
 62%|██████▏   | 31/50 [00:00<00:00, 308.34it/s]
100%|██████████| 50/50 [00:00<00:00, 312.11it/s]
2026-07-12:17:47:41,346 INFO     [lm_eval.evaluator:517] Running generate_until requests
2026-07-12:17:47:41,346 INFO     [lm_eval.evaluator:517] Running generate_until requests
Parameter 'function'=<function LLaDAEvalHarness.generate_until.<locals>._tokenize at 0x7f77e82d6a70> of the transform datasets.arrow_dataset.Dataset._map_single couldn't be hashed properly, a random hash was used instead. Make sure your transforms and parameters are serializable with pickle or dill for the dataset fingerprinting and caching to work. If you reuse this transform, the caching mechanism will consider it to be different from the previous calls and recompute everything. This warning is only shown once. Subsequent hashing failures won't be shown.
2026-07-12:17:47:41,376 WARNING  [datasets.fingerprint:284] Parameter 'function'=<function LLaDAEvalHarness.generate_until.<locals>._tokenize at 0x7f77e82d6a70> of the transform datasets.arrow_dataset.Dataset._map_single couldn't be hashed properly, a random hash was used instead. Make sure your transforms and parameters are serializable with pickle or dill for the dataset fingerprinting and caching to work. If you reuse this transform, the caching mechanism will consider it to be different from the previous calls and recompute everything. This warning is only shown once. Subsequent hashing failures won't be shown.
Parameter 'function'=<function LLaDAEvalHarness.generate_until.<locals>._tokenize at 0x7fa7c42e6a70> of the transform datasets.arrow_dataset.Dataset._map_single couldn't be hashed properly, a random hash was used instead. Make sure your transforms and parameters are serializable with pickle or dill for the dataset fingerprinting and caching to work. If you reuse this transform, the caching mechanism will consider it to be different from the previous calls and recompute everything. This warning is only shown once. Subsequent hashing failures won't be shown.
2026-07-12:17:47:41,376 WARNING  [datasets.fingerprint:284] Parameter 'function'=<function LLaDAEvalHarness.generate_until.<locals>._tokenize at 0x7fa7c42e6a70> of the transform datasets.arrow_dataset.Dataset._map_single couldn't be hashed properly, a random hash was used instead. Make sure your transforms and parameters are serializable with pickle or dill for the dataset fingerprinting and caching to work. If you reuse this transform, the caching mechanism will consider it to be different from the previous calls and recompute everything. This warning is only shown once. Subsequent hashing failures won't be shown.

Map:   0%|          | 0/50 [00:00<?, ? examples/s]
Map:   0%|          | 0/50 [00:00<?, ? examples/s]
Map: 100%|██████████| 50/50 [00:00<00:00, 1741.00 examples/s]

Map: 100%|██████████| 50/50 [00:00<00:00, 1718.16 examples/s]

Generating (int4) rank=0:   0%|          | 0/50 [00:00<?, ?it/s]
Generating (int4) rank=1:   0%|          | 0/50 [00:00<?, ?it/s]
Generating (int4) rank=0:   2%|▏         | 1/50 [00:03<02:34,  3.15s/it]
Generating (int4) rank=1:   2%|▏         | 1/50 [00:03<02:36,  3.19s/it]
Generating (int4) rank=0:   4%|▍         | 2/50 [00:05<02:19,  2.90s/it]
Generating (int4) rank=1:   4%|▍         | 2/50 [00:05<02:20,  2.92s/it]
Generating (int4) rank=0:   6%|▌         | 3/50 [00:08<02:12,  2.82s/it]
Generating (int4) rank=1:   6%|▌         | 3/50 [00:08<02:13,  2.84s/it]
Generating (int4) rank=0:   8%|▊         | 4/50 [00:11<02:08,  2.79s/it]
Generating (int4) rank=1:   8%|▊         | 4/50 [00:11<02:08,  2.80s/it]
Generating (int4) rank=0:  10%|█         | 5/50 [00:14<02:04,  2.77s/it]
Generating (int4) rank=1:  10%|█         | 5/50 [00:14<02:04,  2.77s/it]
Generating (int4) rank=0:  12%|█▏        | 6/50 [00:16<02:01,  2.76s/it]
Generating (int4) rank=1:  12%|█▏        | 6/50 [00:16<02:01,  2.76s/it]
Generating (int4) rank=0:  14%|█▍        | 7/50 [00:19<01:58,  2.75s/it]
Generating (int4) rank=1:  14%|█▍        | 7/50 [00:19<01:58,  2.75s/it]
Generating (int4) rank=0:  16%|█▌        | 8/50 [00:22<01:55,  2.74s/it]
Generating (int4) rank=1:  16%|█▌        | 8/50 [00:22<01:55,  2.75s/it]
Generating (int4) rank=0:  18%|█▊        | 9/50 [00:25<01:52,  2.74s/it]
Generating (int4) rank=1:  18%|█▊        | 9/50 [00:25<01:52,  2.74s/it]
Generating (int4) rank=0:  20%|██        | 10/50 [00:27<01:49,  2.74s/it]
Generating (int4) rank=1:  20%|██        | 10/50 [00:27<01:49,  2.74s/it]
Generating (int4) rank=0:  22%|██▏       | 11/50 [00:30<01:46,  2.74s/it]
Generating (int4) rank=1:  22%|██▏       | 11/50 [00:30<01:46,  2.74s/it]
Generating (int4) rank=0:  24%|██▍       | 12/50 [00:33<01:43,  2.73s/it]
Generating (int4) rank=1:  24%|██▍       | 12/50 [00:33<01:43,  2.74s/it]
Generating (int4) rank=0:  26%|██▌       | 13/50 [00:35<01:41,  2.73s/it]
Generating (int4) rank=1:  26%|██▌       | 13/50 [00:35<01:41,  2.74s/it]
Generating (int4) rank=0:  28%|██▊       | 14/50 [00:38<01:38,  2.73s/it]
Generating (int4) rank=1:  28%|██▊       | 14/50 [00:38<01:38,  2.73s/it]
Generating (int4) rank=0:  30%|███       | 15/50 [00:41<01:35,  2.73s/it]
Generating (int4) rank=1:  30%|███       | 15/50 [00:41<01:35,  2.73s/it]
Generating (int4) rank=0:  32%|███▏      | 16/50 [00:44<01:32,  2.73s/it]
Generating (int4) rank=1:  32%|███▏      | 16/50 [00:44<01:32,  2.73s/it]
Generating (int4) rank=0:  34%|███▍      | 17/50 [00:46<01:30,  2.73s/it]
Generating (int4) rank=1:  34%|███▍      | 17/50 [00:46<01:30,  2.73s/it]
Generating (int4) rank=0:  36%|███▌      | 18/50 [00:49<01:27,  2.73s/it]
Generating (int4) rank=1:  36%|███▌      | 18/50 [00:49<01:27,  2.73s/it]
Generating (int4) rank=0:  38%|███▊      | 19/50 [00:52<01:24,  2.73s/it]
Generating (int4) rank=1:  38%|███▊      | 19/50 [00:52<01:24,  2.73s/it]
Generating (int4) rank=0:  40%|████      | 20/50 [00:55<01:21,  2.73s/it]
Generating (int4) rank=1:  40%|████      | 20/50 [00:55<01:21,  2.73s/it]
Generating (int4) rank=0:  42%|████▏     | 21/50 [00:57<01:19,  2.73s/it]
Generating (int4) rank=1:  42%|████▏     | 21/50 [00:58<01:21,  2.80s/it]
Generating (int4) rank=0:  44%|████▍     | 22/50 [01:00<01:16,  2.73s/it]
Generating (int4) rank=1:  44%|████▍     | 22/50 [01:00<01:17,  2.78s/it]
Generating (int4) rank=0:  46%|████▌     | 23/50 [01:03<01:13,  2.73s/it]
Generating (int4) rank=1:  46%|████▌     | 23/50 [01:03<01:14,  2.77s/it]
Generating (int4) rank=0:  48%|████▊     | 24/50 [01:05<01:10,  2.73s/it]
Generating (int4) rank=1:  48%|████▊     | 24/50 [01:06<01:11,  2.76s/it]
Generating (int4) rank=0:  50%|█████     | 25/50 [01:08<01:08,  2.73s/it]
Generating (int4) rank=1:  50%|█████     | 25/50 [01:09<01:08,  2.75s/it]
Generating (int4) rank=0:  52%|█████▏    | 26/50 [01:11<01:05,  2.73s/it]
Generating (int4) rank=1:  52%|█████▏    | 26/50 [01:11<01:05,  2.74s/it]
Generating (int4) rank=0:  54%|█████▍    | 27/50 [01:14<01:02,  2.73s/it]
Generating (int4) rank=1:  54%|█████▍    | 27/50 [01:14<01:02,  2.74s/it]
Generating (int4) rank=0:  56%|█████▌    | 28/50 [01:16<01:00,  2.73s/it]
Generating (int4) rank=1:  56%|█████▌    | 28/50 [01:17<01:00,  2.73s/it]
Generating (int4) rank=0:  58%|█████▊    | 29/50 [01:19<00:57,  2.73s/it]
Generating (int4) rank=1:  58%|█████▊    | 29/50 [01:19<00:57,  2.73s/it]
Generating (int4) rank=0:  60%|██████    | 30/50 [01:22<00:54,  2.73s/it]
Generating (int4) rank=1:  60%|██████    | 30/50 [01:22<00:54,  2.73s/it]
Generating (int4) rank=0:  62%|██████▏   | 31/50 [01:25<00:51,  2.73s/it]
Generating (int4) rank=1:  62%|██████▏   | 31/50 [01:25<00:51,  2.73s/it]
Generating (int4) rank=0:  64%|██████▍   | 32/50 [01:27<00:49,  2.73s/it]
Generating (int4) rank=1:  64%|██████▍   | 32/50 [01:28<00:49,  2.73s/it]
Generating (int4) rank=0:  66%|██████▌   | 33/50 [01:30<00:46,  2.73s/it]
Generating (int4) rank=1:  66%|██████▌   | 33/50 [01:30<00:46,  2.73s/it]
Generating (int4) rank=0:  68%|██████▊   | 34/50 [01:33<00:43,  2.73s/it]
Generating (int4) rank=1:  68%|██████▊   | 34/50 [01:33<00:43,  2.73s/it]
Generating (int4) rank=0:  70%|███████   | 35/50 [01:35<00:40,  2.73s/it]
Generating (int4) rank=1:  70%|███████   | 35/50 [01:36<00:40,  2.73s/it]
Generating (int4) rank=0:  72%|███████▏  | 36/50 [01:38<00:38,  2.73s/it]
Generating (int4) rank=1:  72%|███████▏  | 36/50 [01:38<00:38,  2.73s/it]
Generating (int4) rank=0:  74%|███████▍  | 37/50 [01:41<00:35,  2.73s/it]
Generating (int4) rank=1:  74%|███████▍  | 37/50 [01:41<00:35,  2.72s/it]
Generating (int4) rank=0:  76%|███████▌  | 38/50 [01:44<00:32,  2.73s/it]
Generating (int4) rank=1:  76%|███████▌  | 38/50 [01:44<00:32,  2.72s/it]
Generating (int4) rank=0:  78%|███████▊  | 39/50 [01:46<00:30,  2.73s/it]
Generating (int4) rank=1:  78%|███████▊  | 39/50 [01:47<00:29,  2.73s/it]
Generating (int4) rank=0:  80%|████████  | 40/50 [01:49<00:27,  2.73s/it]
Generating (int4) rank=1:  80%|████████  | 40/50 [01:49<00:27,  2.73s/it]
Generating (int4) rank=0:  82%|████████▏ | 41/50 [01:52<00:24,  2.73s/it]
Generating (int4) rank=1:  82%|████████▏ | 41/50 [01:52<00:24,  2.72s/it]
Generating (int4) rank=0:  84%|████████▍ | 42/50 [01:55<00:21,  2.73s/it]
Generating (int4) rank=1:  84%|████████▍ | 42/50 [01:55<00:21,  2.72s/it]
Generating (int4) rank=0:  86%|████████▌ | 43/50 [01:57<00:19,  2.73s/it]
Generating (int4) rank=1:  86%|████████▌ | 43/50 [01:58<00:19,  2.72s/it]
Generating (int4) rank=0:  88%|████████▊ | 44/50 [02:00<00:16,  2.73s/it]
Generating (int4) rank=1:  88%|████████▊ | 44/50 [02:00<00:16,  2.72s/it]
Generating (int4) rank=0:  90%|█████████ | 45/50 [02:03<00:13,  2.73s/it]
Generating (int4) rank=1:  90%|█████████ | 45/50 [02:03<00:13,  2.72s/it]
Generating (int4) rank=0:  92%|█████████▏| 46/50 [02:06<00:10,  2.73s/it]
Generating (int4) rank=1:  92%|█████████▏| 46/50 [02:06<00:10,  2.72s/it]
Generating (int4) rank=0:  94%|█████████▍| 47/50 [02:08<00:08,  2.73s/it]
Generating (int4) rank=1:  94%|█████████▍| 47/50 [02:08<00:08,  2.72s/it]
Generating (int4) rank=0:  96%|█████████▌| 48/50 [02:11<00:05,  2.73s/it]
Generating (int4) rank=1:  96%|█████████▌| 48/50 [02:11<00:05,  2.72s/it]
Generating (int4) rank=0:  98%|█████████▊| 49/50 [02:14<00:02,  2.73s/it]
Generating (int4) rank=1:  98%|█████████▊| 49/50 [02:14<00:02,  2.73s/it]
Generating (int4) rank=0: 100%|██████████| 50/50 [02:16<00:00,  2.73s/it]
Generating (int4) rank=0: 100%|██████████| 50/50 [02:16<00:00,  2.74s/it]

Generating (int4) rank=1: 100%|██████████| 50/50 [02:17<00:00,  2.73s/it]
Generating (int4) rank=1: 100%|██████████| 50/50 [02:17<00:00,  2.74s/it]
fatal: not a git repository (or any of the parent directories): .git
2026-07-12:17:50:05,271 INFO     [lm_eval.loggers.evaluation_tracker:209] Saving results aggregated
2026-07-12:17:50:05,273 INFO     [lm_eval.loggers.evaluation_tracker:290] Saving per-sample results for: sudoku4_4shot

