/home/alimaskina/miniconda3/lib/python3.13/site-packages/requests/__init__.py:113: RequestsDependencyWarning: urllib3 (2.5.0) or chardet (6.0.0.post1)/charset_normalizer (3.3.2) doesn't match a supported version!
  warnings.warn(
Loading WikiText prompts: dataset=wikitext-103-raw-v1 split=train n=512
Saved prompts → checkpoints/results_wikitext_fp16_g64_train_seed43_n512/prompts.json
Generating 512 samples with traces → checkpoints/results_wikitext_fp16_g64_train_seed43_n512
Done in 619s, avg generation len=225.7 chars
Summary → checkpoints/results_wikitext_fp16_g64_train_seed43_n512/summary.json

/home/alimaskina/miniconda3/lib/python3.13/site-packages/requests/__init__.py:113: RequestsDependencyWarning: urllib3 (2.5.0) or chardet (6.0.0.post1)/charset_normalizer (3.3.2) doesn't match a supported version!
  warnings.warn(
/home/alimaskina/miniconda3/lib/python3.13/site-packages/requests/__init__.py:113: RequestsDependencyWarning: urllib3 (2.5.0) or chardet (6.0.0.post1)/charset_normalizer (3.3.2) doesn't match a supported version!
  warnings.warn(
/home/alimaskina/miniconda3/lib/python3.13/site-packages/requests/__init__.py:113: RequestsDependencyWarning: urllib3 (2.5.0) or chardet (6.0.0.post1)/charset_normalizer (3.3.2) doesn't match a supported version!
  warnings.warn(
Detected kernel version 5.4.210, which is below the recommended minimum of 5.5.0; this can cause the process to hang. It is recommended to upgrade the kernel to the minimum version or higher.

Loading checkpoint shards:   0%|          | 0/6 [00:00<?, ?it/s]
Loading checkpoint shards:  17%|█▋        | 1/6 [00:01<00:07,  1.46s/it]
Loading checkpoint shards:  33%|███▎      | 2/6 [00:02<00:05,  1.30s/it]
Loading checkpoint shards:  50%|█████     | 3/6 [00:05<00:05,  1.87s/it]
Loading checkpoint shards:  67%|██████▋   | 4/6 [00:07<00:04,  2.10s/it]
Loading checkpoint shards:  83%|████████▎ | 5/6 [00:09<00:01,  1.86s/it]
Loading checkpoint shards: 100%|██████████| 6/6 [00:10<00:00,  1.56s/it]
Loading checkpoint shards: 100%|██████████| 6/6 [00:10<00:00,  1.68s/it]
Parameter 'function'=<function LLaDAEvalHarness.generate_until.<locals>._tokenize at 0x7f9fb57d9bd0> of the transform datasets.arrow_dataset.Dataset._map_single couldn't be hashed properly, a random hash was used instead. Make sure your transforms and parameters are serializable with pickle or dill for the dataset fingerprinting and caching to work. If you reuse this transform, the caching mechanism will consider it to be different from the previous calls and recompute everything. This warning is only shown once. Subsequent hashing failures won't be shown.

Map:   0%|          | 0/512 [00:00<?, ? examples/s]
Map:  63%|██████▎   | 323/512 [00:00<00:00, 3198.51 examples/s]
Map: 100%|██████████| 512/512 [00:00<00:00, 3174.12 examples/s]

Generating (fp16) rank=0:   0%|          | 0/512 [00:00<?, ?it/s]
Generating (fp16) rank=0:   0%|          | 1/512 [00:05<42:56,  5.04s/it]
Generating (fp16) rank=0:   1%|          | 5/512 [00:09<14:45,  1.75s/it]
Generating (fp16) rank=0:   2%|▏         | 9/512 [00:14<11:57,  1.43s/it]
Generating (fp16) rank=0:   3%|▎         | 13/512 [00:19<10:55,  1.31s/it]
Generating (fp16) rank=0:   3%|▎         | 17/512 [00:23<10:21,  1.26s/it]
Generating (fp16) rank=0:   4%|▍         | 21/512 [00:28<10:01,  1.23s/it]
Generating (fp16) rank=0:   5%|▍         | 25/512 [00:33<09:47,  1.21s/it]
Generating (fp16) rank=0:   6%|▌         | 29/512 [00:37<09:38,  1.20s/it]
Generating (fp16) rank=0:   6%|▋         | 33/512 [00:42<09:39,  1.21s/it]
Generating (fp16) rank=0:   7%|▋         | 37/512 [00:47<09:28,  1.20s/it]
Generating (fp16) rank=0:   8%|▊         | 41/512 [00:52<09:19,  1.19s/it]
Generating (fp16) rank=0:   9%|▉         | 45/512 [00:56<09:11,  1.18s/it]
Generating (fp16) rank=0:  10%|▉         | 49/512 [01:01<09:05,  1.18s/it]
Generating (fp16) rank=0:  10%|█         | 53/512 [01:06<08:59,  1.18s/it]
Generating (fp16) rank=0:  11%|█         | 57/512 [01:10<08:54,  1.17s/it]
Generating (fp16) rank=0:  12%|█▏        | 61/512 [01:15<08:49,  1.17s/it]
Generating (fp16) rank=0:  13%|█▎        | 65/512 [01:20<08:44,  1.17s/it]
Generating (fp16) rank=0:  13%|█▎        | 69/512 [01:24<08:39,  1.17s/it]
Generating (fp16) rank=0:  14%|█▍        | 73/512 [01:29<08:44,  1.19s/it]
Generating (fp16) rank=0:  15%|█▌        | 77/512 [01:34<08:36,  1.19s/it]
Generating (fp16) rank=0:  16%|█▌        | 81/512 [01:39<08:28,  1.18s/it]
Generating (fp16) rank=0:  17%|█▋        | 85/512 [01:43<08:23,  1.18s/it]
Generating (fp16) rank=0:  17%|█▋        | 89/512 [01:48<08:17,  1.18s/it]
Generating (fp16) rank=0:  18%|█▊        | 93/512 [01:53<08:12,  1.17s/it]
Generating (fp16) rank=0:  19%|█▉        | 97/512 [01:57<08:06,  1.17s/it]
Generating (fp16) rank=0:  20%|█▉        | 101/512 [02:02<08:01,  1.17s/it]
Generating (fp16) rank=0:  21%|██        | 105/512 [02:07<07:56,  1.17s/it]
Generating (fp16) rank=0:  21%|██▏       | 109/512 [02:12<08:00,  1.19s/it]
Generating (fp16) rank=0:  22%|██▏       | 113/512 [02:16<07:52,  1.18s/it]
Generating (fp16) rank=0:  23%|██▎       | 117/512 [02:21<07:46,  1.18s/it]
Generating (fp16) rank=0:  24%|██▎       | 121/512 [02:26<07:40,  1.18s/it]
Generating (fp16) rank=0:  24%|██▍       | 125/512 [02:30<07:35,  1.18s/it]
Generating (fp16) rank=0:  25%|██▌       | 129/512 [02:35<07:30,  1.18s/it]
Generating (fp16) rank=0:  26%|██▌       | 133/512 [02:40<07:25,  1.17s/it]
Generating (fp16) rank=0:  27%|██▋       | 137/512 [02:45<07:20,  1.17s/it]
Generating (fp16) rank=0:  28%|██▊       | 141/512 [02:49<07:15,  1.17s/it]
Generating (fp16) rank=0:  28%|██▊       | 145/512 [02:54<07:17,  1.19s/it]
Generating (fp16) rank=0:  29%|██▉       | 149/512 [02:59<07:10,  1.19s/it]
Generating (fp16) rank=0:  30%|██▉       | 153/512 [03:04<07:03,  1.18s/it]
Generating (fp16) rank=0:  31%|███       | 157/512 [03:08<06:58,  1.18s/it]
Generating (fp16) rank=0:  31%|███▏      | 161/512 [03:13<06:52,  1.18s/it]
Generating (fp16) rank=0:  32%|███▏      | 165/512 [03:18<06:48,  1.18s/it]
Generating (fp16) rank=0:  33%|███▎      | 169/512 [03:22<06:43,  1.18s/it]
Generating (fp16) rank=0:  34%|███▍      | 173/512 [03:27<06:38,  1.17s/it]
Generating (fp16) rank=0:  35%|███▍      | 177/512 [03:32<06:33,  1.17s/it]
Generating (fp16) rank=0:  35%|███▌      | 181/512 [03:36<06:28,  1.17s/it]
Generating (fp16) rank=0:  36%|███▌      | 185/512 [03:41<06:30,  1.19s/it]
Generating (fp16) rank=0:  37%|███▋      | 189/512 [03:46<06:23,  1.19s/it]
Generating (fp16) rank=0:  38%|███▊      | 193/512 [03:51<06:17,  1.18s/it]
Generating (fp16) rank=0:  38%|███▊      | 197/512 [03:55<06:11,  1.18s/it]
Generating (fp16) rank=0:  39%|███▉      | 201/512 [04:00<06:06,  1.18s/it]
Generating (fp16) rank=0:  40%|████      | 205/512 [04:05<06:01,  1.18s/it]
Generating (fp16) rank=0:  41%|████      | 209/512 [04:10<05:56,  1.18s/it]
Generating (fp16) rank=0:  42%|████▏     | 213/512 [04:14<05:51,  1.17s/it]
Generating (fp16) rank=0:  42%|████▏     | 217/512 [04:19<05:46,  1.17s/it]
Generating (fp16) rank=0:  43%|████▎     | 221/512 [04:24<05:46,  1.19s/it]
Generating (fp16) rank=0:  44%|████▍     | 225/512 [04:29<05:40,  1.19s/it]
Generating (fp16) rank=0:  45%|████▍     | 229/512 [04:33<05:34,  1.18s/it]
Generating (fp16) rank=0:  46%|████▌     | 233/512 [04:38<05:28,  1.18s/it]
Generating (fp16) rank=0:  46%|████▋     | 237/512 [04:43<05:23,  1.18s/it]
Generating (fp16) rank=0:  47%|████▋     | 241/512 [04:47<05:18,  1.18s/it]
Generating (fp16) rank=0:  48%|████▊     | 245/512 [04:52<05:13,  1.17s/it]
Generating (fp16) rank=0:  49%|████▊     | 249/512 [04:57<05:08,  1.17s/it]
Generating (fp16) rank=0:  49%|████▉     | 253/512 [05:01<05:03,  1.17s/it]
Generating (fp16) rank=0:  50%|█████     | 257/512 [05:06<05:03,  1.19s/it]
Generating (fp16) rank=0:  51%|█████     | 261/512 [05:11<04:57,  1.19s/it]
Generating (fp16) rank=0:  52%|█████▏    | 265/512 [05:16<04:51,  1.18s/it]
Generating (fp16) rank=0:  53%|█████▎    | 269/512 [05:20<04:46,  1.18s/it]
Generating (fp16) rank=0:  53%|█████▎    | 273/512 [05:25<04:41,  1.18s/it]
Generating (fp16) rank=0:  54%|█████▍    | 277/512 [05:30<04:36,  1.18s/it]
Generating (fp16) rank=0:  55%|█████▍    | 281/512 [05:34<04:31,  1.17s/it]
Generating (fp16) rank=0:  56%|█████▌    | 285/512 [05:39<04:26,  1.17s/it]
Generating (fp16) rank=0:  56%|█████▋    | 289/512 [05:44<04:21,  1.17s/it]
Generating (fp16) rank=0:  57%|█████▋    | 293/512 [05:49<04:21,  1.19s/it]
Generating (fp16) rank=0:  58%|█████▊    | 297/512 [05:53<04:15,  1.19s/it]
Generating (fp16) rank=0:  59%|█████▉    | 301/512 [05:58<04:09,  1.18s/it]
Generating (fp16) rank=0:  60%|█████▉    | 305/512 [06:03<04:04,  1.18s/it]
Generating (fp16) rank=0:  60%|██████    | 309/512 [06:07<03:59,  1.18s/it]
Generating (fp16) rank=0:  61%|██████    | 313/512 [06:12<03:54,  1.18s/it]
Generating (fp16) rank=0:  62%|██████▏   | 317/512 [06:17<03:49,  1.17s/it]
Generating (fp16) rank=0:  63%|██████▎   | 321/512 [06:22<03:44,  1.17s/it]
Generating (fp16) rank=0:  63%|██████▎   | 325/512 [06:26<03:39,  1.17s/it]
Generating (fp16) rank=0:  64%|██████▍   | 329/512 [06:31<03:34,  1.17s/it]
Generating (fp16) rank=0:  65%|██████▌   | 333/512 [06:36<03:34,  1.20s/it]
Generating (fp16) rank=0:  66%|██████▌   | 337/512 [06:41<03:28,  1.19s/it]
Generating (fp16) rank=0:  67%|██████▋   | 341/512 [06:45<03:22,  1.18s/it]
Generating (fp16) rank=0:  67%|██████▋   | 345/512 [06:50<03:17,  1.18s/it]
Generating (fp16) rank=0:  68%|██████▊   | 349/512 [06:55<03:11,  1.18s/it]
Generating (fp16) rank=0:  69%|██████▉   | 353/512 [06:59<03:07,  1.18s/it]
Generating (fp16) rank=0:  70%|██████▉   | 357/512 [07:04<03:02,  1.18s/it]
Generating (fp16) rank=0:  71%|███████   | 361/512 [07:09<02:57,  1.18s/it]
Generating (fp16) rank=0:  71%|███████▏  | 365/512 [07:13<02:52,  1.18s/it]
Generating (fp16) rank=0:  72%|███████▏  | 369/512 [07:18<02:51,  1.20s/it]
Generating (fp16) rank=0:  73%|███████▎  | 373/512 [07:23<02:45,  1.19s/it]
Generating (fp16) rank=0:  74%|███████▎  | 377/512 [07:28<02:40,  1.19s/it]
Generating (fp16) rank=0:  74%|███████▍  | 381/512 [07:33<02:34,  1.18s/it]
Generating (fp16) rank=0:  75%|███████▌  | 385/512 [07:37<02:29,  1.18s/it]
Generating (fp16) rank=0:  76%|███████▌  | 389/512 [07:42<02:24,  1.18s/it]
Generating (fp16) rank=0:  77%|███████▋  | 393/512 [07:47<02:19,  1.17s/it]
Generating (fp16) rank=0:  78%|███████▊  | 397/512 [07:51<02:15,  1.17s/it]
Generating (fp16) rank=0:  78%|███████▊  | 401/512 [07:56<02:10,  1.17s/it]
Generating (fp16) rank=0:  79%|███████▉  | 405/512 [08:01<02:07,  1.19s/it]
Generating (fp16) rank=0:  80%|███████▉  | 409/512 [08:06<02:02,  1.19s/it]
Generating (fp16) rank=0:  81%|████████  | 413/512 [08:10<01:57,  1.18s/it]
Generating (fp16) rank=0:  81%|████████▏ | 417/512 [08:15<01:52,  1.18s/it]
Generating (fp16) rank=0:  82%|████████▏ | 421/512 [08:20<01:47,  1.18s/it]
Generating (fp16) rank=0:  83%|████████▎ | 425/512 [08:24<01:42,  1.17s/it]
Generating (fp16) rank=0:  84%|████████▍ | 429/512 [08:29<01:37,  1.17s/it]
Generating (fp16) rank=0:  85%|████████▍ | 433/512 [08:34<01:32,  1.18s/it]
Generating (fp16) rank=0:  85%|████████▌ | 437/512 [08:38<01:28,  1.18s/it]
Generating (fp16) rank=0:  86%|████████▌ | 441/512 [08:43<01:24,  1.20s/it]
Generating (fp16) rank=0:  87%|████████▋ | 445/512 [08:48<01:19,  1.19s/it]
Generating (fp16) rank=0:  88%|████████▊ | 449/512 [08:53<01:14,  1.19s/it]
Generating (fp16) rank=0:  88%|████████▊ | 453/512 [08:58<01:09,  1.18s/it]
Generating (fp16) rank=0:  89%|████████▉ | 457/512 [09:02<01:04,  1.18s/it]
Generating (fp16) rank=0:  90%|█████████ | 461/512 [09:07<01:00,  1.18s/it]
Generating (fp16) rank=0:  91%|█████████ | 465/512 [09:12<00:55,  1.18s/it]
Generating (fp16) rank=0:  92%|█████████▏| 469/512 [09:16<00:50,  1.17s/it]
Generating (fp16) rank=0:  92%|█████████▏| 473/512 [09:21<00:45,  1.17s/it]
Generating (fp16) rank=0:  93%|█████████▎| 477/512 [09:26<00:41,  1.17s/it]
Generating (fp16) rank=0:  94%|█████████▍| 481/512 [09:31<00:36,  1.19s/it]
Generating (fp16) rank=0:  95%|█████████▍| 485/512 [09:35<00:32,  1.19s/it]
Generating (fp16) rank=0:  96%|█████████▌| 489/512 [09:40<00:27,  1.18s/it]
Generating (fp16) rank=0:  96%|█████████▋| 493/512 [09:45<00:22,  1.18s/it]
Generating (fp16) rank=0:  97%|█████████▋| 497/512 [09:49<00:17,  1.18s/it]
Generating (fp16) rank=0:  98%|█████████▊| 501/512 [09:54<00:12,  1.18s/it]
Generating (fp16) rank=0:  99%|█████████▊| 505/512 [09:59<00:08,  1.17s/it]
Generating (fp16) rank=0:  99%|█████████▉| 509/512 [10:03<00:03,  1.17s/it]
Generating (fp16) rank=0: 100%|██████████| 512/512 [10:03<00:00,  1.18s/it]

