/home/alimaskina/miniconda3/lib/python3.13/site-packages/requests/__init__.py:113: RequestsDependencyWarning: urllib3 (2.5.0) or chardet (6.0.0.post1)/charset_normalizer (3.3.2) doesn't match a supported version!
  warnings.warn(
Loading WikiText prompts: dataset=wikitext-103-raw-v1 split=train n=512
Saved prompts → checkpoints/results_wikitext_fp16_g64_train_seed4043_n512/prompts.json
Generating 512 samples with traces → checkpoints/results_wikitext_fp16_g64_train_seed4043_n512
Done in 619s, avg generation len=223.6 chars
Summary → checkpoints/results_wikitext_fp16_g64_train_seed4043_n512/summary.json

/home/alimaskina/miniconda3/lib/python3.13/site-packages/requests/__init__.py:113: RequestsDependencyWarning: urllib3 (2.5.0) or chardet (6.0.0.post1)/charset_normalizer (3.3.2) doesn't match a supported version!
  warnings.warn(
/home/alimaskina/miniconda3/lib/python3.13/site-packages/requests/__init__.py:113: RequestsDependencyWarning: urllib3 (2.5.0) or chardet (6.0.0.post1)/charset_normalizer (3.3.2) doesn't match a supported version!
  warnings.warn(
/home/alimaskina/miniconda3/lib/python3.13/site-packages/requests/__init__.py:113: RequestsDependencyWarning: urllib3 (2.5.0) or chardet (6.0.0.post1)/charset_normalizer (3.3.2) doesn't match a supported version!
  warnings.warn(
Detected kernel version 5.4.210, which is below the recommended minimum of 5.5.0; this can cause the process to hang. It is recommended to upgrade the kernel to the minimum version or higher.

Loading checkpoint shards:   0%|          | 0/6 [00:00<?, ?it/s]
Loading checkpoint shards:  17%|█▋        | 1/6 [00:04<00:20,  4.12s/it]
Loading checkpoint shards:  33%|███▎      | 2/6 [00:06<00:12,  3.17s/it]
Loading checkpoint shards:  50%|█████     | 3/6 [00:12<00:13,  4.34s/it]
Loading checkpoint shards:  67%|██████▋   | 4/6 [00:17<00:09,  4.56s/it]
Loading checkpoint shards:  83%|████████▎ | 5/6 [00:19<00:03,  3.80s/it]
Loading checkpoint shards: 100%|██████████| 6/6 [00:21<00:00,  3.16s/it]
Loading checkpoint shards: 100%|██████████| 6/6 [00:21<00:00,  3.60s/it]
Parameter 'function'=<function LLaDAEvalHarness.generate_until.<locals>._tokenize at 0x7f071f1a5bd0> of the transform datasets.arrow_dataset.Dataset._map_single couldn't be hashed properly, a random hash was used instead. Make sure your transforms and parameters are serializable with pickle or dill for the dataset fingerprinting and caching to work. If you reuse this transform, the caching mechanism will consider it to be different from the previous calls and recompute everything. This warning is only shown once. Subsequent hashing failures won't be shown.

Map:   0%|          | 0/512 [00:00<?, ? examples/s]
Map:  64%|██████▍   | 327/512 [00:00<00:00, 3242.27 examples/s]
Map: 100%|██████████| 512/512 [00:00<00:00, 3139.60 examples/s]

Generating (fp16) rank=0:   0%|          | 0/512 [00:00<?, ?it/s]
Generating (fp16) rank=0:   0%|          | 1/512 [00:05<42:35,  5.00s/it]
Generating (fp16) rank=0:   1%|          | 5/512 [00:09<14:41,  1.74s/it]
Generating (fp16) rank=0:   2%|▏         | 9/512 [00:14<11:55,  1.42s/it]
Generating (fp16) rank=0:   3%|▎         | 13/512 [00:19<10:54,  1.31s/it]
Generating (fp16) rank=0:   3%|▎         | 17/512 [00:23<10:21,  1.26s/it]
Generating (fp16) rank=0:   4%|▍         | 21/512 [00:28<10:00,  1.22s/it]
Generating (fp16) rank=0:   5%|▍         | 25/512 [00:32<09:46,  1.20s/it]
Generating (fp16) rank=0:   6%|▌         | 29/512 [00:37<09:34,  1.19s/it]
Generating (fp16) rank=0:   6%|▋         | 33/512 [00:42<09:32,  1.19s/it]
Generating (fp16) rank=0:   7%|▋         | 37/512 [00:47<09:22,  1.19s/it]
Generating (fp16) rank=0:   8%|▊         | 41/512 [00:51<09:14,  1.18s/it]
Generating (fp16) rank=0:   9%|▉         | 45/512 [00:56<09:08,  1.17s/it]
Generating (fp16) rank=0:  10%|▉         | 49/512 [01:01<08:59,  1.17s/it]
Generating (fp16) rank=0:  10%|█         | 53/512 [01:05<08:52,  1.16s/it]
Generating (fp16) rank=0:  11%|█         | 57/512 [01:10<08:45,  1.15s/it]
Generating (fp16) rank=0:  12%|█▏        | 61/512 [01:14<08:39,  1.15s/it]
Generating (fp16) rank=0:  13%|█▎        | 65/512 [01:19<08:33,  1.15s/it]
Generating (fp16) rank=0:  13%|█▎        | 69/512 [01:23<08:27,  1.14s/it]
Generating (fp16) rank=0:  14%|█▍        | 73/512 [01:28<08:30,  1.16s/it]
Generating (fp16) rank=0:  15%|█▌        | 77/512 [01:33<08:23,  1.16s/it]
Generating (fp16) rank=0:  16%|█▌        | 81/512 [01:37<08:17,  1.15s/it]
Generating (fp16) rank=0:  17%|█▋        | 85/512 [01:42<08:11,  1.15s/it]
Generating (fp16) rank=0:  17%|█▋        | 89/512 [01:46<08:06,  1.15s/it]
Generating (fp16) rank=0:  18%|█▊        | 93/512 [01:51<08:02,  1.15s/it]
Generating (fp16) rank=0:  19%|█▉        | 97/512 [01:56<07:56,  1.15s/it]
Generating (fp16) rank=0:  20%|█▉        | 101/512 [02:00<07:51,  1.15s/it]
Generating (fp16) rank=0:  21%|██        | 105/512 [02:05<07:46,  1.15s/it]
Generating (fp16) rank=0:  21%|██▏       | 109/512 [02:10<07:50,  1.17s/it]
Generating (fp16) rank=0:  22%|██▏       | 113/512 [02:14<07:42,  1.16s/it]
Generating (fp16) rank=0:  23%|██▎       | 117/512 [02:19<07:36,  1.16s/it]
Generating (fp16) rank=0:  24%|██▎       | 121/512 [02:23<07:31,  1.15s/it]
Generating (fp16) rank=0:  24%|██▍       | 125/512 [02:28<07:25,  1.15s/it]
Generating (fp16) rank=0:  25%|██▌       | 129/512 [02:33<07:21,  1.15s/it]
Generating (fp16) rank=0:  26%|██▌       | 133/512 [02:37<07:15,  1.15s/it]
Generating (fp16) rank=0:  27%|██▋       | 137/512 [02:42<07:10,  1.15s/it]
Generating (fp16) rank=0:  28%|██▊       | 141/512 [02:46<07:06,  1.15s/it]
Generating (fp16) rank=0:  28%|██▊       | 145/512 [02:51<07:08,  1.17s/it]
Generating (fp16) rank=0:  29%|██▉       | 149/512 [02:56<07:01,  1.16s/it]
Generating (fp16) rank=0:  30%|██▉       | 153/512 [03:00<06:54,  1.16s/it]
Generating (fp16) rank=0:  31%|███       | 157/512 [03:05<06:49,  1.15s/it]
Generating (fp16) rank=0:  31%|███▏      | 161/512 [03:10<06:43,  1.15s/it]
Generating (fp16) rank=0:  32%|███▏      | 165/512 [03:14<06:38,  1.15s/it]
Generating (fp16) rank=0:  33%|███▎      | 169/512 [03:19<06:32,  1.15s/it]
Generating (fp16) rank=0:  34%|███▍      | 173/512 [03:23<06:28,  1.14s/it]
Generating (fp16) rank=0:  35%|███▍      | 177/512 [03:28<06:24,  1.15s/it]
Generating (fp16) rank=0:  35%|███▌      | 181/512 [03:32<06:19,  1.15s/it]
Generating (fp16) rank=0:  36%|███▌      | 185/512 [03:37<06:22,  1.17s/it]
Generating (fp16) rank=0:  37%|███▋      | 189/512 [03:42<06:15,  1.16s/it]
Generating (fp16) rank=0:  38%|███▊      | 193/512 [03:46<06:08,  1.16s/it]
Generating (fp16) rank=0:  38%|███▊      | 197/512 [03:51<06:03,  1.15s/it]
Generating (fp16) rank=0:  39%|███▉      | 201/512 [03:56<05:57,  1.15s/it]
Generating (fp16) rank=0:  40%|████      | 205/512 [04:00<05:52,  1.15s/it]
Generating (fp16) rank=0:  41%|████      | 209/512 [04:05<05:47,  1.15s/it]
Generating (fp16) rank=0:  42%|████▏     | 213/512 [04:09<05:43,  1.15s/it]
Generating (fp16) rank=0:  42%|████▏     | 217/512 [04:14<05:39,  1.15s/it]
Generating (fp16) rank=0:  43%|████▎     | 221/512 [04:19<05:39,  1.17s/it]
Generating (fp16) rank=0:  44%|████▍     | 225/512 [04:23<05:33,  1.16s/it]
Generating (fp16) rank=0:  45%|████▍     | 229/512 [04:28<05:27,  1.16s/it]
Generating (fp16) rank=0:  46%|████▌     | 233/512 [04:33<05:22,  1.15s/it]
Generating (fp16) rank=0:  46%|████▋     | 237/512 [04:37<05:17,  1.15s/it]
Generating (fp16) rank=0:  47%|████▋     | 241/512 [04:42<05:11,  1.15s/it]
Generating (fp16) rank=0:  48%|████▊     | 245/512 [04:46<05:06,  1.15s/it]
Generating (fp16) rank=0:  49%|████▊     | 249/512 [04:51<05:02,  1.15s/it]
Generating (fp16) rank=0:  49%|████▉     | 253/512 [04:56<04:57,  1.15s/it]
Generating (fp16) rank=0:  50%|█████     | 257/512 [05:00<04:57,  1.17s/it]
Generating (fp16) rank=0:  51%|█████     | 261/512 [05:05<04:51,  1.16s/it]
Generating (fp16) rank=0:  52%|█████▏    | 265/512 [05:10<04:45,  1.16s/it]
Generating (fp16) rank=0:  53%|█████▎    | 269/512 [05:14<04:39,  1.15s/it]
Generating (fp16) rank=0:  53%|█████▎    | 273/512 [05:19<04:34,  1.15s/it]
Generating (fp16) rank=0:  54%|█████▍    | 277/512 [05:23<04:29,  1.15s/it]
Generating (fp16) rank=0:  55%|█████▍    | 281/512 [05:28<04:25,  1.15s/it]
Generating (fp16) rank=0:  56%|█████▌    | 285/512 [05:33<04:20,  1.15s/it]
Generating (fp16) rank=0:  56%|█████▋    | 289/512 [05:37<04:15,  1.15s/it]
Generating (fp16) rank=0:  57%|█████▋    | 293/512 [05:42<04:15,  1.17s/it]
Generating (fp16) rank=0:  58%|█████▊    | 297/512 [05:47<04:09,  1.16s/it]
Generating (fp16) rank=0:  59%|█████▉    | 301/512 [05:51<04:04,  1.16s/it]
Generating (fp16) rank=0:  60%|█████▉    | 305/512 [05:56<03:58,  1.15s/it]
Generating (fp16) rank=0:  60%|██████    | 309/512 [06:00<03:53,  1.15s/it]
Generating (fp16) rank=0:  61%|██████    | 313/512 [06:05<03:49,  1.15s/it]
Generating (fp16) rank=0:  62%|██████▏   | 317/512 [06:09<03:44,  1.15s/it]
Generating (fp16) rank=0:  63%|██████▎   | 321/512 [06:14<03:39,  1.15s/it]
Generating (fp16) rank=0:  63%|██████▎   | 325/512 [06:19<03:34,  1.15s/it]
Generating (fp16) rank=0:  64%|██████▍   | 329/512 [06:23<03:30,  1.15s/it]
Generating (fp16) rank=0:  65%|██████▌   | 333/512 [06:28<03:28,  1.17s/it]
Generating (fp16) rank=0:  66%|██████▌   | 337/512 [06:33<03:23,  1.16s/it]
Generating (fp16) rank=0:  67%|██████▋   | 341/512 [06:37<03:17,  1.16s/it]
Generating (fp16) rank=0:  67%|██████▋   | 345/512 [06:42<03:12,  1.15s/it]
Generating (fp16) rank=0:  68%|██████▊   | 349/512 [06:46<03:07,  1.15s/it]
Generating (fp16) rank=0:  69%|██████▉   | 353/512 [06:51<03:02,  1.15s/it]
Generating (fp16) rank=0:  70%|██████▉   | 357/512 [06:56<02:58,  1.15s/it]
Generating (fp16) rank=0:  71%|███████   | 361/512 [07:00<02:53,  1.15s/it]
Generating (fp16) rank=0:  71%|███████▏  | 365/512 [07:05<02:48,  1.15s/it]
Generating (fp16) rank=0:  72%|███████▏  | 369/512 [07:10<02:46,  1.17s/it]
Generating (fp16) rank=0:  73%|███████▎  | 373/512 [07:14<02:41,  1.16s/it]
Generating (fp16) rank=0:  74%|███████▎  | 377/512 [07:19<02:36,  1.16s/it]
Generating (fp16) rank=0:  74%|███████▍  | 381/512 [07:23<02:31,  1.16s/it]
Generating (fp16) rank=0:  75%|███████▌  | 385/512 [07:28<02:26,  1.15s/it]
Generating (fp16) rank=0:  76%|███████▌  | 389/512 [07:33<02:21,  1.15s/it]
Generating (fp16) rank=0:  77%|███████▋  | 393/512 [07:37<02:17,  1.15s/it]
Generating (fp16) rank=0:  78%|███████▊  | 397/512 [07:42<02:12,  1.15s/it]
Generating (fp16) rank=0:  78%|███████▊  | 401/512 [07:46<02:07,  1.15s/it]
Generating (fp16) rank=0:  79%|███████▉  | 405/512 [07:51<02:05,  1.17s/it]
Generating (fp16) rank=0:  80%|███████▉  | 409/512 [07:56<01:59,  1.16s/it]
Generating (fp16) rank=0:  81%|████████  | 413/512 [08:00<01:54,  1.16s/it]
Generating (fp16) rank=0:  81%|████████▏ | 417/512 [08:05<01:49,  1.16s/it]
Generating (fp16) rank=0:  82%|████████▏ | 421/512 [08:10<01:44,  1.15s/it]
Generating (fp16) rank=0:  83%|████████▎ | 425/512 [08:14<01:40,  1.15s/it]
Generating (fp16) rank=0:  84%|████████▍ | 429/512 [08:19<01:35,  1.15s/it]
Generating (fp16) rank=0:  85%|████████▍ | 433/512 [08:23<01:30,  1.15s/it]
Generating (fp16) rank=0:  85%|████████▌ | 437/512 [08:28<01:26,  1.15s/it]
Generating (fp16) rank=0:  86%|████████▌ | 441/512 [08:33<01:23,  1.17s/it]
Generating (fp16) rank=0:  87%|████████▋ | 445/512 [08:37<01:17,  1.16s/it]
Generating (fp16) rank=0:  88%|████████▊ | 449/512 [08:42<01:12,  1.16s/it]
Generating (fp16) rank=0:  88%|████████▊ | 453/512 [08:47<01:08,  1.15s/it]
Generating (fp16) rank=0:  89%|████████▉ | 457/512 [08:51<01:03,  1.15s/it]
Generating (fp16) rank=0:  90%|█████████ | 461/512 [08:56<00:58,  1.15s/it]
Generating (fp16) rank=0:  91%|█████████ | 465/512 [09:00<00:54,  1.15s/it]
Generating (fp16) rank=0:  92%|█████████▏| 469/512 [09:05<00:49,  1.15s/it]
Generating (fp16) rank=0:  92%|█████████▏| 473/512 [09:10<00:44,  1.15s/it]
Generating (fp16) rank=0:  93%|█████████▎| 477/512 [09:14<00:40,  1.15s/it]
Generating (fp16) rank=0:  94%|█████████▍| 481/512 [09:19<00:36,  1.17s/it]
Generating (fp16) rank=0:  95%|█████████▍| 485/512 [09:24<00:31,  1.16s/it]
Generating (fp16) rank=0:  96%|█████████▌| 489/512 [09:28<00:26,  1.16s/it]
Generating (fp16) rank=0:  96%|█████████▋| 493/512 [09:33<00:21,  1.15s/it]
Generating (fp16) rank=0:  97%|█████████▋| 497/512 [09:37<00:17,  1.15s/it]
Generating (fp16) rank=0:  98%|█████████▊| 501/512 [09:42<00:12,  1.15s/it]
Generating (fp16) rank=0:  99%|█████████▊| 505/512 [09:47<00:08,  1.15s/it]
Generating (fp16) rank=0:  99%|█████████▉| 509/512 [09:51<00:03,  1.15s/it]
Generating (fp16) rank=0: 100%|██████████| 512/512 [09:51<00:00,  1.16s/it]

