/home/alimaskina/miniconda3/lib/python3.13/site-packages/requests/__init__.py:113: RequestsDependencyWarning: urllib3 (2.5.0) or chardet (6.0.0.post1)/charset_normalizer (3.3.2) doesn't match a supported version!
  warnings.warn(
Loading WikiText prompts: dataset=wikitext-103-raw-v1 split=train n=512
Saved prompts → checkpoints/results_wikitext_fp16_g64_train_seed5043_n512/prompts.json
Generating 512 samples with traces → checkpoints/results_wikitext_fp16_g64_train_seed5043_n512
Done in 627s, avg generation len=227.8 chars
Summary → checkpoints/results_wikitext_fp16_g64_train_seed5043_n512/summary.json

/home/alimaskina/miniconda3/lib/python3.13/site-packages/requests/__init__.py:113: RequestsDependencyWarning: urllib3 (2.5.0) or chardet (6.0.0.post1)/charset_normalizer (3.3.2) doesn't match a supported version!
  warnings.warn(
/home/alimaskina/miniconda3/lib/python3.13/site-packages/requests/__init__.py:113: RequestsDependencyWarning: urllib3 (2.5.0) or chardet (6.0.0.post1)/charset_normalizer (3.3.2) doesn't match a supported version!
  warnings.warn(
/home/alimaskina/miniconda3/lib/python3.13/site-packages/requests/__init__.py:113: RequestsDependencyWarning: urllib3 (2.5.0) or chardet (6.0.0.post1)/charset_normalizer (3.3.2) doesn't match a supported version!
  warnings.warn(
Detected kernel version 5.4.210, which is below the recommended minimum of 5.5.0; this can cause the process to hang. It is recommended to upgrade the kernel to the minimum version or higher.

Loading checkpoint shards:   0%|          | 0/6 [00:00<?, ?it/s]
Loading checkpoint shards:  17%|█▋        | 1/6 [00:05<00:26,  5.33s/it]
Loading checkpoint shards:  33%|███▎      | 2/6 [00:06<00:12,  3.12s/it]
Loading checkpoint shards:  50%|█████     | 3/6 [00:12<00:13,  4.34s/it]
Loading checkpoint shards:  67%|██████▋   | 4/6 [00:18<00:09,  4.77s/it]
Loading checkpoint shards:  83%|████████▎ | 5/6 [00:20<00:03,  3.82s/it]
Loading checkpoint shards: 100%|██████████| 6/6 [00:21<00:00,  2.93s/it]
Loading checkpoint shards: 100%|██████████| 6/6 [00:21<00:00,  3.58s/it]
Parameter 'function'=<function LLaDAEvalHarness.generate_until.<locals>._tokenize at 0x7f22a6025bd0> of the transform datasets.arrow_dataset.Dataset._map_single couldn't be hashed properly, a random hash was used instead. Make sure your transforms and parameters are serializable with pickle or dill for the dataset fingerprinting and caching to work. If you reuse this transform, the caching mechanism will consider it to be different from the previous calls and recompute everything. This warning is only shown once. Subsequent hashing failures won't be shown.

Map:   0%|          | 0/512 [00:00<?, ? examples/s]
Map:  73%|███████▎  | 373/512 [00:00<00:00, 3701.46 examples/s]
Map: 100%|██████████| 512/512 [00:00<00:00, 3561.90 examples/s]

Generating (fp16) rank=0:   0%|          | 0/512 [00:00<?, ?it/s]
Generating (fp16) rank=0:   0%|          | 1/512 [00:04<42:06,  4.94s/it]
Generating (fp16) rank=0:   1%|          | 5/512 [00:09<14:33,  1.72s/it]
Generating (fp16) rank=0:   2%|▏         | 9/512 [00:14<11:50,  1.41s/it]
Generating (fp16) rank=0:   3%|▎         | 13/512 [00:18<10:50,  1.30s/it]
Generating (fp16) rank=0:   3%|▎         | 17/512 [00:23<10:17,  1.25s/it]
Generating (fp16) rank=0:   4%|▍         | 21/512 [00:28<09:56,  1.22s/it]
Generating (fp16) rank=0:   5%|▍         | 25/512 [00:32<09:42,  1.20s/it]
Generating (fp16) rank=0:   6%|▌         | 29/512 [00:37<09:32,  1.19s/it]
Generating (fp16) rank=0:   6%|▋         | 33/512 [00:42<09:29,  1.19s/it]
Generating (fp16) rank=0:   7%|▋         | 37/512 [00:46<09:21,  1.18s/it]
Generating (fp16) rank=0:   8%|▊         | 41/512 [00:51<09:14,  1.18s/it]
Generating (fp16) rank=0:   9%|▉         | 45/512 [00:56<09:07,  1.17s/it]
Generating (fp16) rank=0:  10%|▉         | 49/512 [01:00<09:01,  1.17s/it]
Generating (fp16) rank=0:  10%|█         | 53/512 [01:05<08:55,  1.17s/it]
Generating (fp16) rank=0:  11%|█         | 57/512 [01:10<08:50,  1.17s/it]
Generating (fp16) rank=0:  12%|█▏        | 61/512 [01:14<08:45,  1.17s/it]
Generating (fp16) rank=0:  13%|█▎        | 65/512 [01:19<08:40,  1.16s/it]
Generating (fp16) rank=0:  13%|█▎        | 69/512 [01:24<08:35,  1.16s/it]
Generating (fp16) rank=0:  14%|█▍        | 73/512 [01:28<08:35,  1.17s/it]
Generating (fp16) rank=0:  15%|█▌        | 77/512 [01:33<08:29,  1.17s/it]
Generating (fp16) rank=0:  16%|█▌        | 81/512 [01:38<08:23,  1.17s/it]
Generating (fp16) rank=0:  17%|█▋        | 85/512 [01:42<08:18,  1.17s/it]
Generating (fp16) rank=0:  17%|█▋        | 89/512 [01:47<08:13,  1.17s/it]
Generating (fp16) rank=0:  18%|█▊        | 93/512 [01:52<08:08,  1.17s/it]
Generating (fp16) rank=0:  19%|█▉        | 97/512 [01:56<08:03,  1.17s/it]
Generating (fp16) rank=0:  20%|█▉        | 101/512 [02:01<07:58,  1.16s/it]
Generating (fp16) rank=0:  21%|██        | 105/512 [02:06<07:53,  1.16s/it]
Generating (fp16) rank=0:  21%|██▏       | 109/512 [02:10<07:54,  1.18s/it]
Generating (fp16) rank=0:  22%|██▏       | 113/512 [02:15<07:48,  1.17s/it]
Generating (fp16) rank=0:  23%|██▎       | 117/512 [02:20<07:42,  1.17s/it]
Generating (fp16) rank=0:  24%|██▎       | 121/512 [02:24<07:36,  1.17s/it]
Generating (fp16) rank=0:  24%|██▍       | 125/512 [02:29<07:31,  1.17s/it]
Generating (fp16) rank=0:  25%|██▌       | 129/512 [02:34<07:27,  1.17s/it]
Generating (fp16) rank=0:  26%|██▌       | 133/512 [02:38<07:22,  1.17s/it]
Generating (fp16) rank=0:  27%|██▋       | 137/512 [02:43<07:17,  1.17s/it]
Generating (fp16) rank=0:  28%|██▊       | 141/512 [02:48<07:12,  1.17s/it]
Generating (fp16) rank=0:  28%|██▊       | 145/512 [02:53<07:13,  1.18s/it]
Generating (fp16) rank=0:  29%|██▉       | 149/512 [02:57<07:07,  1.18s/it]
Generating (fp16) rank=0:  30%|██▉       | 153/512 [03:02<07:01,  1.17s/it]
Generating (fp16) rank=0:  31%|███       | 157/512 [03:07<06:56,  1.17s/it]
Generating (fp16) rank=0:  31%|███▏      | 161/512 [03:11<06:50,  1.17s/it]
Generating (fp16) rank=0:  32%|███▏      | 165/512 [03:16<06:46,  1.17s/it]
Generating (fp16) rank=0:  33%|███▎      | 169/512 [03:21<06:41,  1.17s/it]
Generating (fp16) rank=0:  34%|███▍      | 173/512 [03:25<06:35,  1.17s/it]
Generating (fp16) rank=0:  35%|███▍      | 177/512 [03:30<06:32,  1.17s/it]
Generating (fp16) rank=0:  35%|███▌      | 181/512 [03:35<06:27,  1.17s/it]
Generating (fp16) rank=0:  36%|███▌      | 185/512 [03:39<06:26,  1.18s/it]
Generating (fp16) rank=0:  37%|███▋      | 189/512 [03:44<06:19,  1.18s/it]
Generating (fp16) rank=0:  38%|███▊      | 193/512 [03:49<06:14,  1.17s/it]
Generating (fp16) rank=0:  38%|███▊      | 197/512 [03:53<06:08,  1.17s/it]
Generating (fp16) rank=0:  39%|███▉      | 201/512 [03:58<06:03,  1.17s/it]
Generating (fp16) rank=0:  40%|████      | 205/512 [04:03<05:58,  1.17s/it]
Generating (fp16) rank=0:  41%|████      | 209/512 [04:07<05:54,  1.17s/it]
Generating (fp16) rank=0:  42%|████▏     | 213/512 [04:12<05:49,  1.17s/it]
Generating (fp16) rank=0:  42%|████▏     | 217/512 [04:17<05:44,  1.17s/it]
Generating (fp16) rank=0:  43%|████▎     | 221/512 [04:22<05:43,  1.18s/it]
Generating (fp16) rank=0:  44%|████▍     | 225/512 [04:26<05:37,  1.18s/it]
Generating (fp16) rank=0:  45%|████▍     | 229/512 [04:31<05:32,  1.17s/it]
Generating (fp16) rank=0:  46%|████▌     | 233/512 [04:36<05:26,  1.17s/it]
Generating (fp16) rank=0:  46%|████▋     | 237/512 [04:40<05:21,  1.17s/it]
Generating (fp16) rank=0:  47%|████▋     | 241/512 [04:45<05:16,  1.17s/it]
Generating (fp16) rank=0:  48%|████▊     | 245/512 [04:50<05:12,  1.17s/it]
Generating (fp16) rank=0:  49%|████▊     | 249/512 [04:54<05:07,  1.17s/it]
Generating (fp16) rank=0:  49%|████▉     | 253/512 [04:59<05:02,  1.17s/it]
Generating (fp16) rank=0:  50%|█████     | 257/512 [05:04<05:00,  1.18s/it]
Generating (fp16) rank=0:  51%|█████     | 261/512 [05:08<04:54,  1.17s/it]
Generating (fp16) rank=0:  52%|█████▏    | 265/512 [05:13<04:49,  1.17s/it]
Generating (fp16) rank=0:  53%|█████▎    | 269/512 [05:18<04:43,  1.17s/it]
Generating (fp16) rank=0:  53%|█████▎    | 273/512 [05:22<04:38,  1.17s/it]
Generating (fp16) rank=0:  54%|█████▍    | 277/512 [05:27<04:34,  1.17s/it]
Generating (fp16) rank=0:  55%|█████▍    | 281/512 [05:32<04:29,  1.17s/it]
Generating (fp16) rank=0:  56%|█████▌    | 285/512 [05:36<04:24,  1.17s/it]
Generating (fp16) rank=0:  56%|█████▋    | 289/512 [05:41<04:19,  1.17s/it]
Generating (fp16) rank=0:  57%|█████▋    | 293/512 [05:46<04:17,  1.18s/it]
Generating (fp16) rank=0:  58%|█████▊    | 297/512 [05:51<04:12,  1.17s/it]
Generating (fp16) rank=0:  59%|█████▉    | 301/512 [05:55<04:06,  1.17s/it]
Generating (fp16) rank=0:  60%|█████▉    | 305/512 [06:00<04:01,  1.17s/it]
Generating (fp16) rank=0:  60%|██████    | 309/512 [06:04<03:56,  1.17s/it]
Generating (fp16) rank=0:  61%|██████    | 313/512 [06:09<03:52,  1.17s/it]
Generating (fp16) rank=0:  62%|██████▏   | 317/512 [06:14<03:47,  1.16s/it]
Generating (fp16) rank=0:  63%|██████▎   | 321/512 [06:18<03:41,  1.16s/it]
Generating (fp16) rank=0:  63%|██████▎   | 325/512 [06:23<03:37,  1.16s/it]
Generating (fp16) rank=0:  64%|██████▍   | 329/512 [06:28<03:32,  1.16s/it]
Generating (fp16) rank=0:  65%|██████▌   | 333/512 [06:33<03:30,  1.18s/it]
Generating (fp16) rank=0:  66%|██████▌   | 337/512 [06:37<03:25,  1.17s/it]
Generating (fp16) rank=0:  67%|██████▋   | 341/512 [06:42<03:20,  1.17s/it]
Generating (fp16) rank=0:  67%|██████▋   | 345/512 [06:47<03:15,  1.17s/it]
Generating (fp16) rank=0:  68%|██████▊   | 349/512 [06:51<03:10,  1.17s/it]
Generating (fp16) rank=0:  69%|██████▉   | 353/512 [06:56<03:05,  1.17s/it]
Generating (fp16) rank=0:  70%|██████▉   | 357/512 [07:01<03:01,  1.17s/it]
Generating (fp16) rank=0:  71%|███████   | 361/512 [07:05<02:56,  1.17s/it]
Generating (fp16) rank=0:  71%|███████▏  | 365/512 [07:10<02:51,  1.17s/it]
Generating (fp16) rank=0:  72%|███████▏  | 369/512 [07:15<02:49,  1.18s/it]
Generating (fp16) rank=0:  73%|███████▎  | 373/512 [07:19<02:44,  1.18s/it]
Generating (fp16) rank=0:  74%|███████▎  | 377/512 [07:24<02:38,  1.18s/it]
Generating (fp16) rank=0:  74%|███████▍  | 381/512 [07:29<02:33,  1.17s/it]
Generating (fp16) rank=0:  75%|███████▌  | 385/512 [07:33<02:28,  1.17s/it]
Generating (fp16) rank=0:  76%|███████▌  | 389/512 [07:38<02:24,  1.17s/it]
Generating (fp16) rank=0:  77%|███████▋  | 393/512 [07:43<02:19,  1.17s/it]
Generating (fp16) rank=0:  78%|███████▊  | 397/512 [07:48<02:14,  1.17s/it]
Generating (fp16) rank=0:  78%|███████▊  | 401/512 [07:52<02:09,  1.17s/it]
Generating (fp16) rank=0:  79%|███████▉  | 405/512 [07:57<02:07,  1.19s/it]
Generating (fp16) rank=0:  80%|███████▉  | 409/512 [08:02<02:01,  1.18s/it]
Generating (fp16) rank=0:  81%|████████  | 413/512 [08:07<01:56,  1.18s/it]
Generating (fp16) rank=0:  81%|████████▏ | 417/512 [08:11<01:51,  1.18s/it]
Generating (fp16) rank=0:  82%|████████▏ | 421/512 [08:16<01:46,  1.17s/it]
Generating (fp16) rank=0:  83%|████████▎ | 425/512 [08:21<01:41,  1.17s/it]
Generating (fp16) rank=0:  84%|████████▍ | 429/512 [08:25<01:36,  1.17s/it]
Generating (fp16) rank=0:  85%|████████▍ | 433/512 [08:30<01:32,  1.17s/it]
Generating (fp16) rank=0:  85%|████████▌ | 437/512 [08:34<01:27,  1.17s/it]
Generating (fp16) rank=0:  86%|████████▌ | 441/512 [08:39<01:23,  1.18s/it]
Generating (fp16) rank=0:  87%|████████▋ | 445/512 [08:44<01:18,  1.17s/it]
Generating (fp16) rank=0:  88%|████████▊ | 449/512 [08:49<01:13,  1.17s/it]
Generating (fp16) rank=0:  88%|████████▊ | 453/512 [08:53<01:09,  1.17s/it]
Generating (fp16) rank=0:  89%|████████▉ | 457/512 [08:58<01:04,  1.17s/it]
Generating (fp16) rank=0:  90%|█████████ | 461/512 [09:03<00:59,  1.17s/it]
Generating (fp16) rank=0:  91%|█████████ | 465/512 [09:07<00:55,  1.17s/it]
Generating (fp16) rank=0:  92%|█████████▏| 469/512 [09:12<00:50,  1.17s/it]
Generating (fp16) rank=0:  92%|█████████▏| 473/512 [09:17<00:45,  1.17s/it]
Generating (fp16) rank=0:  93%|█████████▎| 477/512 [09:21<00:40,  1.17s/it]
Generating (fp16) rank=0:  94%|█████████▍| 481/512 [09:26<00:36,  1.18s/it]
Generating (fp16) rank=0:  95%|█████████▍| 485/512 [09:31<00:31,  1.18s/it]
Generating (fp16) rank=0:  96%|█████████▌| 489/512 [09:36<00:27,  1.18s/it]
Generating (fp16) rank=0:  96%|█████████▋| 493/512 [09:40<00:22,  1.17s/it]
Generating (fp16) rank=0:  97%|█████████▋| 497/512 [09:45<00:17,  1.17s/it]
Generating (fp16) rank=0:  98%|█████████▊| 501/512 [09:50<00:12,  1.17s/it]
Generating (fp16) rank=0:  99%|█████████▊| 505/512 [09:54<00:08,  1.17s/it]
Generating (fp16) rank=0:  99%|█████████▉| 509/512 [09:59<00:03,  1.17s/it]
Generating (fp16) rank=0: 100%|██████████| 512/512 [09:59<00:00,  1.17s/it]

