/home/alimaskina/miniconda3/lib/python3.13/site-packages/requests/__init__.py:113: RequestsDependencyWarning: urllib3 (2.5.0) or chardet (6.0.0.post1)/charset_normalizer (3.3.2) doesn't match a supported version!
  warnings.warn(
Loading WikiText prompts: dataset=wikitext-103-raw-v1 split=train n=512
Saved prompts → checkpoints/results_wikitext_fp16_g64_train_seed1043_n512/prompts.json
Generating 512 samples with traces → checkpoints/results_wikitext_fp16_g64_train_seed1043_n512
Done in 611s, avg generation len=229.6 chars
Summary → checkpoints/results_wikitext_fp16_g64_train_seed1043_n512/summary.json

/home/alimaskina/miniconda3/lib/python3.13/site-packages/requests/__init__.py:113: RequestsDependencyWarning: urllib3 (2.5.0) or chardet (6.0.0.post1)/charset_normalizer (3.3.2) doesn't match a supported version!
  warnings.warn(
/home/alimaskina/miniconda3/lib/python3.13/site-packages/requests/__init__.py:113: RequestsDependencyWarning: urllib3 (2.5.0) or chardet (6.0.0.post1)/charset_normalizer (3.3.2) doesn't match a supported version!
  warnings.warn(
/home/alimaskina/miniconda3/lib/python3.13/site-packages/requests/__init__.py:113: RequestsDependencyWarning: urllib3 (2.5.0) or chardet (6.0.0.post1)/charset_normalizer (3.3.2) doesn't match a supported version!
  warnings.warn(
Detected kernel version 5.4.210, which is below the recommended minimum of 5.5.0; this can cause the process to hang. It is recommended to upgrade the kernel to the minimum version or higher.

Loading checkpoint shards:   0%|          | 0/6 [00:00<?, ?it/s]
Loading checkpoint shards:  17%|█▋        | 1/6 [00:01<00:07,  1.53s/it]
Loading checkpoint shards:  33%|███▎      | 2/6 [00:03<00:07,  1.82s/it]
Loading checkpoint shards:  50%|█████     | 3/6 [00:05<00:06,  2.09s/it]
Loading checkpoint shards:  67%|██████▋   | 4/6 [00:08<00:04,  2.12s/it]
Loading checkpoint shards:  83%|████████▎ | 5/6 [00:09<00:01,  1.89s/it]
Loading checkpoint shards: 100%|██████████| 6/6 [00:10<00:00,  1.57s/it]
Loading checkpoint shards: 100%|██████████| 6/6 [00:10<00:00,  1.76s/it]
Parameter 'function'=<function LLaDAEvalHarness.generate_until.<locals>._tokenize at 0x7f95d0995bd0> of the transform datasets.arrow_dataset.Dataset._map_single couldn't be hashed properly, a random hash was used instead. Make sure your transforms and parameters are serializable with pickle or dill for the dataset fingerprinting and caching to work. If you reuse this transform, the caching mechanism will consider it to be different from the previous calls and recompute everything. This warning is only shown once. Subsequent hashing failures won't be shown.

Map:   0%|          | 0/512 [00:00<?, ? examples/s]
Map:  65%|██████▍   | 332/512 [00:00<00:00, 3291.03 examples/s]
Map: 100%|██████████| 512/512 [00:00<00:00, 3151.77 examples/s]

Generating (fp16) rank=0:   0%|          | 0/512 [00:00<?, ?it/s]
Generating (fp16) rank=0:   0%|          | 1/512 [00:04<41:37,  4.89s/it]
Generating (fp16) rank=0:   1%|          | 5/512 [00:09<14:18,  1.69s/it]
Generating (fp16) rank=0:   2%|▏         | 9/512 [00:13<11:37,  1.39s/it]
Generating (fp16) rank=0:   3%|▎         | 13/512 [00:18<10:37,  1.28s/it]
Generating (fp16) rank=0:   3%|▎         | 17/512 [00:23<10:05,  1.22s/it]
Generating (fp16) rank=0:   4%|▍         | 21/512 [00:27<09:46,  1.19s/it]
Generating (fp16) rank=0:   5%|▍         | 25/512 [00:32<09:32,  1.18s/it]
Generating (fp16) rank=0:   6%|▌         | 29/512 [00:36<09:23,  1.17s/it]
Generating (fp16) rank=0:   6%|▋         | 33/512 [00:41<09:23,  1.18s/it]
Generating (fp16) rank=0:   7%|▋         | 37/512 [00:46<09:13,  1.17s/it]
Generating (fp16) rank=0:   8%|▊         | 41/512 [00:50<09:05,  1.16s/it]
Generating (fp16) rank=0:   9%|▉         | 45/512 [00:55<08:58,  1.15s/it]
Generating (fp16) rank=0:  10%|▉         | 49/512 [00:59<08:52,  1.15s/it]
Generating (fp16) rank=0:  10%|█         | 53/512 [01:04<08:47,  1.15s/it]
Generating (fp16) rank=0:  11%|█         | 57/512 [01:08<08:41,  1.15s/it]
Generating (fp16) rank=0:  12%|█▏        | 61/512 [01:13<08:36,  1.14s/it]
Generating (fp16) rank=0:  13%|█▎        | 65/512 [01:18<08:31,  1.14s/it]
Generating (fp16) rank=0:  13%|█▎        | 69/512 [01:22<08:26,  1.14s/it]
Generating (fp16) rank=0:  14%|█▍        | 73/512 [01:27<08:29,  1.16s/it]
Generating (fp16) rank=0:  15%|█▌        | 77/512 [01:32<08:22,  1.16s/it]
Generating (fp16) rank=0:  16%|█▌        | 81/512 [01:36<08:16,  1.15s/it]
Generating (fp16) rank=0:  17%|█▋        | 85/512 [01:41<08:11,  1.15s/it]
Generating (fp16) rank=0:  17%|█▋        | 89/512 [01:45<08:05,  1.15s/it]
Generating (fp16) rank=0:  18%|█▊        | 93/512 [01:50<08:00,  1.15s/it]
Generating (fp16) rank=0:  19%|█▉        | 97/512 [01:54<07:55,  1.15s/it]
Generating (fp16) rank=0:  20%|█▉        | 101/512 [01:59<07:50,  1.15s/it]
Generating (fp16) rank=0:  21%|██        | 105/512 [02:04<07:45,  1.14s/it]
Generating (fp16) rank=0:  21%|██▏       | 109/512 [02:08<07:47,  1.16s/it]
Generating (fp16) rank=0:  22%|██▏       | 113/512 [02:13<07:41,  1.16s/it]
Generating (fp16) rank=0:  23%|██▎       | 117/512 [02:18<07:35,  1.15s/it]
Generating (fp16) rank=0:  24%|██▎       | 121/512 [02:22<07:29,  1.15s/it]
Generating (fp16) rank=0:  24%|██▍       | 125/512 [02:27<07:24,  1.15s/it]
Generating (fp16) rank=0:  25%|██▌       | 129/512 [02:31<07:19,  1.15s/it]
Generating (fp16) rank=0:  26%|██▌       | 133/512 [02:36<07:14,  1.15s/it]
Generating (fp16) rank=0:  27%|██▋       | 137/512 [02:40<07:09,  1.14s/it]
Generating (fp16) rank=0:  28%|██▊       | 141/512 [02:45<07:04,  1.15s/it]
Generating (fp16) rank=0:  28%|██▊       | 145/512 [02:50<07:06,  1.16s/it]
Generating (fp16) rank=0:  29%|██▉       | 149/512 [02:54<07:00,  1.16s/it]
Generating (fp16) rank=0:  30%|██▉       | 153/512 [02:59<06:54,  1.15s/it]
Generating (fp16) rank=0:  31%|███       | 157/512 [03:04<06:47,  1.15s/it]
Generating (fp16) rank=0:  31%|███▏      | 161/512 [03:08<06:42,  1.15s/it]
Generating (fp16) rank=0:  32%|███▏      | 165/512 [03:13<06:37,  1.15s/it]
Generating (fp16) rank=0:  33%|███▎      | 169/512 [03:17<06:32,  1.14s/it]
Generating (fp16) rank=0:  34%|███▍      | 173/512 [03:22<06:27,  1.14s/it]
Generating (fp16) rank=0:  35%|███▍      | 177/512 [03:26<06:22,  1.14s/it]
Generating (fp16) rank=0:  35%|███▌      | 181/512 [03:31<06:17,  1.14s/it]
Generating (fp16) rank=0:  36%|███▌      | 185/512 [03:36<06:18,  1.16s/it]
Generating (fp16) rank=0:  37%|███▋      | 189/512 [03:40<06:12,  1.15s/it]
Generating (fp16) rank=0:  38%|███▊      | 193/512 [03:45<06:06,  1.15s/it]
Generating (fp16) rank=0:  38%|███▊      | 197/512 [03:49<06:01,  1.15s/it]
Generating (fp16) rank=0:  39%|███▉      | 201/512 [03:54<05:56,  1.15s/it]
Generating (fp16) rank=0:  40%|████      | 205/512 [03:59<05:51,  1.15s/it]
Generating (fp16) rank=0:  41%|████      | 209/512 [04:03<05:46,  1.14s/it]
Generating (fp16) rank=0:  42%|████▏     | 213/512 [04:08<05:41,  1.14s/it]
Generating (fp16) rank=0:  42%|████▏     | 217/512 [04:12<05:36,  1.14s/it]
Generating (fp16) rank=0:  43%|████▎     | 221/512 [04:17<05:37,  1.16s/it]
Generating (fp16) rank=0:  44%|████▍     | 225/512 [04:22<05:31,  1.16s/it]
Generating (fp16) rank=0:  45%|████▍     | 229/512 [04:26<05:26,  1.15s/it]
Generating (fp16) rank=0:  46%|████▌     | 233/512 [04:31<05:20,  1.15s/it]
Generating (fp16) rank=0:  46%|████▋     | 237/512 [04:35<05:15,  1.15s/it]
Generating (fp16) rank=0:  47%|████▋     | 241/512 [04:40<05:11,  1.15s/it]
Generating (fp16) rank=0:  48%|████▊     | 245/512 [04:45<05:06,  1.15s/it]
Generating (fp16) rank=0:  49%|████▊     | 249/512 [04:49<05:01,  1.15s/it]
Generating (fp16) rank=0:  49%|████▉     | 253/512 [04:54<04:57,  1.15s/it]
Generating (fp16) rank=0:  50%|█████     | 257/512 [04:58<04:56,  1.16s/it]
Generating (fp16) rank=0:  51%|█████     | 261/512 [05:03<04:50,  1.16s/it]
Generating (fp16) rank=0:  52%|█████▏    | 265/512 [05:08<04:44,  1.15s/it]
Generating (fp16) rank=0:  53%|█████▎    | 269/512 [05:12<04:39,  1.15s/it]
Generating (fp16) rank=0:  53%|█████▎    | 273/512 [05:17<04:34,  1.15s/it]
Generating (fp16) rank=0:  54%|█████▍    | 277/512 [05:21<04:29,  1.15s/it]
Generating (fp16) rank=0:  55%|█████▍    | 281/512 [05:26<04:25,  1.15s/it]
Generating (fp16) rank=0:  56%|█████▌    | 285/512 [05:31<04:20,  1.15s/it]
Generating (fp16) rank=0:  56%|█████▋    | 289/512 [05:35<04:15,  1.15s/it]
Generating (fp16) rank=0:  57%|█████▋    | 293/512 [05:40<04:14,  1.16s/it]
Generating (fp16) rank=0:  58%|█████▊    | 297/512 [05:45<04:08,  1.16s/it]
Generating (fp16) rank=0:  59%|█████▉    | 301/512 [05:49<04:03,  1.15s/it]
Generating (fp16) rank=0:  60%|█████▉    | 305/512 [05:54<03:57,  1.15s/it]
Generating (fp16) rank=0:  60%|██████    | 309/512 [05:58<03:53,  1.15s/it]
Generating (fp16) rank=0:  61%|██████    | 313/512 [06:03<03:48,  1.15s/it]
Generating (fp16) rank=0:  62%|██████▏   | 317/512 [06:07<03:43,  1.15s/it]
Generating (fp16) rank=0:  63%|██████▎   | 321/512 [06:12<03:39,  1.15s/it]
Generating (fp16) rank=0:  63%|██████▎   | 325/512 [06:17<03:35,  1.15s/it]
Generating (fp16) rank=0:  64%|██████▍   | 329/512 [06:21<03:32,  1.16s/it]
Generating (fp16) rank=0:  65%|██████▌   | 333/512 [06:26<03:30,  1.18s/it]
Generating (fp16) rank=0:  66%|██████▌   | 337/512 [06:31<03:26,  1.18s/it]
Generating (fp16) rank=0:  67%|██████▋   | 341/512 [06:36<03:21,  1.18s/it]
Generating (fp16) rank=0:  67%|██████▋   | 345/512 [06:40<03:16,  1.18s/it]
Generating (fp16) rank=0:  68%|██████▊   | 349/512 [06:45<03:11,  1.18s/it]
Generating (fp16) rank=0:  69%|██████▉   | 353/512 [06:50<03:06,  1.17s/it]
Generating (fp16) rank=0:  70%|██████▉   | 357/512 [06:54<03:02,  1.17s/it]
Generating (fp16) rank=0:  71%|███████   | 361/512 [06:59<02:57,  1.17s/it]
Generating (fp16) rank=0:  71%|███████▏  | 365/512 [07:04<02:52,  1.17s/it]
Generating (fp16) rank=0:  72%|███████▏  | 369/512 [07:09<02:49,  1.19s/it]
Generating (fp16) rank=0:  73%|███████▎  | 373/512 [07:13<02:44,  1.18s/it]
Generating (fp16) rank=0:  74%|███████▎  | 377/512 [07:18<02:39,  1.18s/it]
Generating (fp16) rank=0:  74%|███████▍  | 381/512 [07:23<02:34,  1.18s/it]
Generating (fp16) rank=0:  75%|███████▌  | 385/512 [07:27<02:29,  1.18s/it]
Generating (fp16) rank=0:  76%|███████▌  | 389/512 [07:32<02:24,  1.18s/it]
Generating (fp16) rank=0:  77%|███████▋  | 393/512 [07:37<02:20,  1.18s/it]
Generating (fp16) rank=0:  78%|███████▊  | 397/512 [07:42<02:15,  1.18s/it]
Generating (fp16) rank=0:  78%|███████▊  | 401/512 [07:46<02:10,  1.18s/it]
Generating (fp16) rank=0:  79%|███████▉  | 405/512 [07:51<02:06,  1.19s/it]
Generating (fp16) rank=0:  80%|███████▉  | 409/512 [07:56<02:01,  1.18s/it]
Generating (fp16) rank=0:  81%|████████  | 413/512 [08:01<01:56,  1.18s/it]
Generating (fp16) rank=0:  81%|████████▏ | 417/512 [08:05<01:51,  1.18s/it]
Generating (fp16) rank=0:  82%|████████▏ | 421/512 [08:10<01:47,  1.18s/it]
Generating (fp16) rank=0:  83%|████████▎ | 425/512 [08:15<01:42,  1.18s/it]
Generating (fp16) rank=0:  84%|████████▍ | 429/512 [08:19<01:37,  1.18s/it]
Generating (fp16) rank=0:  85%|████████▍ | 433/512 [08:24<01:32,  1.17s/it]
Generating (fp16) rank=0:  85%|████████▌ | 437/512 [08:29<01:28,  1.17s/it]
Generating (fp16) rank=0:  86%|████████▌ | 441/512 [08:34<01:24,  1.19s/it]
Generating (fp16) rank=0:  87%|████████▋ | 445/512 [08:38<01:19,  1.18s/it]
Generating (fp16) rank=0:  88%|████████▊ | 449/512 [08:43<01:14,  1.18s/it]
Generating (fp16) rank=0:  88%|████████▊ | 453/512 [08:48<01:09,  1.18s/it]
Generating (fp16) rank=0:  89%|████████▉ | 457/512 [08:52<01:04,  1.18s/it]
Generating (fp16) rank=0:  90%|█████████ | 461/512 [08:57<01:00,  1.18s/it]
Generating (fp16) rank=0:  91%|█████████ | 465/512 [09:02<00:55,  1.18s/it]
Generating (fp16) rank=0:  92%|█████████▏| 469/512 [09:06<00:50,  1.18s/it]
Generating (fp16) rank=0:  92%|█████████▏| 473/512 [09:11<00:45,  1.18s/it]
Generating (fp16) rank=0:  93%|█████████▎| 477/512 [09:16<00:41,  1.18s/it]
Generating (fp16) rank=0:  94%|█████████▍| 481/512 [09:21<00:36,  1.19s/it]
Generating (fp16) rank=0:  95%|█████████▍| 485/512 [09:25<00:31,  1.18s/it]
Generating (fp16) rank=0:  96%|█████████▌| 489/512 [09:30<00:27,  1.18s/it]
Generating (fp16) rank=0:  96%|█████████▋| 493/512 [09:35<00:22,  1.18s/it]
Generating (fp16) rank=0:  97%|█████████▋| 497/512 [09:40<00:17,  1.18s/it]
Generating (fp16) rank=0:  98%|█████████▊| 501/512 [09:44<00:12,  1.18s/it]
Generating (fp16) rank=0:  99%|█████████▊| 505/512 [09:49<00:08,  1.18s/it]
Generating (fp16) rank=0:  99%|█████████▉| 509/512 [09:54<00:03,  1.18s/it]
Generating (fp16) rank=0: 100%|██████████| 512/512 [09:54<00:00,  1.16s/it]

