/home/alimaskina/miniconda3/lib/python3.13/site-packages/requests/__init__.py:113: RequestsDependencyWarning: urllib3 (2.5.0) or chardet (6.0.0.post1)/charset_normalizer (3.3.2) doesn't match a supported version!
  warnings.warn(
llada_dist (model_path=GSAI-ML/LLaDA-8B-Base,quant=fp16,gen_length=21,steps=21,block_length=21,remasking=low_confidence,checkpoint_dir=checkpoints/results_sudoku_fp16_large_4x4_2shot_2gpu_g21,gen_batch_size=1), gen_kwargs: (None), limit: None, num_fewshot: None, batch_size: 1
|       Tasks       |Version|Filter|n-shot|   Metric   |   |Value |   |Stderr|
|-------------------|------:|------|-----:|------------|---|-----:|---|-----:|
|sudoku4_2shot_large|      1|none  |     2|exact_match |↑  |0.5033|±  |0.0167|
|                   |       |none  |     2|valid_sudoku|↑  |0.5033|±  |0.0167|


/home/alimaskina/miniconda3/lib/python3.13/site-packages/requests/__init__.py:113: RequestsDependencyWarning: urllib3 (2.5.0) or chardet (6.0.0.post1)/charset_normalizer (3.3.2) doesn't match a supported version!
  warnings.warn(
/home/alimaskina/miniconda3/lib/python3.13/site-packages/requests/__init__.py:113: RequestsDependencyWarning: urllib3 (2.5.0) or chardet (6.0.0.post1)/charset_normalizer (3.3.2) doesn't match a supported version!
  warnings.warn(
/home/alimaskina/miniconda3/lib/python3.13/site-packages/requests/__init__.py:113: RequestsDependencyWarning: urllib3 (2.5.0) or chardet (6.0.0.post1)/charset_normalizer (3.3.2) doesn't match a supported version!
  warnings.warn(
The following values were not passed to `accelerate launch` and had defaults used instead:
	`--num_machines` was set to a value of `1`
	`--mixed_precision` was set to a value of `'no'`
	`--dynamo_backend` was set to a value of `'no'`
To avoid this warning pass in values for each of the problematic parameters or run `accelerate config`.
2026-07-13:12:45:13,729 INFO     [lm_eval.__main__:307] Including path: /home/alimaskina/dllm/quant_where_to_unmask/tasks
2026-07-13:12:45:13,980 INFO     [lm_eval.__main__:307] Including path: /home/alimaskina/dllm/quant_where_to_unmask/tasks
2026-07-13:12:45:26,383 INFO     [lm_eval.__main__:379] Selected Tasks: ['sudoku4_2shot_large']
2026-07-13:12:45:26,384 INFO     [lm_eval.evaluator:169] Setting random seed to 0 | Setting numpy seed to 1234 | Setting torch manual seed to 1234 | Setting fewshot manual seed to 1234
2026-07-13:12:45:26,384 INFO     [lm_eval.evaluator:206] Initializing llada_dist model, with arguments: {'model_path': 'GSAI-ML/LLaDA-8B-Base', 'quant': 'fp16', 'gen_length': 21, 'steps': 21, 'block_length': 21, 'remasking': 'low_confidence', 'checkpoint_dir': 'checkpoints/results_sudoku_fp16_large_4x4_2shot_2gpu_g21', 'gen_batch_size': 1}
2026-07-13:12:45:26,976 INFO     [lm_eval.__main__:379] Selected Tasks: ['sudoku4_2shot_large']
2026-07-13:12:45:26,977 INFO     [lm_eval.evaluator:169] Setting random seed to 0 | Setting numpy seed to 1234 | Setting torch manual seed to 1234 | Setting fewshot manual seed to 1234
2026-07-13:12:45:26,977 INFO     [lm_eval.evaluator:206] Initializing llada_dist model, with arguments: {'model_path': 'GSAI-ML/LLaDA-8B-Base', 'quant': 'fp16', 'gen_length': 21, 'steps': 21, 'block_length': 21, 'remasking': 'low_confidence', 'checkpoint_dir': 'checkpoints/results_sudoku_fp16_large_4x4_2shot_2gpu_g21', 'gen_batch_size': 1}
2026-07-13:12:45:27,597 WARNING  [accelerate.utils.other:349] Detected kernel version 5.4.210, which is below the recommended minimum of 5.5.0; this can cause the process to hang. It is recommended to upgrade the kernel to the minimum version or higher.

Loading checkpoint shards:   0%|          | 0/6 [00:00<?, ?it/s]
Loading checkpoint shards:   0%|          | 0/6 [00:00<?, ?it/s]
Loading checkpoint shards:  17%|█▋        | 1/6 [00:01<00:09,  1.99s/it]
Loading checkpoint shards:  17%|█▋        | 1/6 [00:02<00:12,  2.48s/it]
Loading checkpoint shards:  33%|███▎      | 2/6 [00:04<00:08,  2.20s/it]
Loading checkpoint shards:  33%|███▎      | 2/6 [00:05<00:10,  2.68s/it]
Loading checkpoint shards:  50%|█████     | 3/6 [00:06<00:06,  2.32s/it]
Loading checkpoint shards:  50%|█████     | 3/6 [00:08<00:08,  2.81s/it]
Loading checkpoint shards:  67%|██████▋   | 4/6 [00:09<00:04,  2.38s/it]
Loading checkpoint shards:  83%|████████▎ | 5/6 [00:11<00:02,  2.39s/it]
Loading checkpoint shards:  67%|██████▋   | 4/6 [00:11<00:05,  2.88s/it]
Loading checkpoint shards: 100%|██████████| 6/6 [00:13<00:00,  2.17s/it]
Loading checkpoint shards: 100%|██████████| 6/6 [00:13<00:00,  2.24s/it]

Loading checkpoint shards:  83%|████████▎ | 5/6 [00:14<00:02,  2.89s/it]
Loading checkpoint shards: 100%|██████████| 6/6 [00:16<00:00,  2.62s/it]
Loading checkpoint shards: 100%|██████████| 6/6 [00:16<00:00,  2.71s/it]
2026-07-13:12:45:47,450 INFO     [lm_eval.api.task:420] Building contexts for sudoku4_2shot_large on rank 1...
2026-07-13:12:45:47,461 INFO     [lm_eval.api.task:420] Building contexts for sudoku4_2shot_large on rank 0...

  0%|          | 0/450 [00:00<?, ?it/s]
  0%|          | 0/450 [00:00<?, ?it/s]
 12%|█▏        | 53/450 [00:00<00:00, 526.63it/s]
 12%|█▏        | 54/450 [00:00<00:00, 531.30it/s]
 24%|██▍       | 107/450 [00:00<00:00, 531.39it/s]
 24%|██▍       | 108/450 [00:00<00:00, 534.94it/s]
 36%|███▌      | 161/450 [00:00<00:00, 533.03it/s]
 36%|███▌      | 162/450 [00:00<00:00, 535.08it/s]
 48%|████▊     | 216/450 [00:00<00:00, 536.35it/s]
 48%|████▊     | 216/450 [00:00<00:00, 535.79it/s]
 60%|██████    | 270/450 [00:00<00:00, 536.48it/s]
 60%|██████    | 270/450 [00:00<00:00, 536.82it/s]
 72%|███████▏  | 324/450 [00:00<00:00, 536.75it/s]
 72%|███████▏  | 324/450 [00:00<00:00, 537.01it/s]
 84%|████████▍ | 379/450 [00:00<00:00, 539.33it/s]
 84%|████████▍ | 379/450 [00:00<00:00, 538.07it/s]
 96%|█████████▋| 434/450 [00:00<00:00, 542.13it/s]
 96%|█████████▌| 433/450 [00:00<00:00, 537.40it/s]
100%|██████████| 450/450 [00:00<00:00, 538.26it/s]

100%|██████████| 450/450 [00:00<00:00, 536.42it/s]
2026-07-13:12:45:48,347 INFO     [lm_eval.evaluator:517] Running generate_until requests
2026-07-13:12:45:48,347 INFO     [lm_eval.evaluator:517] Running generate_until requests
Parameter 'function'=<function LLaDAEvalHarness.generate_until.<locals>._tokenize at 0x7f46986e2680> of the transform datasets.arrow_dataset.Dataset._map_single couldn't be hashed properly, a random hash was used instead. Make sure your transforms and parameters are serializable with pickle or dill for the dataset fingerprinting and caching to work. If you reuse this transform, the caching mechanism will consider it to be different from the previous calls and recompute everything. This warning is only shown once. Subsequent hashing failures won't be shown.
2026-07-13:12:45:48,377 WARNING  [datasets.fingerprint:284] Parameter 'function'=<function LLaDAEvalHarness.generate_until.<locals>._tokenize at 0x7f46986e2680> of the transform datasets.arrow_dataset.Dataset._map_single couldn't be hashed properly, a random hash was used instead. Make sure your transforms and parameters are serializable with pickle or dill for the dataset fingerprinting and caching to work. If you reuse this transform, the caching mechanism will consider it to be different from the previous calls and recompute everything. This warning is only shown once. Subsequent hashing failures won't be shown.

Map:   0%|          | 0/450 [00:00<?, ? examples/s]Parameter 'function'=<function LLaDAEvalHarness.generate_until.<locals>._tokenize at 0x7f662dcc2680> of the transform datasets.arrow_dataset.Dataset._map_single couldn't be hashed properly, a random hash was used instead. Make sure your transforms and parameters are serializable with pickle or dill for the dataset fingerprinting and caching to work. If you reuse this transform, the caching mechanism will consider it to be different from the previous calls and recompute everything. This warning is only shown once. Subsequent hashing failures won't be shown.
2026-07-13:12:45:48,379 WARNING  [datasets.fingerprint:284] Parameter 'function'=<function LLaDAEvalHarness.generate_until.<locals>._tokenize at 0x7f662dcc2680> of the transform datasets.arrow_dataset.Dataset._map_single couldn't be hashed properly, a random hash was used instead. Make sure your transforms and parameters are serializable with pickle or dill for the dataset fingerprinting and caching to work. If you reuse this transform, the caching mechanism will consider it to be different from the previous calls and recompute everything. This warning is only shown once. Subsequent hashing failures won't be shown.

Map:   0%|          | 0/450 [00:00<?, ? examples/s]
Map:  66%|██████▌   | 295/450 [00:00<00:00, 2926.59 examples/s]
Map:  65%|██████▍   | 292/450 [00:00<00:00, 2896.80 examples/s]
Map: 100%|██████████| 450/450 [00:00<00:00, 2767.01 examples/s]

Generating (fp16) rank=1:   0%|          | 0/450 [00:00<?, ?it/s]
Map: 100%|██████████| 450/450 [00:00<00:00, 2714.70 examples/s]

Generating (fp16) rank=0:   0%|          | 0/450 [00:00<?, ?it/s]
Generating (fp16) rank=1:   0%|          | 1/450 [00:01<08:18,  1.11s/it]
Generating (fp16) rank=0:   0%|          | 1/450 [00:01<09:11,  1.23s/it]
Generating (fp16) rank=1:   0%|          | 2/450 [00:01<06:51,  1.09it/s]
Generating (fp16) rank=0:   0%|          | 2/450 [00:02<07:23,  1.01it/s]
Generating (fp16) rank=1:   1%|          | 3/450 [00:02<06:23,  1.17it/s]
Generating (fp16) rank=0:   1%|          | 3/450 [00:02<06:49,  1.09it/s]
Generating (fp16) rank=1:   1%|          | 4/450 [00:03<06:11,  1.20it/s]
Generating (fp16) rank=0:   1%|          | 4/450 [00:03<06:32,  1.14it/s]
Generating (fp16) rank=1:   1%|          | 5/450 [00:04<06:04,  1.22it/s]
Generating (fp16) rank=0:   1%|          | 5/450 [00:04<06:23,  1.16it/s]
Generating (fp16) rank=1:   1%|▏         | 6/450 [00:05<05:59,  1.23it/s]
Generating (fp16) rank=0:   1%|▏         | 6/450 [00:05<06:18,  1.17it/s]
Generating (fp16) rank=1:   2%|▏         | 7/450 [00:05<05:56,  1.24it/s]
Generating (fp16) rank=0:   2%|▏         | 7/450 [00:06<06:14,  1.18it/s]
Generating (fp16) rank=1:   2%|▏         | 8/450 [00:06<05:53,  1.25it/s]
Generating (fp16) rank=0:   2%|▏         | 8/450 [00:07<06:11,  1.19it/s]
Generating (fp16) rank=1:   2%|▏         | 9/450 [00:07<05:51,  1.25it/s]
Generating (fp16) rank=0:   2%|▏         | 9/450 [00:07<06:09,  1.19it/s]
Generating (fp16) rank=1:   2%|▏         | 10/450 [00:08<05:50,  1.26it/s]
Generating (fp16) rank=0:   2%|▏         | 10/450 [00:08<06:06,  1.20it/s]
Generating (fp16) rank=1:   2%|▏         | 11/450 [00:09<05:48,  1.26it/s]
Generating (fp16) rank=0:   2%|▏         | 11/450 [00:09<06:04,  1.20it/s]
Generating (fp16) rank=1:   3%|▎         | 12/450 [00:09<05:47,  1.26it/s]
Generating (fp16) rank=0:   3%|▎         | 12/450 [00:10<06:04,  1.20it/s]
Generating (fp16) rank=1:   3%|▎         | 13/450 [00:10<05:48,  1.25it/s]
Generating (fp16) rank=0:   3%|▎         | 13/450 [00:11<06:05,  1.20it/s]
Generating (fp16) rank=1:   3%|▎         | 14/450 [00:11<05:48,  1.25it/s]
Generating (fp16) rank=0:   3%|▎         | 14/450 [00:12<06:03,  1.20it/s]
Generating (fp16) rank=1:   3%|▎         | 15/450 [00:12<05:50,  1.24it/s]
Generating (fp16) rank=0:   3%|▎         | 15/450 [00:12<06:00,  1.21it/s]
Generating (fp16) rank=1:   4%|▎         | 16/450 [00:13<05:49,  1.24it/s]
Generating (fp16) rank=0:   4%|▎         | 16/450 [00:13<05:57,  1.21it/s]
Generating (fp16) rank=1:   4%|▍         | 17/450 [00:13<05:48,  1.24it/s]
Generating (fp16) rank=0:   4%|▍         | 17/450 [00:14<05:55,  1.22it/s]
Generating (fp16) rank=1:   4%|▍         | 18/450 [00:14<05:47,  1.24it/s]
Generating (fp16) rank=0:   4%|▍         | 18/450 [00:15<05:55,  1.22it/s]
Generating (fp16) rank=1:   4%|▍         | 19/450 [00:15<05:46,  1.24it/s]
Generating (fp16) rank=0:   4%|▍         | 19/450 [00:16<05:55,  1.21it/s]
Generating (fp16) rank=1:   4%|▍         | 20/450 [00:16<05:46,  1.24it/s]
Generating (fp16) rank=0:   4%|▍         | 20/450 [00:16<05:55,  1.21it/s]
Generating (fp16) rank=1:   5%|▍         | 21/450 [00:17<05:45,  1.24it/s]
Generating (fp16) rank=0:   5%|▍         | 21/450 [00:17<05:54,  1.21it/s]
Generating (fp16) rank=1:   5%|▍         | 22/450 [00:17<05:44,  1.24it/s]
Generating (fp16) rank=0:   5%|▍         | 22/450 [00:18<05:53,  1.21it/s]
Generating (fp16) rank=1:   5%|▌         | 23/450 [00:18<05:44,  1.24it/s]
Generating (fp16) rank=0:   5%|▌         | 23/450 [00:19<05:52,  1.21it/s]
Generating (fp16) rank=1:   5%|▌         | 24/450 [00:19<05:43,  1.24it/s]
Generating (fp16) rank=0:   5%|▌         | 24/450 [00:20<05:50,  1.22it/s]
Generating (fp16) rank=1:   6%|▌         | 25/450 [00:20<05:42,  1.24it/s]
Generating (fp16) rank=0:   6%|▌         | 25/450 [00:21<05:49,  1.22it/s]
Generating (fp16) rank=1:   6%|▌         | 26/450 [00:21<05:41,  1.24it/s]
Generating (fp16) rank=0:   6%|▌         | 26/450 [00:21<05:48,  1.22it/s]
Generating (fp16) rank=1:   6%|▌         | 27/450 [00:21<05:40,  1.24it/s]
Generating (fp16) rank=0:   6%|▌         | 27/450 [00:22<05:47,  1.22it/s]
Generating (fp16) rank=1:   6%|▌         | 28/450 [00:22<05:39,  1.24it/s]
Generating (fp16) rank=0:   6%|▌         | 28/450 [00:23<05:44,  1.23it/s]
Generating (fp16) rank=1:   6%|▋         | 29/450 [00:23<05:37,  1.25it/s]
Generating (fp16) rank=1:   7%|▋         | 30/450 [00:24<05:36,  1.25it/s]
Generating (fp16) rank=0:   6%|▋         | 29/450 [00:24<05:43,  1.23it/s]
Generating (fp16) rank=1:   7%|▋         | 31/450 [00:25<05:34,  1.25it/s]
Generating (fp16) rank=0:   7%|▋         | 30/450 [00:25<05:42,  1.22it/s]
Generating (fp16) rank=1:   7%|▋         | 32/450 [00:25<05:33,  1.25it/s]
Generating (fp16) rank=0:   7%|▋         | 31/450 [00:25<05:41,  1.23it/s]
Generating (fp16) rank=1:   7%|▋         | 33/450 [00:26<05:32,  1.25it/s]
Generating (fp16) rank=0:   7%|▋         | 32/450 [00:26<05:42,  1.22it/s]
Generating (fp16) rank=1:   8%|▊         | 34/450 [00:27<05:32,  1.25it/s]
Generating (fp16) rank=0:   7%|▋         | 33/450 [00:27<05:41,  1.22it/s]
Generating (fp16) rank=1:   8%|▊         | 35/450 [00:28<05:32,  1.25it/s]
Generating (fp16) rank=0:   8%|▊         | 34/450 [00:28<05:40,  1.22it/s]
Generating (fp16) rank=1:   8%|▊         | 36/450 [00:29<05:31,  1.25it/s]
Generating (fp16) rank=0:   8%|▊         | 35/450 [00:29<05:39,  1.22it/s]
Generating (fp16) rank=1:   8%|▊         | 37/450 [00:29<05:31,  1.24it/s]
Generating (fp16) rank=0:   8%|▊         | 36/450 [00:30<05:39,  1.22it/s]
Generating (fp16) rank=1:   8%|▊         | 38/450 [00:30<05:31,  1.24it/s]
Generating (fp16) rank=0:   8%|▊         | 37/450 [00:30<05:39,  1.22it/s]
Generating (fp16) rank=1:   9%|▊         | 39/450 [00:31<05:30,  1.24it/s]
Generating (fp16) rank=0:   8%|▊         | 38/450 [00:31<05:37,  1.22it/s]
Generating (fp16) rank=1:   9%|▉         | 40/450 [00:32<05:30,  1.24it/s]
Generating (fp16) rank=0:   9%|▊         | 39/450 [00:32<05:37,  1.22it/s]
Generating (fp16) rank=1:   9%|▉         | 41/450 [00:33<05:29,  1.24it/s]
Generating (fp16) rank=0:   9%|▉         | 40/450 [00:33<05:35,  1.22it/s]
Generating (fp16) rank=1:   9%|▉         | 42/450 [00:33<05:28,  1.24it/s]
Generating (fp16) rank=0:   9%|▉         | 41/450 [00:34<05:34,  1.22it/s]
Generating (fp16) rank=1:  10%|▉         | 43/450 [00:34<05:26,  1.25it/s]
Generating (fp16) rank=0:   9%|▉         | 42/450 [00:34<05:32,  1.23it/s]
Generating (fp16) rank=1:  10%|▉         | 44/450 [00:35<05:25,  1.25it/s]
Generating (fp16) rank=0:  10%|▉         | 43/450 [00:35<05:33,  1.22it/s]
Generating (fp16) rank=1:  10%|█         | 45/450 [00:36<05:24,  1.25it/s]
Generating (fp16) rank=0:  10%|▉         | 44/450 [00:36<05:29,  1.23it/s]
Generating (fp16) rank=1:  10%|█         | 46/450 [00:37<05:22,  1.25it/s]
Generating (fp16) rank=0:  10%|█         | 45/450 [00:37<05:28,  1.23it/s]
Generating (fp16) rank=1:  10%|█         | 47/450 [00:37<05:22,  1.25it/s]
Generating (fp16) rank=0:  10%|█         | 46/450 [00:38<05:28,  1.23it/s]
Generating (fp16) rank=1:  11%|█         | 48/450 [00:38<05:22,  1.25it/s]
Generating (fp16) rank=0:  10%|█         | 47/450 [00:39<05:28,  1.23it/s]
Generating (fp16) rank=1:  11%|█         | 49/450 [00:39<05:22,  1.24it/s]
Generating (fp16) rank=0:  11%|█         | 48/450 [00:39<05:28,  1.22it/s]
Generating (fp16) rank=1:  11%|█         | 50/450 [00:40<05:21,  1.24it/s]
Generating (fp16) rank=0:  11%|█         | 49/450 [00:40<05:29,  1.22it/s]
Generating (fp16) rank=1:  11%|█▏        | 51/450 [00:41<05:20,  1.24it/s]
Generating (fp16) rank=0:  11%|█         | 50/450 [00:41<05:28,  1.22it/s]
Generating (fp16) rank=1:  12%|█▏        | 52/450 [00:41<05:20,  1.24it/s]
Generating (fp16) rank=0:  11%|█▏        | 51/450 [00:42<05:27,  1.22it/s]
Generating (fp16) rank=1:  12%|█▏        | 53/450 [00:42<05:19,  1.24it/s]
Generating (fp16) rank=0:  12%|█▏        | 52/450 [00:43<05:26,  1.22it/s]
Generating (fp16) rank=1:  12%|█▏        | 54/450 [00:43<05:18,  1.24it/s]
Generating (fp16) rank=0:  12%|█▏        | 53/450 [00:43<05:25,  1.22it/s]
Generating (fp16) rank=1:  12%|█▏        | 55/450 [00:44<05:17,  1.25it/s]
Generating (fp16) rank=0:  12%|█▏        | 54/450 [00:44<05:23,  1.23it/s]
Generating (fp16) rank=1:  12%|█▏        | 56/450 [00:45<05:15,  1.25it/s]
Generating (fp16) rank=0:  12%|█▏        | 55/450 [00:45<05:21,  1.23it/s]
Generating (fp16) rank=1:  13%|█▎        | 57/450 [00:45<05:14,  1.25it/s]
Generating (fp16) rank=0:  12%|█▏        | 56/450 [00:46<05:20,  1.23it/s]
Generating (fp16) rank=1:  13%|█▎        | 58/450 [00:46<05:13,  1.25it/s]
Generating (fp16) rank=0:  13%|█▎        | 57/450 [00:47<05:21,  1.22it/s]
Generating (fp16) rank=1:  13%|█▎        | 59/450 [00:47<05:13,  1.25it/s]
Generating (fp16) rank=0:  13%|█▎        | 58/450 [00:48<05:21,  1.22it/s]
Generating (fp16) rank=1:  13%|█▎        | 60/450 [00:48<05:12,  1.25it/s]
Generating (fp16) rank=0:  13%|█▎        | 59/450 [00:48<05:19,  1.22it/s]
Generating (fp16) rank=1:  14%|█▎        | 61/450 [00:49<05:12,  1.25it/s]
Generating (fp16) rank=0:  13%|█▎        | 60/450 [00:49<05:18,  1.22it/s]
Generating (fp16) rank=1:  14%|█▍        | 62/450 [00:49<05:11,  1.24it/s]
Generating (fp16) rank=0:  14%|█▎        | 61/450 [00:50<05:18,  1.22it/s]
Generating (fp16) rank=1:  14%|█▍        | 63/450 [00:50<05:10,  1.25it/s]
Generating (fp16) rank=0:  14%|█▍        | 62/450 [00:51<05:18,  1.22it/s]
Generating (fp16) rank=1:  14%|█▍        | 64/450 [00:51<05:10,  1.24it/s]
Generating (fp16) rank=0:  14%|█▍        | 63/450 [00:52<05:18,  1.22it/s]
Generating (fp16) rank=1:  14%|█▍        | 65/450 [00:52<05:09,  1.24it/s]
Generating (fp16) rank=0:  14%|█▍        | 64/450 [00:52<05:17,  1.22it/s]
Generating (fp16) rank=1:  15%|█▍        | 66/450 [00:53<05:08,  1.24it/s]
Generating (fp16) rank=0:  14%|█▍        | 65/450 [00:53<05:15,  1.22it/s]
Generating (fp16) rank=1:  15%|█▍        | 67/450 [00:53<05:08,  1.24it/s]
Generating (fp16) rank=0:  15%|█▍        | 66/450 [00:54<05:14,  1.22it/s]
Generating (fp16) rank=1:  15%|█▌        | 68/450 [00:54<05:07,  1.24it/s]
Generating (fp16) rank=0:  15%|█▍        | 67/450 [00:55<05:13,  1.22it/s]
Generating (fp16) rank=1:  15%|█▌        | 69/450 [00:55<05:06,  1.24it/s]
Generating (fp16) rank=0:  15%|█▌        | 68/450 [00:56<05:10,  1.23it/s]
Generating (fp16) rank=1:  16%|█▌        | 70/450 [00:56<05:05,  1.25it/s]
Generating (fp16) rank=0:  15%|█▌        | 69/450 [00:56<05:06,  1.24it/s]
Generating (fp16) rank=1:  16%|█▌        | 71/450 [00:57<05:03,  1.25it/s]
Generating (fp16) rank=0:  16%|█▌        | 70/450 [00:57<05:05,  1.24it/s]
Generating (fp16) rank=1:  16%|█▌        | 72/450 [00:58<05:02,  1.25it/s]
Generating (fp16) rank=0:  16%|█▌        | 71/450 [00:58<05:04,  1.24it/s]
Generating (fp16) rank=1:  16%|█▌        | 73/450 [00:58<05:00,  1.26it/s]
Generating (fp16) rank=0:  16%|█▌        | 72/450 [00:59<05:05,  1.24it/s]
Generating (fp16) rank=1:  16%|█▋        | 74/450 [00:59<04:59,  1.26it/s]
Generating (fp16) rank=0:  16%|█▌        | 73/450 [01:00<05:05,  1.23it/s]
Generating (fp16) rank=1:  17%|█▋        | 75/450 [01:00<04:58,  1.26it/s]
Generating (fp16) rank=0:  16%|█▋        | 74/450 [01:01<05:07,  1.22it/s]
Generating (fp16) rank=1:  17%|█▋        | 76/450 [01:01<04:57,  1.26it/s]
Generating (fp16) rank=0:  17%|█▋        | 75/450 [01:01<05:07,  1.22it/s]
Generating (fp16) rank=1:  17%|█▋        | 77/450 [01:01<04:56,  1.26it/s]
Generating (fp16) rank=0:  17%|█▋        | 76/450 [01:02<05:07,  1.22it/s]
Generating (fp16) rank=1:  17%|█▋        | 78/450 [01:02<04:55,  1.26it/s]
Generating (fp16) rank=0:  17%|█▋        | 77/450 [01:03<05:06,  1.21it/s]
Generating (fp16) rank=1:  18%|█▊        | 79/450 [01:03<04:54,  1.26it/s]
Generating (fp16) rank=1:  18%|█▊        | 80/450 [01:04<04:53,  1.26it/s]
Generating (fp16) rank=0:  17%|█▋        | 78/450 [01:04<05:05,  1.22it/s]
Generating (fp16) rank=1:  18%|█▊        | 81/450 [01:05<04:52,  1.26it/s]
Generating (fp16) rank=0:  18%|█▊        | 79/450 [01:05<05:05,  1.22it/s]
Generating (fp16) rank=1:  18%|█▊        | 82/450 [01:05<04:51,  1.26it/s]
Generating (fp16) rank=0:  18%|█▊        | 80/450 [01:06<05:04,  1.21it/s]
Generating (fp16) rank=1:  18%|█▊        | 83/450 [01:06<04:51,  1.26it/s]
Generating (fp16) rank=0:  18%|█▊        | 81/450 [01:06<05:00,  1.23it/s]
Generating (fp16) rank=1:  19%|█▊        | 84/450 [01:07<04:49,  1.26it/s]
Generating (fp16) rank=0:  18%|█▊        | 82/450 [01:07<04:56,  1.24it/s]
Generating (fp16) rank=1:  19%|█▉        | 85/450 [01:08<04:48,  1.27it/s]
Generating (fp16) rank=0:  18%|█▊        | 83/450 [01:08<04:52,  1.26it/s]
Generating (fp16) rank=1:  19%|█▉        | 86/450 [01:09<04:48,  1.26it/s]
Generating (fp16) rank=0:  19%|█▊        | 84/450 [01:09<04:50,  1.26it/s]
Generating (fp16) rank=1:  19%|█▉        | 87/450 [01:09<04:48,  1.26it/s]
Generating (fp16) rank=0:  19%|█▉        | 85/450 [01:09<04:48,  1.27it/s]
Generating (fp16) rank=1:  20%|█▉        | 88/450 [01:10<04:47,  1.26it/s]
Generating (fp16) rank=0:  19%|█▉        | 86/450 [01:10<04:46,  1.27it/s]
Generating (fp16) rank=1:  20%|█▉        | 89/450 [01:11<04:46,  1.26it/s]
Generating (fp16) rank=0:  19%|█▉        | 87/450 [01:11<04:45,  1.27it/s]
Generating (fp16) rank=1:  20%|██        | 90/450 [01:12<04:45,  1.26it/s]
Generating (fp16) rank=0:  20%|█▉        | 88/450 [01:12<04:43,  1.28it/s]
Generating (fp16) rank=0:  20%|█▉        | 89/450 [01:13<04:42,  1.28it/s]
Generating (fp16) rank=1:  20%|██        | 91/450 [01:13<04:44,  1.26it/s]
Generating (fp16) rank=0:  20%|██        | 90/450 [01:13<04:41,  1.28it/s]
Generating (fp16) rank=1:  20%|██        | 92/450 [01:13<04:43,  1.26it/s]
Generating (fp16) rank=0:  20%|██        | 91/450 [01:14<04:40,  1.28it/s]
Generating (fp16) rank=1:  21%|██        | 93/450 [01:14<04:42,  1.26it/s]
Generating (fp16) rank=0:  20%|██        | 92/450 [01:15<04:38,  1.28it/s]
Generating (fp16) rank=1:  21%|██        | 94/450 [01:15<04:41,  1.26it/s]
Generating (fp16) rank=0:  21%|██        | 93/450 [01:16<04:38,  1.28it/s]
Generating (fp16) rank=1:  21%|██        | 95/450 [01:16<04:40,  1.26it/s]
Generating (fp16) rank=0:  21%|██        | 94/450 [01:16<04:37,  1.28it/s]
Generating (fp16) rank=1:  21%|██▏       | 96/450 [01:17<04:39,  1.27it/s]
Generating (fp16) rank=0:  21%|██        | 95/450 [01:17<04:37,  1.28it/s]
Generating (fp16) rank=1:  22%|██▏       | 97/450 [01:17<04:38,  1.27it/s]
Generating (fp16) rank=0:  21%|██▏       | 96/450 [01:18<04:36,  1.28it/s]
Generating (fp16) rank=1:  22%|██▏       | 98/450 [01:18<04:38,  1.27it/s]
Generating (fp16) rank=0:  22%|██▏       | 97/450 [01:19<04:40,  1.26it/s]
Generating (fp16) rank=1:  22%|██▏       | 99/450 [01:19<04:36,  1.27it/s]
Generating (fp16) rank=0:  22%|██▏       | 98/450 [01:20<04:39,  1.26it/s]
Generating (fp16) rank=1:  22%|██▏       | 100/450 [01:20<04:35,  1.27it/s]
Generating (fp16) rank=0:  22%|██▏       | 99/450 [01:20<04:37,  1.26it/s]
Generating (fp16) rank=1:  22%|██▏       | 101/450 [01:20<04:35,  1.27it/s]
Generating (fp16) rank=0:  22%|██▏       | 100/450 [01:21<04:36,  1.27it/s]
Generating (fp16) rank=1:  23%|██▎       | 102/450 [01:21<04:34,  1.27it/s]
Generating (fp16) rank=0:  22%|██▏       | 101/450 [01:22<04:35,  1.27it/s]
Generating (fp16) rank=1:  23%|██▎       | 103/450 [01:22<04:34,  1.27it/s]
Generating (fp16) rank=0:  23%|██▎       | 102/450 [01:23<04:34,  1.27it/s]
Generating (fp16) rank=1:  23%|██▎       | 104/450 [01:23<04:33,  1.26it/s]
Generating (fp16) rank=0:  23%|██▎       | 103/450 [01:24<04:33,  1.27it/s]
Generating (fp16) rank=1:  23%|██▎       | 105/450 [01:24<04:32,  1.27it/s]
Generating (fp16) rank=0:  23%|██▎       | 104/450 [01:24<04:31,  1.27it/s]
Generating (fp16) rank=1:  24%|██▎       | 106/450 [01:24<04:30,  1.27it/s]
Generating (fp16) rank=0:  23%|██▎       | 105/450 [01:25<04:30,  1.28it/s]
Generating (fp16) rank=1:  24%|██▍       | 107/450 [01:25<04:29,  1.27it/s]
Generating (fp16) rank=0:  24%|██▎       | 106/450 [01:26<04:29,  1.28it/s]
Generating (fp16) rank=1:  24%|██▍       | 108/450 [01:26<04:29,  1.27it/s]
Generating (fp16) rank=0:  24%|██▍       | 107/450 [01:27<04:28,  1.28it/s]
Generating (fp16) rank=1:  24%|██▍       | 109/450 [01:27<04:28,  1.27it/s]
Generating (fp16) rank=0:  24%|██▍       | 108/450 [01:27<04:27,  1.28it/s]
Generating (fp16) rank=1:  24%|██▍       | 110/450 [01:28<04:28,  1.27it/s]
Generating (fp16) rank=0:  24%|██▍       | 109/450 [01:28<04:27,  1.28it/s]
Generating (fp16) rank=1:  25%|██▍       | 111/450 [01:28<04:27,  1.27it/s]
Generating (fp16) rank=1:  25%|██▍       | 112/450 [01:29<04:26,  1.27it/s]
Generating (fp16) rank=0:  24%|██▍       | 110/450 [01:29<04:37,  1.23it/s]
Generating (fp16) rank=1:  25%|██▌       | 113/450 [01:30<04:25,  1.27it/s]
Generating (fp16) rank=0:  25%|██▍       | 111/450 [01:30<04:32,  1.25it/s]
Generating (fp16) rank=0:  25%|██▍       | 112/450 [01:31<04:29,  1.26it/s]
Generating (fp16) rank=1:  25%|██▌       | 114/450 [01:31<04:25,  1.27it/s]
Generating (fp16) rank=0:  25%|██▌       | 113/450 [01:31<04:27,  1.26it/s]
Generating (fp16) rank=1:  26%|██▌       | 115/450 [01:32<04:25,  1.26it/s]
Generating (fp16) rank=0:  25%|██▌       | 114/450 [01:32<04:24,  1.27it/s]
Generating (fp16) rank=1:  26%|██▌       | 116/450 [01:32<04:23,  1.27it/s]
Generating (fp16) rank=0:  26%|██▌       | 115/450 [01:33<04:22,  1.27it/s]
Generating (fp16) rank=1:  26%|██▌       | 117/450 [01:33<04:22,  1.27it/s]
Generating (fp16) rank=0:  26%|██▌       | 116/450 [01:34<04:21,  1.28it/s]
Generating (fp16) rank=1:  26%|██▌       | 118/450 [01:34<04:22,  1.27it/s]
Generating (fp16) rank=0:  26%|██▌       | 117/450 [01:35<04:21,  1.28it/s]
Generating (fp16) rank=1:  26%|██▋       | 119/450 [01:35<04:22,  1.26it/s]
Generating (fp16) rank=0:  26%|██▌       | 118/450 [01:35<04:20,  1.28it/s]
Generating (fp16) rank=1:  27%|██▋       | 120/450 [01:35<04:22,  1.26it/s]
Generating (fp16) rank=0:  26%|██▋       | 119/450 [01:36<04:19,  1.27it/s]
Generating (fp16) rank=1:  27%|██▋       | 121/450 [01:36<04:21,  1.26it/s]
Generating (fp16) rank=0:  27%|██▋       | 120/450 [01:37<04:18,  1.28it/s]
Generating (fp16) rank=1:  27%|██▋       | 122/450 [01:37<04:20,  1.26it/s]
Generating (fp16) rank=0:  27%|██▋       | 121/450 [01:38<04:17,  1.28it/s]
Generating (fp16) rank=1:  27%|██▋       | 123/450 [01:38<04:19,  1.26it/s]
Generating (fp16) rank=0:  27%|██▋       | 122/450 [01:39<04:16,  1.28it/s]
Generating (fp16) rank=1:  28%|██▊       | 124/450 [01:39<04:19,  1.26it/s]
Generating (fp16) rank=0:  27%|██▋       | 123/450 [01:39<04:15,  1.28it/s]
Generating (fp16) rank=1:  28%|██▊       | 125/450 [01:39<04:17,  1.26it/s]
Generating (fp16) rank=0:  28%|██▊       | 124/450 [01:40<04:14,  1.28it/s]
Generating (fp16) rank=1:  28%|██▊       | 126/450 [01:40<04:16,  1.26it/s]
Generating (fp16) rank=0:  28%|██▊       | 125/450 [01:41<04:13,  1.28it/s]
Generating (fp16) rank=1:  28%|██▊       | 127/450 [01:41<04:15,  1.26it/s]
Generating (fp16) rank=0:  28%|██▊       | 126/450 [01:42<04:12,  1.28it/s]
Generating (fp16) rank=1:  28%|██▊       | 128/450 [01:42<04:15,  1.26it/s]
Generating (fp16) rank=0:  28%|██▊       | 127/450 [01:42<04:12,  1.28it/s]
Generating (fp16) rank=1:  29%|██▊       | 129/450 [01:43<04:14,  1.26it/s]
Generating (fp16) rank=0:  28%|██▊       | 128/450 [01:43<04:11,  1.28it/s]
Generating (fp16) rank=1:  29%|██▉       | 130/450 [01:43<04:14,  1.26it/s]
Generating (fp16) rank=0:  29%|██▊       | 129/450 [01:44<04:10,  1.28it/s]
Generating (fp16) rank=1:  29%|██▉       | 131/450 [01:44<04:13,  1.26it/s]
Generating (fp16) rank=0:  29%|██▉       | 130/450 [01:45<04:10,  1.28it/s]
Generating (fp16) rank=1:  29%|██▉       | 132/450 [01:45<04:12,  1.26it/s]
Generating (fp16) rank=0:  29%|██▉       | 131/450 [01:46<04:10,  1.28it/s]
Generating (fp16) rank=1:  30%|██▉       | 133/450 [01:46<04:11,  1.26it/s]
Generating (fp16) rank=0:  29%|██▉       | 132/450 [01:46<04:09,  1.28it/s]
Generating (fp16) rank=1:  30%|██▉       | 134/450 [01:47<04:10,  1.26it/s]
Generating (fp16) rank=0:  30%|██▉       | 133/450 [01:47<04:08,  1.28it/s]
Generating (fp16) rank=1:  30%|███       | 135/450 [01:47<04:09,  1.26it/s]
Generating (fp16) rank=0:  30%|██▉       | 134/450 [01:48<04:06,  1.28it/s]
Generating (fp16) rank=1:  30%|███       | 136/450 [01:48<04:07,  1.27it/s]
Generating (fp16) rank=0:  30%|███       | 135/450 [01:49<04:05,  1.28it/s]
Generating (fp16) rank=1:  30%|███       | 137/450 [01:49<04:07,  1.26it/s]
Generating (fp16) rank=0:  30%|███       | 136/450 [01:49<04:05,  1.28it/s]
Generating (fp16) rank=1:  31%|███       | 138/450 [01:50<04:07,  1.26it/s]
Generating (fp16) rank=0:  30%|███       | 137/450 [01:50<04:04,  1.28it/s]
Generating (fp16) rank=1:  31%|███       | 139/450 [01:51<04:06,  1.26it/s]
Generating (fp16) rank=0:  31%|███       | 138/450 [01:51<04:04,  1.28it/s]
Generating (fp16) rank=1:  31%|███       | 140/450 [01:51<04:05,  1.26it/s]
Generating (fp16) rank=0:  31%|███       | 139/450 [01:52<04:02,  1.28it/s]
Generating (fp16) rank=1:  31%|███▏      | 141/450 [01:52<04:04,  1.26it/s]
Generating (fp16) rank=0:  31%|███       | 140/450 [01:53<04:01,  1.28it/s]
Generating (fp16) rank=1:  32%|███▏      | 142/450 [01:53<04:03,  1.26it/s]
Generating (fp16) rank=0:  31%|███▏      | 141/450 [01:53<04:00,  1.28it/s]
Generating (fp16) rank=1:  32%|███▏      | 143/450 [01:54<04:02,  1.27it/s]
Generating (fp16) rank=0:  32%|███▏      | 142/450 [01:54<03:59,  1.28it/s]
Generating (fp16) rank=1:  32%|███▏      | 144/450 [01:54<04:02,  1.26it/s]
Generating (fp16) rank=0:  32%|███▏      | 143/450 [01:55<03:59,  1.28it/s]
Generating (fp16) rank=1:  32%|███▏      | 145/450 [01:55<04:01,  1.26it/s]
Generating (fp16) rank=0:  32%|███▏      | 144/450 [01:56<03:58,  1.28it/s]
Generating (fp16) rank=1:  32%|███▏      | 146/450 [01:56<04:00,  1.26it/s]
Generating (fp16) rank=0:  32%|███▏      | 145/450 [01:56<03:57,  1.28it/s]
Generating (fp16) rank=1:  33%|███▎      | 147/450 [01:57<04:00,  1.26it/s]
Generating (fp16) rank=0:  32%|███▏      | 146/450 [01:57<03:57,  1.28it/s]
Generating (fp16) rank=1:  33%|███▎      | 148/450 [01:58<03:59,  1.26it/s]
Generating (fp16) rank=0:  33%|███▎      | 147/450 [01:58<03:56,  1.28it/s]
Generating (fp16) rank=1:  33%|███▎      | 149/450 [01:58<03:58,  1.26it/s]
Generating (fp16) rank=0:  33%|███▎      | 148/450 [01:59<03:54,  1.29it/s]
Generating (fp16) rank=1:  33%|███▎      | 150/450 [01:59<03:57,  1.26it/s]
Generating (fp16) rank=0:  33%|███▎      | 149/450 [02:00<03:54,  1.28it/s]
Generating (fp16) rank=1:  34%|███▎      | 151/450 [02:00<03:56,  1.26it/s]
Generating (fp16) rank=0:  33%|███▎      | 150/450 [02:00<03:53,  1.29it/s]
Generating (fp16) rank=1:  34%|███▍      | 152/450 [02:01<03:55,  1.27it/s]
Generating (fp16) rank=0:  34%|███▎      | 151/450 [02:01<03:52,  1.29it/s]
Generating (fp16) rank=1:  34%|███▍      | 153/450 [02:02<03:55,  1.26it/s]
Generating (fp16) rank=0:  34%|███▍      | 152/450 [02:02<03:51,  1.29it/s]
Generating (fp16) rank=1:  34%|███▍      | 154/450 [02:02<03:54,  1.26it/s]
Generating (fp16) rank=0:  34%|███▍      | 153/450 [02:03<03:50,  1.29it/s]
Generating (fp16) rank=1:  34%|███▍      | 155/450 [02:03<03:53,  1.27it/s]
Generating (fp16) rank=0:  34%|███▍      | 154/450 [02:03<03:49,  1.29it/s]
Generating (fp16) rank=1:  35%|███▍      | 156/450 [02:04<03:52,  1.26it/s]
Generating (fp16) rank=0:  34%|███▍      | 155/450 [02:04<03:49,  1.29it/s]
Generating (fp16) rank=1:  35%|███▍      | 157/450 [02:05<03:52,  1.26it/s]
Generating (fp16) rank=0:  35%|███▍      | 156/450 [02:05<03:49,  1.28it/s]
Generating (fp16) rank=1:  35%|███▌      | 158/450 [02:06<03:51,  1.26it/s]
Generating (fp16) rank=0:  35%|███▍      | 157/450 [02:06<03:48,  1.28it/s]
Generating (fp16) rank=1:  35%|███▌      | 159/450 [02:06<03:50,  1.26it/s]
Generating (fp16) rank=0:  35%|███▌      | 158/450 [02:07<03:47,  1.28it/s]
Generating (fp16) rank=1:  36%|███▌      | 160/450 [02:07<03:49,  1.26it/s]
Generating (fp16) rank=0:  35%|███▌      | 159/450 [02:07<03:46,  1.28it/s]
Generating (fp16) rank=1:  36%|███▌      | 161/450 [02:08<03:48,  1.27it/s]
Generating (fp16) rank=0:  36%|███▌      | 160/450 [02:08<03:45,  1.28it/s]
Generating (fp16) rank=1:  36%|███▌      | 162/450 [02:09<03:47,  1.27it/s]
Generating (fp16) rank=0:  36%|███▌      | 161/450 [02:09<03:44,  1.29it/s]
Generating (fp16) rank=1:  36%|███▌      | 163/450 [02:10<03:46,  1.27it/s]
Generating (fp16) rank=0:  36%|███▌      | 162/450 [02:10<03:44,  1.29it/s]
Generating (fp16) rank=1:  36%|███▋      | 164/450 [02:10<03:45,  1.27it/s]
Generating (fp16) rank=0:  36%|███▌      | 163/450 [02:10<03:43,  1.28it/s]
Generating (fp16) rank=1:  37%|███▋      | 165/450 [02:11<03:45,  1.26it/s]
Generating (fp16) rank=0:  36%|███▋      | 164/450 [02:11<03:43,  1.28it/s]
Generating (fp16) rank=1:  37%|███▋      | 166/450 [02:12<03:44,  1.26it/s]
Generating (fp16) rank=0:  37%|███▋      | 165/450 [02:12<03:42,  1.28it/s]
Generating (fp16) rank=1:  37%|███▋      | 167/450 [02:13<03:43,  1.26it/s]
Generating (fp16) rank=0:  37%|███▋      | 166/450 [02:13<03:41,  1.28it/s]
Generating (fp16) rank=1:  37%|███▋      | 168/450 [02:13<03:42,  1.27it/s]
Generating (fp16) rank=0:  37%|███▋      | 167/450 [02:14<03:40,  1.29it/s]
Generating (fp16) rank=1:  38%|███▊      | 169/450 [02:14<03:41,  1.27it/s]
Generating (fp16) rank=0:  37%|███▋      | 168/450 [02:14<03:39,  1.29it/s]
Generating (fp16) rank=1:  38%|███▊      | 170/450 [02:15<03:40,  1.27it/s]
Generating (fp16) rank=0:  38%|███▊      | 169/450 [02:15<03:37,  1.29it/s]
Generating (fp16) rank=1:  38%|███▊      | 171/450 [02:16<03:39,  1.27it/s]
Generating (fp16) rank=0:  38%|███▊      | 170/450 [02:16<03:37,  1.29it/s]
Generating (fp16) rank=1:  38%|███▊      | 172/450 [02:17<03:39,  1.27it/s]
Generating (fp16) rank=0:  38%|███▊      | 171/450 [02:17<03:36,  1.29it/s]
Generating (fp16) rank=1:  38%|███▊      | 173/450 [02:17<03:39,  1.26it/s]
Generating (fp16) rank=0:  38%|███▊      | 172/450 [02:17<03:36,  1.29it/s]
Generating (fp16) rank=1:  39%|███▊      | 174/450 [02:18<03:38,  1.26it/s]
Generating (fp16) rank=0:  38%|███▊      | 173/450 [02:18<03:35,  1.28it/s]
Generating (fp16) rank=1:  39%|███▉      | 175/450 [02:19<03:38,  1.26it/s]
Generating (fp16) rank=0:  39%|███▊      | 174/450 [02:19<03:35,  1.28it/s]
Generating (fp16) rank=1:  39%|███▉      | 176/450 [02:20<03:37,  1.26it/s]
Generating (fp16) rank=0:  39%|███▉      | 175/450 [02:20<03:34,  1.28it/s]
Generating (fp16) rank=1:  39%|███▉      | 177/450 [02:21<03:36,  1.26it/s]
Generating (fp16) rank=0:  39%|███▉      | 176/450 [02:21<03:33,  1.28it/s]
Generating (fp16) rank=1:  40%|███▉      | 178/450 [02:21<03:35,  1.26it/s]
Generating (fp16) rank=0:  39%|███▉      | 177/450 [02:21<03:32,  1.28it/s]
Generating (fp16) rank=0:  40%|███▉      | 178/450 [02:22<03:31,  1.28it/s]
Generating (fp16) rank=1:  40%|███▉      | 179/450 [02:22<03:34,  1.26it/s]
Generating (fp16) rank=0:  40%|███▉      | 179/450 [02:23<03:31,  1.28it/s]
Generating (fp16) rank=1:  40%|████      | 180/450 [02:23<03:34,  1.26it/s]
Generating (fp16) rank=0:  40%|████      | 180/450 [02:24<03:31,  1.28it/s]
Generating (fp16) rank=1:  40%|████      | 181/450 [02:24<03:33,  1.26it/s]
Generating (fp16) rank=0:  40%|████      | 181/450 [02:25<03:29,  1.28it/s]
Generating (fp16) rank=1:  40%|████      | 182/450 [02:25<03:32,  1.26it/s]
Generating (fp16) rank=0:  40%|████      | 182/450 [02:25<03:29,  1.28it/s]
Generating (fp16) rank=1:  41%|████      | 183/450 [02:25<03:31,  1.26it/s]
Generating (fp16) rank=0:  41%|████      | 183/450 [02:26<03:28,  1.28it/s]
Generating (fp16) rank=1:  41%|████      | 184/450 [02:26<03:31,  1.26it/s]
Generating (fp16) rank=0:  41%|████      | 184/450 [02:27<03:27,  1.28it/s]
Generating (fp16) rank=1:  41%|████      | 185/450 [02:27<03:29,  1.26it/s]
Generating (fp16) rank=0:  41%|████      | 185/450 [02:28<03:26,  1.28it/s]
Generating (fp16) rank=1:  41%|████▏     | 186/450 [02:28<03:29,  1.26it/s]
Generating (fp16) rank=0:  41%|████▏     | 186/450 [02:28<03:25,  1.28it/s]
Generating (fp16) rank=1:  42%|████▏     | 187/450 [02:29<03:28,  1.26it/s]
Generating (fp16) rank=0:  42%|████▏     | 187/450 [02:29<03:24,  1.28it/s]
Generating (fp16) rank=1:  42%|████▏     | 188/450 [02:29<03:27,  1.26it/s]
Generating (fp16) rank=0:  42%|████▏     | 188/450 [02:30<03:24,  1.28it/s]
Generating (fp16) rank=1:  42%|████▏     | 189/450 [02:30<03:26,  1.26it/s]
Generating (fp16) rank=0:  42%|████▏     | 189/450 [02:31<03:23,  1.28it/s]
Generating (fp16) rank=1:  42%|████▏     | 190/450 [02:31<03:26,  1.26it/s]
Generating (fp16) rank=0:  42%|████▏     | 190/450 [02:32<03:23,  1.28it/s]
Generating (fp16) rank=1:  42%|████▏     | 191/450 [02:32<03:25,  1.26it/s]
Generating (fp16) rank=0:  42%|████▏     | 191/450 [02:32<03:22,  1.28it/s]
Generating (fp16) rank=1:  43%|████▎     | 192/450 [02:32<03:25,  1.26it/s]
Generating (fp16) rank=0:  43%|████▎     | 192/450 [02:33<03:21,  1.28it/s]
Generating (fp16) rank=1:  43%|████▎     | 193/450 [02:33<03:24,  1.26it/s]
Generating (fp16) rank=0:  43%|████▎     | 193/450 [02:34<03:20,  1.28it/s]
Generating (fp16) rank=1:  43%|████▎     | 194/450 [02:34<03:23,  1.26it/s]
Generating (fp16) rank=0:  43%|████▎     | 194/450 [02:35<03:19,  1.28it/s]
Generating (fp16) rank=1:  43%|████▎     | 195/450 [02:35<03:22,  1.26it/s]
Generating (fp16) rank=0:  43%|████▎     | 195/450 [02:35<03:18,  1.29it/s]
Generating (fp16) rank=1:  44%|████▎     | 196/450 [02:36<03:21,  1.26it/s]
Generating (fp16) rank=0:  44%|████▎     | 196/450 [02:36<03:17,  1.29it/s]
Generating (fp16) rank=1:  44%|████▍     | 197/450 [02:36<03:21,  1.26it/s]
Generating (fp16) rank=0:  44%|████▍     | 197/450 [02:37<03:16,  1.29it/s]
Generating (fp16) rank=1:  44%|████▍     | 198/450 [02:37<03:20,  1.26it/s]
Generating (fp16) rank=0:  44%|████▍     | 198/450 [02:38<03:15,  1.29it/s]
Generating (fp16) rank=1:  44%|████▍     | 199/450 [02:38<03:20,  1.25it/s]
Generating (fp16) rank=0:  44%|████▍     | 199/450 [02:39<03:15,  1.28it/s]
Generating (fp16) rank=1:  44%|████▍     | 200/450 [02:39<03:19,  1.25it/s]
Generating (fp16) rank=0:  44%|████▍     | 200/450 [02:39<03:15,  1.28it/s]
Generating (fp16) rank=1:  45%|████▍     | 201/450 [02:40<03:18,  1.25it/s]
Generating (fp16) rank=0:  45%|████▍     | 201/450 [02:40<03:14,  1.28it/s]
Generating (fp16) rank=1:  45%|████▍     | 202/450 [02:40<03:17,  1.26it/s]
Generating (fp16) rank=0:  45%|████▍     | 202/450 [02:41<03:13,  1.28it/s]
Generating (fp16) rank=1:  45%|████▌     | 203/450 [02:41<03:16,  1.25it/s]
Generating (fp16) rank=0:  45%|████▌     | 203/450 [02:42<03:13,  1.28it/s]
Generating (fp16) rank=1:  45%|████▌     | 204/450 [02:42<03:15,  1.26it/s]
Generating (fp16) rank=0:  45%|████▌     | 204/450 [02:42<03:11,  1.28it/s]
Generating (fp16) rank=1:  46%|████▌     | 205/450 [02:43<03:13,  1.26it/s]
Generating (fp16) rank=0:  46%|████▌     | 205/450 [02:43<03:10,  1.28it/s]
Generating (fp16) rank=1:  46%|████▌     | 206/450 [02:44<03:13,  1.26it/s]
Generating (fp16) rank=0:  46%|████▌     | 206/450 [02:44<03:10,  1.28it/s]
Generating (fp16) rank=1:  46%|████▌     | 207/450 [02:44<03:12,  1.26it/s]
Generating (fp16) rank=0:  46%|████▌     | 207/450 [02:45<03:09,  1.28it/s]
Generating (fp16) rank=1:  46%|████▌     | 208/450 [02:45<03:11,  1.26it/s]
Generating (fp16) rank=0:  46%|████▌     | 208/450 [02:46<03:08,  1.28it/s]
Generating (fp16) rank=1:  46%|████▋     | 209/450 [02:46<03:10,  1.26it/s]
Generating (fp16) rank=0:  46%|████▋     | 209/450 [02:46<03:07,  1.28it/s]
Generating (fp16) rank=1:  47%|████▋     | 210/450 [02:47<03:09,  1.27it/s]
Generating (fp16) rank=0:  47%|████▋     | 210/450 [02:47<03:06,  1.29it/s]
Generating (fp16) rank=1:  47%|████▋     | 211/450 [02:48<03:08,  1.27it/s]
Generating (fp16) rank=0:  47%|████▋     | 211/450 [02:48<03:06,  1.28it/s]
Generating (fp16) rank=1:  47%|████▋     | 212/450 [02:48<03:08,  1.26it/s]
Generating (fp16) rank=0:  47%|████▋     | 212/450 [02:49<03:05,  1.28it/s]
Generating (fp16) rank=1:  47%|████▋     | 213/450 [02:49<03:07,  1.26it/s]
Generating (fp16) rank=0:  47%|████▋     | 213/450 [02:49<03:04,  1.28it/s]
Generating (fp16) rank=1:  48%|████▊     | 214/450 [02:50<03:06,  1.27it/s]
Generating (fp16) rank=0:  48%|████▊     | 214/450 [02:50<03:03,  1.29it/s]
Generating (fp16) rank=1:  48%|████▊     | 215/450 [02:51<03:05,  1.27it/s]
Generating (fp16) rank=0:  48%|████▊     | 215/450 [02:51<03:02,  1.28it/s]
Generating (fp16) rank=1:  48%|████▊     | 216/450 [02:52<03:05,  1.26it/s]
Generating (fp16) rank=0:  48%|████▊     | 216/450 [02:52<03:02,  1.28it/s]
Generating (fp16) rank=1:  48%|████▊     | 217/450 [02:52<03:05,  1.26it/s]
Generating (fp16) rank=0:  48%|████▊     | 217/450 [02:53<03:01,  1.28it/s]
Generating (fp16) rank=1:  48%|████▊     | 218/450 [02:53<03:04,  1.26it/s]
Generating (fp16) rank=0:  48%|████▊     | 218/450 [02:53<03:01,  1.28it/s]
Generating (fp16) rank=1:  49%|████▊     | 219/450 [02:54<03:03,  1.26it/s]
Generating (fp16) rank=0:  49%|████▊     | 219/450 [02:54<03:00,  1.28it/s]
Generating (fp16) rank=1:  49%|████▉     | 220/450 [02:55<03:02,  1.26it/s]
Generating (fp16) rank=0:  49%|████▉     | 220/450 [02:55<02:59,  1.28it/s]
Generating (fp16) rank=1:  49%|████▉     | 221/450 [02:55<03:01,  1.26it/s]
Generating (fp16) rank=0:  49%|████▉     | 221/450 [02:56<02:58,  1.28it/s]
Generating (fp16) rank=1:  49%|████▉     | 222/450 [02:56<03:00,  1.26it/s]
Generating (fp16) rank=0:  49%|████▉     | 222/450 [02:56<02:57,  1.29it/s]
Generating (fp16) rank=1:  50%|████▉     | 223/450 [02:57<02:59,  1.27it/s]
Generating (fp16) rank=0:  50%|████▉     | 223/450 [02:57<02:56,  1.29it/s]
Generating (fp16) rank=1:  50%|████▉     | 224/450 [02:58<02:57,  1.27it/s]
Generating (fp16) rank=0:  50%|████▉     | 224/450 [02:58<02:55,  1.29it/s]
Generating (fp16) rank=1:  50%|█████     | 225/450 [02:59<02:57,  1.27it/s]
Generating (fp16) rank=0:  50%|█████     | 225/450 [02:59<02:54,  1.29it/s]
Generating (fp16) rank=1:  50%|█████     | 226/450 [02:59<02:56,  1.27it/s]
Generating (fp16) rank=0:  50%|█████     | 226/450 [03:00<02:54,  1.29it/s]
Generating (fp16) rank=1:  50%|█████     | 227/450 [03:00<02:56,  1.27it/s]
Generating (fp16) rank=0:  50%|█████     | 227/450 [03:00<02:53,  1.28it/s]
Generating (fp16) rank=1:  51%|█████     | 228/450 [03:01<02:55,  1.27it/s]
Generating (fp16) rank=0:  51%|█████     | 228/450 [03:01<02:52,  1.28it/s]
Generating (fp16) rank=1:  51%|█████     | 229/450 [03:02<02:54,  1.27it/s]
Generating (fp16) rank=0:  51%|█████     | 229/450 [03:02<02:52,  1.28it/s]
Generating (fp16) rank=1:  51%|█████     | 230/450 [03:03<02:54,  1.26it/s]
Generating (fp16) rank=0:  51%|█████     | 230/450 [03:03<02:51,  1.28it/s]
Generating (fp16) rank=1:  51%|█████▏    | 231/450 [03:03<02:53,  1.26it/s]
Generating (fp16) rank=0:  51%|█████▏    | 231/450 [03:03<02:50,  1.28it/s]
Generating (fp16) rank=1:  52%|█████▏    | 232/450 [03:04<02:53,  1.26it/s]
Generating (fp16) rank=0:  52%|█████▏    | 232/450 [03:04<02:49,  1.28it/s]
Generating (fp16) rank=1:  52%|█████▏    | 233/450 [03:05<02:52,  1.26it/s]
Generating (fp16) rank=0:  52%|█████▏    | 233/450 [03:05<02:49,  1.28it/s]
Generating (fp16) rank=1:  52%|█████▏    | 234/450 [03:06<02:52,  1.25it/s]
Generating (fp16) rank=0:  52%|█████▏    | 234/450 [03:06<02:48,  1.28it/s]
Generating (fp16) rank=1:  52%|█████▏    | 235/450 [03:07<02:51,  1.25it/s]
Generating (fp16) rank=0:  52%|█████▏    | 235/450 [03:07<02:47,  1.28it/s]
Generating (fp16) rank=0:  52%|█████▏    | 236/450 [03:07<02:47,  1.28it/s]
Generating (fp16) rank=1:  52%|█████▏    | 236/450 [03:07<02:51,  1.25it/s]
Generating (fp16) rank=0:  53%|█████▎    | 237/450 [03:08<02:46,  1.28it/s]
Generating (fp16) rank=1:  53%|█████▎    | 237/450 [03:08<02:50,  1.25it/s]
Generating (fp16) rank=0:  53%|█████▎    | 238/450 [03:09<02:45,  1.28it/s]
Generating (fp16) rank=1:  53%|█████▎    | 238/450 [03:09<02:49,  1.25it/s]
Generating (fp16) rank=0:  53%|█████▎    | 239/450 [03:10<02:44,  1.28it/s]
Generating (fp16) rank=1:  53%|█████▎    | 239/450 [03:10<02:48,  1.25it/s]
Generating (fp16) rank=0:  53%|█████▎    | 240/450 [03:10<02:43,  1.29it/s]
Generating (fp16) rank=1:  53%|█████▎    | 240/450 [03:11<02:47,  1.26it/s]
Generating (fp16) rank=0:  54%|█████▎    | 241/450 [03:11<02:42,  1.29it/s]
Generating (fp16) rank=1:  54%|█████▎    | 241/450 [03:11<02:46,  1.25it/s]
Generating (fp16) rank=0:  54%|█████▍    | 242/450 [03:12<02:42,  1.28it/s]
Generating (fp16) rank=1:  54%|█████▍    | 242/450 [03:12<02:46,  1.25it/s]
Generating (fp16) rank=0:  54%|█████▍    | 243/450 [03:13<02:41,  1.28it/s]
Generating (fp16) rank=1:  54%|█████▍    | 243/450 [03:13<02:45,  1.25it/s]
Generating (fp16) rank=0:  54%|█████▍    | 244/450 [03:14<02:40,  1.28it/s]
Generating (fp16) rank=1:  54%|█████▍    | 244/450 [03:14<02:44,  1.25it/s]
Generating (fp16) rank=0:  54%|█████▍    | 245/450 [03:14<02:39,  1.28it/s]
Generating (fp16) rank=1:  54%|█████▍    | 245/450 [03:15<02:44,  1.25it/s]
Generating (fp16) rank=0:  55%|█████▍    | 246/450 [03:15<02:39,  1.28it/s]
Generating (fp16) rank=1:  55%|█████▍    | 246/450 [03:15<02:43,  1.25it/s]
Generating (fp16) rank=0:  55%|█████▍    | 247/450 [03:16<02:38,  1.28it/s]
Generating (fp16) rank=1:  55%|█████▍    | 247/450 [03:16<02:42,  1.25it/s]
Generating (fp16) rank=0:  55%|█████▌    | 248/450 [03:17<02:37,  1.28it/s]
Generating (fp16) rank=1:  55%|█████▌    | 248/450 [03:17<02:41,  1.25it/s]
Generating (fp16) rank=0:  55%|█████▌    | 249/450 [03:18<02:36,  1.28it/s]
Generating (fp16) rank=1:  55%|█████▌    | 249/450 [03:18<02:40,  1.25it/s]
Generating (fp16) rank=0:  56%|█████▌    | 250/450 [03:18<02:35,  1.29it/s]
Generating (fp16) rank=1:  56%|█████▌    | 250/450 [03:19<02:39,  1.25it/s]
Generating (fp16) rank=0:  56%|█████▌    | 251/450 [03:19<02:34,  1.29it/s]
Generating (fp16) rank=1:  56%|█████▌    | 251/450 [03:19<02:38,  1.25it/s]
Generating (fp16) rank=0:  56%|█████▌    | 252/450 [03:20<02:33,  1.29it/s]
Generating (fp16) rank=1:  56%|█████▌    | 252/450 [03:20<02:37,  1.26it/s]
Generating (fp16) rank=0:  56%|█████▌    | 253/450 [03:21<02:32,  1.29it/s]
Generating (fp16) rank=1:  56%|█████▌    | 253/450 [03:21<02:36,  1.25it/s]
Generating (fp16) rank=0:  56%|█████▋    | 254/450 [03:21<02:32,  1.29it/s]
Generating (fp16) rank=1:  56%|█████▋    | 254/450 [03:22<02:36,  1.25it/s]
Generating (fp16) rank=0:  57%|█████▋    | 255/450 [03:22<02:31,  1.29it/s]
Generating (fp16) rank=1:  57%|█████▋    | 255/450 [03:23<02:35,  1.26it/s]
Generating (fp16) rank=0:  57%|█████▋    | 256/450 [03:23<02:30,  1.29it/s]
Generating (fp16) rank=1:  57%|█████▋    | 256/450 [03:23<02:34,  1.26it/s]
Generating (fp16) rank=0:  57%|█████▋    | 257/450 [03:24<02:29,  1.29it/s]
Generating (fp16) rank=1:  57%|█████▋    | 257/450 [03:24<02:33,  1.25it/s]
Generating (fp16) rank=0:  57%|█████▋    | 258/450 [03:24<02:29,  1.28it/s]
Generating (fp16) rank=1:  57%|█████▋    | 258/450 [03:25<02:33,  1.25it/s]
Generating (fp16) rank=0:  58%|█████▊    | 259/450 [03:25<02:28,  1.29it/s]
Generating (fp16) rank=1:  58%|█████▊    | 259/450 [03:26<02:31,  1.26it/s]
Generating (fp16) rank=0:  58%|█████▊    | 260/450 [03:26<02:27,  1.29it/s]
Generating (fp16) rank=1:  58%|█████▊    | 260/450 [03:27<02:31,  1.25it/s]
Generating (fp16) rank=0:  58%|█████▊    | 261/450 [03:27<02:26,  1.29it/s]
Generating (fp16) rank=1:  58%|█████▊    | 261/450 [03:27<02:30,  1.25it/s]
Generating (fp16) rank=0:  58%|█████▊    | 262/450 [03:28<02:26,  1.29it/s]
Generating (fp16) rank=1:  58%|█████▊    | 262/450 [03:28<02:30,  1.25it/s]
Generating (fp16) rank=0:  58%|█████▊    | 263/450 [03:28<02:25,  1.28it/s]
Generating (fp16) rank=1:  58%|█████▊    | 263/450 [03:29<02:29,  1.25it/s]
Generating (fp16) rank=0:  59%|█████▊    | 264/450 [03:29<02:24,  1.28it/s]
Generating (fp16) rank=1:  59%|█████▊    | 264/450 [03:30<02:28,  1.25it/s]
Generating (fp16) rank=0:  59%|█████▉    | 265/450 [03:30<02:24,  1.28it/s]
Generating (fp16) rank=1:  59%|█████▉    | 265/450 [03:31<02:27,  1.25it/s]
Generating (fp16) rank=0:  59%|█████▉    | 266/450 [03:31<02:22,  1.29it/s]
Generating (fp16) rank=1:  59%|█████▉    | 266/450 [03:31<02:26,  1.25it/s]
Generating (fp16) rank=0:  59%|█████▉    | 267/450 [03:31<02:21,  1.29it/s]
Generating (fp16) rank=1:  59%|█████▉    | 267/450 [03:32<02:25,  1.25it/s]
Generating (fp16) rank=0:  60%|█████▉    | 268/450 [03:32<02:21,  1.29it/s]
Generating (fp16) rank=1:  60%|█████▉    | 268/450 [03:33<02:24,  1.26it/s]
Generating (fp16) rank=0:  60%|█████▉    | 269/450 [03:33<02:20,  1.29it/s]
Generating (fp16) rank=1:  60%|█████▉    | 269/450 [03:34<02:24,  1.25it/s]
Generating (fp16) rank=0:  60%|██████    | 270/450 [03:34<02:19,  1.29it/s]
Generating (fp16) rank=1:  60%|██████    | 270/450 [03:35<02:23,  1.25it/s]
Generating (fp16) rank=0:  60%|██████    | 271/450 [03:35<02:19,  1.28it/s]
Generating (fp16) rank=1:  60%|██████    | 271/450 [03:35<02:23,  1.25it/s]
Generating (fp16) rank=0:  60%|██████    | 272/450 [03:35<02:18,  1.28it/s]
Generating (fp16) rank=1:  60%|██████    | 272/450 [03:36<02:22,  1.25it/s]
Generating (fp16) rank=0:  61%|██████    | 273/450 [03:36<02:17,  1.29it/s]
Generating (fp16) rank=1:  61%|██████    | 273/450 [03:37<02:21,  1.25it/s]
Generating (fp16) rank=0:  61%|██████    | 274/450 [03:37<02:16,  1.29it/s]
Generating (fp16) rank=1:  61%|██████    | 274/450 [03:38<02:20,  1.25it/s]
Generating (fp16) rank=0:  61%|██████    | 275/450 [03:38<02:15,  1.29it/s]
Generating (fp16) rank=0:  61%|██████▏   | 276/450 [03:38<02:15,  1.29it/s]
Generating (fp16) rank=1:  61%|██████    | 275/450 [03:39<02:19,  1.25it/s]
Generating (fp16) rank=0:  62%|██████▏   | 277/450 [03:39<02:14,  1.29it/s]
Generating (fp16) rank=1:  61%|██████▏   | 276/450 [03:39<02:18,  1.26it/s]
Generating (fp16) rank=0:  62%|██████▏   | 278/450 [03:40<02:13,  1.29it/s]
Generating (fp16) rank=1:  62%|██████▏   | 277/450 [03:40<02:17,  1.26it/s]
Generating (fp16) rank=0:  62%|██████▏   | 279/450 [03:41<02:12,  1.29it/s]
Generating (fp16) rank=1:  62%|██████▏   | 278/450 [03:41<02:17,  1.25it/s]
Generating (fp16) rank=0:  62%|██████▏   | 280/450 [03:42<02:12,  1.29it/s]
Generating (fp16) rank=1:  62%|██████▏   | 279/450 [03:42<02:16,  1.25it/s]
Generating (fp16) rank=0:  62%|██████▏   | 281/450 [03:42<02:11,  1.29it/s]
Generating (fp16) rank=1:  62%|██████▏   | 280/450 [03:42<02:15,  1.25it/s]
Generating (fp16) rank=0:  63%|██████▎   | 282/450 [03:43<02:10,  1.29it/s]
Generating (fp16) rank=1:  62%|██████▏   | 281/450 [03:43<02:15,  1.25it/s]
Generating (fp16) rank=0:  63%|██████▎   | 283/450 [03:44<02:10,  1.28it/s]
Generating (fp16) rank=1:  63%|██████▎   | 282/450 [03:44<02:14,  1.25it/s]
Generating (fp16) rank=0:  63%|██████▎   | 284/450 [03:45<02:09,  1.29it/s]
Generating (fp16) rank=1:  63%|██████▎   | 283/450 [03:45<02:13,  1.25it/s]
Generating (fp16) rank=0:  63%|██████▎   | 285/450 [03:45<02:08,  1.28it/s]
Generating (fp16) rank=1:  63%|██████▎   | 284/450 [03:46<02:12,  1.25it/s]
Generating (fp16) rank=0:  64%|██████▎   | 286/450 [03:46<02:07,  1.29it/s]
Generating (fp16) rank=1:  63%|██████▎   | 285/450 [03:46<02:11,  1.26it/s]
Generating (fp16) rank=0:  64%|██████▍   | 287/450 [03:47<02:06,  1.29it/s]
Generating (fp16) rank=1:  64%|██████▎   | 286/450 [03:47<02:10,  1.25it/s]
Generating (fp16) rank=0:  64%|██████▍   | 288/450 [03:48<02:06,  1.28it/s]
Generating (fp16) rank=1:  64%|██████▍   | 287/450 [03:48<02:10,  1.25it/s]
Generating (fp16) rank=0:  64%|██████▍   | 289/450 [03:49<02:05,  1.28it/s]
Generating (fp16) rank=1:  64%|██████▍   | 288/450 [03:49<02:09,  1.25it/s]
Generating (fp16) rank=0:  64%|██████▍   | 290/450 [03:49<02:04,  1.28it/s]
Generating (fp16) rank=1:  64%|██████▍   | 289/450 [03:50<02:08,  1.25it/s]
Generating (fp16) rank=0:  65%|██████▍   | 291/450 [03:50<02:04,  1.28it/s]
Generating (fp16) rank=1:  64%|██████▍   | 290/450 [03:50<02:08,  1.25it/s]
Generating (fp16) rank=0:  65%|██████▍   | 292/450 [03:51<02:03,  1.28it/s]
Generating (fp16) rank=1:  65%|██████▍   | 291/450 [03:51<02:07,  1.25it/s]
Generating (fp16) rank=0:  65%|██████▌   | 293/450 [03:52<02:03,  1.28it/s]
Generating (fp16) rank=1:  65%|██████▍   | 292/450 [03:52<02:06,  1.25it/s]
Generating (fp16) rank=0:  65%|██████▌   | 294/450 [03:53<02:02,  1.28it/s]
Generating (fp16) rank=1:  65%|██████▌   | 293/450 [03:53<02:05,  1.25it/s]
Generating (fp16) rank=0:  66%|██████▌   | 295/450 [03:53<02:00,  1.28it/s]
Generating (fp16) rank=1:  65%|██████▌   | 294/450 [03:54<02:04,  1.25it/s]
Generating (fp16) rank=0:  66%|██████▌   | 296/450 [03:54<01:59,  1.28it/s]
Generating (fp16) rank=1:  66%|██████▌   | 295/450 [03:54<02:03,  1.25it/s]
Generating (fp16) rank=0:  66%|██████▌   | 297/450 [03:55<01:59,  1.28it/s]
Generating (fp16) rank=1:  66%|██████▌   | 296/450 [03:55<02:02,  1.25it/s]
Generating (fp16) rank=0:  66%|██████▌   | 298/450 [03:56<01:58,  1.29it/s]
Generating (fp16) rank=1:  66%|██████▌   | 297/450 [03:56<02:02,  1.25it/s]
Generating (fp16) rank=0:  66%|██████▋   | 299/450 [03:56<01:57,  1.29it/s]
Generating (fp16) rank=1:  66%|██████▌   | 298/450 [03:57<02:01,  1.25it/s]
Generating (fp16) rank=0:  67%|██████▋   | 300/450 [03:57<01:56,  1.28it/s]
Generating (fp16) rank=1:  66%|██████▋   | 299/450 [03:58<02:00,  1.25it/s]
Generating (fp16) rank=0:  67%|██████▋   | 301/450 [03:58<01:56,  1.28it/s]
Generating (fp16) rank=1:  67%|██████▋   | 300/450 [03:58<01:59,  1.26it/s]
Generating (fp16) rank=0:  67%|██████▋   | 302/450 [03:59<01:55,  1.29it/s]
Generating (fp16) rank=1:  67%|██████▋   | 301/450 [03:59<01:58,  1.26it/s]
Generating (fp16) rank=0:  67%|██████▋   | 303/450 [04:00<01:54,  1.28it/s]
Generating (fp16) rank=1:  67%|██████▋   | 302/450 [04:00<01:57,  1.26it/s]
Generating (fp16) rank=0:  68%|██████▊   | 304/450 [04:00<01:53,  1.28it/s]
Generating (fp16) rank=1:  67%|██████▋   | 303/450 [04:01<01:56,  1.26it/s]
Generating (fp16) rank=0:  68%|██████▊   | 305/450 [04:01<01:52,  1.29it/s]
Generating (fp16) rank=1:  68%|██████▊   | 304/450 [04:02<01:55,  1.26it/s]
Generating (fp16) rank=0:  68%|██████▊   | 306/450 [04:02<01:52,  1.28it/s]
Generating (fp16) rank=1:  68%|██████▊   | 305/450 [04:02<01:54,  1.26it/s]
Generating (fp16) rank=0:  68%|██████▊   | 307/450 [04:03<01:51,  1.28it/s]
Generating (fp16) rank=1:  68%|██████▊   | 306/450 [04:03<01:54,  1.26it/s]
Generating (fp16) rank=0:  68%|██████▊   | 308/450 [04:03<01:52,  1.26it/s]
Generating (fp16) rank=1:  68%|██████▊   | 307/450 [04:04<01:53,  1.26it/s]
Generating (fp16) rank=0:  69%|██████▊   | 309/450 [04:04<01:52,  1.25it/s]
Generating (fp16) rank=1:  68%|██████▊   | 308/450 [04:05<01:52,  1.26it/s]
Generating (fp16) rank=0:  69%|██████▉   | 310/450 [04:05<01:53,  1.24it/s]
Generating (fp16) rank=1:  69%|██████▊   | 309/450 [04:06<01:51,  1.26it/s]
Generating (fp16) rank=0:  69%|██████▉   | 311/450 [04:06<01:53,  1.23it/s]
Generating (fp16) rank=1:  69%|██████▉   | 310/450 [04:06<01:50,  1.26it/s]
Generating (fp16) rank=0:  69%|██████▉   | 312/450 [04:07<01:52,  1.22it/s]
Generating (fp16) rank=1:  69%|██████▉   | 311/450 [04:07<01:50,  1.26it/s]
Generating (fp16) rank=0:  70%|██████▉   | 313/450 [04:08<01:52,  1.22it/s]
Generating (fp16) rank=1:  69%|██████▉   | 312/450 [04:08<01:49,  1.26it/s]
Generating (fp16) rank=0:  70%|██████▉   | 314/450 [04:08<01:51,  1.22it/s]
Generating (fp16) rank=1:  70%|██████▉   | 313/450 [04:09<01:48,  1.26it/s]
Generating (fp16) rank=0:  70%|███████   | 315/450 [04:09<01:51,  1.22it/s]
Generating (fp16) rank=1:  70%|██████▉   | 314/450 [04:10<01:47,  1.26it/s]
Generating (fp16) rank=0:  70%|███████   | 316/450 [04:10<01:50,  1.21it/s]
Generating (fp16) rank=1:  70%|███████   | 315/450 [04:10<01:47,  1.26it/s]
Generating (fp16) rank=0:  70%|███████   | 317/450 [04:11<01:49,  1.21it/s]
Generating (fp16) rank=1:  70%|███████   | 316/450 [04:11<01:46,  1.26it/s]
Generating (fp16) rank=0:  71%|███████   | 318/450 [04:12<01:48,  1.21it/s]
Generating (fp16) rank=1:  70%|███████   | 317/450 [04:12<01:45,  1.26it/s]
Generating (fp16) rank=0:  71%|███████   | 319/450 [04:13<01:48,  1.21it/s]
Generating (fp16) rank=1:  71%|███████   | 318/450 [04:13<01:44,  1.26it/s]
Generating (fp16) rank=0:  71%|███████   | 320/450 [04:13<01:47,  1.21it/s]
Generating (fp16) rank=1:  71%|███████   | 319/450 [04:14<01:44,  1.26it/s]
Generating (fp16) rank=0:  71%|███████▏  | 321/450 [04:14<01:46,  1.21it/s]
Generating (fp16) rank=1:  71%|███████   | 320/450 [04:14<01:43,  1.26it/s]
Generating (fp16) rank=0:  72%|███████▏  | 322/450 [04:15<01:45,  1.22it/s]
Generating (fp16) rank=1:  71%|███████▏  | 321/450 [04:15<01:42,  1.26it/s]
Generating (fp16) rank=0:  72%|███████▏  | 323/450 [04:16<01:44,  1.22it/s]
Generating (fp16) rank=1:  72%|███████▏  | 322/450 [04:16<01:41,  1.27it/s]
Generating (fp16) rank=0:  72%|███████▏  | 324/450 [04:17<01:43,  1.22it/s]
Generating (fp16) rank=1:  72%|███████▏  | 323/450 [04:17<01:40,  1.26it/s]
Generating (fp16) rank=0:  72%|███████▏  | 325/450 [04:17<01:42,  1.22it/s]
Generating (fp16) rank=1:  72%|███████▏  | 324/450 [04:17<01:39,  1.26it/s]
Generating (fp16) rank=1:  72%|███████▏  | 325/450 [04:18<01:39,  1.26it/s]
Generating (fp16) rank=0:  72%|███████▏  | 326/450 [04:18<01:41,  1.22it/s]
Generating (fp16) rank=1:  72%|███████▏  | 326/450 [04:19<01:38,  1.26it/s]
Generating (fp16) rank=0:  73%|███████▎  | 327/450 [04:19<01:41,  1.22it/s]
Generating (fp16) rank=1:  73%|███████▎  | 327/450 [04:20<01:37,  1.26it/s]
Generating (fp16) rank=0:  73%|███████▎  | 328/450 [04:20<01:40,  1.22it/s]
Generating (fp16) rank=1:  73%|███████▎  | 328/450 [04:21<01:36,  1.26it/s]
Generating (fp16) rank=0:  73%|███████▎  | 329/450 [04:21<01:39,  1.21it/s]
Generating (fp16) rank=1:  73%|███████▎  | 329/450 [04:21<01:35,  1.26it/s]
Generating (fp16) rank=0:  73%|███████▎  | 330/450 [04:22<01:38,  1.22it/s]
Generating (fp16) rank=1:  73%|███████▎  | 330/450 [04:22<01:35,  1.26it/s]
Generating (fp16) rank=0:  74%|███████▎  | 331/450 [04:22<01:37,  1.22it/s]
Generating (fp16) rank=1:  74%|███████▎  | 331/450 [04:23<01:34,  1.26it/s]
Generating (fp16) rank=0:  74%|███████▍  | 332/450 [04:23<01:37,  1.21it/s]
Generating (fp16) rank=1:  74%|███████▍  | 332/450 [04:24<01:33,  1.26it/s]
Generating (fp16) rank=0:  74%|███████▍  | 333/450 [04:24<01:36,  1.21it/s]
Generating (fp16) rank=1:  74%|███████▍  | 333/450 [04:25<01:32,  1.26it/s]
Generating (fp16) rank=0:  74%|███████▍  | 334/450 [04:25<01:35,  1.21it/s]
Generating (fp16) rank=1:  74%|███████▍  | 334/450 [04:25<01:32,  1.26it/s]
Generating (fp16) rank=0:  74%|███████▍  | 335/450 [04:26<01:34,  1.21it/s]
Generating (fp16) rank=1:  74%|███████▍  | 335/450 [04:26<01:31,  1.26it/s]
Generating (fp16) rank=0:  75%|███████▍  | 336/450 [04:27<01:33,  1.22it/s]
Generating (fp16) rank=1:  75%|███████▍  | 336/450 [04:27<01:30,  1.26it/s]
Generating (fp16) rank=0:  75%|███████▍  | 337/450 [04:27<01:32,  1.22it/s]
Generating (fp16) rank=1:  75%|███████▍  | 337/450 [04:28<01:29,  1.26it/s]
Generating (fp16) rank=0:  75%|███████▌  | 338/450 [04:28<01:32,  1.22it/s]
Generating (fp16) rank=1:  75%|███████▌  | 338/450 [04:29<01:28,  1.27it/s]
Generating (fp16) rank=0:  75%|███████▌  | 339/450 [04:29<01:31,  1.22it/s]
Generating (fp16) rank=1:  75%|███████▌  | 339/450 [04:29<01:27,  1.27it/s]
Generating (fp16) rank=0:  76%|███████▌  | 340/450 [04:30<01:30,  1.22it/s]
Generating (fp16) rank=1:  76%|███████▌  | 340/450 [04:30<01:26,  1.27it/s]
Generating (fp16) rank=0:  76%|███████▌  | 341/450 [04:31<01:29,  1.22it/s]
Generating (fp16) rank=1:  76%|███████▌  | 341/450 [04:31<01:26,  1.26it/s]
Generating (fp16) rank=0:  76%|███████▌  | 342/450 [04:31<01:28,  1.21it/s]
Generating (fp16) rank=1:  76%|███████▌  | 342/450 [04:32<01:25,  1.26it/s]
Generating (fp16) rank=0:  76%|███████▌  | 343/450 [04:32<01:28,  1.21it/s]
Generating (fp16) rank=1:  76%|███████▌  | 343/450 [04:33<01:24,  1.27it/s]
Generating (fp16) rank=0:  76%|███████▋  | 344/450 [04:33<01:27,  1.21it/s]
Generating (fp16) rank=1:  76%|███████▋  | 344/450 [04:33<01:23,  1.27it/s]
Generating (fp16) rank=0:  77%|███████▋  | 345/450 [04:34<01:26,  1.22it/s]
Generating (fp16) rank=1:  77%|███████▋  | 345/450 [04:34<01:22,  1.27it/s]
Generating (fp16) rank=0:  77%|███████▋  | 346/450 [04:35<01:25,  1.22it/s]
Generating (fp16) rank=1:  77%|███████▋  | 346/450 [04:35<01:22,  1.27it/s]
Generating (fp16) rank=0:  77%|███████▋  | 347/450 [04:36<01:24,  1.22it/s]
Generating (fp16) rank=1:  77%|███████▋  | 347/450 [04:36<01:21,  1.27it/s]
Generating (fp16) rank=0:  77%|███████▋  | 348/450 [04:36<01:23,  1.22it/s]
Generating (fp16) rank=1:  77%|███████▋  | 348/450 [04:36<01:20,  1.27it/s]
Generating (fp16) rank=0:  78%|███████▊  | 349/450 [04:37<01:22,  1.22it/s]
Generating (fp16) rank=1:  78%|███████▊  | 349/450 [04:37<01:19,  1.27it/s]
Generating (fp16) rank=0:  78%|███████▊  | 350/450 [04:38<01:22,  1.21it/s]
Generating (fp16) rank=1:  78%|███████▊  | 350/450 [04:38<01:18,  1.27it/s]
Generating (fp16) rank=1:  78%|███████▊  | 351/450 [04:39<01:17,  1.27it/s]
Generating (fp16) rank=0:  78%|███████▊  | 351/450 [04:39<01:21,  1.21it/s]
Generating (fp16) rank=1:  78%|███████▊  | 352/450 [04:40<01:17,  1.27it/s]
Generating (fp16) rank=0:  78%|███████▊  | 352/450 [04:40<01:20,  1.21it/s]
Generating (fp16) rank=1:  78%|███████▊  | 353/450 [04:40<01:16,  1.27it/s]
Generating (fp16) rank=0:  78%|███████▊  | 353/450 [04:40<01:20,  1.21it/s]
Generating (fp16) rank=1:  79%|███████▊  | 354/450 [04:41<01:15,  1.27it/s]
Generating (fp16) rank=0:  79%|███████▊  | 354/450 [04:41<01:19,  1.20it/s]
Generating (fp16) rank=1:  79%|███████▉  | 355/450 [04:42<01:14,  1.27it/s]
Generating (fp16) rank=0:  79%|███████▉  | 355/450 [04:42<01:18,  1.21it/s]
Generating (fp16) rank=1:  79%|███████▉  | 356/450 [04:43<01:13,  1.27it/s]
Generating (fp16) rank=0:  79%|███████▉  | 356/450 [04:43<01:16,  1.22it/s]
Generating (fp16) rank=1:  79%|███████▉  | 357/450 [04:44<01:13,  1.27it/s]
Generating (fp16) rank=0:  79%|███████▉  | 357/450 [04:44<01:15,  1.22it/s]
Generating (fp16) rank=1:  80%|███████▉  | 358/450 [04:44<01:12,  1.27it/s]
Generating (fp16) rank=0:  80%|███████▉  | 358/450 [04:45<01:15,  1.22it/s]
Generating (fp16) rank=1:  80%|███████▉  | 359/450 [04:45<01:11,  1.27it/s]
Generating (fp16) rank=0:  80%|███████▉  | 359/450 [04:45<01:14,  1.22it/s]
Generating (fp16) rank=1:  80%|████████  | 360/450 [04:46<01:11,  1.27it/s]
Generating (fp16) rank=0:  80%|████████  | 360/450 [04:46<01:13,  1.22it/s]
Generating (fp16) rank=1:  80%|████████  | 361/450 [04:47<01:10,  1.27it/s]
Generating (fp16) rank=0:  80%|████████  | 361/450 [04:47<01:12,  1.22it/s]
Generating (fp16) rank=1:  80%|████████  | 362/450 [04:48<01:09,  1.27it/s]
Generating (fp16) rank=0:  80%|████████  | 362/450 [04:48<01:11,  1.22it/s]
Generating (fp16) rank=1:  81%|████████  | 363/450 [04:48<01:08,  1.27it/s]
Generating (fp16) rank=0:  81%|████████  | 363/450 [04:49<01:10,  1.23it/s]
Generating (fp16) rank=1:  81%|████████  | 364/450 [04:49<01:07,  1.27it/s]
Generating (fp16) rank=0:  81%|████████  | 364/450 [04:49<01:10,  1.23it/s]
Generating (fp16) rank=1:  81%|████████  | 365/450 [04:50<01:06,  1.27it/s]
Generating (fp16) rank=0:  81%|████████  | 365/450 [04:50<01:09,  1.23it/s]
Generating (fp16) rank=1:  81%|████████▏ | 366/450 [04:51<01:06,  1.27it/s]
Generating (fp16) rank=0:  81%|████████▏ | 366/450 [04:51<01:08,  1.22it/s]
Generating (fp16) rank=1:  82%|████████▏ | 367/450 [04:51<01:05,  1.27it/s]
Generating (fp16) rank=0:  82%|████████▏ | 367/450 [04:52<01:07,  1.22it/s]
Generating (fp16) rank=1:  82%|████████▏ | 368/450 [04:52<01:04,  1.27it/s]
Generating (fp16) rank=0:  82%|████████▏ | 368/450 [04:53<01:07,  1.22it/s]
Generating (fp16) rank=1:  82%|████████▏ | 369/450 [04:53<01:04,  1.26it/s]
Generating (fp16) rank=0:  82%|████████▏ | 369/450 [04:54<01:06,  1.22it/s]
Generating (fp16) rank=1:  82%|████████▏ | 370/450 [04:54<01:03,  1.26it/s]
Generating (fp16) rank=0:  82%|████████▏ | 370/450 [04:54<01:05,  1.22it/s]
Generating (fp16) rank=1:  82%|████████▏ | 371/450 [04:55<01:02,  1.26it/s]
Generating (fp16) rank=0:  82%|████████▏ | 371/450 [04:55<01:04,  1.22it/s]
Generating (fp16) rank=1:  83%|████████▎ | 372/450 [04:55<01:02,  1.26it/s]
Generating (fp16) rank=0:  83%|████████▎ | 372/450 [04:56<01:03,  1.22it/s]
Generating (fp16) rank=1:  83%|████████▎ | 373/450 [04:56<01:01,  1.26it/s]
Generating (fp16) rank=0:  83%|████████▎ | 373/450 [04:57<01:03,  1.22it/s]
Generating (fp16) rank=1:  83%|████████▎ | 374/450 [04:57<01:00,  1.26it/s]
Generating (fp16) rank=0:  83%|████████▎ | 374/450 [04:58<01:02,  1.23it/s]
Generating (fp16) rank=1:  83%|████████▎ | 375/450 [04:58<00:59,  1.26it/s]
Generating (fp16) rank=0:  83%|████████▎ | 375/450 [04:58<01:01,  1.23it/s]
Generating (fp16) rank=1:  84%|████████▎ | 376/450 [04:59<00:58,  1.27it/s]
Generating (fp16) rank=0:  84%|████████▎ | 376/450 [04:59<01:00,  1.23it/s]
Generating (fp16) rank=1:  84%|████████▍ | 377/450 [04:59<00:57,  1.26it/s]
Generating (fp16) rank=0:  84%|████████▍ | 377/450 [05:00<00:59,  1.22it/s]
Generating (fp16) rank=1:  84%|████████▍ | 378/450 [05:00<00:57,  1.26it/s]
Generating (fp16) rank=0:  84%|████████▍ | 378/450 [05:01<00:59,  1.22it/s]
Generating (fp16) rank=1:  84%|████████▍ | 379/450 [05:01<00:56,  1.26it/s]
Generating (fp16) rank=1:  84%|████████▍ | 380/450 [05:02<00:55,  1.26it/s]
Generating (fp16) rank=0:  84%|████████▍ | 379/450 [05:02<00:58,  1.22it/s]
Generating (fp16) rank=1:  85%|████████▍ | 381/450 [05:03<00:54,  1.26it/s]
Generating (fp16) rank=0:  84%|████████▍ | 380/450 [05:03<00:57,  1.22it/s]
Generating (fp16) rank=1:  85%|████████▍ | 382/450 [05:03<00:53,  1.26it/s]
Generating (fp16) rank=0:  85%|████████▍ | 381/450 [05:03<00:56,  1.23it/s]
Generating (fp16) rank=1:  85%|████████▌ | 383/450 [05:04<00:53,  1.26it/s]
Generating (fp16) rank=0:  85%|████████▍ | 382/450 [05:04<00:55,  1.23it/s]
Generating (fp16) rank=1:  85%|████████▌ | 384/450 [05:05<00:52,  1.26it/s]
Generating (fp16) rank=0:  85%|████████▌ | 383/450 [05:05<00:54,  1.24it/s]
Generating (fp16) rank=1:  86%|████████▌ | 385/450 [05:06<00:51,  1.26it/s]
Generating (fp16) rank=0:  85%|████████▌ | 384/450 [05:06<00:53,  1.24it/s]
Generating (fp16) rank=1:  86%|████████▌ | 386/450 [05:07<00:50,  1.26it/s]
Generating (fp16) rank=0:  86%|████████▌ | 385/450 [05:07<00:52,  1.24it/s]
Generating (fp16) rank=1:  86%|████████▌ | 387/450 [05:07<00:49,  1.26it/s]
Generating (fp16) rank=0:  86%|████████▌ | 386/450 [05:07<00:51,  1.23it/s]
Generating (fp16) rank=1:  86%|████████▌ | 388/450 [05:08<00:49,  1.26it/s]
Generating (fp16) rank=0:  86%|████████▌ | 387/450 [05:08<00:50,  1.24it/s]
Generating (fp16) rank=1:  86%|████████▋ | 389/450 [05:09<00:48,  1.26it/s]
Generating (fp16) rank=0:  86%|████████▌ | 388/450 [05:09<00:49,  1.24it/s]
Generating (fp16) rank=1:  87%|████████▋ | 390/450 [05:10<00:47,  1.26it/s]
Generating (fp16) rank=0:  86%|████████▋ | 389/450 [05:10<00:49,  1.24it/s]
Generating (fp16) rank=1:  87%|████████▋ | 391/450 [05:10<00:46,  1.27it/s]
Generating (fp16) rank=0:  87%|████████▋ | 390/450 [05:11<00:48,  1.25it/s]
Generating (fp16) rank=1:  87%|████████▋ | 392/450 [05:11<00:45,  1.26it/s]
Generating (fp16) rank=0:  87%|████████▋ | 391/450 [05:11<00:47,  1.25it/s]
Generating (fp16) rank=1:  87%|████████▋ | 393/450 [05:12<00:45,  1.26it/s]
Generating (fp16) rank=0:  87%|████████▋ | 392/450 [05:12<00:46,  1.25it/s]
Generating (fp16) rank=1:  88%|████████▊ | 394/450 [05:13<00:44,  1.26it/s]
Generating (fp16) rank=0:  87%|████████▋ | 393/450 [05:13<00:45,  1.24it/s]
Generating (fp16) rank=1:  88%|████████▊ | 395/450 [05:14<00:43,  1.26it/s]
Generating (fp16) rank=0:  88%|████████▊ | 394/450 [05:14<00:45,  1.23it/s]
Generating (fp16) rank=1:  88%|████████▊ | 396/450 [05:14<00:42,  1.26it/s]
Generating (fp16) rank=0:  88%|████████▊ | 395/450 [05:15<00:44,  1.24it/s]
Generating (fp16) rank=1:  88%|████████▊ | 397/450 [05:15<00:42,  1.26it/s]
Generating (fp16) rank=0:  88%|████████▊ | 396/450 [05:15<00:43,  1.23it/s]
Generating (fp16) rank=1:  88%|████████▊ | 398/450 [05:16<00:41,  1.26it/s]
Generating (fp16) rank=0:  88%|████████▊ | 397/450 [05:16<00:43,  1.23it/s]
Generating (fp16) rank=1:  89%|████████▊ | 399/450 [05:17<00:40,  1.26it/s]
Generating (fp16) rank=0:  88%|████████▊ | 398/450 [05:17<00:42,  1.22it/s]
Generating (fp16) rank=1:  89%|████████▉ | 400/450 [05:18<00:39,  1.27it/s]
Generating (fp16) rank=0:  89%|████████▊ | 399/450 [05:18<00:41,  1.23it/s]
Generating (fp16) rank=1:  89%|████████▉ | 401/450 [05:18<00:38,  1.27it/s]
Generating (fp16) rank=0:  89%|████████▉ | 400/450 [05:19<00:40,  1.23it/s]
Generating (fp16) rank=1:  89%|████████▉ | 402/450 [05:19<00:37,  1.27it/s]
Generating (fp16) rank=0:  89%|████████▉ | 401/450 [05:20<00:40,  1.22it/s]
Generating (fp16) rank=1:  90%|████████▉ | 403/450 [05:20<00:37,  1.26it/s]
Generating (fp16) rank=0:  89%|████████▉ | 402/450 [05:20<00:39,  1.22it/s]
Generating (fp16) rank=1:  90%|████████▉ | 404/450 [05:21<00:36,  1.26it/s]
Generating (fp16) rank=0:  90%|████████▉ | 403/450 [05:21<00:38,  1.23it/s]
Generating (fp16) rank=1:  90%|█████████ | 405/450 [05:22<00:35,  1.27it/s]
Generating (fp16) rank=0:  90%|████████▉ | 404/450 [05:22<00:37,  1.24it/s]
Generating (fp16) rank=1:  90%|█████████ | 406/450 [05:22<00:34,  1.26it/s]
Generating (fp16) rank=0:  90%|█████████ | 405/450 [05:23<00:36,  1.24it/s]
Generating (fp16) rank=1:  90%|█████████ | 407/450 [05:23<00:34,  1.26it/s]
Generating (fp16) rank=0:  90%|█████████ | 406/450 [05:24<00:35,  1.24it/s]
Generating (fp16) rank=1:  91%|█████████ | 408/450 [05:24<00:33,  1.26it/s]
Generating (fp16) rank=0:  90%|█████████ | 407/450 [05:24<00:34,  1.25it/s]
Generating (fp16) rank=1:  91%|█████████ | 409/450 [05:25<00:32,  1.27it/s]
Generating (fp16) rank=0:  91%|█████████ | 408/450 [05:25<00:33,  1.24it/s]
Generating (fp16) rank=1:  91%|█████████ | 410/450 [05:26<00:31,  1.27it/s]
Generating (fp16) rank=0:  91%|█████████ | 409/450 [05:26<00:33,  1.23it/s]
Generating (fp16) rank=1:  91%|█████████▏| 411/450 [05:26<00:30,  1.27it/s]
Generating (fp16) rank=0:  91%|█████████ | 410/450 [05:27<00:32,  1.23it/s]
Generating (fp16) rank=1:  92%|█████████▏| 412/450 [05:27<00:29,  1.27it/s]
Generating (fp16) rank=0:  91%|█████████▏| 411/450 [05:28<00:31,  1.23it/s]
Generating (fp16) rank=1:  92%|█████████▏| 413/450 [05:28<00:29,  1.27it/s]
Generating (fp16) rank=0:  92%|█████████▏| 412/450 [05:28<00:31,  1.22it/s]
Generating (fp16) rank=1:  92%|█████████▏| 414/450 [05:29<00:28,  1.27it/s]
Generating (fp16) rank=0:  92%|█████████▏| 413/450 [05:29<00:30,  1.22it/s]
Generating (fp16) rank=1:  92%|█████████▏| 415/450 [05:29<00:27,  1.26it/s]
Generating (fp16) rank=0:  92%|█████████▏| 414/450 [05:30<00:29,  1.22it/s]
Generating (fp16) rank=1:  92%|█████████▏| 416/450 [05:30<00:26,  1.26it/s]
Generating (fp16) rank=0:  92%|█████████▏| 415/450 [05:31<00:28,  1.22it/s]
Generating (fp16) rank=1:  93%|█████████▎| 417/450 [05:31<00:26,  1.26it/s]
Generating (fp16) rank=0:  92%|█████████▏| 416/450 [05:32<00:27,  1.22it/s]
Generating (fp16) rank=1:  93%|█████████▎| 418/450 [05:32<00:25,  1.26it/s]
Generating (fp16) rank=0:  93%|█████████▎| 417/450 [05:33<00:26,  1.22it/s]
Generating (fp16) rank=1:  93%|█████████▎| 419/450 [05:33<00:24,  1.27it/s]
Generating (fp16) rank=0:  93%|█████████▎| 418/450 [05:33<00:26,  1.23it/s]
Generating (fp16) rank=1:  93%|█████████▎| 420/450 [05:33<00:23,  1.27it/s]
Generating (fp16) rank=1:  94%|█████████▎| 421/450 [05:34<00:22,  1.26it/s]
Generating (fp16) rank=0:  93%|█████████▎| 419/450 [05:34<00:25,  1.22it/s]
Generating (fp16) rank=1:  94%|█████████▍| 422/450 [05:35<00:22,  1.26it/s]
Generating (fp16) rank=0:  93%|█████████▎| 420/450 [05:35<00:24,  1.22it/s]
Generating (fp16) rank=1:  94%|█████████▍| 423/450 [05:36<00:21,  1.26it/s]
Generating (fp16) rank=0:  94%|█████████▎| 421/450 [05:36<00:23,  1.22it/s]
Generating (fp16) rank=1:  94%|█████████▍| 424/450 [05:37<00:20,  1.26it/s]
Generating (fp16) rank=0:  94%|█████████▍| 422/450 [05:37<00:22,  1.22it/s]
Generating (fp16) rank=1:  94%|█████████▍| 425/450 [05:37<00:19,  1.26it/s]
Generating (fp16) rank=0:  94%|█████████▍| 423/450 [05:38<00:22,  1.22it/s]
Generating (fp16) rank=1:  95%|█████████▍| 426/450 [05:38<00:19,  1.26it/s]
Generating (fp16) rank=0:  94%|█████████▍| 424/450 [05:38<00:21,  1.22it/s]
Generating (fp16) rank=1:  95%|█████████▍| 427/450 [05:39<00:18,  1.26it/s]
Generating (fp16) rank=0:  94%|█████████▍| 425/450 [05:39<00:20,  1.22it/s]
Generating (fp16) rank=1:  95%|█████████▌| 428/450 [05:40<00:17,  1.27it/s]
Generating (fp16) rank=0:  95%|█████████▍| 426/450 [05:40<00:19,  1.22it/s]
Generating (fp16) rank=1:  95%|█████████▌| 429/450 [05:41<00:16,  1.27it/s]
Generating (fp16) rank=0:  95%|█████████▍| 427/450 [05:41<00:18,  1.22it/s]
Generating (fp16) rank=1:  96%|█████████▌| 430/450 [05:41<00:15,  1.26it/s]
Generating (fp16) rank=0:  95%|█████████▌| 428/450 [05:42<00:18,  1.22it/s]
Generating (fp16) rank=1:  96%|█████████▌| 431/450 [05:42<00:15,  1.26it/s]
Generating (fp16) rank=0:  95%|█████████▌| 429/450 [05:42<00:17,  1.22it/s]
Generating (fp16) rank=1:  96%|█████████▌| 432/450 [05:43<00:14,  1.26it/s]
Generating (fp16) rank=0:  96%|█████████▌| 430/450 [05:43<00:16,  1.21it/s]
Generating (fp16) rank=1:  96%|█████████▌| 433/450 [05:44<00:13,  1.27it/s]
Generating (fp16) rank=0:  96%|█████████▌| 431/450 [05:44<00:15,  1.22it/s]
Generating (fp16) rank=1:  96%|█████████▋| 434/450 [05:44<00:12,  1.27it/s]
Generating (fp16) rank=0:  96%|█████████▌| 432/450 [05:45<00:14,  1.23it/s]
Generating (fp16) rank=1:  97%|█████████▋| 435/450 [05:45<00:11,  1.27it/s]
Generating (fp16) rank=0:  96%|█████████▌| 433/450 [05:46<00:13,  1.24it/s]
Generating (fp16) rank=1:  97%|█████████▋| 436/450 [05:46<00:11,  1.27it/s]
Generating (fp16) rank=0:  96%|█████████▋| 434/450 [05:46<00:13,  1.23it/s]
Generating (fp16) rank=1:  97%|█████████▋| 437/450 [05:47<00:10,  1.27it/s]
Generating (fp16) rank=0:  97%|█████████▋| 435/450 [05:47<00:12,  1.22it/s]
Generating (fp16) rank=1:  97%|█████████▋| 438/450 [05:48<00:09,  1.27it/s]
Generating (fp16) rank=0:  97%|█████████▋| 436/450 [05:48<00:11,  1.22it/s]
Generating (fp16) rank=1:  98%|█████████▊| 439/450 [05:48<00:08,  1.26it/s]
Generating (fp16) rank=0:  97%|█████████▋| 437/450 [05:49<00:10,  1.22it/s]
Generating (fp16) rank=1:  98%|█████████▊| 440/450 [05:49<00:07,  1.26it/s]
Generating (fp16) rank=0:  97%|█████████▋| 438/450 [05:50<00:09,  1.22it/s]
Generating (fp16) rank=1:  98%|█████████▊| 441/450 [05:50<00:07,  1.23it/s]
Generating (fp16) rank=0:  98%|█████████▊| 439/450 [05:51<00:09,  1.21it/s]
Generating (fp16) rank=1:  98%|█████████▊| 442/450 [05:51<00:06,  1.22it/s]
Generating (fp16) rank=0:  98%|█████████▊| 440/450 [05:51<00:08,  1.21it/s]
Generating (fp16) rank=1:  98%|█████████▊| 443/450 [05:52<00:05,  1.21it/s]
Generating (fp16) rank=0:  98%|█████████▊| 441/450 [05:52<00:07,  1.22it/s]
Generating (fp16) rank=1:  99%|█████████▊| 444/450 [05:53<00:04,  1.20it/s]
Generating (fp16) rank=0:  98%|█████████▊| 442/450 [05:53<00:06,  1.22it/s]
Generating (fp16) rank=1:  99%|█████████▉| 445/450 [05:53<00:04,  1.20it/s]
Generating (fp16) rank=0:  98%|█████████▊| 443/450 [05:54<00:05,  1.22it/s]
Generating (fp16) rank=1:  99%|█████████▉| 446/450 [05:54<00:03,  1.20it/s]
Generating (fp16) rank=0:  99%|█████████▊| 444/450 [05:55<00:04,  1.22it/s]
Generating (fp16) rank=1:  99%|█████████▉| 447/450 [05:55<00:02,  1.20it/s]
Generating (fp16) rank=0:  99%|█████████▉| 445/450 [05:56<00:04,  1.23it/s]
Generating (fp16) rank=1: 100%|█████████▉| 448/450 [05:56<00:01,  1.20it/s]
Generating (fp16) rank=0:  99%|█████████▉| 446/450 [05:56<00:03,  1.22it/s]
Generating (fp16) rank=1: 100%|█████████▉| 449/450 [05:57<00:00,  1.20it/s]
Generating (fp16) rank=0:  99%|█████████▉| 447/450 [05:57<00:02,  1.22it/s]
Generating (fp16) rank=1: 100%|██████████| 450/450 [05:58<00:00,  1.19it/s]
Generating (fp16) rank=1: 100%|██████████| 450/450 [05:58<00:00,  1.26it/s]

Generating (fp16) rank=0: 100%|█████████▉| 448/450 [05:58<00:01,  1.22it/s]
Generating (fp16) rank=0: 100%|█████████▉| 449/450 [05:59<00:00,  1.22it/s]
Generating (fp16) rank=0: 100%|██████████| 450/450 [06:00<00:00,  1.22it/s]
Generating (fp16) rank=0: 100%|██████████| 450/450 [06:00<00:00,  1.25it/s]
fatal: not a git repository (or any of the parent directories): .git
2026-07-13:12:51:55,195 INFO     [lm_eval.loggers.evaluation_tracker:209] Saving results aggregated
2026-07-13:12:51:55,196 INFO     [lm_eval.loggers.evaluation_tracker:290] Saving per-sample results for: sudoku4_2shot_large

