/home/alimaskina/miniconda3/lib/python3.13/site-packages/requests/__init__.py:113: RequestsDependencyWarning: urllib3 (2.5.0) or chardet (6.0.0.post1)/charset_normalizer (3.3.2) doesn't match a supported version!
  warnings.warn(
Loading WikiText prompts: dataset=wikitext-103-raw-v1 split=train n=512
Saved prompts → checkpoints/results_wikitext_fp16_g64_train_seed2043_n512/prompts.json
Generating 512 samples with traces → checkpoints/results_wikitext_fp16_g64_train_seed2043_n512
Done in 620s, avg generation len=223.8 chars
Summary → checkpoints/results_wikitext_fp16_g64_train_seed2043_n512/summary.json

/home/alimaskina/miniconda3/lib/python3.13/site-packages/requests/__init__.py:113: RequestsDependencyWarning: urllib3 (2.5.0) or chardet (6.0.0.post1)/charset_normalizer (3.3.2) doesn't match a supported version!
  warnings.warn(
/home/alimaskina/miniconda3/lib/python3.13/site-packages/requests/__init__.py:113: RequestsDependencyWarning: urllib3 (2.5.0) or chardet (6.0.0.post1)/charset_normalizer (3.3.2) doesn't match a supported version!
  warnings.warn(
/home/alimaskina/miniconda3/lib/python3.13/site-packages/requests/__init__.py:113: RequestsDependencyWarning: urllib3 (2.5.0) or chardet (6.0.0.post1)/charset_normalizer (3.3.2) doesn't match a supported version!
  warnings.warn(
Detected kernel version 5.4.210, which is below the recommended minimum of 5.5.0; this can cause the process to hang. It is recommended to upgrade the kernel to the minimum version or higher.

Loading checkpoint shards:   0%|          | 0/6 [00:00<?, ?it/s]
Loading checkpoint shards:  17%|█▋        | 1/6 [00:01<00:09,  1.83s/it]
Loading checkpoint shards:  33%|███▎      | 2/6 [00:06<00:13,  3.45s/it]
Loading checkpoint shards:  50%|█████     | 3/6 [00:12<00:13,  4.53s/it]
Loading checkpoint shards:  67%|██████▋   | 4/6 [00:17<00:09,  4.72s/it]
Loading checkpoint shards:  83%|████████▎ | 5/6 [00:19<00:04,  4.01s/it]
Loading checkpoint shards: 100%|██████████| 6/6 [00:22<00:00,  3.36s/it]
Loading checkpoint shards: 100%|██████████| 6/6 [00:22<00:00,  3.68s/it]
Parameter 'function'=<function LLaDAEvalHarness.generate_until.<locals>._tokenize at 0x7fc4c8151bd0> of the transform datasets.arrow_dataset.Dataset._map_single couldn't be hashed properly, a random hash was used instead. Make sure your transforms and parameters are serializable with pickle or dill for the dataset fingerprinting and caching to work. If you reuse this transform, the caching mechanism will consider it to be different from the previous calls and recompute everything. This warning is only shown once. Subsequent hashing failures won't be shown.

Map:   0%|          | 0/512 [00:00<?, ? examples/s]
Map:  70%|███████   | 359/512 [00:00<00:00, 3561.09 examples/s]
Map: 100%|██████████| 512/512 [00:00<00:00, 3417.50 examples/s]

Generating (fp16) rank=0:   0%|          | 0/512 [00:00<?, ?it/s]
Generating (fp16) rank=0:   0%|          | 1/512 [00:05<47:55,  5.63s/it]
Generating (fp16) rank=0:   1%|          | 5/512 [00:10<15:16,  1.81s/it]
Generating (fp16) rank=0:   2%|▏         | 9/512 [00:14<12:04,  1.44s/it]
Generating (fp16) rank=0:   3%|▎         | 13/512 [00:19<10:52,  1.31s/it]
Generating (fp16) rank=0:   3%|▎         | 17/512 [00:23<10:15,  1.24s/it]
Generating (fp16) rank=0:   4%|▍         | 21/512 [00:28<09:51,  1.21s/it]
Generating (fp16) rank=0:   5%|▍         | 25/512 [00:32<09:36,  1.18s/it]
Generating (fp16) rank=0:   6%|▌         | 29/512 [00:37<09:24,  1.17s/it]
Generating (fp16) rank=0:   6%|▋         | 33/512 [00:42<09:25,  1.18s/it]
Generating (fp16) rank=0:   7%|▋         | 37/512 [00:46<09:15,  1.17s/it]
Generating (fp16) rank=0:   8%|▊         | 41/512 [00:51<09:06,  1.16s/it]
Generating (fp16) rank=0:   9%|▉         | 45/512 [00:56<08:59,  1.15s/it]
Generating (fp16) rank=0:  10%|▉         | 49/512 [01:00<08:52,  1.15s/it]
Generating (fp16) rank=0:  10%|█         | 53/512 [01:05<08:47,  1.15s/it]
Generating (fp16) rank=0:  11%|█         | 57/512 [01:09<08:41,  1.15s/it]
Generating (fp16) rank=0:  12%|█▏        | 61/512 [01:14<08:35,  1.14s/it]
Generating (fp16) rank=0:  13%|█▎        | 65/512 [01:18<08:30,  1.14s/it]
Generating (fp16) rank=0:  13%|█▎        | 69/512 [01:23<08:25,  1.14s/it]
Generating (fp16) rank=0:  14%|█▍        | 73/512 [01:28<08:28,  1.16s/it]
Generating (fp16) rank=0:  15%|█▌        | 77/512 [01:32<08:21,  1.15s/it]
Generating (fp16) rank=0:  16%|█▌        | 81/512 [01:37<08:14,  1.15s/it]
Generating (fp16) rank=0:  17%|█▋        | 85/512 [01:41<08:09,  1.15s/it]
Generating (fp16) rank=0:  17%|█▋        | 89/512 [01:46<08:03,  1.14s/it]
Generating (fp16) rank=0:  18%|█▊        | 93/512 [01:50<07:59,  1.14s/it]
Generating (fp16) rank=0:  19%|█▉        | 97/512 [01:55<07:54,  1.14s/it]
Generating (fp16) rank=0:  20%|█▉        | 101/512 [02:00<07:49,  1.14s/it]
Generating (fp16) rank=0:  21%|██        | 105/512 [02:04<07:44,  1.14s/it]
Generating (fp16) rank=0:  21%|██▏       | 109/512 [02:09<07:47,  1.16s/it]
Generating (fp16) rank=0:  22%|██▏       | 113/512 [02:14<07:40,  1.15s/it]
Generating (fp16) rank=0:  23%|██▎       | 117/512 [02:18<07:34,  1.15s/it]
Generating (fp16) rank=0:  24%|██▎       | 121/512 [02:23<07:29,  1.15s/it]
Generating (fp16) rank=0:  24%|██▍       | 125/512 [02:27<07:23,  1.15s/it]
Generating (fp16) rank=0:  25%|██▌       | 129/512 [02:32<07:18,  1.14s/it]
Generating (fp16) rank=0:  26%|██▌       | 133/512 [02:36<07:13,  1.14s/it]
Generating (fp16) rank=0:  27%|██▋       | 137/512 [02:41<07:08,  1.14s/it]
Generating (fp16) rank=0:  28%|██▊       | 141/512 [02:46<07:03,  1.14s/it]
Generating (fp16) rank=0:  28%|██▊       | 145/512 [02:50<07:06,  1.16s/it]
Generating (fp16) rank=0:  29%|██▉       | 149/512 [02:55<06:59,  1.16s/it]
Generating (fp16) rank=0:  30%|██▉       | 153/512 [02:59<06:53,  1.15s/it]
Generating (fp16) rank=0:  31%|███       | 157/512 [03:04<06:47,  1.15s/it]
Generating (fp16) rank=0:  31%|███▏      | 161/512 [03:09<06:42,  1.15s/it]
Generating (fp16) rank=0:  32%|███▏      | 165/512 [03:13<06:37,  1.15s/it]
Generating (fp16) rank=0:  33%|███▎      | 169/512 [03:18<06:32,  1.14s/it]
Generating (fp16) rank=0:  34%|███▍      | 173/512 [03:22<06:27,  1.14s/it]
Generating (fp16) rank=0:  35%|███▍      | 177/512 [03:27<06:22,  1.14s/it]
Generating (fp16) rank=0:  35%|███▌      | 181/512 [03:31<06:18,  1.14s/it]
Generating (fp16) rank=0:  36%|███▌      | 185/512 [03:36<06:19,  1.16s/it]
Generating (fp16) rank=0:  37%|███▋      | 189/512 [03:41<06:13,  1.16s/it]
Generating (fp16) rank=0:  38%|███▊      | 193/512 [03:45<06:07,  1.15s/it]
Generating (fp16) rank=0:  38%|███▊      | 197/512 [03:50<06:01,  1.15s/it]
Generating (fp16) rank=0:  39%|███▉      | 201/512 [03:55<05:56,  1.15s/it]
Generating (fp16) rank=0:  40%|████      | 205/512 [03:59<05:51,  1.14s/it]
Generating (fp16) rank=0:  41%|████      | 209/512 [04:04<05:46,  1.14s/it]
Generating (fp16) rank=0:  42%|████▏     | 213/512 [04:08<05:41,  1.14s/it]
Generating (fp16) rank=0:  42%|████▏     | 217/512 [04:13<05:36,  1.14s/it]
Generating (fp16) rank=0:  43%|████▎     | 221/512 [04:18<05:37,  1.16s/it]
Generating (fp16) rank=0:  44%|████▍     | 225/512 [04:22<05:31,  1.15s/it]
Generating (fp16) rank=0:  45%|████▍     | 229/512 [04:27<05:25,  1.15s/it]
Generating (fp16) rank=0:  46%|████▌     | 233/512 [04:31<05:20,  1.15s/it]
Generating (fp16) rank=0:  46%|████▋     | 237/512 [04:36<05:15,  1.15s/it]
Generating (fp16) rank=0:  47%|████▋     | 241/512 [04:40<05:10,  1.15s/it]
Generating (fp16) rank=0:  48%|████▊     | 245/512 [04:45<05:05,  1.15s/it]
Generating (fp16) rank=0:  49%|████▊     | 249/512 [04:50<05:00,  1.14s/it]
Generating (fp16) rank=0:  49%|████▉     | 253/512 [04:54<04:56,  1.14s/it]
Generating (fp16) rank=0:  50%|█████     | 257/512 [04:59<04:56,  1.16s/it]
Generating (fp16) rank=0:  51%|█████     | 261/512 [05:04<04:49,  1.15s/it]
Generating (fp16) rank=0:  52%|█████▏    | 265/512 [05:08<04:44,  1.15s/it]
Generating (fp16) rank=0:  53%|█████▎    | 269/512 [05:13<04:39,  1.15s/it]
Generating (fp16) rank=0:  53%|█████▎    | 273/512 [05:17<04:33,  1.15s/it]
Generating (fp16) rank=0:  54%|█████▍    | 277/512 [05:22<04:28,  1.14s/it]
Generating (fp16) rank=0:  55%|█████▍    | 281/512 [05:26<04:24,  1.14s/it]
Generating (fp16) rank=0:  56%|█████▌    | 285/512 [05:31<04:19,  1.14s/it]
Generating (fp16) rank=0:  56%|█████▋    | 289/512 [05:35<04:14,  1.14s/it]
Generating (fp16) rank=0:  57%|█████▋    | 293/512 [05:40<04:16,  1.17s/it]
Generating (fp16) rank=0:  58%|█████▊    | 297/512 [05:45<04:09,  1.16s/it]
Generating (fp16) rank=0:  59%|█████▉    | 301/512 [05:50<04:03,  1.16s/it]
Generating (fp16) rank=0:  60%|█████▉    | 305/512 [05:54<03:58,  1.15s/it]
Generating (fp16) rank=0:  60%|██████    | 309/512 [05:59<03:53,  1.15s/it]
Generating (fp16) rank=0:  61%|██████    | 313/512 [06:03<03:48,  1.15s/it]
Generating (fp16) rank=0:  62%|██████▏   | 317/512 [06:08<03:43,  1.15s/it]
Generating (fp16) rank=0:  63%|██████▎   | 321/512 [06:12<03:38,  1.14s/it]
Generating (fp16) rank=0:  63%|██████▎   | 325/512 [06:17<03:33,  1.14s/it]
Generating (fp16) rank=0:  64%|██████▍   | 329/512 [06:22<03:29,  1.14s/it]
Generating (fp16) rank=0:  65%|██████▌   | 333/512 [06:26<03:27,  1.16s/it]
Generating (fp16) rank=0:  66%|██████▌   | 337/512 [06:31<03:22,  1.16s/it]
Generating (fp16) rank=0:  67%|██████▋   | 341/512 [06:36<03:17,  1.15s/it]
Generating (fp16) rank=0:  67%|██████▋   | 345/512 [06:40<03:12,  1.15s/it]
Generating (fp16) rank=0:  68%|██████▊   | 349/512 [06:45<03:07,  1.15s/it]
Generating (fp16) rank=0:  69%|██████▉   | 353/512 [06:49<03:02,  1.15s/it]
Generating (fp16) rank=0:  70%|██████▉   | 357/512 [06:54<02:57,  1.15s/it]
Generating (fp16) rank=0:  71%|███████   | 361/512 [06:58<02:53,  1.15s/it]
Generating (fp16) rank=0:  71%|███████▏  | 365/512 [07:03<02:48,  1.14s/it]
Generating (fp16) rank=0:  72%|███████▏  | 369/512 [07:08<02:46,  1.16s/it]
Generating (fp16) rank=0:  73%|███████▎  | 373/512 [07:12<02:41,  1.16s/it]
Generating (fp16) rank=0:  74%|███████▎  | 377/512 [07:17<02:37,  1.16s/it]
Generating (fp16) rank=0:  74%|███████▍  | 381/512 [07:22<02:32,  1.17s/it]
Generating (fp16) rank=0:  75%|███████▌  | 385/512 [07:26<02:28,  1.17s/it]
Generating (fp16) rank=0:  76%|███████▌  | 389/512 [07:31<02:23,  1.17s/it]
Generating (fp16) rank=0:  77%|███████▋  | 393/512 [07:36<02:18,  1.17s/it]
Generating (fp16) rank=0:  78%|███████▊  | 397/512 [07:40<02:14,  1.17s/it]
Generating (fp16) rank=0:  78%|███████▊  | 401/512 [07:45<02:09,  1.17s/it]
Generating (fp16) rank=0:  79%|███████▉  | 405/512 [07:50<02:06,  1.18s/it]
Generating (fp16) rank=0:  80%|███████▉  | 409/512 [07:55<02:01,  1.18s/it]
Generating (fp16) rank=0:  81%|████████  | 413/512 [07:59<01:56,  1.17s/it]
Generating (fp16) rank=0:  81%|████████▏ | 417/512 [08:04<01:51,  1.17s/it]
Generating (fp16) rank=0:  82%|████████▏ | 421/512 [08:09<01:46,  1.17s/it]
Generating (fp16) rank=0:  83%|████████▎ | 425/512 [08:13<01:41,  1.17s/it]
Generating (fp16) rank=0:  84%|████████▍ | 429/512 [08:18<01:37,  1.17s/it]
Generating (fp16) rank=0:  85%|████████▍ | 433/512 [08:23<01:32,  1.17s/it]
Generating (fp16) rank=0:  85%|████████▌ | 437/512 [08:27<01:27,  1.17s/it]
Generating (fp16) rank=0:  86%|████████▌ | 441/512 [08:32<01:23,  1.18s/it]
Generating (fp16) rank=0:  87%|████████▋ | 445/512 [08:37<01:19,  1.18s/it]
Generating (fp16) rank=0:  88%|████████▊ | 449/512 [08:42<01:14,  1.18s/it]
Generating (fp16) rank=0:  88%|████████▊ | 453/512 [08:46<01:09,  1.18s/it]
Generating (fp16) rank=0:  89%|████████▉ | 457/512 [08:51<01:04,  1.17s/it]
Generating (fp16) rank=0:  90%|█████████ | 461/512 [08:56<00:59,  1.17s/it]
Generating (fp16) rank=0:  91%|█████████ | 465/512 [09:00<00:55,  1.17s/it]
Generating (fp16) rank=0:  92%|█████████▏| 469/512 [09:05<00:50,  1.17s/it]
Generating (fp16) rank=0:  92%|█████████▏| 473/512 [09:10<00:45,  1.17s/it]
Generating (fp16) rank=0:  93%|█████████▎| 477/512 [09:14<00:40,  1.17s/it]
Generating (fp16) rank=0:  94%|█████████▍| 481/512 [09:19<00:36,  1.18s/it]
Generating (fp16) rank=0:  95%|█████████▍| 485/512 [09:24<00:31,  1.18s/it]
Generating (fp16) rank=0:  96%|█████████▌| 489/512 [09:29<00:26,  1.17s/it]
Generating (fp16) rank=0:  96%|█████████▋| 493/512 [09:33<00:22,  1.17s/it]
Generating (fp16) rank=0:  97%|█████████▋| 497/512 [09:38<00:17,  1.17s/it]
Generating (fp16) rank=0:  98%|█████████▊| 501/512 [09:43<00:12,  1.17s/it]
Generating (fp16) rank=0:  99%|█████████▊| 505/512 [09:47<00:08,  1.17s/it]
Generating (fp16) rank=0:  99%|█████████▉| 509/512 [09:52<00:03,  1.17s/it]
Generating (fp16) rank=0: 100%|██████████| 512/512 [09:52<00:00,  1.16s/it]

