/home/alimaskina/miniconda3/lib/python3.13/site-packages/requests/__init__.py:113: RequestsDependencyWarning: urllib3 (2.5.0) or chardet (6.0.0.post1)/charset_normalizer (3.3.2) doesn't match a supported version!
  warnings.warn(
llada_dist (model_path=GSAI-ML/LLaDA-8B-Base,quant=int4,gen_length=24,steps=24,block_length=24,remasking=low_confidence,checkpoint_dir=checkpoints/results_sudoku_int4_large_4x4_1shot_2gpu,gen_batch_size=1), gen_kwargs: (None), limit: None, num_fewshot: None, batch_size: 1
|       Tasks       |Version|Filter|n-shot|   Metric   |   |Value |   |Stderr|
|-------------------|------:|------|-----:|------------|---|-----:|---|-----:|
|sudoku4_1shot_large|      1|none  |     1|exact_match |↑  |0.2444|±  |0.0143|
|                   |       |none  |     1|valid_sudoku|↑  |0.2444|±  |0.0143|


/home/alimaskina/miniconda3/lib/python3.13/site-packages/requests/__init__.py:113: RequestsDependencyWarning: urllib3 (2.5.0) or chardet (6.0.0.post1)/charset_normalizer (3.3.2) doesn't match a supported version!
  warnings.warn(
/home/alimaskina/miniconda3/lib/python3.13/site-packages/requests/__init__.py:113: RequestsDependencyWarning: urllib3 (2.5.0) or chardet (6.0.0.post1)/charset_normalizer (3.3.2) doesn't match a supported version!
  warnings.warn(
/home/alimaskina/miniconda3/lib/python3.13/site-packages/requests/__init__.py:113: RequestsDependencyWarning: urllib3 (2.5.0) or chardet (6.0.0.post1)/charset_normalizer (3.3.2) doesn't match a supported version!
  warnings.warn(
The following values were not passed to `accelerate launch` and had defaults used instead:
	`--num_machines` was set to a value of `1`
	`--mixed_precision` was set to a value of `'no'`
	`--dynamo_backend` was set to a value of `'no'`
To avoid this warning pass in values for each of the problematic parameters or run `accelerate config`.
2026-07-12:18:24:39,273 INFO     [lm_eval.__main__:307] Including path: /home/alimaskina/dllm/quant_where_to_unmask/tasks
2026-07-12:18:24:39,524 INFO     [lm_eval.__main__:307] Including path: /home/alimaskina/dllm/quant_where_to_unmask/tasks
2026-07-12:18:24:52,115 INFO     [lm_eval.__main__:379] Selected Tasks: ['sudoku4_1shot_large']
2026-07-12:18:24:52,116 INFO     [lm_eval.evaluator:169] Setting random seed to 0 | Setting numpy seed to 1234 | Setting torch manual seed to 1234 | Setting fewshot manual seed to 1234
2026-07-12:18:24:52,116 INFO     [lm_eval.evaluator:206] Initializing llada_dist model, with arguments: {'model_path': 'GSAI-ML/LLaDA-8B-Base', 'quant': 'int4', 'gen_length': 24, 'steps': 24, 'block_length': 24, 'remasking': 'low_confidence', 'checkpoint_dir': 'checkpoints/results_sudoku_int4_large_4x4_1shot_2gpu', 'gen_batch_size': 1}
2026-07-12:18:24:52,237 INFO     [lm_eval.__main__:379] Selected Tasks: ['sudoku4_1shot_large']
2026-07-12:18:24:52,238 INFO     [lm_eval.evaluator:169] Setting random seed to 0 | Setting numpy seed to 1234 | Setting torch manual seed to 1234 | Setting fewshot manual seed to 1234
2026-07-12:18:24:52,238 INFO     [lm_eval.evaluator:206] Initializing llada_dist model, with arguments: {'model_path': 'GSAI-ML/LLaDA-8B-Base', 'quant': 'int4', 'gen_length': 24, 'steps': 24, 'block_length': 24, 'remasking': 'low_confidence', 'checkpoint_dir': 'checkpoints/results_sudoku_int4_large_4x4_1shot_2gpu', 'gen_batch_size': 1}
2026-07-12:18:24:53,274 WARNING  [accelerate.utils.other:349] Detected kernel version 5.4.210, which is below the recommended minimum of 5.5.0; this can cause the process to hang. It is recommended to upgrade the kernel to the minimum version or higher.

Loading checkpoint shards:   0%|          | 0/6 [00:00<?, ?it/s]
Loading checkpoint shards:   0%|          | 0/6 [00:00<?, ?it/s]
Loading checkpoint shards:  17%|█▋        | 1/6 [00:02<00:11,  2.22s/it]
Loading checkpoint shards:  17%|█▋        | 1/6 [00:02<00:12,  2.48s/it]
Loading checkpoint shards:  33%|███▎      | 2/6 [00:05<00:10,  2.55s/it]
Loading checkpoint shards:  33%|███▎      | 2/6 [00:05<00:10,  2.73s/it]
Loading checkpoint shards:  50%|█████     | 3/6 [00:08<00:08,  2.76s/it]
Loading checkpoint shards:  50%|█████     | 3/6 [00:08<00:08,  2.90s/it]
Loading checkpoint shards:  67%|██████▋   | 4/6 [00:10<00:05,  2.82s/it]
Loading checkpoint shards:  67%|██████▋   | 4/6 [00:11<00:05,  2.94s/it]
Loading checkpoint shards:  83%|████████▎ | 5/6 [00:13<00:02,  2.87s/it]
Loading checkpoint shards:  83%|████████▎ | 5/6 [00:14<00:02,  2.98s/it]
Loading checkpoint shards: 100%|██████████| 6/6 [00:16<00:00,  2.62s/it]
Loading checkpoint shards: 100%|██████████| 6/6 [00:16<00:00,  2.67s/it]

Loading checkpoint shards: 100%|██████████| 6/6 [00:16<00:00,  2.71s/it]
Loading checkpoint shards: 100%|██████████| 6/6 [00:16<00:00,  2.79s/it]

Generating train split: 0 examples [00:00, ? examples/s]
Generating train split: 908 examples [00:00, 374845.28 examples/s]
2026-07-12:18:25:12,247 INFO     [lm_eval.api.task:420] Building contexts for sudoku4_1shot_large on rank 1...

  0%|          | 0/450 [00:00<?, ?it/s]
 18%|█▊        | 79/450 [00:00<00:00, 789.58it/s]
 35%|███▌      | 159/450 [00:00<00:00, 795.25it/s]
 53%|█████▎    | 239/450 [00:00<00:00, 796.11it/s]
 71%|███████   | 319/450 [00:00<00:00, 797.10it/s]
 89%|████████▉ | 400/450 [00:00<00:00, 798.40it/s]
100%|██████████| 450/450 [00:00<00:00, 797.31it/s]
2026-07-12:18:25:13,138 INFO     [lm_eval.api.task:420] Building contexts for sudoku4_1shot_large on rank 0...

  0%|          | 0/450 [00:00<?, ?it/s]
 17%|█▋        | 77/450 [00:00<00:00, 769.75it/s]
 35%|███▍      | 156/450 [00:00<00:00, 780.62it/s]
 52%|█████▏    | 235/450 [00:00<00:00, 783.94it/s]
 70%|███████   | 315/450 [00:00<00:00, 789.04it/s]
 88%|████████▊ | 396/450 [00:00<00:00, 793.28it/s]
100%|██████████| 450/450 [00:00<00:00, 789.62it/s]
2026-07-12:18:25:14,431 INFO     [lm_eval.evaluator:517] Running generate_until requests
2026-07-12:18:25:14,431 INFO     [lm_eval.evaluator:517] Running generate_until requests
Parameter 'function'=<function LLaDAEvalHarness.generate_until.<locals>._tokenize at 0x7fc6be60b6d0> of the transform datasets.arrow_dataset.Dataset._map_single couldn't be hashed properly, a random hash was used instead. Make sure your transforms and parameters are serializable with pickle or dill for the dataset fingerprinting and caching to work. If you reuse this transform, the caching mechanism will consider it to be different from the previous calls and recompute everything. This warning is only shown once. Subsequent hashing failures won't be shown.
2026-07-12:18:25:14,463 WARNING  [datasets.fingerprint:284] Parameter 'function'=<function LLaDAEvalHarness.generate_until.<locals>._tokenize at 0x7fc6be60b6d0> of the transform datasets.arrow_dataset.Dataset._map_single couldn't be hashed properly, a random hash was used instead. Make sure your transforms and parameters are serializable with pickle or dill for the dataset fingerprinting and caching to work. If you reuse this transform, the caching mechanism will consider it to be different from the previous calls and recompute everything. This warning is only shown once. Subsequent hashing failures won't be shown.

Map:   0%|          | 0/450 [00:00<?, ? examples/s]Parameter 'function'=<function LLaDAEvalHarness.generate_until.<locals>._tokenize at 0x7f19684a6d40> of the transform datasets.arrow_dataset.Dataset._map_single couldn't be hashed properly, a random hash was used instead. Make sure your transforms and parameters are serializable with pickle or dill for the dataset fingerprinting and caching to work. If you reuse this transform, the caching mechanism will consider it to be different from the previous calls and recompute everything. This warning is only shown once. Subsequent hashing failures won't be shown.
2026-07-12:18:25:14,465 WARNING  [datasets.fingerprint:284] Parameter 'function'=<function LLaDAEvalHarness.generate_until.<locals>._tokenize at 0x7f19684a6d40> of the transform datasets.arrow_dataset.Dataset._map_single couldn't be hashed properly, a random hash was used instead. Make sure your transforms and parameters are serializable with pickle or dill for the dataset fingerprinting and caching to work. If you reuse this transform, the caching mechanism will consider it to be different from the previous calls and recompute everything. This warning is only shown once. Subsequent hashing failures won't be shown.

Map:   0%|          | 0/450 [00:00<?, ? examples/s]
Map:  69%|██████▉   | 311/450 [00:00<00:00, 3087.03 examples/s]
Map:  67%|██████▋   | 302/450 [00:00<00:00, 2991.25 examples/s]
Map: 100%|██████████| 450/450 [00:00<00:00, 2898.16 examples/s]

Generating (int4) rank=1:   0%|          | 0/450 [00:00<?, ?it/s]
Map: 100%|██████████| 450/450 [00:00<00:00, 2770.28 examples/s]

Generating (int4) rank=0:   0%|          | 0/450 [00:00<?, ?it/s]
Generating (int4) rank=1:   0%|          | 1/450 [00:03<22:32,  3.01s/it]
Generating (int4) rank=0:   0%|          | 1/450 [00:03<23:11,  3.10s/it]
Generating (int4) rank=1:   0%|          | 2/450 [00:05<20:07,  2.70s/it]
Generating (int4) rank=0:   0%|          | 2/450 [00:05<20:52,  2.79s/it]
Generating (int4) rank=1:   1%|          | 3/450 [00:07<19:18,  2.59s/it]
Generating (int4) rank=0:   1%|          | 3/450 [00:08<20:04,  2.69s/it]
Generating (int4) rank=1:   1%|          | 4/450 [00:10<18:54,  2.54s/it]
Generating (int4) rank=0:   1%|          | 4/450 [00:10<19:40,  2.65s/it]
Generating (int4) rank=1:   1%|          | 5/450 [00:12<18:40,  2.52s/it]
Generating (int4) rank=0:   1%|          | 5/450 [00:13<19:26,  2.62s/it]
Generating (int4) rank=1:   1%|▏         | 6/450 [00:15<18:31,  2.50s/it]
Generating (int4) rank=0:   1%|▏         | 6/450 [00:15<19:16,  2.61s/it]
Generating (int4) rank=1:   2%|▏         | 7/450 [00:17<18:23,  2.49s/it]
Generating (int4) rank=0:   2%|▏         | 7/450 [00:18<19:06,  2.59s/it]
Generating (int4) rank=1:   2%|▏         | 8/450 [00:20<18:18,  2.48s/it]
Generating (int4) rank=0:   2%|▏         | 8/450 [00:21<19:00,  2.58s/it]
Generating (int4) rank=1:   2%|▏         | 9/450 [00:22<18:14,  2.48s/it]
Generating (int4) rank=0:   2%|▏         | 9/450 [00:23<18:50,  2.56s/it]
Generating (int4) rank=1:   2%|▏         | 10/450 [00:25<18:10,  2.48s/it]
Generating (int4) rank=0:   2%|▏         | 10/450 [00:26<18:49,  2.57s/it]
Generating (int4) rank=1:   2%|▏         | 11/450 [00:27<18:07,  2.48s/it]
Generating (int4) rank=0:   2%|▏         | 11/450 [00:28<18:41,  2.56s/it]
Generating (int4) rank=1:   3%|▎         | 12/450 [00:30<18:06,  2.48s/it]
Generating (int4) rank=0:   3%|▎         | 12/450 [00:31<18:35,  2.55s/it]
Generating (int4) rank=1:   3%|▎         | 13/450 [00:32<18:03,  2.48s/it]
Generating (int4) rank=0:   3%|▎         | 13/450 [00:33<18:30,  2.54s/it]
Generating (int4) rank=1:   3%|▎         | 14/450 [00:35<18:01,  2.48s/it]
Generating (int4) rank=0:   3%|▎         | 14/450 [00:36<18:27,  2.54s/it]
Generating (int4) rank=1:   3%|▎         | 15/450 [00:37<17:58,  2.48s/it]
Generating (int4) rank=0:   3%|▎         | 15/450 [00:38<18:24,  2.54s/it]
Generating (int4) rank=1:   4%|▎         | 16/450 [00:40<17:55,  2.48s/it]
Generating (int4) rank=0:   4%|▎         | 16/450 [00:41<18:20,  2.54s/it]
Generating (int4) rank=1:   4%|▍         | 17/450 [00:42<17:52,  2.48s/it]
Generating (int4) rank=0:   4%|▍         | 17/450 [00:43<18:17,  2.53s/it]
Generating (int4) rank=1:   4%|▍         | 18/450 [00:45<17:50,  2.48s/it]
Generating (int4) rank=0:   4%|▍         | 18/450 [00:46<18:14,  2.53s/it]
Generating (int4) rank=1:   4%|▍         | 19/450 [00:47<17:48,  2.48s/it]
Generating (int4) rank=0:   4%|▍         | 19/450 [00:48<18:11,  2.53s/it]
Generating (int4) rank=1:   4%|▍         | 20/450 [00:50<17:45,  2.48s/it]
Generating (int4) rank=0:   4%|▍         | 20/450 [00:51<18:10,  2.54s/it]
Generating (int4) rank=1:   5%|▍         | 21/450 [00:52<17:41,  2.47s/it]
Generating (int4) rank=0:   5%|▍         | 21/450 [00:54<18:07,  2.53s/it]
Generating (int4) rank=1:   5%|▍         | 22/450 [00:54<17:37,  2.47s/it]
Generating (int4) rank=0:   5%|▍         | 22/450 [00:56<18:06,  2.54s/it]
Generating (int4) rank=1:   5%|▌         | 23/450 [00:57<17:35,  2.47s/it]
Generating (int4) rank=0:   5%|▌         | 23/450 [00:59<18:03,  2.54s/it]
Generating (int4) rank=1:   5%|▌         | 24/450 [00:59<17:33,  2.47s/it]
Generating (int4) rank=0:   5%|▌         | 24/450 [01:01<18:00,  2.54s/it]
Generating (int4) rank=1:   6%|▌         | 25/450 [01:02<17:31,  2.47s/it]
Generating (int4) rank=0:   6%|▌         | 25/450 [01:04<17:58,  2.54s/it]
Generating (int4) rank=1:   6%|▌         | 26/450 [01:04<17:28,  2.47s/it]
Generating (int4) rank=0:   6%|▌         | 26/450 [01:06<17:56,  2.54s/it]
Generating (int4) rank=1:   6%|▌         | 27/450 [01:07<17:25,  2.47s/it]
Generating (int4) rank=0:   6%|▌         | 27/450 [01:09<17:53,  2.54s/it]
Generating (int4) rank=1:   6%|▌         | 28/450 [01:09<17:23,  2.47s/it]
Generating (int4) rank=0:   6%|▌         | 28/450 [01:11<17:50,  2.54s/it]
Generating (int4) rank=1:   6%|▋         | 29/450 [01:12<17:19,  2.47s/it]
Generating (int4) rank=0:   6%|▋         | 29/450 [01:14<17:49,  2.54s/it]
Generating (int4) rank=1:   7%|▋         | 30/450 [01:14<17:17,  2.47s/it]
Generating (int4) rank=0:   7%|▋         | 30/450 [01:16<17:47,  2.54s/it]
Generating (int4) rank=1:   7%|▋         | 31/450 [01:17<17:14,  2.47s/it]
Generating (int4) rank=0:   7%|▋         | 31/450 [01:19<17:44,  2.54s/it]
Generating (int4) rank=1:   7%|▋         | 32/450 [01:19<17:11,  2.47s/it]
Generating (int4) rank=0:   7%|▋         | 32/450 [01:21<17:41,  2.54s/it]
Generating (int4) rank=1:   7%|▋         | 33/450 [01:22<17:09,  2.47s/it]
Generating (int4) rank=0:   7%|▋         | 33/450 [01:24<17:38,  2.54s/it]
Generating (int4) rank=1:   8%|▊         | 34/450 [01:24<17:06,  2.47s/it]
Generating (int4) rank=0:   8%|▊         | 34/450 [01:27<17:34,  2.54s/it]
Generating (int4) rank=1:   8%|▊         | 35/450 [01:27<17:07,  2.47s/it]
Generating (int4) rank=1:   8%|▊         | 36/450 [01:29<17:03,  2.47s/it]
Generating (int4) rank=0:   8%|▊         | 35/450 [01:29<17:34,  2.54s/it]
Generating (int4) rank=1:   8%|▊         | 37/450 [01:32<17:01,  2.47s/it]
Generating (int4) rank=0:   8%|▊         | 36/450 [01:32<17:31,  2.54s/it]
Generating (int4) rank=1:   8%|▊         | 38/450 [01:34<16:58,  2.47s/it]
Generating (int4) rank=0:   8%|▊         | 37/450 [01:34<17:28,  2.54s/it]
Generating (int4) rank=1:   9%|▊         | 39/450 [01:36<16:57,  2.48s/it]
Generating (int4) rank=0:   8%|▊         | 38/450 [01:37<17:26,  2.54s/it]
Generating (int4) rank=1:   9%|▉         | 40/450 [01:39<16:53,  2.47s/it]
Generating (int4) rank=0:   9%|▊         | 39/450 [01:39<17:23,  2.54s/it]
Generating (int4) rank=1:   9%|▉         | 41/450 [01:41<16:51,  2.47s/it]
Generating (int4) rank=0:   9%|▉         | 40/450 [01:42<17:22,  2.54s/it]
Generating (int4) rank=1:   9%|▉         | 42/450 [01:44<16:48,  2.47s/it]
Generating (int4) rank=0:   9%|▉         | 41/450 [01:44<17:19,  2.54s/it]
Generating (int4) rank=1:  10%|▉         | 43/450 [01:46<16:46,  2.47s/it]
Generating (int4) rank=0:   9%|▉         | 42/450 [01:47<17:24,  2.56s/it]
Generating (int4) rank=1:  10%|▉         | 44/450 [01:49<16:43,  2.47s/it]
Generating (int4) rank=0:  10%|▉         | 43/450 [01:50<17:24,  2.57s/it]
Generating (int4) rank=1:  10%|█         | 45/450 [01:51<16:41,  2.47s/it]
Generating (int4) rank=0:  10%|▉         | 44/450 [01:52<17:24,  2.57s/it]
Generating (int4) rank=1:  10%|█         | 46/450 [01:54<16:38,  2.47s/it]
Generating (int4) rank=0:  10%|█         | 45/450 [01:55<17:23,  2.58s/it]
Generating (int4) rank=1:  10%|█         | 47/450 [01:56<16:36,  2.47s/it]
Generating (int4) rank=0:  10%|█         | 46/450 [01:57<17:21,  2.58s/it]
Generating (int4) rank=1:  11%|█         | 48/450 [01:59<16:33,  2.47s/it]
Generating (int4) rank=0:  10%|█         | 47/450 [02:00<17:20,  2.58s/it]
Generating (int4) rank=1:  11%|█         | 49/450 [02:01<16:31,  2.47s/it]
Generating (int4) rank=0:  11%|█         | 48/450 [02:02<17:17,  2.58s/it]
Generating (int4) rank=1:  11%|█         | 50/450 [02:04<16:28,  2.47s/it]
Generating (int4) rank=0:  11%|█         | 49/450 [02:05<17:15,  2.58s/it]
Generating (int4) rank=1:  11%|█▏        | 51/450 [02:06<16:25,  2.47s/it]
Generating (int4) rank=0:  11%|█         | 50/450 [02:08<17:13,  2.58s/it]
Generating (int4) rank=1:  12%|█▏        | 52/450 [02:09<16:24,  2.47s/it]
Generating (int4) rank=0:  11%|█▏        | 51/450 [02:10<17:10,  2.58s/it]
Generating (int4) rank=1:  12%|█▏        | 53/450 [02:11<16:22,  2.47s/it]
Generating (int4) rank=0:  12%|█▏        | 52/450 [02:13<17:08,  2.58s/it]
Generating (int4) rank=1:  12%|█▏        | 54/450 [02:14<16:20,  2.48s/it]
Generating (int4) rank=0:  12%|█▏        | 53/450 [02:15<17:07,  2.59s/it]
Generating (int4) rank=1:  12%|█▏        | 55/450 [02:16<16:18,  2.48s/it]
Generating (int4) rank=0:  12%|█▏        | 54/450 [02:18<17:05,  2.59s/it]
Generating (int4) rank=1:  12%|█▏        | 56/450 [02:19<16:14,  2.47s/it]
Generating (int4) rank=0:  12%|█▏        | 55/450 [02:21<17:01,  2.59s/it]
Generating (int4) rank=1:  13%|█▎        | 57/450 [02:21<16:11,  2.47s/it]
Generating (int4) rank=0:  12%|█▏        | 56/450 [02:23<16:59,  2.59s/it]
Generating (int4) rank=1:  13%|█▎        | 58/450 [02:23<16:09,  2.47s/it]
Generating (int4) rank=0:  13%|█▎        | 57/450 [02:26<16:56,  2.59s/it]
Generating (int4) rank=1:  13%|█▎        | 59/450 [02:26<16:06,  2.47s/it]
Generating (int4) rank=0:  13%|█▎        | 58/450 [02:28<16:54,  2.59s/it]
Generating (int4) rank=1:  13%|█▎        | 60/450 [02:28<16:03,  2.47s/it]
Generating (int4) rank=1:  14%|█▎        | 61/450 [02:31<16:01,  2.47s/it]
Generating (int4) rank=0:  13%|█▎        | 59/450 [02:31<16:50,  2.58s/it]
Generating (int4) rank=1:  14%|█▍        | 62/450 [02:33<16:00,  2.48s/it]
Generating (int4) rank=0:  13%|█▎        | 60/450 [02:33<16:47,  2.58s/it]
Generating (int4) rank=1:  14%|█▍        | 63/450 [02:36<15:57,  2.47s/it]
Generating (int4) rank=0:  14%|█▎        | 61/450 [02:36<16:45,  2.58s/it]
Generating (int4) rank=1:  14%|█▍        | 64/450 [02:38<15:56,  2.48s/it]
Generating (int4) rank=0:  14%|█▍        | 62/450 [02:39<16:42,  2.58s/it]
Generating (int4) rank=1:  14%|█▍        | 65/450 [02:41<15:53,  2.48s/it]
Generating (int4) rank=0:  14%|█▍        | 63/450 [02:41<16:39,  2.58s/it]
Generating (int4) rank=1:  15%|█▍        | 66/450 [02:43<15:50,  2.48s/it]
Generating (int4) rank=0:  14%|█▍        | 64/450 [02:44<16:36,  2.58s/it]
Generating (int4) rank=1:  15%|█▍        | 67/450 [02:46<15:48,  2.48s/it]
Generating (int4) rank=0:  14%|█▍        | 65/450 [02:46<16:30,  2.57s/it]
Generating (int4) rank=1:  15%|█▌        | 68/450 [02:48<15:45,  2.48s/it]
Generating (int4) rank=0:  15%|█▍        | 66/450 [02:49<16:24,  2.56s/it]
Generating (int4) rank=1:  15%|█▌        | 69/450 [02:51<15:42,  2.47s/it]
Generating (int4) rank=0:  15%|█▍        | 67/450 [02:51<16:20,  2.56s/it]
Generating (int4) rank=1:  16%|█▌        | 70/450 [02:53<15:40,  2.47s/it]
Generating (int4) rank=0:  15%|█▌        | 68/450 [02:54<16:16,  2.56s/it]
Generating (int4) rank=1:  16%|█▌        | 71/450 [02:56<15:37,  2.47s/it]
Generating (int4) rank=0:  15%|█▌        | 69/450 [02:57<16:12,  2.55s/it]
Generating (int4) rank=1:  16%|█▌        | 72/450 [02:58<15:34,  2.47s/it]
Generating (int4) rank=0:  16%|█▌        | 70/450 [02:59<16:09,  2.55s/it]
Generating (int4) rank=1:  16%|█▌        | 73/450 [03:01<15:32,  2.47s/it]
Generating (int4) rank=0:  16%|█▌        | 71/450 [03:02<16:07,  2.55s/it]
Generating (int4) rank=1:  16%|█▋        | 74/450 [03:03<15:30,  2.47s/it]
Generating (int4) rank=0:  16%|█▌        | 72/450 [03:04<16:03,  2.55s/it]
Generating (int4) rank=1:  17%|█▋        | 75/450 [03:06<15:27,  2.47s/it]
Generating (int4) rank=0:  16%|█▌        | 73/450 [03:07<16:00,  2.55s/it]
Generating (int4) rank=1:  17%|█▋        | 76/450 [03:08<15:25,  2.47s/it]
Generating (int4) rank=0:  16%|█▋        | 74/450 [03:09<15:58,  2.55s/it]
Generating (int4) rank=1:  17%|█▋        | 77/450 [03:10<15:23,  2.48s/it]
Generating (int4) rank=0:  17%|█▋        | 75/450 [03:12<15:55,  2.55s/it]
Generating (int4) rank=1:  17%|█▋        | 78/450 [03:13<15:21,  2.48s/it]
Generating (int4) rank=0:  17%|█▋        | 76/450 [03:14<15:53,  2.55s/it]
Generating (int4) rank=1:  18%|█▊        | 79/450 [03:15<15:18,  2.48s/it]
Generating (int4) rank=0:  17%|█▋        | 77/450 [03:17<15:50,  2.55s/it]
Generating (int4) rank=1:  18%|█▊        | 80/450 [03:18<15:15,  2.48s/it]
Generating (int4) rank=0:  17%|█▋        | 78/450 [03:19<15:47,  2.55s/it]
Generating (int4) rank=1:  18%|█▊        | 81/450 [03:20<15:12,  2.47s/it]
Generating (int4) rank=0:  18%|█▊        | 79/450 [03:22<15:44,  2.54s/it]
Generating (int4) rank=1:  18%|█▊        | 82/450 [03:23<15:09,  2.47s/it]
Generating (int4) rank=0:  18%|█▊        | 80/450 [03:25<15:41,  2.54s/it]
Generating (int4) rank=1:  18%|█▊        | 83/450 [03:25<15:07,  2.47s/it]
Generating (int4) rank=0:  18%|█▊        | 81/450 [03:27<15:40,  2.55s/it]
Generating (int4) rank=1:  19%|█▊        | 84/450 [03:28<15:05,  2.47s/it]
Generating (int4) rank=0:  18%|█▊        | 82/450 [03:30<15:37,  2.55s/it]
Generating (int4) rank=1:  19%|█▉        | 85/450 [03:30<15:02,  2.47s/it]
Generating (int4) rank=0:  18%|█▊        | 83/450 [03:32<15:35,  2.55s/it]
Generating (int4) rank=1:  19%|█▉        | 86/450 [03:33<15:00,  2.47s/it]
Generating (int4) rank=0:  19%|█▊        | 84/450 [03:35<15:32,  2.55s/it]
Generating (int4) rank=1:  19%|█▉        | 87/450 [03:35<14:57,  2.47s/it]
Generating (int4) rank=0:  19%|█▉        | 85/450 [03:37<15:30,  2.55s/it]
Generating (int4) rank=1:  20%|█▉        | 88/450 [03:38<14:55,  2.47s/it]
Generating (int4) rank=0:  19%|█▉        | 86/450 [03:40<15:27,  2.55s/it]
Generating (int4) rank=1:  20%|█▉        | 89/450 [03:40<14:53,  2.47s/it]
Generating (int4) rank=0:  19%|█▉        | 87/450 [03:42<15:25,  2.55s/it]
Generating (int4) rank=1:  20%|██        | 90/450 [03:43<14:50,  2.47s/it]
Generating (int4) rank=0:  20%|█▉        | 88/450 [03:45<15:22,  2.55s/it]
Generating (int4) rank=1:  20%|██        | 91/450 [03:45<14:48,  2.48s/it]
Generating (int4) rank=0:  20%|█▉        | 89/450 [03:48<15:20,  2.55s/it]
Generating (int4) rank=1:  20%|██        | 92/450 [03:48<14:45,  2.47s/it]
Generating (int4) rank=1:  21%|██        | 93/450 [03:50<14:38,  2.46s/it]
Generating (int4) rank=0:  20%|██        | 90/450 [03:50<15:17,  2.55s/it]
Generating (int4) rank=1:  21%|██        | 94/450 [03:52<14:32,  2.45s/it]
Generating (int4) rank=0:  20%|██        | 91/450 [03:53<15:15,  2.55s/it]
Generating (int4) rank=1:  21%|██        | 95/450 [03:55<14:29,  2.45s/it]
Generating (int4) rank=0:  20%|██        | 92/450 [03:55<15:13,  2.55s/it]
Generating (int4) rank=1:  21%|██▏       | 96/450 [03:57<14:25,  2.45s/it]
Generating (int4) rank=0:  21%|██        | 93/450 [03:58<15:11,  2.55s/it]
Generating (int4) rank=1:  22%|██▏       | 97/450 [04:00<14:22,  2.44s/it]
Generating (int4) rank=0:  21%|██        | 94/450 [04:00<15:08,  2.55s/it]
Generating (int4) rank=1:  22%|██▏       | 98/450 [04:02<14:18,  2.44s/it]
Generating (int4) rank=0:  21%|██        | 95/450 [04:03<15:04,  2.55s/it]
Generating (int4) rank=1:  22%|██▏       | 99/450 [04:05<14:16,  2.44s/it]
Generating (int4) rank=0:  21%|██▏       | 96/450 [04:05<15:02,  2.55s/it]
Generating (int4) rank=1:  22%|██▏       | 100/450 [04:07<14:12,  2.44s/it]
Generating (int4) rank=0:  22%|██▏       | 97/450 [04:08<14:59,  2.55s/it]
Generating (int4) rank=1:  22%|██▏       | 101/450 [04:10<14:11,  2.44s/it]
Generating (int4) rank=0:  22%|██▏       | 98/450 [04:10<14:56,  2.55s/it]
Generating (int4) rank=1:  23%|██▎       | 102/450 [04:12<14:09,  2.44s/it]
Generating (int4) rank=0:  22%|██▏       | 99/450 [04:13<14:52,  2.54s/it]
Generating (int4) rank=1:  23%|██▎       | 103/450 [04:14<14:07,  2.44s/it]
Generating (int4) rank=0:  22%|██▏       | 100/450 [04:16<14:50,  2.54s/it]
Generating (int4) rank=1:  23%|██▎       | 104/450 [04:17<14:05,  2.44s/it]
Generating (int4) rank=0:  22%|██▏       | 101/450 [04:18<14:46,  2.54s/it]
Generating (int4) rank=1:  23%|██▎       | 105/450 [04:19<14:02,  2.44s/it]
Generating (int4) rank=0:  23%|██▎       | 102/450 [04:21<14:44,  2.54s/it]
Generating (int4) rank=1:  24%|██▎       | 106/450 [04:22<14:00,  2.44s/it]
Generating (int4) rank=0:  23%|██▎       | 103/450 [04:23<14:41,  2.54s/it]
Generating (int4) rank=1:  24%|██▍       | 107/450 [04:24<13:57,  2.44s/it]
Generating (int4) rank=0:  23%|██▎       | 104/450 [04:26<14:39,  2.54s/it]
Generating (int4) rank=1:  24%|██▍       | 108/450 [04:27<13:54,  2.44s/it]
Generating (int4) rank=0:  23%|██▎       | 105/450 [04:28<14:36,  2.54s/it]
Generating (int4) rank=1:  24%|██▍       | 109/450 [04:29<13:52,  2.44s/it]
Generating (int4) rank=0:  24%|██▎       | 106/450 [04:31<14:34,  2.54s/it]
Generating (int4) rank=1:  24%|██▍       | 110/450 [04:32<13:50,  2.44s/it]
Generating (int4) rank=0:  24%|██▍       | 107/450 [04:33<14:31,  2.54s/it]
Generating (int4) rank=1:  25%|██▍       | 111/450 [04:34<13:48,  2.44s/it]
Generating (int4) rank=0:  24%|██▍       | 108/450 [04:36<14:28,  2.54s/it]
Generating (int4) rank=1:  25%|██▍       | 112/450 [04:36<13:44,  2.44s/it]
Generating (int4) rank=0:  24%|██▍       | 109/450 [04:38<14:25,  2.54s/it]
Generating (int4) rank=1:  25%|██▌       | 113/450 [04:39<13:42,  2.44s/it]
Generating (int4) rank=0:  24%|██▍       | 110/450 [04:41<14:23,  2.54s/it]
Generating (int4) rank=1:  25%|██▌       | 114/450 [04:41<13:39,  2.44s/it]
Generating (int4) rank=0:  25%|██▍       | 111/450 [04:43<14:20,  2.54s/it]
Generating (int4) rank=1:  26%|██▌       | 115/450 [04:44<13:38,  2.44s/it]
Generating (int4) rank=0:  25%|██▍       | 112/450 [04:46<14:17,  2.54s/it]
Generating (int4) rank=1:  26%|██▌       | 116/450 [04:46<13:36,  2.44s/it]
Generating (int4) rank=0:  25%|██▌       | 113/450 [04:49<14:15,  2.54s/it]
Generating (int4) rank=1:  26%|██▌       | 117/450 [04:49<13:33,  2.44s/it]
Generating (int4) rank=1:  26%|██▌       | 118/450 [04:51<13:30,  2.44s/it]
Generating (int4) rank=0:  25%|██▌       | 114/450 [04:51<14:12,  2.54s/it]
Generating (int4) rank=1:  26%|██▋       | 119/450 [04:53<13:28,  2.44s/it]
Generating (int4) rank=0:  26%|██▌       | 115/450 [04:54<14:10,  2.54s/it]
Generating (int4) rank=1:  27%|██▋       | 120/450 [04:56<13:25,  2.44s/it]
Generating (int4) rank=0:  26%|██▌       | 116/450 [04:56<14:08,  2.54s/it]
Generating (int4) rank=1:  27%|██▋       | 121/450 [04:58<13:24,  2.45s/it]
Generating (int4) rank=0:  26%|██▌       | 117/450 [04:59<14:05,  2.54s/it]
Generating (int4) rank=1:  27%|██▋       | 122/450 [05:01<13:21,  2.44s/it]
Generating (int4) rank=0:  26%|██▌       | 118/450 [05:01<14:03,  2.54s/it]
Generating (int4) rank=1:  27%|██▋       | 123/450 [05:03<13:18,  2.44s/it]
Generating (int4) rank=0:  26%|██▋       | 119/450 [05:04<14:00,  2.54s/it]
Generating (int4) rank=1:  28%|██▊       | 124/450 [05:06<13:14,  2.44s/it]
Generating (int4) rank=0:  27%|██▋       | 120/450 [05:06<13:56,  2.54s/it]
Generating (int4) rank=1:  28%|██▊       | 125/450 [05:08<13:11,  2.44s/it]
Generating (int4) rank=0:  27%|██▋       | 121/450 [05:09<13:53,  2.53s/it]
Generating (int4) rank=1:  28%|██▊       | 126/450 [05:11<13:09,  2.44s/it]
Generating (int4) rank=0:  27%|██▋       | 122/450 [05:11<13:52,  2.54s/it]
Generating (int4) rank=1:  28%|██▊       | 127/450 [05:13<13:06,  2.43s/it]
Generating (int4) rank=0:  27%|██▋       | 123/450 [05:14<13:48,  2.53s/it]
Generating (int4) rank=1:  28%|██▊       | 128/450 [05:15<13:04,  2.44s/it]
Generating (int4) rank=0:  28%|██▊       | 124/450 [05:16<13:45,  2.53s/it]
Generating (int4) rank=1:  29%|██▊       | 129/450 [05:18<13:02,  2.44s/it]
Generating (int4) rank=0:  28%|██▊       | 125/450 [05:19<13:42,  2.53s/it]
Generating (int4) rank=1:  29%|██▉       | 130/450 [05:20<12:59,  2.44s/it]
Generating (int4) rank=0:  28%|██▊       | 126/450 [05:22<13:41,  2.53s/it]
Generating (int4) rank=1:  29%|██▉       | 131/450 [05:23<12:57,  2.44s/it]
Generating (int4) rank=0:  28%|██▊       | 127/450 [05:24<13:38,  2.53s/it]
Generating (int4) rank=1:  29%|██▉       | 132/450 [05:25<12:55,  2.44s/it]
Generating (int4) rank=0:  28%|██▊       | 128/450 [05:27<13:36,  2.54s/it]
Generating (int4) rank=1:  30%|██▉       | 133/450 [05:28<12:53,  2.44s/it]
Generating (int4) rank=0:  29%|██▊       | 129/450 [05:29<13:34,  2.54s/it]
Generating (int4) rank=1:  30%|██▉       | 134/450 [05:30<12:50,  2.44s/it]
Generating (int4) rank=0:  29%|██▉       | 130/450 [05:32<13:31,  2.54s/it]
Generating (int4) rank=1:  30%|███       | 135/450 [05:32<12:48,  2.44s/it]
Generating (int4) rank=0:  29%|██▉       | 131/450 [05:34<13:29,  2.54s/it]
Generating (int4) rank=1:  30%|███       | 136/450 [05:35<12:45,  2.44s/it]
Generating (int4) rank=0:  29%|██▉       | 132/450 [05:37<13:26,  2.54s/it]
Generating (int4) rank=1:  30%|███       | 137/450 [05:37<12:43,  2.44s/it]
Generating (int4) rank=0:  30%|██▉       | 133/450 [05:39<13:24,  2.54s/it]
Generating (int4) rank=1:  31%|███       | 138/450 [05:40<12:41,  2.44s/it]
Generating (int4) rank=0:  30%|██▉       | 134/450 [05:42<13:22,  2.54s/it]
Generating (int4) rank=1:  31%|███       | 139/450 [05:42<12:39,  2.44s/it]
Generating (int4) rank=0:  30%|███       | 135/450 [05:44<13:19,  2.54s/it]
Generating (int4) rank=1:  31%|███       | 140/450 [05:45<12:36,  2.44s/it]
Generating (int4) rank=0:  30%|███       | 136/450 [05:47<13:16,  2.54s/it]
Generating (int4) rank=1:  31%|███▏      | 141/450 [05:47<12:33,  2.44s/it]
Generating (int4) rank=0:  30%|███       | 137/450 [05:49<13:13,  2.54s/it]
Generating (int4) rank=1:  32%|███▏      | 142/450 [05:50<12:32,  2.44s/it]
Generating (int4) rank=0:  31%|███       | 138/450 [05:52<13:12,  2.54s/it]
Generating (int4) rank=1:  32%|███▏      | 143/450 [05:52<12:31,  2.45s/it]
Generating (int4) rank=1:  32%|███▏      | 144/450 [05:54<12:29,  2.45s/it]
Generating (int4) rank=0:  31%|███       | 139/450 [05:54<13:09,  2.54s/it]
Generating (int4) rank=1:  32%|███▏      | 145/450 [05:57<12:26,  2.45s/it]
Generating (int4) rank=0:  31%|███       | 140/450 [05:57<13:06,  2.54s/it]
Generating (int4) rank=1:  32%|███▏      | 146/450 [05:59<12:25,  2.45s/it]
Generating (int4) rank=0:  31%|███▏      | 141/450 [06:00<13:03,  2.54s/it]
Generating (int4) rank=1:  33%|███▎      | 147/450 [06:02<12:21,  2.45s/it]
Generating (int4) rank=0:  32%|███▏      | 142/450 [06:02<13:00,  2.53s/it]
Generating (int4) rank=1:  33%|███▎      | 148/450 [06:04<12:20,  2.45s/it]
Generating (int4) rank=0:  32%|███▏      | 143/450 [06:05<12:58,  2.53s/it]
Generating (int4) rank=1:  33%|███▎      | 149/450 [06:07<12:17,  2.45s/it]
Generating (int4) rank=0:  32%|███▏      | 144/450 [06:07<12:56,  2.54s/it]
Generating (int4) rank=1:  33%|███▎      | 150/450 [06:09<12:14,  2.45s/it]
Generating (int4) rank=0:  32%|███▏      | 145/450 [06:10<12:55,  2.54s/it]
Generating (int4) rank=1:  34%|███▎      | 151/450 [06:12<12:12,  2.45s/it]
Generating (int4) rank=0:  32%|███▏      | 146/450 [06:12<12:53,  2.54s/it]
Generating (int4) rank=1:  34%|███▍      | 152/450 [06:14<12:10,  2.45s/it]
Generating (int4) rank=0:  33%|███▎      | 147/450 [06:15<12:50,  2.54s/it]
Generating (int4) rank=1:  34%|███▍      | 153/450 [06:17<12:08,  2.45s/it]
Generating (int4) rank=0:  33%|███▎      | 148/450 [06:17<12:48,  2.54s/it]
Generating (int4) rank=1:  34%|███▍      | 154/450 [06:19<12:06,  2.46s/it]
Generating (int4) rank=0:  33%|███▎      | 149/450 [06:20<12:46,  2.54s/it]
Generating (int4) rank=1:  34%|███▍      | 155/450 [06:21<12:04,  2.45s/it]
Generating (int4) rank=0:  33%|███▎      | 150/450 [06:22<12:44,  2.55s/it]
Generating (int4) rank=1:  35%|███▍      | 156/450 [06:24<12:01,  2.46s/it]
Generating (int4) rank=0:  34%|███▎      | 151/450 [06:25<12:41,  2.55s/it]
Generating (int4) rank=1:  35%|███▍      | 157/450 [06:26<11:58,  2.45s/it]
Generating (int4) rank=0:  34%|███▍      | 152/450 [06:28<12:39,  2.55s/it]
Generating (int4) rank=1:  35%|███▌      | 158/450 [06:29<11:57,  2.46s/it]
Generating (int4) rank=0:  34%|███▍      | 153/450 [06:30<12:37,  2.55s/it]
Generating (int4) rank=1:  35%|███▌      | 159/450 [06:31<11:55,  2.46s/it]
Generating (int4) rank=0:  34%|███▍      | 154/450 [06:33<12:34,  2.55s/it]
Generating (int4) rank=1:  36%|███▌      | 160/450 [06:34<11:53,  2.46s/it]
Generating (int4) rank=0:  34%|███▍      | 155/450 [06:35<12:31,  2.55s/it]
Generating (int4) rank=1:  36%|███▌      | 161/450 [06:36<11:49,  2.46s/it]
Generating (int4) rank=0:  35%|███▍      | 156/450 [06:38<12:28,  2.55s/it]
Generating (int4) rank=1:  36%|███▌      | 162/450 [06:39<11:47,  2.46s/it]
Generating (int4) rank=0:  35%|███▍      | 157/450 [06:40<12:26,  2.55s/it]
Generating (int4) rank=1:  36%|███▌      | 163/450 [06:41<11:43,  2.45s/it]
Generating (int4) rank=0:  35%|███▌      | 158/450 [06:43<12:23,  2.54s/it]
Generating (int4) rank=1:  36%|███▋      | 164/450 [06:44<11:40,  2.45s/it]
Generating (int4) rank=0:  35%|███▌      | 159/450 [06:45<12:20,  2.54s/it]
Generating (int4) rank=1:  37%|███▋      | 165/450 [06:46<11:36,  2.45s/it]
Generating (int4) rank=0:  36%|███▌      | 160/450 [06:48<12:18,  2.55s/it]
Generating (int4) rank=1:  37%|███▋      | 166/450 [06:48<11:34,  2.44s/it]
Generating (int4) rank=0:  36%|███▌      | 161/450 [06:50<12:16,  2.55s/it]
Generating (int4) rank=1:  37%|███▋      | 167/450 [06:51<11:32,  2.45s/it]
Generating (int4) rank=0:  36%|███▌      | 162/450 [06:53<12:13,  2.55s/it]
Generating (int4) rank=1:  37%|███▋      | 168/450 [06:53<11:28,  2.44s/it]
Generating (int4) rank=0:  36%|███▌      | 163/450 [06:56<12:10,  2.55s/it]
Generating (int4) rank=1:  38%|███▊      | 169/450 [06:56<11:26,  2.44s/it]
Generating (int4) rank=0:  36%|███▋      | 164/450 [06:58<12:08,  2.55s/it]
Generating (int4) rank=1:  38%|███▊      | 170/450 [06:58<11:23,  2.44s/it]
Generating (int4) rank=1:  38%|███▊      | 171/450 [07:01<11:20,  2.44s/it]
Generating (int4) rank=0:  37%|███▋      | 165/450 [07:01<12:05,  2.55s/it]
Generating (int4) rank=1:  38%|███▊      | 172/450 [07:03<11:18,  2.44s/it]
Generating (int4) rank=0:  37%|███▋      | 166/450 [07:03<12:02,  2.55s/it]
Generating (int4) rank=1:  38%|███▊      | 173/450 [07:06<11:15,  2.44s/it]
Generating (int4) rank=0:  37%|███▋      | 167/450 [07:06<12:00,  2.55s/it]
Generating (int4) rank=1:  39%|███▊      | 174/450 [07:08<11:13,  2.44s/it]
Generating (int4) rank=0:  37%|███▋      | 168/450 [07:08<11:57,  2.55s/it]
Generating (int4) rank=1:  39%|███▉      | 175/450 [07:10<11:09,  2.44s/it]
Generating (int4) rank=0:  38%|███▊      | 169/450 [07:11<11:54,  2.54s/it]
Generating (int4) rank=1:  39%|███▉      | 176/450 [07:13<11:07,  2.44s/it]
Generating (int4) rank=0:  38%|███▊      | 170/450 [07:13<11:51,  2.54s/it]
Generating (int4) rank=1:  39%|███▉      | 177/450 [07:15<11:05,  2.44s/it]
Generating (int4) rank=0:  38%|███▊      | 171/450 [07:16<11:47,  2.54s/it]
Generating (int4) rank=1:  40%|███▉      | 178/450 [07:18<11:03,  2.44s/it]
Generating (int4) rank=0:  38%|███▊      | 172/450 [07:18<11:45,  2.54s/it]
Generating (int4) rank=1:  40%|███▉      | 179/450 [07:20<11:03,  2.45s/it]
Generating (int4) rank=0:  38%|███▊      | 173/450 [07:21<11:45,  2.55s/it]
Generating (int4) rank=1:  40%|████      | 180/450 [07:23<11:00,  2.45s/it]
Generating (int4) rank=0:  39%|███▊      | 174/450 [07:24<11:46,  2.56s/it]
Generating (int4) rank=1:  40%|████      | 181/450 [07:25<11:21,  2.53s/it]
Generating (int4) rank=0:  39%|███▉      | 175/450 [07:26<11:42,  2.55s/it]
Generating (int4) rank=1:  40%|████      | 182/450 [07:28<11:12,  2.51s/it]
Generating (int4) rank=0:  39%|███▉      | 176/450 [07:29<11:39,  2.55s/it]
Generating (int4) rank=1:  41%|████      | 183/450 [07:30<11:04,  2.49s/it]
Generating (int4) rank=0:  39%|███▉      | 177/450 [07:31<11:35,  2.55s/it]
Generating (int4) rank=1:  41%|████      | 184/450 [07:33<10:58,  2.48s/it]
Generating (int4) rank=0:  40%|███▉      | 178/450 [07:34<11:32,  2.55s/it]
Generating (int4) rank=1:  41%|████      | 185/450 [07:35<10:52,  2.46s/it]
Generating (int4) rank=0:  40%|███▉      | 179/450 [07:36<11:29,  2.54s/it]
Generating (int4) rank=1:  41%|████▏     | 186/450 [07:38<10:50,  2.47s/it]
Generating (int4) rank=0:  40%|████      | 180/450 [07:39<11:29,  2.56s/it]
Generating (int4) rank=1:  42%|████▏     | 187/450 [07:40<10:47,  2.46s/it]
Generating (int4) rank=0:  40%|████      | 181/450 [07:41<11:29,  2.56s/it]
Generating (int4) rank=1:  42%|████▏     | 188/450 [07:43<10:44,  2.46s/it]
Generating (int4) rank=0:  40%|████      | 182/450 [07:44<11:28,  2.57s/it]
Generating (int4) rank=1:  42%|████▏     | 189/450 [07:45<10:40,  2.45s/it]
Generating (int4) rank=0:  41%|████      | 183/450 [07:47<11:26,  2.57s/it]
Generating (int4) rank=1:  42%|████▏     | 190/450 [07:47<10:38,  2.45s/it]
Generating (int4) rank=0:  41%|████      | 184/450 [07:49<11:24,  2.57s/it]
Generating (int4) rank=1:  42%|████▏     | 191/450 [07:50<10:35,  2.45s/it]
Generating (int4) rank=0:  41%|████      | 185/450 [07:52<11:22,  2.58s/it]
Generating (int4) rank=1:  43%|████▎     | 192/450 [07:52<10:31,  2.45s/it]
Generating (int4) rank=0:  41%|████▏     | 186/450 [07:54<11:20,  2.58s/it]
Generating (int4) rank=1:  43%|████▎     | 193/450 [07:55<10:29,  2.45s/it]
Generating (int4) rank=0:  42%|████▏     | 187/450 [07:57<11:18,  2.58s/it]
Generating (int4) rank=1:  43%|████▎     | 194/450 [07:57<10:26,  2.45s/it]
Generating (int4) rank=0:  42%|████▏     | 188/450 [08:00<11:16,  2.58s/it]
Generating (int4) rank=1:  43%|████▎     | 195/450 [08:00<10:24,  2.45s/it]
Generating (int4) rank=1:  44%|████▎     | 196/450 [08:02<10:21,  2.45s/it]
Generating (int4) rank=0:  42%|████▏     | 189/450 [08:02<11:13,  2.58s/it]
Generating (int4) rank=1:  44%|████▍     | 197/450 [08:05<10:19,  2.45s/it]
Generating (int4) rank=0:  42%|████▏     | 190/450 [08:05<11:09,  2.58s/it]
Generating (int4) rank=1:  44%|████▍     | 198/450 [08:07<10:16,  2.45s/it]
Generating (int4) rank=0:  42%|████▏     | 191/450 [08:07<11:07,  2.58s/it]
Generating (int4) rank=1:  44%|████▍     | 199/450 [08:09<10:14,  2.45s/it]
Generating (int4) rank=0:  43%|████▎     | 192/450 [08:10<11:04,  2.58s/it]
Generating (int4) rank=1:  44%|████▍     | 200/450 [08:12<10:12,  2.45s/it]
Generating (int4) rank=0:  43%|████▎     | 193/450 [08:12<11:02,  2.58s/it]
Generating (int4) rank=1:  45%|████▍     | 201/450 [08:14<10:10,  2.45s/it]
Generating (int4) rank=0:  43%|████▎     | 194/450 [08:15<11:00,  2.58s/it]
Generating (int4) rank=1:  45%|████▍     | 202/450 [08:17<10:08,  2.45s/it]
Generating (int4) rank=0:  43%|████▎     | 195/450 [08:18<10:57,  2.58s/it]
Generating (int4) rank=1:  45%|████▌     | 203/450 [08:19<10:05,  2.45s/it]
Generating (int4) rank=0:  44%|████▎     | 196/450 [08:20<10:54,  2.58s/it]
Generating (int4) rank=1:  45%|████▌     | 204/450 [08:22<10:02,  2.45s/it]
Generating (int4) rank=0:  44%|████▍     | 197/450 [08:23<10:51,  2.58s/it]
Generating (int4) rank=1:  46%|████▌     | 205/450 [08:24<09:59,  2.45s/it]
Generating (int4) rank=0:  44%|████▍     | 198/450 [08:25<10:49,  2.58s/it]
Generating (int4) rank=1:  46%|████▌     | 206/450 [08:27<09:56,  2.45s/it]
Generating (int4) rank=0:  44%|████▍     | 199/450 [08:28<10:46,  2.58s/it]
Generating (int4) rank=1:  46%|████▌     | 207/450 [08:29<09:54,  2.45s/it]
Generating (int4) rank=0:  44%|████▍     | 200/450 [08:30<10:44,  2.58s/it]
Generating (int4) rank=1:  46%|████▌     | 208/450 [08:31<09:52,  2.45s/it]
Generating (int4) rank=0:  45%|████▍     | 201/450 [08:33<10:41,  2.58s/it]
Generating (int4) rank=1:  46%|████▋     | 209/450 [08:34<09:49,  2.45s/it]
Generating (int4) rank=0:  45%|████▍     | 202/450 [08:36<10:39,  2.58s/it]
Generating (int4) rank=1:  47%|████▋     | 210/450 [08:36<09:46,  2.45s/it]
Generating (int4) rank=0:  45%|████▌     | 203/450 [08:38<10:37,  2.58s/it]
Generating (int4) rank=1:  47%|████▋     | 211/450 [08:39<09:44,  2.44s/it]
Generating (int4) rank=0:  45%|████▌     | 204/450 [08:41<10:34,  2.58s/it]
Generating (int4) rank=1:  47%|████▋     | 212/450 [08:41<09:41,  2.45s/it]
Generating (int4) rank=0:  46%|████▌     | 205/450 [08:43<10:32,  2.58s/it]
Generating (int4) rank=1:  47%|████▋     | 213/450 [08:44<09:39,  2.44s/it]
Generating (int4) rank=0:  46%|████▌     | 206/450 [08:46<10:29,  2.58s/it]
Generating (int4) rank=1:  48%|████▊     | 214/450 [08:46<09:36,  2.44s/it]
Generating (int4) rank=0:  46%|████▌     | 207/450 [08:49<10:26,  2.58s/it]
Generating (int4) rank=1:  48%|████▊     | 215/450 [08:49<09:34,  2.44s/it]
Generating (int4) rank=1:  48%|████▊     | 216/450 [08:51<09:32,  2.44s/it]
Generating (int4) rank=0:  46%|████▌     | 208/450 [08:51<10:24,  2.58s/it]
Generating (int4) rank=1:  48%|████▊     | 217/450 [08:53<09:30,  2.45s/it]
Generating (int4) rank=0:  46%|████▋     | 209/450 [08:54<10:21,  2.58s/it]
Generating (int4) rank=1:  48%|████▊     | 218/450 [08:56<09:28,  2.45s/it]
Generating (int4) rank=0:  47%|████▋     | 210/450 [08:56<10:19,  2.58s/it]
Generating (int4) rank=1:  49%|████▊     | 219/450 [08:58<09:25,  2.45s/it]
Generating (int4) rank=0:  47%|████▋     | 211/450 [08:59<10:16,  2.58s/it]
Generating (int4) rank=1:  49%|████▉     | 220/450 [09:01<09:22,  2.45s/it]
Generating (int4) rank=0:  47%|████▋     | 212/450 [09:01<10:14,  2.58s/it]
Generating (int4) rank=1:  49%|████▉     | 221/450 [09:03<09:20,  2.45s/it]
Generating (int4) rank=0:  47%|████▋     | 213/450 [09:04<10:11,  2.58s/it]
Generating (int4) rank=1:  49%|████▉     | 222/450 [09:06<09:18,  2.45s/it]
Generating (int4) rank=0:  48%|████▊     | 214/450 [09:07<10:08,  2.58s/it]
Generating (int4) rank=1:  50%|████▉     | 223/450 [09:08<09:16,  2.45s/it]
Generating (int4) rank=0:  48%|████▊     | 215/450 [09:09<10:06,  2.58s/it]
Generating (int4) rank=1:  50%|████▉     | 224/450 [09:11<09:13,  2.45s/it]
Generating (int4) rank=0:  48%|████▊     | 216/450 [09:12<10:04,  2.58s/it]
Generating (int4) rank=1:  50%|█████     | 225/450 [09:13<09:11,  2.45s/it]
Generating (int4) rank=0:  48%|████▊     | 217/450 [09:14<10:01,  2.58s/it]
Generating (int4) rank=1:  50%|█████     | 226/450 [09:16<09:09,  2.45s/it]
Generating (int4) rank=0:  48%|████▊     | 218/450 [09:17<09:58,  2.58s/it]
Generating (int4) rank=1:  50%|█████     | 227/450 [09:18<09:08,  2.46s/it]
Generating (int4) rank=0:  49%|████▊     | 219/450 [09:19<09:56,  2.58s/it]
Generating (int4) rank=1:  51%|█████     | 228/450 [09:20<09:07,  2.47s/it]
Generating (int4) rank=0:  49%|████▉     | 220/450 [09:22<09:54,  2.58s/it]
Generating (int4) rank=1:  51%|█████     | 229/450 [09:23<09:06,  2.47s/it]
Generating (int4) rank=0:  49%|████▉     | 221/450 [09:25<09:52,  2.59s/it]
Generating (int4) rank=1:  51%|█████     | 230/450 [09:25<09:04,  2.48s/it]
Generating (int4) rank=0:  49%|████▉     | 222/450 [09:27<09:49,  2.58s/it]
Generating (int4) rank=1:  51%|█████▏    | 231/450 [09:28<09:02,  2.48s/it]
Generating (int4) rank=0:  50%|████▉     | 223/450 [09:30<09:46,  2.58s/it]
Generating (int4) rank=1:  52%|█████▏    | 232/450 [09:30<09:00,  2.48s/it]
Generating (int4) rank=0:  50%|████▉     | 224/450 [09:32<09:43,  2.58s/it]
Generating (int4) rank=1:  52%|█████▏    | 233/450 [09:33<08:58,  2.48s/it]
Generating (int4) rank=0:  50%|█████     | 225/450 [09:35<09:41,  2.58s/it]
Generating (int4) rank=1:  52%|█████▏    | 234/450 [09:35<08:56,  2.48s/it]
Generating (int4) rank=0:  50%|█████     | 226/450 [09:38<09:38,  2.58s/it]
Generating (int4) rank=1:  52%|█████▏    | 235/450 [09:38<08:53,  2.48s/it]
Generating (int4) rank=0:  50%|█████     | 227/450 [09:40<09:36,  2.58s/it]
Generating (int4) rank=1:  52%|█████▏    | 236/450 [09:40<08:51,  2.48s/it]
Generating (int4) rank=0:  51%|█████     | 228/450 [09:43<09:33,  2.58s/it]
Generating (int4) rank=1:  53%|█████▎    | 237/450 [09:43<08:48,  2.48s/it]
Generating (int4) rank=1:  53%|█████▎    | 238/450 [09:45<08:46,  2.48s/it]
Generating (int4) rank=0:  51%|█████     | 229/450 [09:45<09:31,  2.59s/it]
Generating (int4) rank=1:  53%|█████▎    | 239/450 [09:48<08:44,  2.48s/it]
Generating (int4) rank=0:  51%|█████     | 230/450 [09:48<09:28,  2.59s/it]
Generating (int4) rank=1:  53%|█████▎    | 240/450 [09:50<08:42,  2.49s/it]
Generating (int4) rank=0:  51%|█████▏    | 231/450 [09:51<09:26,  2.59s/it]
Generating (int4) rank=1:  54%|█████▎    | 241/450 [09:53<08:39,  2.48s/it]
Generating (int4) rank=0:  52%|█████▏    | 232/450 [09:53<09:23,  2.59s/it]
Generating (int4) rank=1:  54%|█████▍    | 242/450 [09:55<08:37,  2.49s/it]
Generating (int4) rank=0:  52%|█████▏    | 233/450 [09:56<09:20,  2.58s/it]
Generating (int4) rank=1:  54%|█████▍    | 243/450 [09:58<08:34,  2.49s/it]
Generating (int4) rank=0:  52%|█████▏    | 234/450 [09:58<09:17,  2.58s/it]
Generating (int4) rank=1:  54%|█████▍    | 244/450 [10:00<08:32,  2.49s/it]
Generating (int4) rank=0:  52%|█████▏    | 235/450 [10:01<09:14,  2.58s/it]
Generating (int4) rank=1:  54%|█████▍    | 245/450 [10:03<08:30,  2.49s/it]
Generating (int4) rank=0:  52%|█████▏    | 236/450 [10:03<09:12,  2.58s/it]
Generating (int4) rank=1:  55%|█████▍    | 246/450 [10:05<08:27,  2.49s/it]
Generating (int4) rank=0:  53%|█████▎    | 237/450 [10:06<09:10,  2.58s/it]
Generating (int4) rank=1:  55%|█████▍    | 247/450 [10:08<08:24,  2.49s/it]
Generating (int4) rank=0:  53%|█████▎    | 238/450 [10:09<09:07,  2.58s/it]
Generating (int4) rank=1:  55%|█████▌    | 248/450 [10:10<08:22,  2.49s/it]
Generating (int4) rank=0:  53%|█████▎    | 239/450 [10:11<09:05,  2.59s/it]
Generating (int4) rank=1:  55%|█████▌    | 249/450 [10:13<08:19,  2.49s/it]
Generating (int4) rank=0:  53%|█████▎    | 240/450 [10:14<09:03,  2.59s/it]
Generating (int4) rank=1:  56%|█████▌    | 250/450 [10:15<08:17,  2.49s/it]
Generating (int4) rank=0:  54%|█████▎    | 241/450 [10:16<08:59,  2.58s/it]
Generating (int4) rank=1:  56%|█████▌    | 251/450 [10:18<08:15,  2.49s/it]
Generating (int4) rank=0:  54%|█████▍    | 242/450 [10:19<08:56,  2.58s/it]
Generating (int4) rank=1:  56%|█████▌    | 252/450 [10:20<08:13,  2.49s/it]
Generating (int4) rank=0:  54%|█████▍    | 243/450 [10:21<08:54,  2.58s/it]
Generating (int4) rank=1:  56%|█████▌    | 253/450 [10:23<08:11,  2.49s/it]
Generating (int4) rank=0:  54%|█████▍    | 244/450 [10:24<08:51,  2.58s/it]
Generating (int4) rank=1:  56%|█████▋    | 254/450 [10:25<08:08,  2.49s/it]
Generating (int4) rank=0:  54%|█████▍    | 245/450 [10:27<08:49,  2.58s/it]
Generating (int4) rank=1:  57%|█████▋    | 255/450 [10:28<08:05,  2.49s/it]
Generating (int4) rank=0:  55%|█████▍    | 246/450 [10:29<08:46,  2.58s/it]
Generating (int4) rank=1:  57%|█████▋    | 256/450 [10:30<08:03,  2.49s/it]
Generating (int4) rank=0:  55%|█████▍    | 247/450 [10:32<08:44,  2.58s/it]
Generating (int4) rank=1:  57%|█████▋    | 257/450 [10:33<08:00,  2.49s/it]
Generating (int4) rank=0:  55%|█████▌    | 248/450 [10:34<08:42,  2.58s/it]
Generating (int4) rank=1:  57%|█████▋    | 258/450 [10:35<07:58,  2.49s/it]
Generating (int4) rank=0:  55%|█████▌    | 249/450 [10:37<08:39,  2.59s/it]
Generating (int4) rank=1:  58%|█████▊    | 259/450 [10:38<07:56,  2.49s/it]
Generating (int4) rank=0:  56%|█████▌    | 250/450 [10:40<08:36,  2.58s/it]
Generating (int4) rank=1:  58%|█████▊    | 260/450 [10:40<07:53,  2.49s/it]
Generating (int4) rank=0:  56%|█████▌    | 251/450 [10:42<08:34,  2.58s/it]
Generating (int4) rank=1:  58%|█████▊    | 261/450 [10:43<07:50,  2.49s/it]
Generating (int4) rank=0:  56%|█████▌    | 252/450 [10:45<08:31,  2.58s/it]
Generating (int4) rank=1:  58%|█████▊    | 262/450 [10:45<07:47,  2.49s/it]
Generating (int4) rank=0:  56%|█████▌    | 253/450 [10:47<08:28,  2.58s/it]
Generating (int4) rank=1:  58%|█████▊    | 263/450 [10:48<07:44,  2.48s/it]
Generating (int4) rank=0:  56%|█████▋    | 254/450 [10:50<08:24,  2.58s/it]
Generating (int4) rank=1:  59%|█████▊    | 264/450 [10:50<07:41,  2.48s/it]
Generating (int4) rank=0:  57%|█████▋    | 255/450 [10:52<08:20,  2.57s/it]
Generating (int4) rank=1:  59%|█████▉    | 265/450 [10:53<07:39,  2.48s/it]
Generating (int4) rank=0:  57%|█████▋    | 256/450 [10:55<08:16,  2.56s/it]
Generating (int4) rank=1:  59%|█████▉    | 266/450 [10:55<07:36,  2.48s/it]
Generating (int4) rank=1:  59%|█████▉    | 267/450 [10:57<07:33,  2.48s/it]
Generating (int4) rank=0:  57%|█████▋    | 257/450 [10:57<08:11,  2.54s/it]
Generating (int4) rank=1:  60%|█████▉    | 268/450 [11:00<07:30,  2.47s/it]
Generating (int4) rank=0:  57%|█████▋    | 258/450 [11:00<08:06,  2.53s/it]
Generating (int4) rank=1:  60%|█████▉    | 269/450 [11:02<07:27,  2.47s/it]
Generating (int4) rank=0:  58%|█████▊    | 259/450 [11:02<08:02,  2.52s/it]
Generating (int4) rank=1:  60%|██████    | 270/450 [11:05<07:24,  2.47s/it]
Generating (int4) rank=0:  58%|█████▊    | 260/450 [11:05<07:58,  2.52s/it]
Generating (int4) rank=1:  60%|██████    | 271/450 [11:07<07:21,  2.47s/it]
Generating (int4) rank=0:  58%|█████▊    | 261/450 [11:08<07:54,  2.51s/it]
Generating (int4) rank=1:  60%|██████    | 272/450 [11:10<07:19,  2.47s/it]
Generating (int4) rank=0:  58%|█████▊    | 262/450 [11:10<07:51,  2.51s/it]
Generating (int4) rank=1:  61%|██████    | 273/450 [11:12<07:17,  2.47s/it]
Generating (int4) rank=0:  58%|█████▊    | 263/450 [11:13<07:51,  2.52s/it]
Generating (int4) rank=1:  61%|██████    | 274/450 [11:15<07:16,  2.48s/it]
Generating (int4) rank=0:  59%|█████▊    | 264/450 [11:15<07:51,  2.54s/it]
Generating (int4) rank=1:  61%|██████    | 275/450 [11:17<07:13,  2.48s/it]
Generating (int4) rank=0:  59%|█████▉    | 265/450 [11:18<07:50,  2.54s/it]
Generating (int4) rank=1:  61%|██████▏   | 276/450 [11:20<07:11,  2.48s/it]
Generating (int4) rank=0:  59%|█████▉    | 266/450 [11:20<07:47,  2.54s/it]
Generating (int4) rank=1:  62%|██████▏   | 277/450 [11:22<07:08,  2.48s/it]
Generating (int4) rank=0:  59%|█████▉    | 267/450 [11:23<07:45,  2.54s/it]
Generating (int4) rank=1:  62%|██████▏   | 278/450 [11:25<07:06,  2.48s/it]
Generating (int4) rank=0:  60%|█████▉    | 268/450 [11:25<07:43,  2.55s/it]
Generating (int4) rank=1:  62%|██████▏   | 279/450 [11:27<07:02,  2.47s/it]
Generating (int4) rank=0:  60%|█████▉    | 269/450 [11:28<07:40,  2.55s/it]
Generating (int4) rank=1:  62%|██████▏   | 280/450 [11:30<06:58,  2.46s/it]
Generating (int4) rank=0:  60%|██████    | 270/450 [11:30<07:38,  2.55s/it]
Generating (int4) rank=1:  62%|██████▏   | 281/450 [11:32<06:55,  2.46s/it]
Generating (int4) rank=0:  60%|██████    | 271/450 [11:33<07:35,  2.55s/it]
Generating (int4) rank=1:  63%|██████▎   | 282/450 [11:34<06:52,  2.45s/it]
Generating (int4) rank=0:  60%|██████    | 272/450 [11:36<07:33,  2.55s/it]
Generating (int4) rank=1:  63%|██████▎   | 283/450 [11:37<06:49,  2.45s/it]
Generating (int4) rank=0:  61%|██████    | 273/450 [11:38<07:30,  2.55s/it]
Generating (int4) rank=1:  63%|██████▎   | 284/450 [11:39<06:46,  2.45s/it]
Generating (int4) rank=0:  61%|██████    | 274/450 [11:41<07:28,  2.55s/it]
Generating (int4) rank=1:  63%|██████▎   | 285/450 [11:42<06:44,  2.45s/it]
Generating (int4) rank=0:  61%|██████    | 275/450 [11:43<07:25,  2.55s/it]
Generating (int4) rank=1:  64%|██████▎   | 286/450 [11:44<06:41,  2.45s/it]
Generating (int4) rank=0:  61%|██████▏   | 276/450 [11:46<07:23,  2.55s/it]
Generating (int4) rank=1:  64%|██████▍   | 287/450 [11:47<06:38,  2.45s/it]
Generating (int4) rank=0:  62%|██████▏   | 277/450 [11:48<07:21,  2.55s/it]
Generating (int4) rank=1:  64%|██████▍   | 288/450 [11:49<06:36,  2.45s/it]
Generating (int4) rank=0:  62%|██████▏   | 278/450 [11:51<07:18,  2.55s/it]
Generating (int4) rank=1:  64%|██████▍   | 289/450 [11:52<06:34,  2.45s/it]
Generating (int4) rank=0:  62%|██████▏   | 279/450 [11:53<07:15,  2.55s/it]
Generating (int4) rank=1:  64%|██████▍   | 290/450 [11:54<06:31,  2.45s/it]
Generating (int4) rank=0:  62%|██████▏   | 280/450 [11:56<07:13,  2.55s/it]
Generating (int4) rank=1:  65%|██████▍   | 291/450 [11:56<06:29,  2.45s/it]
Generating (int4) rank=0:  62%|██████▏   | 281/450 [11:58<07:11,  2.55s/it]
Generating (int4) rank=1:  65%|██████▍   | 292/450 [11:59<06:26,  2.45s/it]
Generating (int4) rank=0:  63%|██████▎   | 282/450 [12:01<07:08,  2.55s/it]
Generating (int4) rank=1:  65%|██████▌   | 293/450 [12:01<06:23,  2.45s/it]
Generating (int4) rank=0:  63%|██████▎   | 283/450 [12:04<07:05,  2.55s/it]
Generating (int4) rank=1:  65%|██████▌   | 294/450 [12:04<06:21,  2.45s/it]
Generating (int4) rank=0:  63%|██████▎   | 284/450 [12:06<07:03,  2.55s/it]
Generating (int4) rank=1:  66%|██████▌   | 295/450 [12:06<06:19,  2.45s/it]
Generating (int4) rank=0:  63%|██████▎   | 285/450 [12:09<07:00,  2.55s/it]
Generating (int4) rank=1:  66%|██████▌   | 296/450 [12:09<06:16,  2.45s/it]
Generating (int4) rank=1:  66%|██████▌   | 297/450 [12:11<06:14,  2.45s/it]
Generating (int4) rank=0:  64%|██████▎   | 286/450 [12:11<06:58,  2.55s/it]
Generating (int4) rank=1:  66%|██████▌   | 298/450 [12:14<06:11,  2.45s/it]
Generating (int4) rank=0:  64%|██████▍   | 287/450 [12:14<06:55,  2.55s/it]
Generating (int4) rank=1:  66%|██████▋   | 299/450 [12:16<06:09,  2.45s/it]
Generating (int4) rank=0:  64%|██████▍   | 288/450 [12:16<06:53,  2.55s/it]
Generating (int4) rank=1:  67%|██████▋   | 300/450 [12:18<06:06,  2.45s/it]
Generating (int4) rank=0:  64%|██████▍   | 289/450 [12:19<06:50,  2.55s/it]
Generating (int4) rank=1:  67%|██████▋   | 301/450 [12:21<06:04,  2.45s/it]
Generating (int4) rank=0:  64%|██████▍   | 290/450 [12:21<06:48,  2.55s/it]
Generating (int4) rank=1:  67%|██████▋   | 302/450 [12:23<06:02,  2.45s/it]
Generating (int4) rank=0:  65%|██████▍   | 291/450 [12:24<06:45,  2.55s/it]
Generating (int4) rank=1:  67%|██████▋   | 303/450 [12:26<05:59,  2.45s/it]
Generating (int4) rank=0:  65%|██████▍   | 292/450 [12:27<06:43,  2.55s/it]
Generating (int4) rank=1:  68%|██████▊   | 304/450 [12:28<05:57,  2.45s/it]
Generating (int4) rank=0:  65%|██████▌   | 293/450 [12:29<06:40,  2.55s/it]
Generating (int4) rank=1:  68%|██████▊   | 305/450 [12:31<05:55,  2.45s/it]
Generating (int4) rank=0:  65%|██████▌   | 294/450 [12:32<06:38,  2.55s/it]
Generating (int4) rank=1:  68%|██████▊   | 306/450 [12:33<05:52,  2.45s/it]
Generating (int4) rank=0:  66%|██████▌   | 295/450 [12:34<06:35,  2.55s/it]
Generating (int4) rank=1:  68%|██████▊   | 307/450 [12:36<05:50,  2.45s/it]
Generating (int4) rank=0:  66%|██████▌   | 296/450 [12:37<06:33,  2.55s/it]
Generating (int4) rank=1:  68%|██████▊   | 308/450 [12:38<05:47,  2.45s/it]
Generating (int4) rank=0:  66%|██████▌   | 297/450 [12:39<06:30,  2.55s/it]
Generating (int4) rank=1:  69%|██████▊   | 309/450 [12:41<05:45,  2.45s/it]
Generating (int4) rank=0:  66%|██████▌   | 298/450 [12:42<06:28,  2.55s/it]
Generating (int4) rank=1:  69%|██████▉   | 310/450 [12:43<05:42,  2.45s/it]
Generating (int4) rank=0:  66%|██████▋   | 299/450 [12:44<06:25,  2.56s/it]
Generating (int4) rank=1:  69%|██████▉   | 311/450 [12:45<05:39,  2.44s/it]
Generating (int4) rank=0:  67%|██████▋   | 300/450 [12:47<06:23,  2.55s/it]
Generating (int4) rank=1:  69%|██████▉   | 312/450 [12:48<05:37,  2.44s/it]
Generating (int4) rank=0:  67%|██████▋   | 301/450 [12:50<06:20,  2.55s/it]
Generating (int4) rank=1:  70%|██████▉   | 313/450 [12:50<05:34,  2.44s/it]
Generating (int4) rank=0:  67%|██████▋   | 302/450 [12:52<06:18,  2.55s/it]
Generating (int4) rank=1:  70%|██████▉   | 314/450 [12:53<05:32,  2.44s/it]
Generating (int4) rank=0:  67%|██████▋   | 303/450 [12:55<06:15,  2.55s/it]
Generating (int4) rank=1:  70%|███████   | 315/450 [12:55<05:30,  2.45s/it]
Generating (int4) rank=0:  68%|██████▊   | 304/450 [12:57<06:12,  2.55s/it]
Generating (int4) rank=1:  70%|███████   | 316/450 [12:58<05:28,  2.45s/it]
Generating (int4) rank=0:  68%|██████▊   | 305/450 [13:00<06:10,  2.55s/it]
Generating (int4) rank=1:  70%|███████   | 317/450 [13:00<05:26,  2.45s/it]
Generating (int4) rank=0:  68%|██████▊   | 306/450 [13:02<06:07,  2.56s/it]
Generating (int4) rank=1:  71%|███████   | 318/450 [13:03<05:23,  2.45s/it]
Generating (int4) rank=0:  68%|██████▊   | 307/450 [13:05<06:04,  2.55s/it]
Generating (int4) rank=1:  71%|███████   | 319/450 [13:05<05:21,  2.45s/it]
Generating (int4) rank=0:  68%|██████▊   | 308/450 [13:07<06:02,  2.55s/it]
Generating (int4) rank=1:  71%|███████   | 320/450 [13:07<05:19,  2.46s/it]
Generating (int4) rank=1:  71%|███████▏  | 321/450 [13:10<05:16,  2.45s/it]
Generating (int4) rank=0:  69%|██████▊   | 309/450 [13:10<06:00,  2.55s/it]
Generating (int4) rank=1:  72%|███████▏  | 322/450 [13:12<05:13,  2.45s/it]
Generating (int4) rank=0:  69%|██████▉   | 310/450 [13:12<05:57,  2.55s/it]
Generating (int4) rank=1:  72%|███████▏  | 323/450 [13:15<05:11,  2.45s/it]
Generating (int4) rank=0:  69%|██████▉   | 311/450 [13:15<05:54,  2.55s/it]
Generating (int4) rank=1:  72%|███████▏  | 324/450 [13:17<05:08,  2.45s/it]
Generating (int4) rank=0:  69%|██████▉   | 312/450 [13:18<05:52,  2.55s/it]
Generating (int4) rank=1:  72%|███████▏  | 325/450 [13:20<05:05,  2.45s/it]
Generating (int4) rank=0:  70%|██████▉   | 313/450 [13:20<05:49,  2.55s/it]
Generating (int4) rank=1:  72%|███████▏  | 326/450 [13:22<05:03,  2.45s/it]
Generating (int4) rank=0:  70%|██████▉   | 314/450 [13:23<05:47,  2.55s/it]
Generating (int4) rank=1:  73%|███████▎  | 327/450 [13:25<05:00,  2.45s/it]
Generating (int4) rank=0:  70%|███████   | 315/450 [13:25<05:44,  2.55s/it]
Generating (int4) rank=1:  73%|███████▎  | 328/450 [13:27<04:58,  2.45s/it]
Generating (int4) rank=0:  70%|███████   | 316/450 [13:28<05:41,  2.55s/it]
Generating (int4) rank=1:  73%|███████▎  | 329/450 [13:29<04:55,  2.44s/it]
Generating (int4) rank=0:  70%|███████   | 317/450 [13:30<05:39,  2.55s/it]
Generating (int4) rank=1:  73%|███████▎  | 330/450 [13:32<04:53,  2.44s/it]
Generating (int4) rank=0:  71%|███████   | 318/450 [13:33<05:36,  2.55s/it]
Generating (int4) rank=1:  74%|███████▎  | 331/450 [13:34<04:50,  2.44s/it]
Generating (int4) rank=0:  71%|███████   | 319/450 [13:35<05:33,  2.55s/it]
Generating (int4) rank=1:  74%|███████▍  | 332/450 [13:37<04:48,  2.45s/it]
Generating (int4) rank=0:  71%|███████   | 320/450 [13:38<05:31,  2.55s/it]
Generating (int4) rank=1:  74%|███████▍  | 333/450 [13:39<04:46,  2.45s/it]
Generating (int4) rank=0:  71%|███████▏  | 321/450 [13:41<05:29,  2.55s/it]
Generating (int4) rank=1:  74%|███████▍  | 334/450 [13:42<04:43,  2.44s/it]
Generating (int4) rank=0:  72%|███████▏  | 322/450 [13:43<05:26,  2.55s/it]
Generating (int4) rank=1:  74%|███████▍  | 335/450 [13:44<04:41,  2.44s/it]
Generating (int4) rank=0:  72%|███████▏  | 323/450 [13:46<05:24,  2.55s/it]
Generating (int4) rank=1:  75%|███████▍  | 336/450 [13:47<04:39,  2.45s/it]
Generating (int4) rank=0:  72%|███████▏  | 324/450 [13:48<05:21,  2.55s/it]
Generating (int4) rank=1:  75%|███████▍  | 337/450 [13:49<04:36,  2.45s/it]
Generating (int4) rank=0:  72%|███████▏  | 325/450 [13:51<05:18,  2.55s/it]
Generating (int4) rank=1:  75%|███████▌  | 338/450 [13:52<04:34,  2.45s/it]
Generating (int4) rank=0:  72%|███████▏  | 326/450 [13:53<05:16,  2.55s/it]
Generating (int4) rank=1:  75%|███████▌  | 339/450 [13:54<04:31,  2.45s/it]
Generating (int4) rank=0:  73%|███████▎  | 327/450 [13:56<05:13,  2.55s/it]
Generating (int4) rank=1:  76%|███████▌  | 340/450 [13:56<04:28,  2.45s/it]
Generating (int4) rank=0:  73%|███████▎  | 328/450 [13:58<05:10,  2.55s/it]
Generating (int4) rank=1:  76%|███████▌  | 341/450 [13:59<04:26,  2.45s/it]
Generating (int4) rank=0:  73%|███████▎  | 329/450 [14:01<05:08,  2.55s/it]
Generating (int4) rank=1:  76%|███████▌  | 342/450 [14:01<04:24,  2.45s/it]
Generating (int4) rank=0:  73%|███████▎  | 330/450 [14:03<05:05,  2.55s/it]
Generating (int4) rank=1:  76%|███████▌  | 343/450 [14:04<04:21,  2.45s/it]
Generating (int4) rank=0:  74%|███████▎  | 331/450 [14:06<05:03,  2.55s/it]
Generating (int4) rank=1:  76%|███████▋  | 344/450 [14:06<04:19,  2.45s/it]
Generating (int4) rank=0:  74%|███████▍  | 332/450 [14:09<05:00,  2.55s/it]
Generating (int4) rank=1:  77%|███████▋  | 345/450 [14:09<04:17,  2.45s/it]
Generating (int4) rank=1:  77%|███████▋  | 346/450 [14:11<04:14,  2.45s/it]
Generating (int4) rank=0:  74%|███████▍  | 333/450 [14:11<04:58,  2.55s/it]
Generating (int4) rank=1:  77%|███████▋  | 347/450 [14:14<04:12,  2.45s/it]
Generating (int4) rank=0:  74%|███████▍  | 334/450 [14:14<04:55,  2.55s/it]
Generating (int4) rank=1:  77%|███████▋  | 348/450 [14:16<04:09,  2.45s/it]
Generating (int4) rank=0:  74%|███████▍  | 335/450 [14:16<04:53,  2.55s/it]
Generating (int4) rank=1:  78%|███████▊  | 349/450 [14:18<04:07,  2.45s/it]
Generating (int4) rank=0:  75%|███████▍  | 336/450 [14:19<04:50,  2.55s/it]
Generating (int4) rank=1:  78%|███████▊  | 350/450 [14:21<04:04,  2.45s/it]
Generating (int4) rank=0:  75%|███████▍  | 337/450 [14:21<04:48,  2.55s/it]
Generating (int4) rank=1:  78%|███████▊  | 351/450 [14:23<04:02,  2.45s/it]
Generating (int4) rank=0:  75%|███████▌  | 338/450 [14:24<04:45,  2.55s/it]
Generating (int4) rank=1:  78%|███████▊  | 352/450 [14:26<03:59,  2.45s/it]
Generating (int4) rank=0:  75%|███████▌  | 339/450 [14:26<04:43,  2.55s/it]
Generating (int4) rank=1:  78%|███████▊  | 353/450 [14:28<03:57,  2.45s/it]
Generating (int4) rank=0:  76%|███████▌  | 340/450 [14:29<04:40,  2.55s/it]
Generating (int4) rank=1:  79%|███████▊  | 354/450 [14:31<03:54,  2.45s/it]
Generating (int4) rank=0:  76%|███████▌  | 341/450 [14:32<04:37,  2.55s/it]
Generating (int4) rank=1:  79%|███████▉  | 355/450 [14:33<03:52,  2.45s/it]
Generating (int4) rank=0:  76%|███████▌  | 342/450 [14:34<04:35,  2.55s/it]
Generating (int4) rank=1:  79%|███████▉  | 356/450 [14:36<03:50,  2.45s/it]
Generating (int4) rank=0:  76%|███████▌  | 343/450 [14:37<04:32,  2.55s/it]
Generating (int4) rank=1:  79%|███████▉  | 357/450 [14:38<03:47,  2.45s/it]
Generating (int4) rank=0:  76%|███████▋  | 344/450 [14:39<04:30,  2.55s/it]
Generating (int4) rank=1:  80%|███████▉  | 358/450 [14:40<03:45,  2.45s/it]
Generating (int4) rank=0:  77%|███████▋  | 345/450 [14:42<04:27,  2.55s/it]
Generating (int4) rank=1:  80%|███████▉  | 359/450 [14:43<03:42,  2.45s/it]
Generating (int4) rank=0:  77%|███████▋  | 346/450 [14:44<04:25,  2.55s/it]
Generating (int4) rank=1:  80%|████████  | 360/450 [14:45<03:40,  2.45s/it]
Generating (int4) rank=0:  77%|███████▋  | 347/450 [14:47<04:22,  2.55s/it]
Generating (int4) rank=1:  80%|████████  | 361/450 [14:48<03:37,  2.45s/it]
Generating (int4) rank=0:  77%|███████▋  | 348/450 [14:49<04:20,  2.55s/it]
Generating (int4) rank=1:  80%|████████  | 362/450 [14:50<03:35,  2.45s/it]
Generating (int4) rank=0:  78%|███████▊  | 349/450 [14:52<04:17,  2.55s/it]
Generating (int4) rank=1:  81%|████████  | 363/450 [14:53<03:33,  2.45s/it]
Generating (int4) rank=0:  78%|███████▊  | 350/450 [14:54<04:14,  2.55s/it]
Generating (int4) rank=1:  81%|████████  | 364/450 [14:55<03:30,  2.45s/it]
Generating (int4) rank=0:  78%|███████▊  | 351/450 [14:57<04:12,  2.55s/it]
Generating (int4) rank=1:  81%|████████  | 365/450 [14:58<03:27,  2.45s/it]
Generating (int4) rank=0:  78%|███████▊  | 352/450 [15:00<04:09,  2.55s/it]
Generating (int4) rank=1:  81%|████████▏ | 366/450 [15:00<03:25,  2.45s/it]
Generating (int4) rank=0:  78%|███████▊  | 353/450 [15:02<04:07,  2.55s/it]
Generating (int4) rank=1:  82%|████████▏ | 367/450 [15:02<03:23,  2.45s/it]
Generating (int4) rank=0:  79%|███████▊  | 354/450 [15:05<04:04,  2.55s/it]
Generating (int4) rank=1:  82%|████████▏ | 368/450 [15:05<03:20,  2.45s/it]
Generating (int4) rank=0:  79%|███████▉  | 355/450 [15:07<04:02,  2.55s/it]
Generating (int4) rank=1:  82%|████████▏ | 369/450 [15:07<03:18,  2.45s/it]
Generating (int4) rank=0:  79%|███████▉  | 356/450 [15:10<03:59,  2.55s/it]
Generating (int4) rank=1:  82%|████████▏ | 370/450 [15:10<03:15,  2.44s/it]
Generating (int4) rank=1:  82%|████████▏ | 371/450 [15:12<03:12,  2.44s/it]
Generating (int4) rank=0:  79%|███████▉  | 357/450 [15:12<03:57,  2.55s/it]
Generating (int4) rank=1:  83%|████████▎ | 372/450 [15:15<03:10,  2.44s/it]
Generating (int4) rank=0:  80%|███████▉  | 358/450 [15:15<03:54,  2.55s/it]
Generating (int4) rank=1:  83%|████████▎ | 373/450 [15:17<03:07,  2.44s/it]
Generating (int4) rank=0:  80%|███████▉  | 359/450 [15:17<03:51,  2.54s/it]
Generating (int4) rank=1:  83%|████████▎ | 374/450 [15:20<03:05,  2.44s/it]
Generating (int4) rank=0:  80%|████████  | 360/450 [15:20<03:48,  2.54s/it]
Generating (int4) rank=1:  83%|████████▎ | 375/450 [15:22<03:02,  2.44s/it]
Generating (int4) rank=0:  80%|████████  | 361/450 [15:22<03:46,  2.54s/it]
Generating (int4) rank=1:  84%|████████▎ | 376/450 [15:24<03:00,  2.44s/it]
Generating (int4) rank=0:  80%|████████  | 362/450 [15:25<03:43,  2.54s/it]
Generating (int4) rank=1:  84%|████████▍ | 377/450 [15:27<02:58,  2.44s/it]
Generating (int4) rank=0:  81%|████████  | 363/450 [15:28<03:41,  2.54s/it]
Generating (int4) rank=1:  84%|████████▍ | 378/450 [15:29<02:55,  2.44s/it]
Generating (int4) rank=0:  81%|████████  | 364/450 [15:30<03:38,  2.54s/it]
Generating (int4) rank=1:  84%|████████▍ | 379/450 [15:32<02:53,  2.44s/it]
Generating (int4) rank=0:  81%|████████  | 365/450 [15:33<03:36,  2.54s/it]
Generating (int4) rank=1:  84%|████████▍ | 380/450 [15:34<02:50,  2.44s/it]
Generating (int4) rank=0:  81%|████████▏ | 366/450 [15:35<03:34,  2.55s/it]
Generating (int4) rank=1:  85%|████████▍ | 381/450 [15:37<02:48,  2.44s/it]
Generating (int4) rank=0:  82%|████████▏ | 367/450 [15:38<03:31,  2.55s/it]
Generating (int4) rank=1:  85%|████████▍ | 382/450 [15:39<02:46,  2.44s/it]
Generating (int4) rank=0:  82%|████████▏ | 368/450 [15:40<03:28,  2.55s/it]
Generating (int4) rank=1:  85%|████████▌ | 383/450 [15:42<02:43,  2.44s/it]
Generating (int4) rank=0:  82%|████████▏ | 369/450 [15:43<03:26,  2.55s/it]
Generating (int4) rank=1:  85%|████████▌ | 384/450 [15:44<02:41,  2.44s/it]
Generating (int4) rank=0:  82%|████████▏ | 370/450 [15:45<03:23,  2.55s/it]
Generating (int4) rank=1:  86%|████████▌ | 385/450 [15:46<02:38,  2.44s/it]
Generating (int4) rank=0:  82%|████████▏ | 371/450 [15:48<03:21,  2.55s/it]
Generating (int4) rank=1:  86%|████████▌ | 386/450 [15:49<02:36,  2.44s/it]
Generating (int4) rank=0:  83%|████████▎ | 372/450 [15:51<03:18,  2.55s/it]
Generating (int4) rank=1:  86%|████████▌ | 387/450 [15:51<02:33,  2.44s/it]
Generating (int4) rank=0:  83%|████████▎ | 373/450 [15:53<03:16,  2.55s/it]
Generating (int4) rank=1:  86%|████████▌ | 388/450 [15:54<02:31,  2.44s/it]
Generating (int4) rank=0:  83%|████████▎ | 374/450 [15:56<03:13,  2.55s/it]
Generating (int4) rank=1:  86%|████████▋ | 389/450 [15:56<02:29,  2.44s/it]
Generating (int4) rank=0:  83%|████████▎ | 375/450 [15:58<03:11,  2.55s/it]
Generating (int4) rank=1:  87%|████████▋ | 390/450 [15:59<02:26,  2.45s/it]
Generating (int4) rank=0:  84%|████████▎ | 376/450 [16:01<03:08,  2.55s/it]
Generating (int4) rank=1:  87%|████████▋ | 391/450 [16:01<02:24,  2.45s/it]
Generating (int4) rank=0:  84%|████████▍ | 377/450 [16:03<03:05,  2.55s/it]
Generating (int4) rank=1:  87%|████████▋ | 392/450 [16:04<02:21,  2.45s/it]
Generating (int4) rank=0:  84%|████████▍ | 378/450 [16:06<03:03,  2.55s/it]
Generating (int4) rank=1:  87%|████████▋ | 393/450 [16:06<02:19,  2.45s/it]
Generating (int4) rank=0:  84%|████████▍ | 379/450 [16:08<03:00,  2.55s/it]
Generating (int4) rank=1:  88%|████████▊ | 394/450 [16:08<02:17,  2.45s/it]
Generating (int4) rank=1:  88%|████████▊ | 395/450 [16:11<02:14,  2.45s/it]
Generating (int4) rank=0:  84%|████████▍ | 380/450 [16:11<02:58,  2.55s/it]
Generating (int4) rank=1:  88%|████████▊ | 396/450 [16:13<02:12,  2.45s/it]
Generating (int4) rank=0:  85%|████████▍ | 381/450 [16:13<02:55,  2.55s/it]
Generating (int4) rank=1:  88%|████████▊ | 397/450 [16:16<02:09,  2.45s/it]
Generating (int4) rank=0:  85%|████████▍ | 382/450 [16:16<02:53,  2.55s/it]
Generating (int4) rank=1:  88%|████████▊ | 398/450 [16:18<02:07,  2.45s/it]
Generating (int4) rank=0:  85%|████████▌ | 383/450 [16:19<02:50,  2.55s/it]
Generating (int4) rank=1:  89%|████████▊ | 399/450 [16:21<02:04,  2.45s/it]
Generating (int4) rank=0:  85%|████████▌ | 384/450 [16:21<02:48,  2.55s/it]
Generating (int4) rank=1:  89%|████████▉ | 400/450 [16:23<02:02,  2.45s/it]
Generating (int4) rank=0:  86%|████████▌ | 385/450 [16:24<02:45,  2.55s/it]
Generating (int4) rank=1:  89%|████████▉ | 401/450 [16:26<01:59,  2.45s/it]
Generating (int4) rank=0:  86%|████████▌ | 386/450 [16:26<02:43,  2.55s/it]
Generating (int4) rank=1:  89%|████████▉ | 402/450 [16:28<01:57,  2.45s/it]
Generating (int4) rank=0:  86%|████████▌ | 387/450 [16:29<02:40,  2.55s/it]
Generating (int4) rank=1:  90%|████████▉ | 403/450 [16:30<01:55,  2.45s/it]
Generating (int4) rank=0:  86%|████████▌ | 388/450 [16:31<02:38,  2.55s/it]
Generating (int4) rank=1:  90%|████████▉ | 404/450 [16:33<01:52,  2.45s/it]
Generating (int4) rank=0:  86%|████████▋ | 389/450 [16:34<02:35,  2.55s/it]
Generating (int4) rank=1:  90%|█████████ | 405/450 [16:35<01:50,  2.45s/it]
Generating (int4) rank=0:  87%|████████▋ | 390/450 [16:36<02:33,  2.55s/it]
Generating (int4) rank=1:  90%|█████████ | 406/450 [16:38<01:47,  2.45s/it]
Generating (int4) rank=0:  87%|████████▋ | 391/450 [16:39<02:30,  2.55s/it]
Generating (int4) rank=1:  90%|█████████ | 407/450 [16:40<01:45,  2.45s/it]
Generating (int4) rank=0:  87%|████████▋ | 392/450 [16:42<02:28,  2.55s/it]
Generating (int4) rank=1:  91%|█████████ | 408/450 [16:43<01:43,  2.45s/it]
Generating (int4) rank=0:  87%|████████▋ | 393/450 [16:44<02:25,  2.55s/it]
Generating (int4) rank=1:  91%|█████████ | 409/450 [16:45<01:40,  2.46s/it]
Generating (int4) rank=0:  88%|████████▊ | 394/450 [16:47<02:23,  2.55s/it]
Generating (int4) rank=1:  91%|█████████ | 410/450 [16:48<01:38,  2.45s/it]
Generating (int4) rank=0:  88%|████████▊ | 395/450 [16:49<02:20,  2.55s/it]
Generating (int4) rank=1:  91%|█████████▏| 411/450 [16:50<01:35,  2.45s/it]
Generating (int4) rank=0:  88%|████████▊ | 396/450 [16:52<02:18,  2.56s/it]
Generating (int4) rank=1:  92%|█████████▏| 412/450 [16:53<01:33,  2.45s/it]
Generating (int4) rank=0:  88%|████████▊ | 397/450 [16:54<02:15,  2.56s/it]
Generating (int4) rank=1:  92%|█████████▏| 413/450 [16:55<01:30,  2.45s/it]
Generating (int4) rank=0:  88%|████████▊ | 398/450 [16:57<02:12,  2.55s/it]
Generating (int4) rank=1:  92%|█████████▏| 414/450 [16:57<01:28,  2.45s/it]
Generating (int4) rank=0:  89%|████████▊ | 399/450 [16:59<02:10,  2.55s/it]
Generating (int4) rank=1:  92%|█████████▏| 415/450 [17:00<01:25,  2.45s/it]
Generating (int4) rank=0:  89%|████████▉ | 400/450 [17:02<02:07,  2.55s/it]
Generating (int4) rank=1:  92%|█████████▏| 416/450 [17:02<01:23,  2.45s/it]
Generating (int4) rank=0:  89%|████████▉ | 401/450 [17:04<02:04,  2.55s/it]
Generating (int4) rank=1:  93%|█████████▎| 417/450 [17:05<01:20,  2.45s/it]
Generating (int4) rank=0:  89%|████████▉ | 402/450 [17:07<02:02,  2.55s/it]
Generating (int4) rank=1:  93%|█████████▎| 418/450 [17:07<01:18,  2.45s/it]
Generating (int4) rank=0:  90%|████████▉ | 403/450 [17:10<01:59,  2.55s/it]
Generating (int4) rank=1:  93%|█████████▎| 419/450 [17:10<01:15,  2.44s/it]
Generating (int4) rank=1:  93%|█████████▎| 420/450 [17:12<01:13,  2.45s/it]
Generating (int4) rank=0:  90%|████████▉ | 404/450 [17:12<01:57,  2.56s/it]
Generating (int4) rank=1:  94%|█████████▎| 421/450 [17:15<01:11,  2.45s/it]
Generating (int4) rank=0:  90%|█████████ | 405/450 [17:15<01:55,  2.56s/it]
Generating (int4) rank=1:  94%|█████████▍| 422/450 [17:17<01:08,  2.45s/it]
Generating (int4) rank=0:  90%|█████████ | 406/450 [17:17<01:52,  2.55s/it]
Generating (int4) rank=1:  94%|█████████▍| 423/450 [17:19<01:06,  2.45s/it]
Generating (int4) rank=0:  90%|█████████ | 407/450 [17:20<01:49,  2.55s/it]
Generating (int4) rank=1:  94%|█████████▍| 424/450 [17:22<01:03,  2.45s/it]
Generating (int4) rank=0:  91%|█████████ | 408/450 [17:22<01:47,  2.55s/it]
Generating (int4) rank=1:  94%|█████████▍| 425/450 [17:24<01:01,  2.45s/it]
Generating (int4) rank=0:  91%|█████████ | 409/450 [17:25<01:44,  2.55s/it]
Generating (int4) rank=1:  95%|█████████▍| 426/450 [17:27<00:58,  2.45s/it]
Generating (int4) rank=0:  91%|█████████ | 410/450 [17:27<01:42,  2.55s/it]
Generating (int4) rank=1:  95%|█████████▍| 427/450 [17:29<00:56,  2.45s/it]
Generating (int4) rank=0:  91%|█████████▏| 411/450 [17:30<01:39,  2.55s/it]
Generating (int4) rank=1:  95%|█████████▌| 428/450 [17:32<00:53,  2.45s/it]
Generating (int4) rank=0:  92%|█████████▏| 412/450 [17:33<01:36,  2.55s/it]
Generating (int4) rank=1:  95%|█████████▌| 429/450 [17:34<00:51,  2.45s/it]
Generating (int4) rank=0:  92%|█████████▏| 413/450 [17:35<01:34,  2.55s/it]
Generating (int4) rank=1:  96%|█████████▌| 430/450 [17:37<00:49,  2.45s/it]
Generating (int4) rank=0:  92%|█████████▏| 414/450 [17:38<01:31,  2.56s/it]
Generating (int4) rank=1:  96%|█████████▌| 431/450 [17:39<00:46,  2.45s/it]
Generating (int4) rank=0:  92%|█████████▏| 415/450 [17:40<01:29,  2.55s/it]
Generating (int4) rank=1:  96%|█████████▌| 432/450 [17:42<00:44,  2.45s/it]
Generating (int4) rank=0:  92%|█████████▏| 416/450 [17:43<01:26,  2.56s/it]
Generating (int4) rank=1:  96%|█████████▌| 433/450 [17:44<00:41,  2.45s/it]
Generating (int4) rank=0:  93%|█████████▎| 417/450 [17:45<01:24,  2.56s/it]
Generating (int4) rank=1:  96%|█████████▋| 434/450 [17:46<00:39,  2.45s/it]
Generating (int4) rank=0:  93%|█████████▎| 418/450 [17:48<01:21,  2.55s/it]
Generating (int4) rank=1:  97%|█████████▋| 435/450 [17:49<00:36,  2.45s/it]
Generating (int4) rank=0:  93%|█████████▎| 419/450 [17:50<01:19,  2.55s/it]
Generating (int4) rank=1:  97%|█████████▋| 436/450 [17:51<00:34,  2.45s/it]
Generating (int4) rank=0:  93%|█████████▎| 420/450 [17:53<01:16,  2.55s/it]
Generating (int4) rank=1:  97%|█████████▋| 437/450 [17:54<00:31,  2.45s/it]
Generating (int4) rank=0:  94%|█████████▎| 421/450 [17:56<01:14,  2.56s/it]
Generating (int4) rank=1:  97%|█████████▋| 438/450 [17:56<00:29,  2.45s/it]
Generating (int4) rank=0:  94%|█████████▍| 422/450 [17:58<01:11,  2.56s/it]
Generating (int4) rank=1:  98%|█████████▊| 439/450 [17:59<00:26,  2.45s/it]
Generating (int4) rank=0:  94%|█████████▍| 423/450 [18:01<01:09,  2.56s/it]
Generating (int4) rank=1:  98%|█████████▊| 440/450 [18:01<00:24,  2.45s/it]
Generating (int4) rank=0:  94%|█████████▍| 424/450 [18:03<01:06,  2.56s/it]
Generating (int4) rank=1:  98%|█████████▊| 441/450 [18:04<00:22,  2.45s/it]
Generating (int4) rank=0:  94%|█████████▍| 425/450 [18:06<01:03,  2.55s/it]
Generating (int4) rank=1:  98%|█████████▊| 442/450 [18:06<00:19,  2.45s/it]
Generating (int4) rank=0:  95%|█████████▍| 426/450 [18:08<01:01,  2.56s/it]
Generating (int4) rank=1:  98%|█████████▊| 443/450 [18:08<00:17,  2.45s/it]
Generating (int4) rank=1:  99%|█████████▊| 444/450 [18:11<00:14,  2.45s/it]
Generating (int4) rank=0:  95%|█████████▍| 427/450 [18:11<00:58,  2.56s/it]
Generating (int4) rank=1:  99%|█████████▉| 445/450 [18:13<00:12,  2.45s/it]
Generating (int4) rank=0:  95%|█████████▌| 428/450 [18:13<00:56,  2.56s/it]
Generating (int4) rank=1:  99%|█████████▉| 446/450 [18:16<00:09,  2.45s/it]
Generating (int4) rank=0:  95%|█████████▌| 429/450 [18:16<00:53,  2.56s/it]
Generating (int4) rank=1:  99%|█████████▉| 447/450 [18:18<00:07,  2.45s/it]
Generating (int4) rank=0:  96%|█████████▌| 430/450 [18:19<00:51,  2.56s/it]
Generating (int4) rank=1: 100%|█████████▉| 448/450 [18:21<00:04,  2.45s/it]
Generating (int4) rank=0:  96%|█████████▌| 431/450 [18:21<00:48,  2.56s/it]
Generating (int4) rank=1: 100%|█████████▉| 449/450 [18:23<00:02,  2.45s/it]
Generating (int4) rank=0:  96%|█████████▌| 432/450 [18:24<00:46,  2.56s/it]
Generating (int4) rank=1: 100%|██████████| 450/450 [18:26<00:00,  2.45s/it]
Generating (int4) rank=1: 100%|██████████| 450/450 [18:26<00:00,  2.46s/it]

Generating (int4) rank=0:  96%|█████████▌| 433/450 [18:26<00:43,  2.56s/it]
Generating (int4) rank=0:  96%|█████████▋| 434/450 [18:29<00:41,  2.57s/it]
Generating (int4) rank=0:  97%|█████████▋| 435/450 [18:31<00:38,  2.57s/it]
Generating (int4) rank=0:  97%|█████████▋| 436/450 [18:34<00:35,  2.57s/it]
Generating (int4) rank=0:  97%|█████████▋| 437/450 [18:37<00:33,  2.59s/it]
Generating (int4) rank=0:  97%|█████████▋| 438/450 [18:39<00:31,  2.59s/it]
Generating (int4) rank=0:  98%|█████████▊| 439/450 [18:42<00:28,  2.58s/it]
Generating (int4) rank=0:  98%|█████████▊| 440/450 [18:44<00:25,  2.58s/it]
Generating (int4) rank=0:  98%|█████████▊| 441/450 [18:47<00:23,  2.57s/it]
Generating (int4) rank=0:  98%|█████████▊| 442/450 [18:50<00:20,  2.57s/it]
Generating (int4) rank=0:  98%|█████████▊| 443/450 [18:52<00:17,  2.57s/it]
Generating (int4) rank=0:  99%|█████████▊| 444/450 [18:55<00:15,  2.57s/it]
Generating (int4) rank=0:  99%|█████████▉| 445/450 [18:57<00:12,  2.57s/it]
Generating (int4) rank=0:  99%|█████████▉| 446/450 [19:00<00:10,  2.57s/it]
Generating (int4) rank=0:  99%|█████████▉| 447/450 [19:02<00:07,  2.57s/it]
Generating (int4) rank=0: 100%|█████████▉| 448/450 [19:05<00:05,  2.58s/it]
Generating (int4) rank=0: 100%|█████████▉| 449/450 [19:08<00:02,  2.58s/it]
Generating (int4) rank=0: 100%|██████████| 450/450 [19:10<00:00,  2.57s/it]
Generating (int4) rank=0: 100%|██████████| 450/450 [19:10<00:00,  2.56s/it]
fatal: not a git repository (or any of the parent directories): .git
2026-07-12:18:44:32,206 INFO     [lm_eval.loggers.evaluation_tracker:209] Saving results aggregated
2026-07-12:18:44:32,208 INFO     [lm_eval.loggers.evaluation_tracker:290] Saving per-sample results for: sudoku4_1shot_large

