/home/alimaskina/miniconda3/lib/python3.13/site-packages/requests/__init__.py:113: RequestsDependencyWarning: urllib3 (2.5.0) or chardet (6.0.0.post1)/charset_normalizer (3.3.2) doesn't match a supported version!
  warnings.warn(
/home/alimaskina/miniconda3/lib/python3.13/site-packages/requests/__init__.py:113: RequestsDependencyWarning: urllib3 (2.5.0) or chardet (6.0.0.post1)/charset_normalizer (3.3.2) doesn't match a supported version!
  warnings.warn(
/home/alimaskina/miniconda3/lib/python3.13/site-packages/requests/__init__.py:113: RequestsDependencyWarning: urllib3 (2.5.0) or chardet (6.0.0.post1)/charset_normalizer (3.3.2) doesn't match a supported version!
  warnings.warn(
/home/alimaskina/miniconda3/lib/python3.13/site-packages/requests/__init__.py:113: RequestsDependencyWarning: urllib3 (2.5.0) or chardet (6.0.0.post1)/charset_normalizer (3.3.2) doesn't match a supported version!
  warnings.warn(

Loading checkpoint shards:   0%|          | 0/6 [00:00<?, ?it/s]
Loading checkpoint shards:  17%|█▋        | 1/6 [00:02<00:10,  2.08s/it]
Loading checkpoint shards:  33%|███▎      | 2/6 [00:03<00:06,  1.73s/it]
Loading checkpoint shards:  50%|█████     | 3/6 [00:06<00:06,  2.13s/it]
Loading checkpoint shards:  67%|██████▋   | 4/6 [00:08<00:04,  2.13s/it]
Loading checkpoint shards:  83%|████████▎ | 5/6 [00:09<00:01,  1.85s/it]
Loading checkpoint shards: 100%|██████████| 6/6 [00:10<00:00,  1.60s/it]
Loading checkpoint shards: 100%|██████████| 6/6 [00:10<00:00,  1.79s/it]

model=GSAI-ML/LLaDA-8B-Base quant=fp16 n=100 device=cuda:0
  exact   valid  config
------------------------------------------------------------------------
  2.0%   2.0%  remask=entropy gen=24 steps=24 block=8 temp=0.0
------------------------------------------------------------------------
BEST valid=2.0% exact=2.0% :: remask=entropy gen=24 steps=24 block=8 temp=0.0

